<!doctype html public "-//w3c//dtd html 4.0 transitional//en">
<html><head>
<title>Static Call Graph - [kalina-1b\kalina-1b.axf]</title></head>
<body><HR>
<H1>Static Call Graph for image kalina-1b\kalina-1b.axf</H1><HR>
<BR><P>#&#060CALLGRAPH&#062# ARM Linker, 5060960: Last Updated: Sat Jul 22 02:07:19 2023
<BR><P>
<H3>Maximum Stack Usage =        376 bytes + Unknown(Functions without stacksize, Cycles, Untraceable Function Pointers)</H3><H3>
Call chain for Maximum Stack Depth:</H3>
__rt_entry_main &rArr; main &rArr; burst_begin &rArr; burst_sw_begin &rArr; pmsm_hall_app_begin &rArr; pmsm_begin &rArr; acwc_begin &rArr; actuator_begin &rArr; burst_dev_attach
<P>
<H3>
Functions with no stack information
</H3><UL>
 <LI><a href="#[c4]">__user_initial_stackheap</a>
</UL>
</UL>
<P>
<H3>
Mutually Recursive functions
</H3> <LI><a href="#[8d]">CAN1_RX1_IRQHandler</a>&nbsp;&nbsp;&nbsp;&rArr;&nbsp;&nbsp;&nbsp;<a href="#[8d]">CAN1_RX1_IRQHandler</a><BR>
 <LI><a href="#[72]">BusFault_Handler</a>&nbsp;&nbsp;&nbsp;&rArr;&nbsp;&nbsp;&nbsp;<a href="#[72]">BusFault_Handler</a><BR>
 <LI><a href="#[70]">HardFault_Handler</a>&nbsp;&nbsp;&nbsp;&rArr;&nbsp;&nbsp;&nbsp;<a href="#[70]">HardFault_Handler</a><BR>
 <LI><a href="#[71]">MemManage_Handler</a>&nbsp;&nbsp;&nbsp;&rArr;&nbsp;&nbsp;&nbsp;<a href="#[71]">MemManage_Handler</a><BR>
 <LI><a href="#[6f]">NMI_Handler</a>&nbsp;&nbsp;&nbsp;&rArr;&nbsp;&nbsp;&nbsp;<a href="#[6f]">NMI_Handler</a><BR>
 <LI><a href="#[12a]">UART_EndTxTransfer</a>&nbsp;&nbsp;&nbsp;&rArr;&nbsp;&nbsp;&nbsp;<a href="#[12a]">UART_EndTxTransfer</a><BR>
 <LI><a href="#[12b]">UART_EndRxTransfer</a>&nbsp;&nbsp;&nbsp;&rArr;&nbsp;&nbsp;&nbsp;<a href="#[12b]">UART_EndRxTransfer</a><BR>
 <LI><a href="#[172]">k1_serial_send_packet</a>&nbsp;&nbsp;&nbsp;&rArr;&nbsp;&nbsp;&nbsp;<a href="#[12d]">k1_serial_send_refuse</a><BR>
 <LI><a href="#[73]">UsageFault_Handler</a>&nbsp;&nbsp;&nbsp;&rArr;&nbsp;&nbsp;&nbsp;<a href="#[73]">UsageFault_Handler</a><BR>
</UL>
<P>
<H3>
Function Pointers
</H3><UL>
 <LI><a href="#[8a]">ADC1_2_IRQHandler</a> from k1-burst-driver.pfr.o(i.ADC1_2_IRQHandler) referenced from startup_stm32f103xb.o(RESET)
 <LI><a href="#[72]">BusFault_Handler</a> from stm32f1xx_it.o(i.BusFault_Handler) referenced from startup_stm32f103xb.o(RESET)
 <LI><a href="#[8d]">CAN1_RX1_IRQHandler</a> from startup_stm32f103xb.o(.text) referenced from startup_stm32f103xb.o(RESET)
 <LI><a href="#[8e]">CAN1_SCE_IRQHandler</a> from startup_stm32f103xb.o(.text) referenced from startup_stm32f103xb.o(RESET)
 <LI><a href="#[83]">DMA1_Channel1_IRQHandler</a> from startup_stm32f103xb.o(.text) referenced from startup_stm32f103xb.o(RESET)
 <LI><a href="#[84]">DMA1_Channel2_IRQHandler</a> from startup_stm32f103xb.o(.text) referenced from startup_stm32f103xb.o(RESET)
 <LI><a href="#[85]">DMA1_Channel3_IRQHandler</a> from startup_stm32f103xb.o(.text) referenced from startup_stm32f103xb.o(RESET)
 <LI><a href="#[86]">DMA1_Channel4_IRQHandler</a> from stm32f1xx_it.o(i.DMA1_Channel4_IRQHandler) referenced from startup_stm32f103xb.o(RESET)
 <LI><a href="#[87]">DMA1_Channel5_IRQHandler</a> from stm32f1xx_it.o(i.DMA1_Channel5_IRQHandler) referenced from startup_stm32f103xb.o(RESET)
 <LI><a href="#[88]">DMA1_Channel6_IRQHandler</a> from startup_stm32f103xb.o(.text) referenced from startup_stm32f103xb.o(RESET)
 <LI><a href="#[89]">DMA1_Channel7_IRQHandler</a> from startup_stm32f103xb.o(.text) referenced from startup_stm32f103xb.o(RESET)
 <LI><a href="#[75]">DebugMon_Handler</a> from stm32f1xx_it.o(i.DebugMon_Handler) referenced from startup_stm32f103xb.o(RESET)
 <LI><a href="#[7e]">EXTI0_IRQHandler</a> from startup_stm32f103xb.o(.text) referenced from startup_stm32f103xb.o(RESET)
 <LI><a href="#[a0]">EXTI15_10_IRQHandler</a> from startup_stm32f103xb.o(.text) referenced from startup_stm32f103xb.o(RESET)
 <LI><a href="#[7f]">EXTI1_IRQHandler</a> from startup_stm32f103xb.o(.text) referenced from startup_stm32f103xb.o(RESET)
 <LI><a href="#[80]">EXTI2_IRQHandler</a> from startup_stm32f103xb.o(.text) referenced from startup_stm32f103xb.o(RESET)
 <LI><a href="#[81]">EXTI3_IRQHandler</a> from startup_stm32f103xb.o(.text) referenced from startup_stm32f103xb.o(RESET)
 <LI><a href="#[82]">EXTI4_IRQHandler</a> from startup_stm32f103xb.o(.text) referenced from startup_stm32f103xb.o(RESET)
 <LI><a href="#[8f]">EXTI9_5_IRQHandler</a> from startup_stm32f103xb.o(.text) referenced from startup_stm32f103xb.o(RESET)
 <LI><a href="#[7c]">FLASH_IRQHandler</a> from startup_stm32f103xb.o(.text) referenced from startup_stm32f103xb.o(RESET)
 <LI><a href="#[a7]">FMSTR_Compare16S</a> from k1-burst-driver.obj.o(i.FMSTR_Compare16S) referenced from k1-burst-driver.obj.o(i.FMSTR_SetUpRec)
 <LI><a href="#[a8]">FMSTR_Compare16U</a> from k1-burst-driver.obj.o(i.FMSTR_Compare16U) referenced from k1-burst-driver.obj.o(i.FMSTR_SetUpRec)
 <LI><a href="#[a9]">FMSTR_Compare32S</a> from k1-burst-driver.obj.o(i.FMSTR_Compare32S) referenced from k1-burst-driver.obj.o(i.FMSTR_SetUpRec)
 <LI><a href="#[aa]">FMSTR_Compare32U</a> from k1-burst-driver.obj.o(i.FMSTR_Compare32U) referenced from k1-burst-driver.obj.o(i.FMSTR_SetUpRec)
 <LI><a href="#[a5]">FMSTR_Compare8S</a> from k1-burst-driver.obj.o(i.FMSTR_Compare8S) referenced from k1-burst-driver.obj.o(i.FMSTR_SetUpRec)
 <LI><a href="#[a6]">FMSTR_Compare8U</a> from k1-burst-driver.obj.o(i.FMSTR_Compare8U) referenced from k1-burst-driver.obj.o(i.FMSTR_SetUpRec)
 <LI><a href="#[70]">HardFault_Handler</a> from stm32f1xx_it.o(i.HardFault_Handler) referenced from startup_stm32f103xb.o(RESET)
 <LI><a href="#[98]">I2C1_ER_IRQHandler</a> from startup_stm32f103xb.o(.text) referenced from startup_stm32f103xb.o(RESET)
 <LI><a href="#[97]">I2C1_EV_IRQHandler</a> from startup_stm32f103xb.o(.text) referenced from startup_stm32f103xb.o(RESET)
 <LI><a href="#[9a]">I2C2_ER_IRQHandler</a> from startup_stm32f103xb.o(.text) referenced from startup_stm32f103xb.o(RESET)
 <LI><a href="#[99]">I2C2_EV_IRQHandler</a> from startup_stm32f103xb.o(.text) referenced from startup_stm32f103xb.o(RESET)
 <LI><a href="#[71]">MemManage_Handler</a> from stm32f1xx_it.o(i.MemManage_Handler) referenced from startup_stm32f103xb.o(RESET)
 <LI><a href="#[6f]">NMI_Handler</a> from stm32f1xx_it.o(i.NMI_Handler) referenced from startup_stm32f103xb.o(RESET)
 <LI><a href="#[79]">PVD_IRQHandler</a> from startup_stm32f103xb.o(.text) referenced from startup_stm32f103xb.o(RESET)
 <LI><a href="#[76]">PendSV_Handler</a> from stm32f1xx_it.o(i.PendSV_Handler) referenced from startup_stm32f103xb.o(RESET)
 <LI><a href="#[7d]">RCC_IRQHandler</a> from startup_stm32f103xb.o(.text) referenced from startup_stm32f103xb.o(RESET)
 <LI><a href="#[a1]">RTC_Alarm_IRQHandler</a> from startup_stm32f103xb.o(.text) referenced from startup_stm32f103xb.o(RESET)
 <LI><a href="#[7b]">RTC_IRQHandler</a> from startup_stm32f103xb.o(.text) referenced from startup_stm32f103xb.o(RESET)
 <LI><a href="#[6e]">Reset_Handler</a> from startup_stm32f103xb.o(.text) referenced from startup_stm32f103xb.o(RESET)
 <LI><a href="#[9b]">SPI1_IRQHandler</a> from startup_stm32f103xb.o(.text) referenced from startup_stm32f103xb.o(RESET)
 <LI><a href="#[9c]">SPI2_IRQHandler</a> from startup_stm32f103xb.o(.text) referenced from startup_stm32f103xb.o(RESET)
 <LI><a href="#[74]">SVC_Handler</a> from stm32f1xx_it.o(i.SVC_Handler) referenced from startup_stm32f103xb.o(RESET)
 <LI><a href="#[77]">SysTick_Handler</a> from stm32f1xx_it.o(i.SysTick_Handler) referenced from startup_stm32f103xb.o(RESET)
 <LI><a href="#[a3]">SystemInit</a> from system_stm32f1xx.o(i.SystemInit) referenced from startup_stm32f103xb.o(.text)
 <LI><a href="#[7a]">TAMPER_IRQHandler</a> from startup_stm32f103xb.o(.text) referenced from startup_stm32f103xb.o(RESET)
 <LI><a href="#[90]">TIM1_BRK_IRQHandler</a> from startup_stm32f103xb.o(.text) referenced from startup_stm32f103xb.o(RESET)
 <LI><a href="#[93]">TIM1_CC_IRQHandler</a> from k1-burst-driver.pfr.o(i.TIM1_CC_IRQHandler) referenced from startup_stm32f103xb.o(RESET)
 <LI><a href="#[92]">TIM1_TRG_COM_IRQHandler</a> from startup_stm32f103xb.o(.text) referenced from startup_stm32f103xb.o(RESET)
 <LI><a href="#[91]">TIM1_UP_IRQHandler</a> from startup_stm32f103xb.o(.text) referenced from startup_stm32f103xb.o(RESET)
 <LI><a href="#[94]">TIM2_IRQHandler</a> from startup_stm32f103xb.o(.text) referenced from startup_stm32f103xb.o(RESET)
 <LI><a href="#[95]">TIM3_IRQHandler</a> from startup_stm32f103xb.o(.text) referenced from startup_stm32f103xb.o(RESET)
 <LI><a href="#[96]">TIM4_IRQHandler</a> from startup_stm32f103xb.o(.text) referenced from startup_stm32f103xb.o(RESET)
 <LI><a href="#[ab]">UART_DMAAbortOnError</a> from stm32f1xx_hal_uart.o(i.UART_DMAAbortOnError) referenced from stm32f1xx_hal_uart.o(i.HAL_UART_IRQHandler)
 <LI><a href="#[ae]">UART_DMAError</a> from stm32f1xx_hal_uart.o(i.UART_DMAError) referenced from stm32f1xx_hal_uart.o(i.HAL_UART_Transmit_DMA)
 <LI><a href="#[ae]">UART_DMAError</a> from stm32f1xx_hal_uart.o(i.UART_DMAError) referenced from stm32f1xx_hal_uart.o(i.UART_Start_Receive_DMA)
 <LI><a href="#[af]">UART_DMAReceiveCplt</a> from stm32f1xx_hal_uart.o(i.UART_DMAReceiveCplt) referenced from stm32f1xx_hal_uart.o(i.UART_Start_Receive_DMA)
 <LI><a href="#[b0]">UART_DMARxHalfCplt</a> from stm32f1xx_hal_uart.o(i.UART_DMARxHalfCplt) referenced from stm32f1xx_hal_uart.o(i.UART_Start_Receive_DMA)
 <LI><a href="#[ac]">UART_DMATransmitCplt</a> from stm32f1xx_hal_uart.o(i.UART_DMATransmitCplt) referenced from stm32f1xx_hal_uart.o(i.HAL_UART_Transmit_DMA)
 <LI><a href="#[ad]">UART_DMATxHalfCplt</a> from stm32f1xx_hal_uart.o(i.UART_DMATxHalfCplt) referenced from stm32f1xx_hal_uart.o(i.HAL_UART_Transmit_DMA)
 <LI><a href="#[9d]">USART1_IRQHandler</a> from stm32f1xx_it.o(i.USART1_IRQHandler) referenced from startup_stm32f103xb.o(RESET)
 <LI><a href="#[9e]">USART2_IRQHandler</a> from startup_stm32f103xb.o(.text) referenced from startup_stm32f103xb.o(RESET)
 <LI><a href="#[9f]">USART3_IRQHandler</a> from startup_stm32f103xb.o(.text) referenced from startup_stm32f103xb.o(RESET)
 <LI><a href="#[a2]">USBWakeUp_IRQHandler</a> from startup_stm32f103xb.o(.text) referenced from startup_stm32f103xb.o(RESET)
 <LI><a href="#[8b]">USB_HP_CAN1_TX_IRQHandler</a> from startup_stm32f103xb.o(.text) referenced from startup_stm32f103xb.o(RESET)
 <LI><a href="#[8c]">USB_LP_CAN1_RX0_IRQHandler</a> from startup_stm32f103xb.o(.text) referenced from startup_stm32f103xb.o(RESET)
 <LI><a href="#[73]">UsageFault_Handler</a> from stm32f1xx_it.o(i.UsageFault_Handler) referenced from startup_stm32f103xb.o(RESET)
 <LI><a href="#[78]">WWDG_IRQHandler</a> from startup_stm32f103xb.o(.text) referenced from startup_stm32f103xb.o(RESET)
 <LI><a href="#[b4]">__main</a> from __main.o(!!!main) referenced from startup_stm32f103xb.o(.text)
 <LI><a href="#[b1]">actuator_event_update_feedback</a> from actuator.o(i.actuator_event_update_feedback) referenced from actuator.o(i.actuator_begin)
 <LI><a href="#[15]">actuator_mode_fault_runB</a> from actuator.o(i.actuator_mode_fault_runB) referenced 2 times from actuator.o(.data)
 <LI><a href="#[14]">actuator_mode_fault_start</a> from actuator.o(i.actuator_mode_fault_start) referenced 2 times from actuator.o(.data)
 <LI><a href="#[1d]">actuator_mode_position_applay_action</a> from actuator.o(i.actuator_mode_position_applay_action) referenced 2 times from actuator.o(.data)
 <LI><a href="#[20]">actuator_mode_position_runB</a> from actuator.o(i.actuator_mode_position_runB) referenced 2 times from actuator.o(.data)
 <LI><a href="#[1e]">actuator_mode_position_start</a> from actuator.o(i.actuator_mode_position_start) referenced 2 times from actuator.o(.data)
 <LI><a href="#[1f]">actuator_mode_position_stop</a> from actuator.o(i.actuator_mode_position_stop) referenced 2 times from actuator.o(.data)
 <LI><a href="#[16]">actuator_mode_speed_applay_action</a> from actuator.o(i.actuator_mode_speed_applay_action) referenced 2 times from actuator.o(.data)
 <LI><a href="#[19]">actuator_mode_speed_runB</a> from actuator.o(i.actuator_mode_speed_runB) referenced 2 times from actuator.o(.data)
 <LI><a href="#[17]">actuator_mode_speed_start</a> from actuator.o(i.actuator_mode_speed_start) referenced 2 times from actuator.o(.data)
 <LI><a href="#[18]">actuator_mode_speed_stop</a> from actuator.o(i.actuator_mode_speed_stop) referenced 2 times from actuator.o(.data)
 <LI><a href="#[1a]">actuator_mode_voltage_applay_action</a> from actuator.o(i.actuator_mode_voltage_applay_action) referenced 2 times from actuator.o(.data)
 <LI><a href="#[1b]">actuator_mode_voltage_start</a> from actuator.o(i.actuator_mode_voltage_start) referenced 2 times from actuator.o(.data)
 <LI><a href="#[1c]">actuator_mode_voltage_stop</a> from actuator.o(i.actuator_mode_voltage_stop) referenced 2 times from actuator.o(.data)
 <LI><a href="#[b2]">acwc_event_update_feedback</a> from acwc.o(i.acwc_event_update_feedback) referenced from acwc.o(i.acwc_begin)
 <LI><a href="#[2f]">acwc_mode_current_applay_action</a> from acwc.o(i.acwc_mode_current_applay_action) referenced 2 times from acwc.o(.data)
 <LI><a href="#[32]">acwc_mode_current_runA</a> from acwc.o(i.acwc_mode_current_runA) referenced 2 times from acwc.o(.data)
 <LI><a href="#[30]">acwc_mode_current_start</a> from acwc.o(i.acwc_mode_current_start) referenced 2 times from acwc.o(.data)
 <LI><a href="#[31]">acwc_mode_current_stop</a> from acwc.o(i.acwc_mode_current_stop) referenced 2 times from acwc.o(.data)
 <LI><a href="#[38]">acwc_mode_position_applay_action</a> from acwc.o(i.acwc_mode_position_applay_action) referenced 2 times from acwc.o(.data)
 <LI><a href="#[2a]">acwc_mode_position_cl_applay_action</a> from acwc.o(i.acwc_mode_position_cl_applay_action) referenced 2 times from acwc.o(.data)
 <LI><a href="#[2d]">acwc_mode_position_cl_runA</a> from acwc.o(i.acwc_mode_position_cl_runA) referenced 2 times from acwc.o(.data)
 <LI><a href="#[2e]">acwc_mode_position_cl_runB</a> from acwc.o(i.acwc_mode_position_cl_runB) referenced 2 times from acwc.o(.data)
 <LI><a href="#[2b]">acwc_mode_position_cl_start</a> from acwc.o(i.acwc_mode_position_cl_start) referenced 2 times from acwc.o(.data)
 <LI><a href="#[2c]">acwc_mode_position_cl_stop</a> from acwc.o(i.acwc_mode_position_cl_stop) referenced 2 times from acwc.o(.data)
 <LI><a href="#[3b]">acwc_mode_position_runA</a> from acwc.o(i.acwc_mode_position_runA) referenced 2 times from acwc.o(.data)
 <LI><a href="#[3c]">acwc_mode_position_runB</a> from acwc.o(i.acwc_mode_position_runB) referenced 2 times from acwc.o(.data)
 <LI><a href="#[39]">acwc_mode_position_start</a> from acwc.o(i.acwc_mode_position_start) referenced 2 times from acwc.o(.data)
 <LI><a href="#[3a]">acwc_mode_position_stop</a> from acwc.o(i.acwc_mode_position_stop) referenced 2 times from acwc.o(.data)
 <LI><a href="#[33]">acwc_mode_speed_applay_action</a> from acwc.o(i.acwc_mode_speed_applay_action) referenced 2 times from acwc.o(.data)
 <LI><a href="#[25]">acwc_mode_speed_cl_applay_action</a> from acwc.o(i.acwc_mode_speed_cl_applay_action) referenced 2 times from acwc.o(.data)
 <LI><a href="#[28]">acwc_mode_speed_cl_runA</a> from acwc.o(i.acwc_mode_speed_cl_runA) referenced 2 times from acwc.o(.data)
 <LI><a href="#[29]">acwc_mode_speed_cl_runB</a> from acwc.o(i.acwc_mode_speed_cl_runB) referenced 2 times from acwc.o(.data)
 <LI><a href="#[26]">acwc_mode_speed_cl_start</a> from acwc.o(i.acwc_mode_speed_cl_start) referenced 2 times from acwc.o(.data)
 <LI><a href="#[27]">acwc_mode_speed_cl_stop</a> from acwc.o(i.acwc_mode_speed_cl_stop) referenced 2 times from acwc.o(.data)
 <LI><a href="#[36]">acwc_mode_speed_runA</a> from acwc.o(i.acwc_mode_speed_runA) referenced 2 times from acwc.o(.data)
 <LI><a href="#[37]">acwc_mode_speed_runB</a> from acwc.o(i.acwc_mode_speed_runB) referenced 2 times from acwc.o(.data)
 <LI><a href="#[34]">acwc_mode_speed_start</a> from acwc.o(i.acwc_mode_speed_start) referenced 2 times from acwc.o(.data)
 <LI><a href="#[35]">acwc_mode_speed_stop</a> from acwc.o(i.acwc_mode_speed_stop) referenced 2 times from acwc.o(.data)
 <LI><a href="#[21]">acwc_mode_voltage_cl_applay_action</a> from acwc.o(i.acwc_mode_voltage_cl_applay_action) referenced 2 times from acwc.o(.data)
 <LI><a href="#[24]">acwc_mode_voltage_cl_runA</a> from acwc.o(i.acwc_mode_voltage_cl_runA) referenced 2 times from acwc.o(.data)
 <LI><a href="#[22]">acwc_mode_voltage_cl_start</a> from acwc.o(i.acwc_mode_voltage_cl_start) referenced 2 times from acwc.o(.data)
 <LI><a href="#[23]">acwc_mode_voltage_cl_stop</a> from acwc.o(i.acwc_mode_voltage_cl_stop) referenced 2 times from acwc.o(.data)
 <LI><a href="#[3]">burst_dev_idle_event</a> from burst.o(i.burst_dev_idle_event) referenced 84 times from burst.o(.data)
 <LI><a href="#[3]">burst_dev_idle_event</a> from burst.o(i.burst_dev_idle_event) referenced from actuator.o(i.actuator_begin)
 <LI><a href="#[4]">burst_slot_0</a> from burst.o(i.burst_slot_0) referenced 2 times from burst.o(.data)
 <LI><a href="#[5]">burst_slot_1</a> from burst.o(i.burst_slot_1) referenced 2 times from burst.o(.data)
 <LI><a href="#[e]">burst_slot_10</a> from burst.o(i.burst_slot_10) referenced 2 times from burst.o(.data)
 <LI><a href="#[f]">burst_slot_11</a> from burst.o(i.burst_slot_11) referenced 2 times from burst.o(.data)
 <LI><a href="#[10]">burst_slot_12</a> from burst.o(i.burst_slot_12) referenced 2 times from burst.o(.data)
 <LI><a href="#[11]">burst_slot_13</a> from burst.o(i.burst_slot_13) referenced 2 times from burst.o(.data)
 <LI><a href="#[12]">burst_slot_14</a> from burst.o(i.burst_slot_14) referenced 2 times from burst.o(.data)
 <LI><a href="#[13]">burst_slot_15</a> from burst.o(i.burst_slot_15) referenced 2 times from burst.o(.data)
 <LI><a href="#[6]">burst_slot_2</a> from burst.o(i.burst_slot_2) referenced 2 times from burst.o(.data)
 <LI><a href="#[7]">burst_slot_3</a> from burst.o(i.burst_slot_3) referenced 2 times from burst.o(.data)
 <LI><a href="#[8]">burst_slot_4</a> from burst.o(i.burst_slot_4) referenced 2 times from burst.o(.data)
 <LI><a href="#[9]">burst_slot_5</a> from burst.o(i.burst_slot_5) referenced 2 times from burst.o(.data)
 <LI><a href="#[a]">burst_slot_6</a> from burst.o(i.burst_slot_6) referenced 2 times from burst.o(.data)
 <LI><a href="#[b]">burst_slot_7</a> from burst.o(i.burst_slot_7) referenced 2 times from burst.o(.data)
 <LI><a href="#[c]">burst_slot_8</a> from burst.o(i.burst_slot_8) referenced 2 times from burst.o(.data)
 <LI><a href="#[d]">burst_slot_9</a> from burst.o(i.burst_slot_9) referenced 2 times from burst.o(.data)
 <LI><a href="#[67]">c_cross_flt_reset</a> from pmsm_hall_app.obj.o(i.c_cross_flt_reset) referenced 2 times from pmsm_hall_app.obj.o(.data)
 <LI><a href="#[65]">c_cross_flt_run</a> from pmsm_hall_app.obj.o(i.c_cross_flt_run) referenced 2 times from pmsm_hall_app.obj.o(.data)
 <LI><a href="#[66]">c_cross_flt_setup</a> from pmsm_hall_app.obj.o(i.c_cross_flt_setup) referenced 2 times from pmsm_hall_app.obj.o(.data)
 <LI><a href="#[5b]">c_cross_pi_reset</a> from pmsm_hall_app.obj.o(i.c_cross_pi_reset) referenced 2 times from pmsm_hall_app.obj.o(.data)
 <LI><a href="#[59]">c_cross_pi_run</a> from pmsm_hall_app.obj.o(i.c_cross_pi_run) referenced 2 times from pmsm_hall_app.obj.o(.data)
 <LI><a href="#[5a]">c_cross_pi_setup</a> from pmsm_hall_app.obj.o(i.c_cross_pi_setup) referenced 2 times from pmsm_hall_app.obj.o(.data)
 <LI><a href="#[5e]">c_hi_pi_reset</a> from pmsm_hall_app.obj.o(i.c_hi_pi_reset) referenced 2 times from pmsm_hall_app.obj.o(.data)
 <LI><a href="#[5c]">c_hi_pi_run</a> from pmsm_hall_app.obj.o(i.c_hi_pi_run) referenced 2 times from pmsm_hall_app.obj.o(.data)
 <LI><a href="#[5d]">c_hi_pi_setup</a> from pmsm_hall_app.obj.o(i.c_hi_pi_setup) referenced 2 times from pmsm_hall_app.obj.o(.data)
 <LI><a href="#[64]">c_lat_flt_reset</a> from pmsm_hall_app.obj.o(i.c_lat_flt_reset) referenced 2 times from pmsm_hall_app.obj.o(.data)
 <LI><a href="#[62]">c_lat_flt_run</a> from pmsm_hall_app.obj.o(i.c_lat_flt_run) referenced 2 times from pmsm_hall_app.obj.o(.data)
 <LI><a href="#[63]">c_lat_flt_setup</a> from pmsm_hall_app.obj.o(i.c_lat_flt_setup) referenced 2 times from pmsm_hall_app.obj.o(.data)
 <LI><a href="#[58]">c_lat_pi_reset</a> from pmsm_hall_app.obj.o(i.c_lat_pi_reset) referenced 2 times from pmsm_hall_app.obj.o(.data)
 <LI><a href="#[56]">c_lat_pi_run</a> from pmsm_hall_app.obj.o(i.c_lat_pi_run) referenced 2 times from pmsm_hall_app.obj.o(.data)
 <LI><a href="#[57]">c_lat_pi_setup</a> from pmsm_hall_app.obj.o(i.c_lat_pi_setup) referenced 2 times from pmsm_hall_app.obj.o(.data)
 <LI><a href="#[61]">c_lo_pi_reset</a> from pmsm_hall_app.obj.o(i.c_lo_pi_reset) referenced 2 times from pmsm_hall_app.obj.o(.data)
 <LI><a href="#[5f]">c_lo_pi_run</a> from pmsm_hall_app.obj.o(i.c_lo_pi_run) referenced 2 times from pmsm_hall_app.obj.o(.data)
 <LI><a href="#[60]">c_lo_pi_setup</a> from pmsm_hall_app.obj.o(i.c_lo_pi_setup) referenced 2 times from pmsm_hall_app.obj.o(.data)
 <LI><a href="#[54]">enco_encode</a> from pmsm_hall_app.o(i.enco_encode) referenced 2 times from pmsm_hall_app.obj.o(.data)
 <LI><a href="#[55]">enco_error</a> from pmsm_hall_app.obj.o(i.enco_error) referenced 2 times from pmsm_hall_app.obj.o(.data)
 <LI><a href="#[53]">enco_query</a> from pmsm_hall_app.obj.o(i.enco_query) referenced 2 times from pmsm_hall_app.obj.o(.data)
 <LI><a href="#[52]">enco_reset</a> from pmsm_hall_app.obj.o(i.enco_reset) referenced 2 times from pmsm_hall_app.obj.o(.data)
 <LI><a href="#[51]">enco_run</a> from pmsm_hall_app.obj.o(i.enco_run) referenced 2 times from pmsm_hall_app.obj.o(.data)
 <LI><a href="#[6a]">motion_reset</a> from pmsm_hall_app.obj.o(i.motion_reset) referenced 2 times from pmsm_hall_app.obj.o(.data)
 <LI><a href="#[68]">motion_run</a> from pmsm_hall_app.obj.o(i.motion_run) referenced 2 times from pmsm_hall_app.obj.o(.data)
 <LI><a href="#[69]">motion_setup</a> from pmsm_hall_app.obj.o(i.motion_setup) referenced 2 times from pmsm_hall_app.obj.o(.data)
 <LI><a href="#[b3]">pmsm_event_update_feedback</a> from pmsm.o(i.pmsm_event_update_feedback) referenced from pmsm.o(i.pmsm_begin)
 <LI><a href="#[41]">pmsm_mode_synchro_current_applay_action</a> from pmsm.o(i.pmsm_mode_synchro_current_applay_action) referenced 2 times from pmsm.o(.data)
 <LI><a href="#[44]">pmsm_mode_synchro_current_runA</a> from pmsm.o(i.pmsm_mode_synchro_current_runA) referenced 2 times from pmsm.o(.data)
 <LI><a href="#[42]">pmsm_mode_synchro_current_start</a> from pmsm.o(i.pmsm_mode_synchro_current_start) referenced 2 times from pmsm.o(.data)
 <LI><a href="#[43]">pmsm_mode_synchro_current_stop</a> from pmsm.o(i.pmsm_mode_synchro_current_stop) referenced 2 times from pmsm.o(.data)
 <LI><a href="#[3d]">pmsm_mode_synchro_voltage_applay_action</a> from pmsm.o(i.pmsm_mode_synchro_voltage_applay_action) referenced 2 times from pmsm.o(.data)
 <LI><a href="#[40]">pmsm_mode_synchro_voltage_runA</a> from pmsm.o(i.pmsm_mode_synchro_voltage_runA) referenced 2 times from pmsm.o(.data)
 <LI><a href="#[3e]">pmsm_mode_synchro_voltage_start</a> from pmsm.o(i.pmsm_mode_synchro_voltage_start) referenced 2 times from pmsm.o(.data)
 <LI><a href="#[3f]">pmsm_mode_synchro_voltage_stop</a> from pmsm.o(i.pmsm_mode_synchro_voltage_stop) referenced 2 times from pmsm.o(.data)
 <LI><a href="#[6d]">positioner_reset</a> from pmsm_hall_app.obj.o(i.positioner_reset) referenced 2 times from pmsm_hall_app.obj.o(.data)
 <LI><a href="#[6b]">positioner_run</a> from pmsm_hall_app.obj.o(i.positioner_run) referenced 2 times from pmsm_hall_app.obj.o(.data)
 <LI><a href="#[6c]">positioner_setup</a> from pmsm_hall_app.obj.o(i.positioner_setup) referenced 2 times from pmsm_hall_app.obj.o(.data)
 <LI><a href="#[45]">power_active</a> from pmsm_hall_app.obj.o(i.power_active) referenced 2 times from pmsm_hall_app.obj.o(.data)
 <LI><a href="#[47]">power_boot_begin</a> from k1-burst-driver.pfr.o(i.power_boot_begin) referenced 2 times from pmsm_hall_app.obj.o(.data)
 <LI><a href="#[49]">power_boot_complete</a> from pmsm_hall_app.obj.o(i.power_boot_complete) referenced 2 times from pmsm_hall_app.obj.o(.data)
 <LI><a href="#[48]">power_do_boot</a> from pmsm_hall_app.obj.o(i.power_do_boot) referenced 2 times from pmsm_hall_app.obj.o(.data)
 <LI><a href="#[4a]">power_do_invert</a> from k1-burst-driver.pfr.o(i.power_do_invert) referenced 2 times from pmsm_hall_app.obj.o(.data)
 <LI><a href="#[4c]">power_do_shutdown</a> from pmsm_hall_app.obj.o(i.power_do_shutdown) referenced 2 times from pmsm_hall_app.obj.o(.data)
 <LI><a href="#[46]">power_run</a> from pmsm_hall_app.obj.o(i.power_run) referenced 2 times from pmsm_hall_app.obj.o(.data)
 <LI><a href="#[4b]">power_shutdown_begin</a> from k1-burst-driver.pfr.o(i.power_shutdown_begin) referenced 2 times from pmsm_hall_app.obj.o(.data)
 <LI><a href="#[4d]">power_shutdown_complete</a> from pmsm_hall_app.obj.o(i.power_shutdown_complete) referenced 2 times from pmsm_hall_app.obj.o(.data)
 <LI><a href="#[50]">speedse_reset</a> from pmsm_hall_app.obj.o(i.speedse_reset) referenced 2 times from pmsm_hall_app.obj.o(.data)
 <LI><a href="#[4e]">speedse_run</a> from pmsm_hall_app.obj.o(i.speedse_run) referenced 2 times from pmsm_hall_app.obj.o(.data)
 <LI><a href="#[4f]">speedse_setup</a> from pmsm_hall_app.obj.o(i.speedse_setup) referenced 2 times from pmsm_hall_app.obj.o(.data)
</UL>
<P>
<H3>
Global Symbols
</H3>
<P><STRONG><a name="[b4]"></a>__main</STRONG> (Thumb, 8 bytes, Stack size 0 bytes, __main.o(!!!main))
<BR><BR>[Calls]<UL><LI><a href="#[b6]">&gt;&gt;</a>&nbsp;&nbsp;&nbsp;__rt_entry
<LI><a href="#[b5]">&gt;&gt;</a>&nbsp;&nbsp;&nbsp;__scatterload
</UL>

<P><STRONG><a name="[b5]"></a>__scatterload</STRONG> (Thumb, 0 bytes, Stack size unknown bytes, __scatter.o(!!!scatter))
<BR><BR>[Called By]<UL><LI><a href="#[b4]">&gt;&gt;</a>&nbsp;&nbsp;&nbsp;__main
</UL>

<P><STRONG><a name="[b7]"></a>__scatterload_rt2</STRONG> (Thumb, 44 bytes, Stack size unknown bytes, __scatter.o(!!!scatter), UNUSED)
<BR><BR>[Calls]<UL><LI><a href="#[b6]">&gt;&gt;</a>&nbsp;&nbsp;&nbsp;__rt_entry
</UL>

<P><STRONG><a name="[1db]"></a>__scatterload_rt2_thumb_only</STRONG> (Thumb, 0 bytes, Stack size unknown bytes, __scatter.o(!!!scatter), UNUSED)

<P><STRONG><a name="[1dc]"></a>__scatterload_null</STRONG> (Thumb, 0 bytes, Stack size unknown bytes, __scatter.o(!!!scatter), UNUSED)

<P><STRONG><a name="[1dd]"></a>__decompress</STRONG> (Thumb, 90 bytes, Stack size unknown bytes, __dczerorl2.o(!!dczerorl2), UNUSED)

<P><STRONG><a name="[1de]"></a>__decompress1</STRONG> (Thumb, 0 bytes, Stack size unknown bytes, __dczerorl2.o(!!dczerorl2), UNUSED)

<P><STRONG><a name="[1df]"></a>__scatterload_zeroinit</STRONG> (Thumb, 28 bytes, Stack size unknown bytes, __scatter_zi.o(!!handler_zi), UNUSED)

<P><STRONG><a name="[bb]"></a>__rt_lib_init</STRONG> (Thumb, 0 bytes, Stack size unknown bytes, libinit.o(.ARM.Collect$$libinit$$00000000))
<BR><BR>[Called By]<UL><LI><a href="#[ba]">&gt;&gt;</a>&nbsp;&nbsp;&nbsp;__rt_entry_li
</UL>

<P><STRONG><a name="[1e0]"></a>__rt_lib_init_alloca_1</STRONG> (Thumb, 0 bytes, Stack size unknown bytes, libinit2.o(.ARM.Collect$$libinit$$0000002E))

<P><STRONG><a name="[1e1]"></a>__rt_lib_init_argv_1</STRONG> (Thumb, 0 bytes, Stack size unknown bytes, libinit2.o(.ARM.Collect$$libinit$$0000002C))

<P><STRONG><a name="[1e2]"></a>__rt_lib_init_atexit_1</STRONG> (Thumb, 0 bytes, Stack size unknown bytes, libinit2.o(.ARM.Collect$$libinit$$0000001B))

<P><STRONG><a name="[1e3]"></a>__rt_lib_init_clock_1</STRONG> (Thumb, 0 bytes, Stack size unknown bytes, libinit2.o(.ARM.Collect$$libinit$$00000021))

<P><STRONG><a name="[1e4]"></a>__rt_lib_init_cpp_1</STRONG> (Thumb, 0 bytes, Stack size unknown bytes, libinit2.o(.ARM.Collect$$libinit$$00000032))

<P><STRONG><a name="[1e5]"></a>__rt_lib_init_exceptions_1</STRONG> (Thumb, 0 bytes, Stack size unknown bytes, libinit2.o(.ARM.Collect$$libinit$$00000030))

<P><STRONG><a name="[1e6]"></a>__rt_lib_init_fp_1</STRONG> (Thumb, 0 bytes, Stack size unknown bytes, libinit2.o(.ARM.Collect$$libinit$$00000002))

<P><STRONG><a name="[1e7]"></a>__rt_lib_init_fp_trap_1</STRONG> (Thumb, 0 bytes, Stack size unknown bytes, libinit2.o(.ARM.Collect$$libinit$$0000001F))

<P><STRONG><a name="[1e8]"></a>__rt_lib_init_getenv_1</STRONG> (Thumb, 0 bytes, Stack size unknown bytes, libinit2.o(.ARM.Collect$$libinit$$00000023))

<P><STRONG><a name="[1e9]"></a>__rt_lib_init_heap_1</STRONG> (Thumb, 0 bytes, Stack size unknown bytes, libinit2.o(.ARM.Collect$$libinit$$0000000A))

<P><STRONG><a name="[1ea]"></a>__rt_lib_init_lc_collate_1</STRONG> (Thumb, 0 bytes, Stack size unknown bytes, libinit2.o(.ARM.Collect$$libinit$$00000011))

<P><STRONG><a name="[1eb]"></a>__rt_lib_init_lc_ctype_1</STRONG> (Thumb, 0 bytes, Stack size unknown bytes, libinit2.o(.ARM.Collect$$libinit$$00000013))

<P><STRONG><a name="[1ec]"></a>__rt_lib_init_lc_monetary_1</STRONG> (Thumb, 0 bytes, Stack size unknown bytes, libinit2.o(.ARM.Collect$$libinit$$00000015))

<P><STRONG><a name="[1ed]"></a>__rt_lib_init_lc_numeric_1</STRONG> (Thumb, 0 bytes, Stack size unknown bytes, libinit2.o(.ARM.Collect$$libinit$$00000017))

<P><STRONG><a name="[1ee]"></a>__rt_lib_init_lc_time_1</STRONG> (Thumb, 0 bytes, Stack size unknown bytes, libinit2.o(.ARM.Collect$$libinit$$00000019))

<P><STRONG><a name="[1ef]"></a>__rt_lib_init_preinit_1</STRONG> (Thumb, 0 bytes, Stack size unknown bytes, libinit2.o(.ARM.Collect$$libinit$$00000004))

<P><STRONG><a name="[1f0]"></a>__rt_lib_init_rand_1</STRONG> (Thumb, 0 bytes, Stack size unknown bytes, libinit2.o(.ARM.Collect$$libinit$$0000000E))

<P><STRONG><a name="[1f1]"></a>__rt_lib_init_return</STRONG> (Thumb, 0 bytes, Stack size unknown bytes, libinit2.o(.ARM.Collect$$libinit$$00000033))

<P><STRONG><a name="[1f2]"></a>__rt_lib_init_signal_1</STRONG> (Thumb, 0 bytes, Stack size unknown bytes, libinit2.o(.ARM.Collect$$libinit$$0000001D))

<P><STRONG><a name="[1f3]"></a>__rt_lib_init_stdio_1</STRONG> (Thumb, 0 bytes, Stack size unknown bytes, libinit2.o(.ARM.Collect$$libinit$$00000025))

<P><STRONG><a name="[1f4]"></a>__rt_lib_init_user_alloc_1</STRONG> (Thumb, 0 bytes, Stack size unknown bytes, libinit2.o(.ARM.Collect$$libinit$$0000000C))

<P><STRONG><a name="[c0]"></a>__rt_lib_shutdown</STRONG> (Thumb, 0 bytes, Stack size unknown bytes, libshutdown.o(.ARM.Collect$$libshutdown$$00000000))
<BR><BR>[Called By]<UL><LI><a href="#[bf]">&gt;&gt;</a>&nbsp;&nbsp;&nbsp;__rt_exit_ls
</UL>

<P><STRONG><a name="[1f5]"></a>__rt_lib_shutdown_cpp_1</STRONG> (Thumb, 0 bytes, Stack size unknown bytes, libshutdown2.o(.ARM.Collect$$libshutdown$$00000004))

<P><STRONG><a name="[1f6]"></a>__rt_lib_shutdown_fini_1</STRONG> (Thumb, 0 bytes, Stack size unknown bytes, libshutdown2.o(.ARM.Collect$$libshutdown$$00000002))

<P><STRONG><a name="[1f7]"></a>__rt_lib_shutdown_fp_trap_1</STRONG> (Thumb, 0 bytes, Stack size unknown bytes, libshutdown2.o(.ARM.Collect$$libshutdown$$00000009))

<P><STRONG><a name="[1f8]"></a>__rt_lib_shutdown_heap_1</STRONG> (Thumb, 0 bytes, Stack size unknown bytes, libshutdown2.o(.ARM.Collect$$libshutdown$$00000011))

<P><STRONG><a name="[1f9]"></a>__rt_lib_shutdown_return</STRONG> (Thumb, 0 bytes, Stack size unknown bytes, libshutdown2.o(.ARM.Collect$$libshutdown$$00000012))

<P><STRONG><a name="[1fa]"></a>__rt_lib_shutdown_signal_1</STRONG> (Thumb, 0 bytes, Stack size unknown bytes, libshutdown2.o(.ARM.Collect$$libshutdown$$0000000C))

<P><STRONG><a name="[1fb]"></a>__rt_lib_shutdown_stdio_1</STRONG> (Thumb, 0 bytes, Stack size unknown bytes, libshutdown2.o(.ARM.Collect$$libshutdown$$00000006))

<P><STRONG><a name="[1fc]"></a>__rt_lib_shutdown_user_alloc_1</STRONG> (Thumb, 0 bytes, Stack size unknown bytes, libshutdown2.o(.ARM.Collect$$libshutdown$$0000000E))

<P><STRONG><a name="[b6]"></a>__rt_entry</STRONG> (Thumb, 0 bytes, Stack size unknown bytes, __rtentry.o(.ARM.Collect$$rtentry$$00000000))
<BR><BR>[Called By]<UL><LI><a href="#[b4]">&gt;&gt;</a>&nbsp;&nbsp;&nbsp;__main
<LI><a href="#[b7]">&gt;&gt;</a>&nbsp;&nbsp;&nbsp;__scatterload_rt2
</UL>

<P><STRONG><a name="[1fd]"></a>__rt_entry_presh_1</STRONG> (Thumb, 0 bytes, Stack size unknown bytes, __rtentry2.o(.ARM.Collect$$rtentry$$00000002))

<P><STRONG><a name="[b8]"></a>__rt_entry_sh</STRONG> (Thumb, 0 bytes, Stack size unknown bytes, __rtentry4.o(.ARM.Collect$$rtentry$$00000004))
<BR><BR>[Stack]<UL><LI>Max Depth = 8 + Unknown Stack Size
<LI>Call Chain = __rt_entry_sh &rArr; __user_setup_stackheap
</UL>
<BR>[Calls]<UL><LI><a href="#[b9]">&gt;&gt;</a>&nbsp;&nbsp;&nbsp;__user_setup_stackheap
</UL>

<P><STRONG><a name="[ba]"></a>__rt_entry_li</STRONG> (Thumb, 0 bytes, Stack size unknown bytes, __rtentry2.o(.ARM.Collect$$rtentry$$0000000A))
<BR><BR>[Calls]<UL><LI><a href="#[bb]">&gt;&gt;</a>&nbsp;&nbsp;&nbsp;__rt_lib_init
</UL>

<P><STRONG><a name="[1fe]"></a>__rt_entry_postsh_1</STRONG> (Thumb, 0 bytes, Stack size unknown bytes, __rtentry2.o(.ARM.Collect$$rtentry$$00000009))

<P><STRONG><a name="[bc]"></a>__rt_entry_main</STRONG> (Thumb, 0 bytes, Stack size unknown bytes, __rtentry2.o(.ARM.Collect$$rtentry$$0000000D))
<BR><BR>[Stack]<UL><LI>Max Depth = 376 + Unknown Stack Size
<LI>Call Chain = __rt_entry_main &rArr; main &rArr; burst_begin &rArr; burst_sw_begin &rArr; pmsm_hall_app_begin &rArr; pmsm_begin &rArr; acwc_begin &rArr; actuator_begin &rArr; burst_dev_attach
</UL>
<BR>[Calls]<UL><LI><a href="#[bd]">&gt;&gt;</a>&nbsp;&nbsp;&nbsp;main
<LI><a href="#[be]">&gt;&gt;</a>&nbsp;&nbsp;&nbsp;exit
</UL>

<P><STRONG><a name="[1ff]"></a>__rt_entry_postli_1</STRONG> (Thumb, 0 bytes, Stack size unknown bytes, __rtentry2.o(.ARM.Collect$$rtentry$$0000000C))

<P><STRONG><a name="[c5]"></a>__rt_exit</STRONG> (Thumb, 0 bytes, Stack size unknown bytes, rtexit.o(.ARM.Collect$$rtexit$$00000000))
<BR><BR>[Called By]<UL><LI><a href="#[be]">&gt;&gt;</a>&nbsp;&nbsp;&nbsp;exit
</UL>

<P><STRONG><a name="[bf]"></a>__rt_exit_ls</STRONG> (Thumb, 0 bytes, Stack size unknown bytes, rtexit2.o(.ARM.Collect$$rtexit$$00000003))
<BR><BR>[Calls]<UL><LI><a href="#[c0]">&gt;&gt;</a>&nbsp;&nbsp;&nbsp;__rt_lib_shutdown
</UL>

<P><STRONG><a name="[200]"></a>__rt_exit_prels_1</STRONG> (Thumb, 0 bytes, Stack size unknown bytes, rtexit2.o(.ARM.Collect$$rtexit$$00000002))

<P><STRONG><a name="[c1]"></a>__rt_exit_exit</STRONG> (Thumb, 0 bytes, Stack size unknown bytes, rtexit2.o(.ARM.Collect$$rtexit$$00000004))
<BR><BR>[Calls]<UL><LI><a href="#[c2]">&gt;&gt;</a>&nbsp;&nbsp;&nbsp;_sys_exit
</UL>

<P><STRONG><a name="[6e]"></a>Reset_Handler</STRONG> (Thumb, 8 bytes, Stack size 0 bytes, startup_stm32f103xb.o(.text))
<BR>[Address Reference Count : 1]<UL><LI> startup_stm32f103xb.o(RESET)
</UL>
<P><STRONG><a name="[8d]"></a>CAN1_RX1_IRQHandler</STRONG> (Thumb, 0 bytes, Stack size 0 bytes, startup_stm32f103xb.o(.text))
<BR><BR>[Calls]<UL><LI><a href="#[8d]">&gt;&gt;</a>&nbsp;&nbsp;&nbsp;CAN1_RX1_IRQHandler
</UL>
<BR>[Called By]<UL><LI><a href="#[8d]">&gt;&gt;</a>&nbsp;&nbsp;&nbsp;CAN1_RX1_IRQHandler
</UL>
<BR>[Address Reference Count : 1]<UL><LI> startup_stm32f103xb.o(RESET)
</UL>
<P><STRONG><a name="[8e]"></a>CAN1_SCE_IRQHandler</STRONG> (Thumb, 0 bytes, Stack size 0 bytes, startup_stm32f103xb.o(.text))
<BR>[Address Reference Count : 1]<UL><LI> startup_stm32f103xb.o(RESET)
</UL>
<P><STRONG><a name="[83]"></a>DMA1_Channel1_IRQHandler</STRONG> (Thumb, 0 bytes, Stack size 0 bytes, startup_stm32f103xb.o(.text))
<BR>[Address Reference Count : 1]<UL><LI> startup_stm32f103xb.o(RESET)
</UL>
<P><STRONG><a name="[84]"></a>DMA1_Channel2_IRQHandler</STRONG> (Thumb, 0 bytes, Stack size 0 bytes, startup_stm32f103xb.o(.text))
<BR>[Address Reference Count : 1]<UL><LI> startup_stm32f103xb.o(RESET)
</UL>
<P><STRONG><a name="[85]"></a>DMA1_Channel3_IRQHandler</STRONG> (Thumb, 0 bytes, Stack size 0 bytes, startup_stm32f103xb.o(.text))
<BR>[Address Reference Count : 1]<UL><LI> startup_stm32f103xb.o(RESET)
</UL>
<P><STRONG><a name="[88]"></a>DMA1_Channel6_IRQHandler</STRONG> (Thumb, 0 bytes, Stack size 0 bytes, startup_stm32f103xb.o(.text))
<BR>[Address Reference Count : 1]<UL><LI> startup_stm32f103xb.o(RESET)
</UL>
<P><STRONG><a name="[89]"></a>DMA1_Channel7_IRQHandler</STRONG> (Thumb, 0 bytes, Stack size 0 bytes, startup_stm32f103xb.o(.text))
<BR>[Address Reference Count : 1]<UL><LI> startup_stm32f103xb.o(RESET)
</UL>
<P><STRONG><a name="[7e]"></a>EXTI0_IRQHandler</STRONG> (Thumb, 0 bytes, Stack size 0 bytes, startup_stm32f103xb.o(.text))
<BR>[Address Reference Count : 1]<UL><LI> startup_stm32f103xb.o(RESET)
</UL>
<P><STRONG><a name="[a0]"></a>EXTI15_10_IRQHandler</STRONG> (Thumb, 0 bytes, Stack size 0 bytes, startup_stm32f103xb.o(.text))
<BR>[Address Reference Count : 1]<UL><LI> startup_stm32f103xb.o(RESET)
</UL>
<P><STRONG><a name="[7f]"></a>EXTI1_IRQHandler</STRONG> (Thumb, 0 bytes, Stack size 0 bytes, startup_stm32f103xb.o(.text))
<BR>[Address Reference Count : 1]<UL><LI> startup_stm32f103xb.o(RESET)
</UL>
<P><STRONG><a name="[80]"></a>EXTI2_IRQHandler</STRONG> (Thumb, 0 bytes, Stack size 0 bytes, startup_stm32f103xb.o(.text))
<BR>[Address Reference Count : 1]<UL><LI> startup_stm32f103xb.o(RESET)
</UL>
<P><STRONG><a name="[81]"></a>EXTI3_IRQHandler</STRONG> (Thumb, 0 bytes, Stack size 0 bytes, startup_stm32f103xb.o(.text))
<BR>[Address Reference Count : 1]<UL><LI> startup_stm32f103xb.o(RESET)
</UL>
<P><STRONG><a name="[82]"></a>EXTI4_IRQHandler</STRONG> (Thumb, 0 bytes, Stack size 0 bytes, startup_stm32f103xb.o(.text))
<BR>[Address Reference Count : 1]<UL><LI> startup_stm32f103xb.o(RESET)
</UL>
<P><STRONG><a name="[8f]"></a>EXTI9_5_IRQHandler</STRONG> (Thumb, 0 bytes, Stack size 0 bytes, startup_stm32f103xb.o(.text))
<BR>[Address Reference Count : 1]<UL><LI> startup_stm32f103xb.o(RESET)
</UL>
<P><STRONG><a name="[7c]"></a>FLASH_IRQHandler</STRONG> (Thumb, 0 bytes, Stack size 0 bytes, startup_stm32f103xb.o(.text))
<BR>[Address Reference Count : 1]<UL><LI> startup_stm32f103xb.o(RESET)
</UL>
<P><STRONG><a name="[98]"></a>I2C1_ER_IRQHandler</STRONG> (Thumb, 0 bytes, Stack size 0 bytes, startup_stm32f103xb.o(.text))
<BR>[Address Reference Count : 1]<UL><LI> startup_stm32f103xb.o(RESET)
</UL>
<P><STRONG><a name="[97]"></a>I2C1_EV_IRQHandler</STRONG> (Thumb, 0 bytes, Stack size 0 bytes, startup_stm32f103xb.o(.text))
<BR>[Address Reference Count : 1]<UL><LI> startup_stm32f103xb.o(RESET)
</UL>
<P><STRONG><a name="[9a]"></a>I2C2_ER_IRQHandler</STRONG> (Thumb, 0 bytes, Stack size 0 bytes, startup_stm32f103xb.o(.text))
<BR>[Address Reference Count : 1]<UL><LI> startup_stm32f103xb.o(RESET)
</UL>
<P><STRONG><a name="[99]"></a>I2C2_EV_IRQHandler</STRONG> (Thumb, 0 bytes, Stack size 0 bytes, startup_stm32f103xb.o(.text))
<BR>[Address Reference Count : 1]<UL><LI> startup_stm32f103xb.o(RESET)
</UL>
<P><STRONG><a name="[79]"></a>PVD_IRQHandler</STRONG> (Thumb, 0 bytes, Stack size 0 bytes, startup_stm32f103xb.o(.text))
<BR>[Address Reference Count : 1]<UL><LI> startup_stm32f103xb.o(RESET)
</UL>
<P><STRONG><a name="[7d]"></a>RCC_IRQHandler</STRONG> (Thumb, 0 bytes, Stack size 0 bytes, startup_stm32f103xb.o(.text))
<BR>[Address Reference Count : 1]<UL><LI> startup_stm32f103xb.o(RESET)
</UL>
<P><STRONG><a name="[a1]"></a>RTC_Alarm_IRQHandler</STRONG> (Thumb, 0 bytes, Stack size 0 bytes, startup_stm32f103xb.o(.text))
<BR>[Address Reference Count : 1]<UL><LI> startup_stm32f103xb.o(RESET)
</UL>
<P><STRONG><a name="[7b]"></a>RTC_IRQHandler</STRONG> (Thumb, 0 bytes, Stack size 0 bytes, startup_stm32f103xb.o(.text))
<BR>[Address Reference Count : 1]<UL><LI> startup_stm32f103xb.o(RESET)
</UL>
<P><STRONG><a name="[9b]"></a>SPI1_IRQHandler</STRONG> (Thumb, 0 bytes, Stack size 0 bytes, startup_stm32f103xb.o(.text))
<BR>[Address Reference Count : 1]<UL><LI> startup_stm32f103xb.o(RESET)
</UL>
<P><STRONG><a name="[9c]"></a>SPI2_IRQHandler</STRONG> (Thumb, 0 bytes, Stack size 0 bytes, startup_stm32f103xb.o(.text))
<BR>[Address Reference Count : 1]<UL><LI> startup_stm32f103xb.o(RESET)
</UL>
<P><STRONG><a name="[7a]"></a>TAMPER_IRQHandler</STRONG> (Thumb, 0 bytes, Stack size 0 bytes, startup_stm32f103xb.o(.text))
<BR>[Address Reference Count : 1]<UL><LI> startup_stm32f103xb.o(RESET)
</UL>
<P><STRONG><a name="[90]"></a>TIM1_BRK_IRQHandler</STRONG> (Thumb, 0 bytes, Stack size 0 bytes, startup_stm32f103xb.o(.text))
<BR>[Address Reference Count : 1]<UL><LI> startup_stm32f103xb.o(RESET)
</UL>
<P><STRONG><a name="[92]"></a>TIM1_TRG_COM_IRQHandler</STRONG> (Thumb, 0 bytes, Stack size 0 bytes, startup_stm32f103xb.o(.text))
<BR>[Address Reference Count : 1]<UL><LI> startup_stm32f103xb.o(RESET)
</UL>
<P><STRONG><a name="[91]"></a>TIM1_UP_IRQHandler</STRONG> (Thumb, 0 bytes, Stack size 0 bytes, startup_stm32f103xb.o(.text))
<BR>[Address Reference Count : 1]<UL><LI> startup_stm32f103xb.o(RESET)
</UL>
<P><STRONG><a name="[94]"></a>TIM2_IRQHandler</STRONG> (Thumb, 0 bytes, Stack size 0 bytes, startup_stm32f103xb.o(.text))
<BR>[Address Reference Count : 1]<UL><LI> startup_stm32f103xb.o(RESET)
</UL>
<P><STRONG><a name="[95]"></a>TIM3_IRQHandler</STRONG> (Thumb, 0 bytes, Stack size 0 bytes, startup_stm32f103xb.o(.text))
<BR>[Address Reference Count : 1]<UL><LI> startup_stm32f103xb.o(RESET)
</UL>
<P><STRONG><a name="[96]"></a>TIM4_IRQHandler</STRONG> (Thumb, 0 bytes, Stack size 0 bytes, startup_stm32f103xb.o(.text))
<BR>[Address Reference Count : 1]<UL><LI> startup_stm32f103xb.o(RESET)
</UL>
<P><STRONG><a name="[9e]"></a>USART2_IRQHandler</STRONG> (Thumb, 0 bytes, Stack size 0 bytes, startup_stm32f103xb.o(.text))
<BR>[Address Reference Count : 1]<UL><LI> startup_stm32f103xb.o(RESET)
</UL>
<P><STRONG><a name="[9f]"></a>USART3_IRQHandler</STRONG> (Thumb, 0 bytes, Stack size 0 bytes, startup_stm32f103xb.o(.text))
<BR>[Address Reference Count : 1]<UL><LI> startup_stm32f103xb.o(RESET)
</UL>
<P><STRONG><a name="[a2]"></a>USBWakeUp_IRQHandler</STRONG> (Thumb, 0 bytes, Stack size 0 bytes, startup_stm32f103xb.o(.text))
<BR>[Address Reference Count : 1]<UL><LI> startup_stm32f103xb.o(RESET)
</UL>
<P><STRONG><a name="[8b]"></a>USB_HP_CAN1_TX_IRQHandler</STRONG> (Thumb, 0 bytes, Stack size 0 bytes, startup_stm32f103xb.o(.text))
<BR>[Address Reference Count : 1]<UL><LI> startup_stm32f103xb.o(RESET)
</UL>
<P><STRONG><a name="[8c]"></a>USB_LP_CAN1_RX0_IRQHandler</STRONG> (Thumb, 0 bytes, Stack size 0 bytes, startup_stm32f103xb.o(.text))
<BR>[Address Reference Count : 1]<UL><LI> startup_stm32f103xb.o(RESET)
</UL>
<P><STRONG><a name="[78]"></a>WWDG_IRQHandler</STRONG> (Thumb, 0 bytes, Stack size 0 bytes, startup_stm32f103xb.o(.text))
<BR>[Address Reference Count : 1]<UL><LI> startup_stm32f103xb.o(RESET)
</UL>
<P><STRONG><a name="[c4]"></a>__user_initial_stackheap</STRONG> (Thumb, 0 bytes, Stack size unknown bytes, startup_stm32f103xb.o(.text))
<BR><BR>[Called By]<UL><LI><a href="#[b9]">&gt;&gt;</a>&nbsp;&nbsp;&nbsp;__user_setup_stackheap
</UL>

<P><STRONG><a name="[13a]"></a>__aeabi_memclr4</STRONG> (Thumb, 0 bytes, Stack size 4 bytes, rt_memclr_w.o(.text))
<BR><BR>[Stack]<UL><LI>Max Depth = 4<LI>Call Chain = __aeabi_memclr4
</UL>
<BR>[Called By]<UL><LI><a href="#[143]">&gt;&gt;</a>&nbsp;&nbsp;&nbsp;MX_TIM2_Init
<LI><a href="#[140]">&gt;&gt;</a>&nbsp;&nbsp;&nbsp;MX_TIM1_Init
<LI><a href="#[13c]">&gt;&gt;</a>&nbsp;&nbsp;&nbsp;MX_ADC2_Init
<LI><a href="#[139]">&gt;&gt;</a>&nbsp;&nbsp;&nbsp;MX_ADC1_Init
<LI><a href="#[147]">&gt;&gt;</a>&nbsp;&nbsp;&nbsp;SystemClock_Config
</UL>

<P><STRONG><a name="[201]"></a>__aeabi_memclr8</STRONG> (Thumb, 0 bytes, Stack size 4 bytes, rt_memclr_w.o(.text), UNUSED)

<P><STRONG><a name="[202]"></a>__rt_memclr_w</STRONG> (Thumb, 78 bytes, Stack size 4 bytes, rt_memclr_w.o(.text), UNUSED)

<P><STRONG><a name="[203]"></a>_memset_w</STRONG> (Thumb, 0 bytes, Stack size unknown bytes, rt_memclr_w.o(.text), UNUSED)

<P><STRONG><a name="[204]"></a>__use_two_region_memory</STRONG> (Thumb, 2 bytes, Stack size 0 bytes, heapauxi.o(.text), UNUSED)

<P><STRONG><a name="[205]"></a>__rt_heap_escrow$2region</STRONG> (Thumb, 2 bytes, Stack size 0 bytes, heapauxi.o(.text), UNUSED)

<P><STRONG><a name="[206]"></a>__rt_heap_expand$2region</STRONG> (Thumb, 2 bytes, Stack size 0 bytes, heapauxi.o(.text), UNUSED)

<P><STRONG><a name="[b9]"></a>__user_setup_stackheap</STRONG> (Thumb, 74 bytes, Stack size 8 bytes, sys_stackheap_outer.o(.text))
<BR><BR>[Stack]<UL><LI>Max Depth = 8 + Unknown Stack Size
<LI>Call Chain = __user_setup_stackheap
</UL>
<BR>[Calls]<UL><LI><a href="#[c4]">&gt;&gt;</a>&nbsp;&nbsp;&nbsp;__user_initial_stackheap
<LI><a href="#[c3]">&gt;&gt;</a>&nbsp;&nbsp;&nbsp;__user_perproc_libspace
</UL>
<BR>[Called By]<UL><LI><a href="#[b8]">&gt;&gt;</a>&nbsp;&nbsp;&nbsp;__rt_entry_sh
</UL>

<P><STRONG><a name="[be]"></a>exit</STRONG> (Thumb, 18 bytes, Stack size 8 bytes, exit.o(.text))
<BR><BR>[Stack]<UL><LI>Max Depth = 8 + Unknown Stack Size
<LI>Call Chain = exit
</UL>
<BR>[Calls]<UL><LI><a href="#[c5]">&gt;&gt;</a>&nbsp;&nbsp;&nbsp;__rt_exit
</UL>
<BR>[Called By]<UL><LI><a href="#[bc]">&gt;&gt;</a>&nbsp;&nbsp;&nbsp;__rt_entry_main
</UL>

<P><STRONG><a name="[207]"></a>__user_libspace</STRONG> (Thumb, 8 bytes, Stack size 0 bytes, libspace.o(.text), UNUSED)

<P><STRONG><a name="[c3]"></a>__user_perproc_libspace</STRONG> (Thumb, 0 bytes, Stack size 0 bytes, libspace.o(.text))
<BR><BR>[Called By]<UL><LI><a href="#[b9]">&gt;&gt;</a>&nbsp;&nbsp;&nbsp;__user_setup_stackheap
</UL>

<P><STRONG><a name="[208]"></a>__user_perthread_libspace</STRONG> (Thumb, 0 bytes, Stack size 0 bytes, libspace.o(.text), UNUSED)

<P><STRONG><a name="[c2]"></a>_sys_exit</STRONG> (Thumb, 8 bytes, Stack size 0 bytes, sys_exit.o(.text))
<BR><BR>[Called By]<UL><LI><a href="#[c1]">&gt;&gt;</a>&nbsp;&nbsp;&nbsp;__rt_exit_exit
</UL>

<P><STRONG><a name="[209]"></a>__I$use$semihosting</STRONG> (Thumb, 0 bytes, Stack size 0 bytes, use_no_semi.o(.text), UNUSED)

<P><STRONG><a name="[20a]"></a>__use_no_semihosting_swi</STRONG> (Thumb, 2 bytes, Stack size 0 bytes, use_no_semi.o(.text), UNUSED)

<P><STRONG><a name="[20b]"></a>__semihosting_library_function</STRONG> (Thumb, 0 bytes, Stack size unknown bytes, indicate_semi.o(.text), UNUSED)

<P><STRONG><a name="[8a]"></a>ADC1_2_IRQHandler</STRONG> (Thumb, 62 bytes, Stack size 8 bytes, k1-burst-driver.pfr.o(i.ADC1_2_IRQHandler))
<BR><BR>[Stack]<UL><LI>Max Depth = 112<LI>Call Chain = ADC1_2_IRQHandler &rArr; burst_backend_loop &rArr; burst_sw_backend_loop &rArr; fm_poll &rArr; FMSTR_ProcessSCI &rArr; FMSTR_Rx &rArr; FMSTR_ProtocolDecoder &rArr; FMSTR_SetUpRec &rArr; FMSTR_AddressFromBuffer
</UL>
<BR>[Calls]<UL><LI><a href="#[c6]">&gt;&gt;</a>&nbsp;&nbsp;&nbsp;adc_update
<LI><a href="#[c7]">&gt;&gt;</a>&nbsp;&nbsp;&nbsp;burst_realtime_loop
<LI><a href="#[c8]">&gt;&gt;</a>&nbsp;&nbsp;&nbsp;burst_backend_loop
</UL>
<BR>[Address Reference Count : 1]<UL><LI> startup_stm32f103xb.o(RESET)
</UL>
<P><STRONG><a name="[c9]"></a>ADC_ConversionStop_Disable</STRONG> (Thumb, 86 bytes, Stack size 16 bytes, stm32f1xx_hal_adc.o(i.ADC_ConversionStop_Disable))
<BR><BR>[Stack]<UL><LI>Max Depth = 16<LI>Call Chain = ADC_ConversionStop_Disable
</UL>
<BR>[Calls]<UL><LI><a href="#[ca]">&gt;&gt;</a>&nbsp;&nbsp;&nbsp;HAL_GetTick
</UL>
<BR>[Called By]<UL><LI><a href="#[f8]">&gt;&gt;</a>&nbsp;&nbsp;&nbsp;HAL_ADC_Init
<LI><a href="#[f4]">&gt;&gt;</a>&nbsp;&nbsp;&nbsp;HAL_ADCEx_Calibration_Start
</UL>

<P><STRONG><a name="[cb]"></a>ADC_Enable</STRONG> (Thumb, 114 bytes, Stack size 24 bytes, stm32f1xx_hal_adc.o(i.ADC_Enable))
<BR><BR>[Stack]<UL><LI>Max Depth = 24<LI>Call Chain = ADC_Enable
</UL>
<BR>[Calls]<UL><LI><a href="#[ca]">&gt;&gt;</a>&nbsp;&nbsp;&nbsp;HAL_GetTick
</UL>
<BR>[Called By]<UL><LI><a href="#[f7]">&gt;&gt;</a>&nbsp;&nbsp;&nbsp;HAL_ADCEx_InjectedStart_IT
<LI><a href="#[f6]">&gt;&gt;</a>&nbsp;&nbsp;&nbsp;HAL_ADCEx_InjectedStart
<LI><a href="#[f4]">&gt;&gt;</a>&nbsp;&nbsp;&nbsp;HAL_ADCEx_Calibration_Start
</UL>

<P><STRONG><a name="[72]"></a>BusFault_Handler</STRONG> (Thumb, 2 bytes, Stack size 0 bytes, stm32f1xx_it.o(i.BusFault_Handler))
<BR><BR>[Calls]<UL><LI><a href="#[72]">&gt;&gt;</a>&nbsp;&nbsp;&nbsp;BusFault_Handler
</UL>
<BR>[Called By]<UL><LI><a href="#[72]">&gt;&gt;</a>&nbsp;&nbsp;&nbsp;BusFault_Handler
</UL>
<BR>[Address Reference Count : 1]<UL><LI> startup_stm32f103xb.o(RESET)
</UL>
<P><STRONG><a name="[86]"></a>DMA1_Channel4_IRQHandler</STRONG> (Thumb, 6 bytes, Stack size 0 bytes, stm32f1xx_it.o(i.DMA1_Channel4_IRQHandler))
<BR><BR>[Stack]<UL><LI>Max Depth = 40<LI>Call Chain = DMA1_Channel4_IRQHandler &rArr; HAL_DMA_IRQHandler
</UL>
<BR>[Calls]<UL><LI><a href="#[cc]">&gt;&gt;</a>&nbsp;&nbsp;&nbsp;HAL_DMA_IRQHandler
</UL>
<BR>[Address Reference Count : 1]<UL><LI> startup_stm32f103xb.o(RESET)
</UL>
<P><STRONG><a name="[87]"></a>DMA1_Channel5_IRQHandler</STRONG> (Thumb, 6 bytes, Stack size 0 bytes, stm32f1xx_it.o(i.DMA1_Channel5_IRQHandler))
<BR><BR>[Stack]<UL><LI>Max Depth = 40<LI>Call Chain = DMA1_Channel5_IRQHandler &rArr; HAL_DMA_IRQHandler
</UL>
<BR>[Calls]<UL><LI><a href="#[cc]">&gt;&gt;</a>&nbsp;&nbsp;&nbsp;HAL_DMA_IRQHandler
</UL>
<BR>[Address Reference Count : 1]<UL><LI> startup_stm32f103xb.o(RESET)
</UL>
<P><STRONG><a name="[75]"></a>DebugMon_Handler</STRONG> (Thumb, 2 bytes, Stack size 0 bytes, stm32f1xx_it.o(i.DebugMon_Handler))
<BR>[Address Reference Count : 1]<UL><LI> startup_stm32f103xb.o(RESET)
</UL>
<P><STRONG><a name="[cd]"></a>Error_Handler</STRONG> (Thumb, 18 bytes, Stack size 0 bytes, main.o(i.Error_Handler))
<BR><BR>[Calls]<UL><LI><a href="#[cf]">&gt;&gt;</a>&nbsp;&nbsp;&nbsp;burst_sw_on_crash
<LI><a href="#[ce]">&gt;&gt;</a>&nbsp;&nbsp;&nbsp;burst_hw_on_crash
</UL>
<BR>[Called By]<UL><LI><a href="#[133]">&gt;&gt;</a>&nbsp;&nbsp;&nbsp;HAL_UART_MspInit
<LI><a href="#[145]">&gt;&gt;</a>&nbsp;&nbsp;&nbsp;MX_USART1_UART_Init
<LI><a href="#[144]">&gt;&gt;</a>&nbsp;&nbsp;&nbsp;MX_TIM3_Init
<LI><a href="#[143]">&gt;&gt;</a>&nbsp;&nbsp;&nbsp;MX_TIM2_Init
<LI><a href="#[140]">&gt;&gt;</a>&nbsp;&nbsp;&nbsp;MX_TIM1_Init
<LI><a href="#[13c]">&gt;&gt;</a>&nbsp;&nbsp;&nbsp;MX_ADC2_Init
<LI><a href="#[139]">&gt;&gt;</a>&nbsp;&nbsp;&nbsp;MX_ADC1_Init
<LI><a href="#[147]">&gt;&gt;</a>&nbsp;&nbsp;&nbsp;SystemClock_Config
</UL>

<P><STRONG><a name="[d0]"></a>FMSTR_AddressFromBuffer</STRONG> (Thumb, 34 bytes, Stack size 12 bytes, k1-burst-driver.obj.o(i.FMSTR_AddressFromBuffer))
<BR><BR>[Stack]<UL><LI>Max Depth = 12<LI>Call Chain = FMSTR_AddressFromBuffer
</UL>
<BR>[Calls]<UL><LI><a href="#[d1]">&gt;&gt;</a>&nbsp;&nbsp;&nbsp;FMSTR_ValueFromBuffer32
<LI><a href="#[d2]">&gt;&gt;</a>&nbsp;&nbsp;&nbsp;FMSTR_ValueFromBuffer16
</UL>
<BR>[Called By]<UL><LI><a href="#[e7]">&gt;&gt;</a>&nbsp;&nbsp;&nbsp;FMSTR_WriteMemMask
<LI><a href="#[e6]">&gt;&gt;</a>&nbsp;&nbsp;&nbsp;FMSTR_WriteMem
<LI><a href="#[e0]">&gt;&gt;</a>&nbsp;&nbsp;&nbsp;FMSTR_SetUpScope
<LI><a href="#[e5]">&gt;&gt;</a>&nbsp;&nbsp;&nbsp;FMSTR_SetUpRec
<LI><a href="#[df]">&gt;&gt;</a>&nbsp;&nbsp;&nbsp;FMSTR_ReadMem
</UL>

<P><STRONG><a name="[d3]"></a>FMSTR_AddressToBuffer</STRONG> (Thumb, 16 bytes, Stack size 0 bytes, k1-burst-driver.obj.o(i.FMSTR_AddressToBuffer))
<BR><BR>[Stack]<UL><LI>Max Depth = 12<LI>Call Chain = FMSTR_AddressToBuffer &rArr; FMSTR_ValueToBuffer32
</UL>
<BR>[Calls]<UL><LI><a href="#[d4]">&gt;&gt;</a>&nbsp;&nbsp;&nbsp;FMSTR_ValueToBuffer32
<LI><a href="#[d5]">&gt;&gt;</a>&nbsp;&nbsp;&nbsp;FMSTR_ValueToBuffer16
</UL>
<BR>[Called By]<UL><LI><a href="#[d7]">&gt;&gt;</a>&nbsp;&nbsp;&nbsp;FMSTR_GetRecBuff
</UL>

<P><STRONG><a name="[f2]"></a>FMSTR_CopyFromBuffer</STRONG> (Thumb, 24 bytes, Stack size 0 bytes, k1-burst-driver.obj.o(i.FMSTR_CopyFromBuffer))
<BR><BR>[Called By]<UL><LI><a href="#[e6]">&gt;&gt;</a>&nbsp;&nbsp;&nbsp;FMSTR_WriteMem
</UL>

<P><STRONG><a name="[f3]"></a>FMSTR_CopyFromBufferWithMask</STRONG> (Thumb, 36 bytes, Stack size 16 bytes, k1-burst-driver.obj.o(i.FMSTR_CopyFromBufferWithMask))
<BR><BR>[Stack]<UL><LI>Max Depth = 16<LI>Call Chain = FMSTR_CopyFromBufferWithMask
</UL>
<BR>[Called By]<UL><LI><a href="#[e7]">&gt;&gt;</a>&nbsp;&nbsp;&nbsp;FMSTR_WriteMemMask
</UL>

<P><STRONG><a name="[eb]"></a>FMSTR_CopyMemory</STRONG> (Thumb, 20 bytes, Stack size 0 bytes, k1-burst-driver.obj.o(i.FMSTR_CopyMemory))
<BR><BR>[Called By]<UL><LI><a href="#[ea]">&gt;&gt;</a>&nbsp;&nbsp;&nbsp;FMSTR_Recorder2
</UL>

<P><STRONG><a name="[e8]"></a>FMSTR_CopyToBuffer</STRONG> (Thumb, 20 bytes, Stack size 0 bytes, k1-burst-driver.obj.o(i.FMSTR_CopyToBuffer))
<BR><BR>[Called By]<UL><LI><a href="#[e1]">&gt;&gt;</a>&nbsp;&nbsp;&nbsp;FMSTR_ReadScope
<LI><a href="#[df]">&gt;&gt;</a>&nbsp;&nbsp;&nbsp;FMSTR_ReadMem
</UL>

<P><STRONG><a name="[d6]"></a>FMSTR_GetBoardInfo</STRONG> (Thumb, 90 bytes, Stack size 4 bytes, k1-burst-driver.obj.o(i.FMSTR_GetBoardInfo))
<BR><BR>[Stack]<UL><LI>Max Depth = 4<LI>Call Chain = FMSTR_GetBoardInfo
</UL>
<BR>[Calls]<UL><LI><a href="#[d5]">&gt;&gt;</a>&nbsp;&nbsp;&nbsp;FMSTR_ValueToBuffer16
</UL>
<BR>[Called By]<UL><LI><a href="#[dd]">&gt;&gt;</a>&nbsp;&nbsp;&nbsp;FMSTR_ProtocolDecoder
</UL>

<P><STRONG><a name="[d7]"></a>FMSTR_GetRecBuff</STRONG> (Thumb, 56 bytes, Stack size 8 bytes, k1-burst-driver.obj.o(i.FMSTR_GetRecBuff))
<BR><BR>[Stack]<UL><LI>Max Depth = 20<LI>Call Chain = FMSTR_GetRecBuff &rArr; FMSTR_AddressToBuffer &rArr; FMSTR_ValueToBuffer32
</UL>
<BR>[Calls]<UL><LI><a href="#[d5]">&gt;&gt;</a>&nbsp;&nbsp;&nbsp;FMSTR_ValueToBuffer16
<LI><a href="#[d3]">&gt;&gt;</a>&nbsp;&nbsp;&nbsp;FMSTR_AddressToBuffer
</UL>
<BR>[Called By]<UL><LI><a href="#[dd]">&gt;&gt;</a>&nbsp;&nbsp;&nbsp;FMSTR_ProtocolDecoder
</UL>

<P><STRONG><a name="[e2]"></a>FMSTR_GetRecStatus</STRONG> (Thumb, 30 bytes, Stack size 0 bytes, k1-burst-driver.obj.o(i.FMSTR_GetRecStatus))
<BR><BR>[Called By]<UL><LI><a href="#[dd]">&gt;&gt;</a>&nbsp;&nbsp;&nbsp;FMSTR_ProtocolDecoder
</UL>

<P><STRONG><a name="[d8]"></a>FMSTR_ProcessSCI</STRONG> (Thumb, 54 bytes, Stack size 16 bytes, k1-burst-driver.obj.o(i.FMSTR_ProcessSCI))
<BR><BR>[Stack]<UL><LI>Max Depth = 80<LI>Call Chain = FMSTR_ProcessSCI &rArr; FMSTR_Rx &rArr; FMSTR_ProtocolDecoder &rArr; FMSTR_SetUpRec &rArr; FMSTR_AddressFromBuffer
</UL>
<BR>[Calls]<UL><LI><a href="#[db]">&gt;&gt;</a>&nbsp;&nbsp;&nbsp;fm_get
<LI><a href="#[d9]">&gt;&gt;</a>&nbsp;&nbsp;&nbsp;FMSTR_SCI_RDCLRSR
<LI><a href="#[da]">&gt;&gt;</a>&nbsp;&nbsp;&nbsp;FMSTR_Tx
<LI><a href="#[dc]">&gt;&gt;</a>&nbsp;&nbsp;&nbsp;FMSTR_Rx
</UL>
<BR>[Called By]<UL><LI><a href="#[1a5]">&gt;&gt;</a>&nbsp;&nbsp;&nbsp;fm_poll
</UL>

<P><STRONG><a name="[dd]"></a>FMSTR_ProtocolDecoder</STRONG> (Thumb, 206 bytes, Stack size 8 bytes, k1-burst-driver.obj.o(i.FMSTR_ProtocolDecoder))
<BR><BR>[Stack]<UL><LI>Max Depth = 56<LI>Call Chain = FMSTR_ProtocolDecoder &rArr; FMSTR_SetUpRec &rArr; FMSTR_AddressFromBuffer
</UL>
<BR>[Calls]<UL><LI><a href="#[e7]">&gt;&gt;</a>&nbsp;&nbsp;&nbsp;FMSTR_WriteMemMask
<LI><a href="#[e6]">&gt;&gt;</a>&nbsp;&nbsp;&nbsp;FMSTR_WriteMem
<LI><a href="#[e4]">&gt;&gt;</a>&nbsp;&nbsp;&nbsp;FMSTR_StopRec
<LI><a href="#[e3]">&gt;&gt;</a>&nbsp;&nbsp;&nbsp;FMSTR_StartRec
<LI><a href="#[e0]">&gt;&gt;</a>&nbsp;&nbsp;&nbsp;FMSTR_SetUpScope
<LI><a href="#[e5]">&gt;&gt;</a>&nbsp;&nbsp;&nbsp;FMSTR_SetUpRec
<LI><a href="#[de]">&gt;&gt;</a>&nbsp;&nbsp;&nbsp;FMSTR_SendResponse
<LI><a href="#[e1]">&gt;&gt;</a>&nbsp;&nbsp;&nbsp;FMSTR_ReadScope
<LI><a href="#[df]">&gt;&gt;</a>&nbsp;&nbsp;&nbsp;FMSTR_ReadMem
<LI><a href="#[e2]">&gt;&gt;</a>&nbsp;&nbsp;&nbsp;FMSTR_GetRecStatus
<LI><a href="#[d7]">&gt;&gt;</a>&nbsp;&nbsp;&nbsp;FMSTR_GetRecBuff
<LI><a href="#[d6]">&gt;&gt;</a>&nbsp;&nbsp;&nbsp;FMSTR_GetBoardInfo
</UL>
<BR>[Called By]<UL><LI><a href="#[dc]">&gt;&gt;</a>&nbsp;&nbsp;&nbsp;FMSTR_Rx
</UL>

<P><STRONG><a name="[df]"></a>FMSTR_ReadMem</STRONG> (Thumb, 48 bytes, Stack size 16 bytes, k1-burst-driver.obj.o(i.FMSTR_ReadMem))
<BR><BR>[Stack]<UL><LI>Max Depth = 28<LI>Call Chain = FMSTR_ReadMem &rArr; FMSTR_AddressFromBuffer
</UL>
<BR>[Calls]<UL><LI><a href="#[e8]">&gt;&gt;</a>&nbsp;&nbsp;&nbsp;FMSTR_CopyToBuffer
<LI><a href="#[d0]">&gt;&gt;</a>&nbsp;&nbsp;&nbsp;FMSTR_AddressFromBuffer
</UL>
<BR>[Called By]<UL><LI><a href="#[dd]">&gt;&gt;</a>&nbsp;&nbsp;&nbsp;FMSTR_ProtocolDecoder
</UL>

<P><STRONG><a name="[e1]"></a>FMSTR_ReadScope</STRONG> (Thumb, 56 bytes, Stack size 20 bytes, k1-burst-driver.obj.o(i.FMSTR_ReadScope))
<BR><BR>[Stack]<UL><LI>Max Depth = 20<LI>Call Chain = FMSTR_ReadScope
</UL>
<BR>[Calls]<UL><LI><a href="#[e8]">&gt;&gt;</a>&nbsp;&nbsp;&nbsp;FMSTR_CopyToBuffer
</UL>
<BR>[Called By]<UL><LI><a href="#[dd]">&gt;&gt;</a>&nbsp;&nbsp;&nbsp;FMSTR_ProtocolDecoder
</UL>

<P><STRONG><a name="[e9]"></a>FMSTR_Recorder</STRONG> (Thumb, 14 bytes, Stack size 0 bytes, k1-burst-driver.obj.o(i.FMSTR_Recorder))
<BR><BR>[Stack]<UL><LI>Max Depth = 24<LI>Call Chain = FMSTR_Recorder &rArr; FMSTR_Recorder2
</UL>
<BR>[Calls]<UL><LI><a href="#[ea]">&gt;&gt;</a>&nbsp;&nbsp;&nbsp;FMSTR_Recorder2
</UL>
<BR>[Called By]<UL><LI><a href="#[1a4]">&gt;&gt;</a>&nbsp;&nbsp;&nbsp;fm_recorder
</UL>

<P><STRONG><a name="[d9]"></a>FMSTR_SCI_RDCLRSR</STRONG> (Thumb, 26 bytes, Stack size 8 bytes, k1-burst-driver.obj.o(i.FMSTR_SCI_RDCLRSR))
<BR><BR>[Stack]<UL><LI>Max Depth = 40<LI>Call Chain = FMSTR_SCI_RDCLRSR &rArr; fm_space &rArr; fmoutcom_count &rArr; burst_guard_leave
</UL>
<BR>[Calls]<UL><LI><a href="#[ef]">&gt;&gt;</a>&nbsp;&nbsp;&nbsp;fm_space
<LI><a href="#[ee]">&gt;&gt;</a>&nbsp;&nbsp;&nbsp;fm_available
</UL>
<BR>[Called By]<UL><LI><a href="#[d8]">&gt;&gt;</a>&nbsp;&nbsp;&nbsp;FMSTR_ProcessSCI
</UL>

<P><STRONG><a name="[de]"></a>FMSTR_SendResponse</STRONG> (Thumb, 74 bytes, Stack size 16 bytes, k1-burst-driver.obj.o(i.FMSTR_SendResponse))
<BR><BR>[Stack]<UL><LI>Max Depth = 48<LI>Call Chain = FMSTR_SendResponse &rArr; fm_put &rArr; burst_guard_leave
</UL>
<BR>[Calls]<UL><LI><a href="#[f0]">&gt;&gt;</a>&nbsp;&nbsp;&nbsp;fm_put
</UL>
<BR>[Called By]<UL><LI><a href="#[dd]">&gt;&gt;</a>&nbsp;&nbsp;&nbsp;FMSTR_ProtocolDecoder
<LI><a href="#[ed]">&gt;&gt;</a>&nbsp;&nbsp;&nbsp;FMSTR_SendError
</UL>

<P><STRONG><a name="[e5]"></a>FMSTR_SetUpRec</STRONG> (Thumb, 304 bytes, Stack size 36 bytes, k1-burst-driver.obj.o(i.FMSTR_SetUpRec))
<BR><BR>[Stack]<UL><LI>Max Depth = 48<LI>Call Chain = FMSTR_SetUpRec &rArr; FMSTR_AddressFromBuffer
</UL>
<BR>[Calls]<UL><LI><a href="#[d1]">&gt;&gt;</a>&nbsp;&nbsp;&nbsp;FMSTR_ValueFromBuffer32
<LI><a href="#[d2]">&gt;&gt;</a>&nbsp;&nbsp;&nbsp;FMSTR_ValueFromBuffer16
<LI><a href="#[d0]">&gt;&gt;</a>&nbsp;&nbsp;&nbsp;FMSTR_AddressFromBuffer
</UL>
<BR>[Called By]<UL><LI><a href="#[dd]">&gt;&gt;</a>&nbsp;&nbsp;&nbsp;FMSTR_ProtocolDecoder
</UL>

<P><STRONG><a name="[e0]"></a>FMSTR_SetUpScope</STRONG> (Thumb, 102 bytes, Stack size 32 bytes, k1-burst-driver.obj.o(i.FMSTR_SetUpScope))
<BR><BR>[Stack]<UL><LI>Max Depth = 44<LI>Call Chain = FMSTR_SetUpScope &rArr; FMSTR_AddressFromBuffer
</UL>
<BR>[Calls]<UL><LI><a href="#[d0]">&gt;&gt;</a>&nbsp;&nbsp;&nbsp;FMSTR_AddressFromBuffer
</UL>
<BR>[Called By]<UL><LI><a href="#[dd]">&gt;&gt;</a>&nbsp;&nbsp;&nbsp;FMSTR_ProtocolDecoder
</UL>

<P><STRONG><a name="[e3]"></a>FMSTR_StartRec</STRONG> (Thumb, 78 bytes, Stack size 0 bytes, k1-burst-driver.obj.o(i.FMSTR_StartRec))
<BR><BR>[Called By]<UL><LI><a href="#[dd]">&gt;&gt;</a>&nbsp;&nbsp;&nbsp;FMSTR_ProtocolDecoder
</UL>

<P><STRONG><a name="[e4]"></a>FMSTR_StopRec</STRONG> (Thumb, 44 bytes, Stack size 4 bytes, k1-burst-driver.obj.o(i.FMSTR_StopRec))
<BR><BR>[Stack]<UL><LI>Max Depth = 4<LI>Call Chain = FMSTR_StopRec
</UL>
<BR>[Calls]<UL><LI><a href="#[ec]">&gt;&gt;</a>&nbsp;&nbsp;&nbsp;FMSTR_TriggerRec
</UL>
<BR>[Called By]<UL><LI><a href="#[dd]">&gt;&gt;</a>&nbsp;&nbsp;&nbsp;FMSTR_ProtocolDecoder
</UL>

<P><STRONG><a name="[ec]"></a>FMSTR_TriggerRec</STRONG> (Thumb, 24 bytes, Stack size 0 bytes, k1-burst-driver.obj.o(i.FMSTR_TriggerRec))
<BR><BR>[Called By]<UL><LI><a href="#[e4]">&gt;&gt;</a>&nbsp;&nbsp;&nbsp;FMSTR_StopRec
<LI><a href="#[ea]">&gt;&gt;</a>&nbsp;&nbsp;&nbsp;FMSTR_Recorder2
</UL>

<P><STRONG><a name="[d2]"></a>FMSTR_ValueFromBuffer16</STRONG> (Thumb, 16 bytes, Stack size 0 bytes, k1-burst-driver.obj.o(i.FMSTR_ValueFromBuffer16))
<BR><BR>[Called By]<UL><LI><a href="#[e5]">&gt;&gt;</a>&nbsp;&nbsp;&nbsp;FMSTR_SetUpRec
<LI><a href="#[d0]">&gt;&gt;</a>&nbsp;&nbsp;&nbsp;FMSTR_AddressFromBuffer
</UL>

<P><STRONG><a name="[d1]"></a>FMSTR_ValueFromBuffer32</STRONG> (Thumb, 20 bytes, Stack size 0 bytes, k1-burst-driver.obj.o(i.FMSTR_ValueFromBuffer32))
<BR><BR>[Called By]<UL><LI><a href="#[e5]">&gt;&gt;</a>&nbsp;&nbsp;&nbsp;FMSTR_SetUpRec
<LI><a href="#[d0]">&gt;&gt;</a>&nbsp;&nbsp;&nbsp;FMSTR_AddressFromBuffer
</UL>

<P><STRONG><a name="[d5]"></a>FMSTR_ValueToBuffer16</STRONG> (Thumb, 12 bytes, Stack size 0 bytes, k1-burst-driver.obj.o(i.FMSTR_ValueToBuffer16))
<BR><BR>[Called By]<UL><LI><a href="#[d7]">&gt;&gt;</a>&nbsp;&nbsp;&nbsp;FMSTR_GetRecBuff
<LI><a href="#[d6]">&gt;&gt;</a>&nbsp;&nbsp;&nbsp;FMSTR_GetBoardInfo
<LI><a href="#[d3]">&gt;&gt;</a>&nbsp;&nbsp;&nbsp;FMSTR_AddressToBuffer
</UL>

<P><STRONG><a name="[d4]"></a>FMSTR_ValueToBuffer32</STRONG> (Thumb, 22 bytes, Stack size 12 bytes, k1-burst-driver.obj.o(i.FMSTR_ValueToBuffer32))
<BR><BR>[Stack]<UL><LI>Max Depth = 12<LI>Call Chain = FMSTR_ValueToBuffer32
</UL>
<BR>[Called By]<UL><LI><a href="#[d3]">&gt;&gt;</a>&nbsp;&nbsp;&nbsp;FMSTR_AddressToBuffer
</UL>

<P><STRONG><a name="[e6]"></a>FMSTR_WriteMem</STRONG> (Thumb, 36 bytes, Stack size 16 bytes, k1-burst-driver.obj.o(i.FMSTR_WriteMem))
<BR><BR>[Stack]<UL><LI>Max Depth = 28<LI>Call Chain = FMSTR_WriteMem &rArr; FMSTR_AddressFromBuffer
</UL>
<BR>[Calls]<UL><LI><a href="#[f2]">&gt;&gt;</a>&nbsp;&nbsp;&nbsp;FMSTR_CopyFromBuffer
<LI><a href="#[d0]">&gt;&gt;</a>&nbsp;&nbsp;&nbsp;FMSTR_AddressFromBuffer
</UL>
<BR>[Called By]<UL><LI><a href="#[dd]">&gt;&gt;</a>&nbsp;&nbsp;&nbsp;FMSTR_ProtocolDecoder
</UL>

<P><STRONG><a name="[e7]"></a>FMSTR_WriteMemMask</STRONG> (Thumb, 36 bytes, Stack size 16 bytes, k1-burst-driver.obj.o(i.FMSTR_WriteMemMask))
<BR><BR>[Stack]<UL><LI>Max Depth = 32<LI>Call Chain = FMSTR_WriteMemMask &rArr; FMSTR_CopyFromBufferWithMask
</UL>
<BR>[Calls]<UL><LI><a href="#[f3]">&gt;&gt;</a>&nbsp;&nbsp;&nbsp;FMSTR_CopyFromBufferWithMask
<LI><a href="#[d0]">&gt;&gt;</a>&nbsp;&nbsp;&nbsp;FMSTR_AddressFromBuffer
</UL>
<BR>[Called By]<UL><LI><a href="#[dd]">&gt;&gt;</a>&nbsp;&nbsp;&nbsp;FMSTR_ProtocolDecoder
</UL>

<P><STRONG><a name="[f4]"></a>HAL_ADCEx_Calibration_Start</STRONG> (Thumb, 210 bytes, Stack size 24 bytes, stm32f1xx_hal_adc_ex.o(i.HAL_ADCEx_Calibration_Start))
<BR><BR>[Stack]<UL><LI>Max Depth = 48<LI>Call Chain = HAL_ADCEx_Calibration_Start &rArr; ADC_Enable
</UL>
<BR>[Calls]<UL><LI><a href="#[f5]">&gt;&gt;</a>&nbsp;&nbsp;&nbsp;HAL_RCCEx_GetPeriphCLKFreq
<LI><a href="#[ca]">&gt;&gt;</a>&nbsp;&nbsp;&nbsp;HAL_GetTick
<LI><a href="#[cb]">&gt;&gt;</a>&nbsp;&nbsp;&nbsp;ADC_Enable
<LI><a href="#[c9]">&gt;&gt;</a>&nbsp;&nbsp;&nbsp;ADC_ConversionStop_Disable
</UL>
<BR>[Called By]<UL><LI><a href="#[154]">&gt;&gt;</a>&nbsp;&nbsp;&nbsp;adc_start
</UL>

<P><STRONG><a name="[13b]"></a>HAL_ADCEx_InjectedConfigChannel</STRONG> (Thumb, 462 bytes, Stack size 24 bytes, stm32f1xx_hal_adc_ex.o(i.HAL_ADCEx_InjectedConfigChannel))
<BR><BR>[Stack]<UL><LI>Max Depth = 24<LI>Call Chain = HAL_ADCEx_InjectedConfigChannel
</UL>
<BR>[Called By]<UL><LI><a href="#[13c]">&gt;&gt;</a>&nbsp;&nbsp;&nbsp;MX_ADC2_Init
<LI><a href="#[139]">&gt;&gt;</a>&nbsp;&nbsp;&nbsp;MX_ADC1_Init
</UL>

<P><STRONG><a name="[f6]"></a>HAL_ADCEx_InjectedStart</STRONG> (Thumb, 160 bytes, Stack size 16 bytes, stm32f1xx_hal_adc_ex.o(i.HAL_ADCEx_InjectedStart))
<BR><BR>[Stack]<UL><LI>Max Depth = 40<LI>Call Chain = HAL_ADCEx_InjectedStart &rArr; ADC_Enable
</UL>
<BR>[Calls]<UL><LI><a href="#[cb]">&gt;&gt;</a>&nbsp;&nbsp;&nbsp;ADC_Enable
</UL>
<BR>[Called By]<UL><LI><a href="#[93]">&gt;&gt;</a>&nbsp;&nbsp;&nbsp;TIM1_CC_IRQHandler
</UL>

<P><STRONG><a name="[f7]"></a>HAL_ADCEx_InjectedStart_IT</STRONG> (Thumb, 170 bytes, Stack size 16 bytes, stm32f1xx_hal_adc_ex.o(i.HAL_ADCEx_InjectedStart_IT))
<BR><BR>[Stack]<UL><LI>Max Depth = 40<LI>Call Chain = HAL_ADCEx_InjectedStart_IT &rArr; ADC_Enable
</UL>
<BR>[Calls]<UL><LI><a href="#[cb]">&gt;&gt;</a>&nbsp;&nbsp;&nbsp;ADC_Enable
</UL>
<BR>[Called By]<UL><LI><a href="#[93]">&gt;&gt;</a>&nbsp;&nbsp;&nbsp;TIM1_CC_IRQHandler
</UL>

<P><STRONG><a name="[f8]"></a>HAL_ADC_Init</STRONG> (Thumb, 272 bytes, Stack size 24 bytes, stm32f1xx_hal_adc.o(i.HAL_ADC_Init))
<BR><BR>[Stack]<UL><LI>Max Depth = 96<LI>Call Chain = HAL_ADC_Init &rArr; HAL_ADC_MspInit &rArr; HAL_GPIO_Init
</UL>
<BR>[Calls]<UL><LI><a href="#[f9]">&gt;&gt;</a>&nbsp;&nbsp;&nbsp;HAL_ADC_MspInit
<LI><a href="#[c9]">&gt;&gt;</a>&nbsp;&nbsp;&nbsp;ADC_ConversionStop_Disable
</UL>
<BR>[Called By]<UL><LI><a href="#[13c]">&gt;&gt;</a>&nbsp;&nbsp;&nbsp;MX_ADC2_Init
<LI><a href="#[139]">&gt;&gt;</a>&nbsp;&nbsp;&nbsp;MX_ADC1_Init
</UL>

<P><STRONG><a name="[f9]"></a>HAL_ADC_MspInit</STRONG> (Thumb, 120 bytes, Stack size 32 bytes, adc.o(i.HAL_ADC_MspInit))
<BR><BR>[Stack]<UL><LI>Max Depth = 72<LI>Call Chain = HAL_ADC_MspInit &rArr; HAL_GPIO_Init
</UL>
<BR>[Calls]<UL><LI><a href="#[fa]">&gt;&gt;</a>&nbsp;&nbsp;&nbsp;HAL_GPIO_Init
</UL>
<BR>[Called By]<UL><LI><a href="#[f8]">&gt;&gt;</a>&nbsp;&nbsp;&nbsp;HAL_ADC_Init
</UL>

<P><STRONG><a name="[129]"></a>HAL_DMA_Abort</STRONG> (Thumb, 70 bytes, Stack size 8 bytes, stm32f1xx_hal_dma.o(i.HAL_DMA_Abort))
<BR><BR>[Stack]<UL><LI>Max Depth = 8<LI>Call Chain = HAL_DMA_Abort
</UL>
<BR>[Called By]<UL><LI><a href="#[12e]">&gt;&gt;</a>&nbsp;&nbsp;&nbsp;HAL_UART_IRQHandler
<LI><a href="#[128]">&gt;&gt;</a>&nbsp;&nbsp;&nbsp;HAL_UART_DMAStop
</UL>

<P><STRONG><a name="[130]"></a>HAL_DMA_Abort_IT</STRONG> (Thumb, 148 bytes, Stack size 8 bytes, stm32f1xx_hal_dma.o(i.HAL_DMA_Abort_IT))
<BR><BR>[Stack]<UL><LI>Max Depth = 8<LI>Call Chain = HAL_DMA_Abort_IT
</UL>
<BR>[Called By]<UL><LI><a href="#[12e]">&gt;&gt;</a>&nbsp;&nbsp;&nbsp;HAL_UART_IRQHandler
</UL>

<P><STRONG><a name="[cc]"></a>HAL_DMA_IRQHandler</STRONG> (Thumb, 316 bytes, Stack size 40 bytes, stm32f1xx_hal_dma.o(i.HAL_DMA_IRQHandler))
<BR><BR>[Stack]<UL><LI>Max Depth = 40<LI>Call Chain = HAL_DMA_IRQHandler
</UL>
<BR>[Called By]<UL><LI><a href="#[87]">&gt;&gt;</a>&nbsp;&nbsp;&nbsp;DMA1_Channel5_IRQHandler
<LI><a href="#[86]">&gt;&gt;</a>&nbsp;&nbsp;&nbsp;DMA1_Channel4_IRQHandler
</UL>

<P><STRONG><a name="[135]"></a>HAL_DMA_Init</STRONG> (Thumb, 84 bytes, Stack size 12 bytes, stm32f1xx_hal_dma.o(i.HAL_DMA_Init))
<BR><BR>[Stack]<UL><LI>Max Depth = 12<LI>Call Chain = HAL_DMA_Init
</UL>
<BR>[Called By]<UL><LI><a href="#[133]">&gt;&gt;</a>&nbsp;&nbsp;&nbsp;HAL_UART_MspInit
</UL>

<P><STRONG><a name="[fb]"></a>HAL_DMA_Start_IT</STRONG> (Thumb, 112 bytes, Stack size 16 bytes, stm32f1xx_hal_dma.o(i.HAL_DMA_Start_IT))
<BR><BR>[Stack]<UL><LI>Max Depth = 28<LI>Call Chain = HAL_DMA_Start_IT &rArr; DMA_SetConfig
</UL>
<BR>[Calls]<UL><LI><a href="#[fc]">&gt;&gt;</a>&nbsp;&nbsp;&nbsp;DMA_SetConfig
</UL>
<BR>[Called By]<UL><LI><a href="#[124]">&gt;&gt;</a>&nbsp;&nbsp;&nbsp;UART_Start_Receive_DMA
<LI><a href="#[137]">&gt;&gt;</a>&nbsp;&nbsp;&nbsp;HAL_UART_Transmit_DMA
</UL>

<P><STRONG><a name="[fa]"></a>HAL_GPIO_Init</STRONG> (Thumb, 446 bytes, Stack size 40 bytes, stm32f1xx_hal_gpio.o(i.HAL_GPIO_Init))
<BR><BR>[Stack]<UL><LI>Max Depth = 40<LI>Call Chain = HAL_GPIO_Init
</UL>
<BR>[Called By]<UL><LI><a href="#[133]">&gt;&gt;</a>&nbsp;&nbsp;&nbsp;HAL_UART_MspInit
<LI><a href="#[117]">&gt;&gt;</a>&nbsp;&nbsp;&nbsp;HAL_TIM_MspPostInit
<LI><a href="#[116]">&gt;&gt;</a>&nbsp;&nbsp;&nbsp;HAL_TIM_Encoder_MspInit
<LI><a href="#[10a]">&gt;&gt;</a>&nbsp;&nbsp;&nbsp;HAL_TIMEx_HallSensor_MspInit
<LI><a href="#[f9]">&gt;&gt;</a>&nbsp;&nbsp;&nbsp;HAL_ADC_MspInit
<LI><a href="#[13e]">&gt;&gt;</a>&nbsp;&nbsp;&nbsp;MX_GPIO_Init
</UL>

<P><STRONG><a name="[13f]"></a>HAL_GPIO_WritePin</STRONG> (Thumb, 10 bytes, Stack size 0 bytes, stm32f1xx_hal_gpio.o(i.HAL_GPIO_WritePin))
<BR><BR>[Called By]<UL><LI><a href="#[13e]">&gt;&gt;</a>&nbsp;&nbsp;&nbsp;MX_GPIO_Init
<LI><a href="#[172]">&gt;&gt;</a>&nbsp;&nbsp;&nbsp;k1_serial_send_packet
<LI><a href="#[127]">&gt;&gt;</a>&nbsp;&nbsp;&nbsp;k1_serial_start_receive
</UL>

<P><STRONG><a name="[ca]"></a>HAL_GetTick</STRONG> (Thumb, 6 bytes, Stack size 0 bytes, stm32f1xx_hal.o(i.HAL_GetTick))
<BR><BR>[Called By]<UL><LI><a href="#[108]">&gt;&gt;</a>&nbsp;&nbsp;&nbsp;HAL_RCC_OscConfig
<LI><a href="#[106]">&gt;&gt;</a>&nbsp;&nbsp;&nbsp;HAL_RCC_ClockConfig
<LI><a href="#[105]">&gt;&gt;</a>&nbsp;&nbsp;&nbsp;HAL_RCCEx_PeriphCLKConfig
<LI><a href="#[f4]">&gt;&gt;</a>&nbsp;&nbsp;&nbsp;HAL_ADCEx_Calibration_Start
<LI><a href="#[cb]">&gt;&gt;</a>&nbsp;&nbsp;&nbsp;ADC_Enable
<LI><a href="#[c9]">&gt;&gt;</a>&nbsp;&nbsp;&nbsp;ADC_ConversionStop_Disable
</UL>

<P><STRONG><a name="[146]"></a>HAL_IncTick</STRONG> (Thumb, 12 bytes, Stack size 0 bytes, stm32f1xx_hal.o(i.HAL_IncTick))
<BR><BR>[Called By]<UL><LI><a href="#[77]">&gt;&gt;</a>&nbsp;&nbsp;&nbsp;SysTick_Handler
</UL>

<P><STRONG><a name="[fd]"></a>HAL_Init</STRONG> (Thumb, 32 bytes, Stack size 8 bytes, stm32f1xx_hal.o(i.HAL_Init))
<BR><BR>[Stack]<UL><LI>Max Depth = 40<LI>Call Chain = HAL_Init &rArr; HAL_InitTick &rArr; HAL_NVIC_SetPriority
</UL>
<BR>[Calls]<UL><LI><a href="#[100]">&gt;&gt;</a>&nbsp;&nbsp;&nbsp;HAL_MspInit
<LI><a href="#[ff]">&gt;&gt;</a>&nbsp;&nbsp;&nbsp;HAL_InitTick
<LI><a href="#[fe]">&gt;&gt;</a>&nbsp;&nbsp;&nbsp;HAL_NVIC_SetPriorityGrouping
</UL>
<BR>[Called By]<UL><LI><a href="#[bd]">&gt;&gt;</a>&nbsp;&nbsp;&nbsp;main
</UL>

<P><STRONG><a name="[ff]"></a>HAL_InitTick</STRONG> (Thumb, 54 bytes, Stack size 16 bytes, stm32f1xx_hal.o(i.HAL_InitTick))
<BR><BR>[Stack]<UL><LI>Max Depth = 32<LI>Call Chain = HAL_InitTick &rArr; HAL_NVIC_SetPriority
</UL>
<BR>[Calls]<UL><LI><a href="#[102]">&gt;&gt;</a>&nbsp;&nbsp;&nbsp;HAL_NVIC_SetPriority
<LI><a href="#[101]">&gt;&gt;</a>&nbsp;&nbsp;&nbsp;HAL_SYSTICK_Config
</UL>
<BR>[Called By]<UL><LI><a href="#[106]">&gt;&gt;</a>&nbsp;&nbsp;&nbsp;HAL_RCC_ClockConfig
<LI><a href="#[fd]">&gt;&gt;</a>&nbsp;&nbsp;&nbsp;HAL_Init
</UL>

<P><STRONG><a name="[100]"></a>HAL_MspInit</STRONG> (Thumb, 52 bytes, Stack size 8 bytes, stm32f1xx_hal_msp.o(i.HAL_MspInit))
<BR><BR>[Stack]<UL><LI>Max Depth = 8<LI>Call Chain = HAL_MspInit
</UL>
<BR>[Called By]<UL><LI><a href="#[fd]">&gt;&gt;</a>&nbsp;&nbsp;&nbsp;HAL_Init
</UL>

<P><STRONG><a name="[136]"></a>HAL_NVIC_EnableIRQ</STRONG> (Thumb, 26 bytes, Stack size 0 bytes, stm32f1xx_hal_cortex.o(i.HAL_NVIC_EnableIRQ))
<BR><BR>[Called By]<UL><LI><a href="#[133]">&gt;&gt;</a>&nbsp;&nbsp;&nbsp;HAL_UART_MspInit
<LI><a href="#[13d]">&gt;&gt;</a>&nbsp;&nbsp;&nbsp;MX_DMA_Init
<LI><a href="#[154]">&gt;&gt;</a>&nbsp;&nbsp;&nbsp;adc_start
<LI><a href="#[15f]">&gt;&gt;</a>&nbsp;&nbsp;&nbsp;burst_hw_begin
</UL>

<P><STRONG><a name="[102]"></a>HAL_NVIC_SetPriority</STRONG> (Thumb, 60 bytes, Stack size 16 bytes, stm32f1xx_hal_cortex.o(i.HAL_NVIC_SetPriority))
<BR><BR>[Stack]<UL><LI>Max Depth = 16<LI>Call Chain = HAL_NVIC_SetPriority
</UL>
<BR>[Calls]<UL><LI><a href="#[103]">&gt;&gt;</a>&nbsp;&nbsp;&nbsp;__NVIC_SetPriority
</UL>
<BR>[Called By]<UL><LI><a href="#[133]">&gt;&gt;</a>&nbsp;&nbsp;&nbsp;HAL_UART_MspInit
<LI><a href="#[13d]">&gt;&gt;</a>&nbsp;&nbsp;&nbsp;MX_DMA_Init
<LI><a href="#[ff]">&gt;&gt;</a>&nbsp;&nbsp;&nbsp;HAL_InitTick
<LI><a href="#[154]">&gt;&gt;</a>&nbsp;&nbsp;&nbsp;adc_start
<LI><a href="#[15f]">&gt;&gt;</a>&nbsp;&nbsp;&nbsp;burst_hw_begin
</UL>

<P><STRONG><a name="[fe]"></a>HAL_NVIC_SetPriorityGrouping</STRONG> (Thumb, 26 bytes, Stack size 0 bytes, stm32f1xx_hal_cortex.o(i.HAL_NVIC_SetPriorityGrouping))
<BR><BR>[Called By]<UL><LI><a href="#[fd]">&gt;&gt;</a>&nbsp;&nbsp;&nbsp;HAL_Init
</UL>

<P><STRONG><a name="[f5]"></a>HAL_RCCEx_GetPeriphCLKFreq</STRONG> (Thumb, 148 bytes, Stack size 8 bytes, stm32f1xx_hal_rcc_ex.o(i.HAL_RCCEx_GetPeriphCLKFreq))
<BR><BR>[Stack]<UL><LI>Max Depth = 8<LI>Call Chain = HAL_RCCEx_GetPeriphCLKFreq
</UL>
<BR>[Calls]<UL><LI><a href="#[104]">&gt;&gt;</a>&nbsp;&nbsp;&nbsp;HAL_RCC_GetPCLK2Freq
</UL>
<BR>[Called By]<UL><LI><a href="#[f4]">&gt;&gt;</a>&nbsp;&nbsp;&nbsp;HAL_ADCEx_Calibration_Start
</UL>

<P><STRONG><a name="[105]"></a>HAL_RCCEx_PeriphCLKConfig</STRONG> (Thumb, 224 bytes, Stack size 32 bytes, stm32f1xx_hal_rcc_ex.o(i.HAL_RCCEx_PeriphCLKConfig))
<BR><BR>[Stack]<UL><LI>Max Depth = 32<LI>Call Chain = HAL_RCCEx_PeriphCLKConfig
</UL>
<BR>[Calls]<UL><LI><a href="#[ca]">&gt;&gt;</a>&nbsp;&nbsp;&nbsp;HAL_GetTick
</UL>
<BR>[Called By]<UL><LI><a href="#[147]">&gt;&gt;</a>&nbsp;&nbsp;&nbsp;SystemClock_Config
</UL>

<P><STRONG><a name="[106]"></a>HAL_RCC_ClockConfig</STRONG> (Thumb, 280 bytes, Stack size 32 bytes, stm32f1xx_hal_rcc.o(i.HAL_RCC_ClockConfig))
<BR><BR>[Stack]<UL><LI>Max Depth = 64<LI>Call Chain = HAL_RCC_ClockConfig &rArr; HAL_InitTick &rArr; HAL_NVIC_SetPriority
</UL>
<BR>[Calls]<UL><LI><a href="#[107]">&gt;&gt;</a>&nbsp;&nbsp;&nbsp;HAL_RCC_GetSysClockFreq
<LI><a href="#[ff]">&gt;&gt;</a>&nbsp;&nbsp;&nbsp;HAL_InitTick
<LI><a href="#[ca]">&gt;&gt;</a>&nbsp;&nbsp;&nbsp;HAL_GetTick
</UL>
<BR>[Called By]<UL><LI><a href="#[147]">&gt;&gt;</a>&nbsp;&nbsp;&nbsp;SystemClock_Config
</UL>

<P><STRONG><a name="[14b]"></a>HAL_RCC_GetPCLK1Freq</STRONG> (Thumb, 20 bytes, Stack size 0 bytes, stm32f1xx_hal_rcc.o(i.HAL_RCC_GetPCLK1Freq))
<BR><BR>[Called By]<UL><LI><a href="#[134]">&gt;&gt;</a>&nbsp;&nbsp;&nbsp;UART_SetConfig
</UL>

<P><STRONG><a name="[104]"></a>HAL_RCC_GetPCLK2Freq</STRONG> (Thumb, 20 bytes, Stack size 0 bytes, stm32f1xx_hal_rcc.o(i.HAL_RCC_GetPCLK2Freq))
<BR><BR>[Called By]<UL><LI><a href="#[f5]">&gt;&gt;</a>&nbsp;&nbsp;&nbsp;HAL_RCCEx_GetPeriphCLKFreq
<LI><a href="#[134]">&gt;&gt;</a>&nbsp;&nbsp;&nbsp;UART_SetConfig
</UL>

<P><STRONG><a name="[107]"></a>HAL_RCC_GetSysClockFreq</STRONG> (Thumb, 58 bytes, Stack size 0 bytes, stm32f1xx_hal_rcc.o(i.HAL_RCC_GetSysClockFreq))
<BR><BR>[Called By]<UL><LI><a href="#[106]">&gt;&gt;</a>&nbsp;&nbsp;&nbsp;HAL_RCC_ClockConfig
</UL>

<P><STRONG><a name="[108]"></a>HAL_RCC_OscConfig</STRONG> (Thumb, 778 bytes, Stack size 40 bytes, stm32f1xx_hal_rcc.o(i.HAL_RCC_OscConfig))
<BR><BR>[Stack]<UL><LI>Max Depth = 40<LI>Call Chain = HAL_RCC_OscConfig
</UL>
<BR>[Calls]<UL><LI><a href="#[ca]">&gt;&gt;</a>&nbsp;&nbsp;&nbsp;HAL_GetTick
</UL>
<BR>[Called By]<UL><LI><a href="#[147]">&gt;&gt;</a>&nbsp;&nbsp;&nbsp;SystemClock_Config
</UL>

<P><STRONG><a name="[101]"></a>HAL_SYSTICK_Config</STRONG> (Thumb, 40 bytes, Stack size 8 bytes, stm32f1xx_hal_cortex.o(i.HAL_SYSTICK_Config))
<BR><BR>[Stack]<UL><LI>Max Depth = 8<LI>Call Chain = HAL_SYSTICK_Config
</UL>
<BR>[Calls]<UL><LI><a href="#[103]">&gt;&gt;</a>&nbsp;&nbsp;&nbsp;__NVIC_SetPriority
</UL>
<BR>[Called By]<UL><LI><a href="#[ff]">&gt;&gt;</a>&nbsp;&nbsp;&nbsp;HAL_InitTick
</UL>

<P><STRONG><a name="[142]"></a>HAL_TIMEx_ConfigBreakDeadTime</STRONG> (Thumb, 84 bytes, Stack size 8 bytes, stm32f1xx_hal_tim_ex.o(i.HAL_TIMEx_ConfigBreakDeadTime))
<BR><BR>[Stack]<UL><LI>Max Depth = 8<LI>Call Chain = HAL_TIMEx_ConfigBreakDeadTime
</UL>
<BR>[Called By]<UL><LI><a href="#[140]">&gt;&gt;</a>&nbsp;&nbsp;&nbsp;MX_TIM1_Init
</UL>

<P><STRONG><a name="[109]"></a>HAL_TIMEx_HallSensor_Init</STRONG> (Thumb, 208 bytes, Stack size 48 bytes, stm32f1xx_hal_tim_ex.o(i.HAL_TIMEx_HallSensor_Init))
<BR><BR>[Stack]<UL><LI>Max Depth = 120<LI>Call Chain = HAL_TIMEx_HallSensor_Init &rArr; HAL_TIMEx_HallSensor_MspInit &rArr; HAL_GPIO_Init
</UL>
<BR>[Calls]<UL><LI><a href="#[10a]">&gt;&gt;</a>&nbsp;&nbsp;&nbsp;HAL_TIMEx_HallSensor_MspInit
<LI><a href="#[10c]">&gt;&gt;</a>&nbsp;&nbsp;&nbsp;TIM_TI1_SetConfig
<LI><a href="#[10d]">&gt;&gt;</a>&nbsp;&nbsp;&nbsp;TIM_OC2_SetConfig
<LI><a href="#[10b]">&gt;&gt;</a>&nbsp;&nbsp;&nbsp;TIM_Base_SetConfig
</UL>
<BR>[Called By]<UL><LI><a href="#[144]">&gt;&gt;</a>&nbsp;&nbsp;&nbsp;MX_TIM3_Init
</UL>

<P><STRONG><a name="[10a]"></a>HAL_TIMEx_HallSensor_MspInit</STRONG> (Thumb, 106 bytes, Stack size 32 bytes, tim.o(i.HAL_TIMEx_HallSensor_MspInit))
<BR><BR>[Stack]<UL><LI>Max Depth = 72<LI>Call Chain = HAL_TIMEx_HallSensor_MspInit &rArr; HAL_GPIO_Init
</UL>
<BR>[Calls]<UL><LI><a href="#[fa]">&gt;&gt;</a>&nbsp;&nbsp;&nbsp;HAL_GPIO_Init
</UL>
<BR>[Called By]<UL><LI><a href="#[109]">&gt;&gt;</a>&nbsp;&nbsp;&nbsp;HAL_TIMEx_HallSensor_Init
</UL>

<P><STRONG><a name="[141]"></a>HAL_TIMEx_MasterConfigSynchronization</STRONG> (Thumb, 92 bytes, Stack size 16 bytes, stm32f1xx_hal_tim_ex.o(i.HAL_TIMEx_MasterConfigSynchronization))
<BR><BR>[Stack]<UL><LI>Max Depth = 16<LI>Call Chain = HAL_TIMEx_MasterConfigSynchronization
</UL>
<BR>[Called By]<UL><LI><a href="#[144]">&gt;&gt;</a>&nbsp;&nbsp;&nbsp;MX_TIM3_Init
<LI><a href="#[143]">&gt;&gt;</a>&nbsp;&nbsp;&nbsp;MX_TIM2_Init
<LI><a href="#[140]">&gt;&gt;</a>&nbsp;&nbsp;&nbsp;MX_TIM1_Init
</UL>

<P><STRONG><a name="[10e]"></a>HAL_TIM_Base_Init</STRONG> (Thumb, 90 bytes, Stack size 8 bytes, stm32f1xx_hal_tim.o(i.HAL_TIM_Base_Init))
<BR><BR>[Stack]<UL><LI>Max Depth = 28<LI>Call Chain = HAL_TIM_Base_Init &rArr; TIM_Base_SetConfig
</UL>
<BR>[Calls]<UL><LI><a href="#[10f]">&gt;&gt;</a>&nbsp;&nbsp;&nbsp;HAL_TIM_Base_MspInit
<LI><a href="#[10b]">&gt;&gt;</a>&nbsp;&nbsp;&nbsp;TIM_Base_SetConfig
</UL>
<BR>[Called By]<UL><LI><a href="#[140]">&gt;&gt;</a>&nbsp;&nbsp;&nbsp;MX_TIM1_Init
</UL>

<P><STRONG><a name="[10f]"></a>HAL_TIM_Base_MspInit</STRONG> (Thumb, 30 bytes, Stack size 8 bytes, tim.o(i.HAL_TIM_Base_MspInit))
<BR><BR>[Stack]<UL><LI>Max Depth = 8<LI>Call Chain = HAL_TIM_Base_MspInit
</UL>
<BR>[Called By]<UL><LI><a href="#[10e]">&gt;&gt;</a>&nbsp;&nbsp;&nbsp;HAL_TIM_Base_Init
</UL>

<P><STRONG><a name="[110]"></a>HAL_TIM_ConfigClockSource</STRONG> (Thumb, 220 bytes, Stack size 16 bytes, stm32f1xx_hal_tim.o(i.HAL_TIM_ConfigClockSource))
<BR><BR>[Stack]<UL><LI>Max Depth = 24<LI>Call Chain = HAL_TIM_ConfigClockSource &rArr; TIM_TI2_ConfigInputStage
</UL>
<BR>[Calls]<UL><LI><a href="#[113]">&gt;&gt;</a>&nbsp;&nbsp;&nbsp;TIM_TI2_ConfigInputStage
<LI><a href="#[112]">&gt;&gt;</a>&nbsp;&nbsp;&nbsp;TIM_TI1_ConfigInputStage
<LI><a href="#[114]">&gt;&gt;</a>&nbsp;&nbsp;&nbsp;TIM_ITRx_SetConfig
<LI><a href="#[111]">&gt;&gt;</a>&nbsp;&nbsp;&nbsp;TIM_ETR_SetConfig
</UL>
<BR>[Called By]<UL><LI><a href="#[140]">&gt;&gt;</a>&nbsp;&nbsp;&nbsp;MX_TIM1_Init
</UL>

<P><STRONG><a name="[115]"></a>HAL_TIM_Encoder_Init</STRONG> (Thumb, 164 bytes, Stack size 24 bytes, stm32f1xx_hal_tim.o(i.HAL_TIM_Encoder_Init))
<BR><BR>[Stack]<UL><LI>Max Depth = 96<LI>Call Chain = HAL_TIM_Encoder_Init &rArr; HAL_TIM_Encoder_MspInit &rArr; HAL_GPIO_Init
</UL>
<BR>[Calls]<UL><LI><a href="#[116]">&gt;&gt;</a>&nbsp;&nbsp;&nbsp;HAL_TIM_Encoder_MspInit
<LI><a href="#[10b]">&gt;&gt;</a>&nbsp;&nbsp;&nbsp;TIM_Base_SetConfig
</UL>
<BR>[Called By]<UL><LI><a href="#[143]">&gt;&gt;</a>&nbsp;&nbsp;&nbsp;MX_TIM2_Init
</UL>

<P><STRONG><a name="[116]"></a>HAL_TIM_Encoder_MspInit</STRONG> (Thumb, 124 bytes, Stack size 32 bytes, tim.o(i.HAL_TIM_Encoder_MspInit))
<BR><BR>[Stack]<UL><LI>Max Depth = 72<LI>Call Chain = HAL_TIM_Encoder_MspInit &rArr; HAL_GPIO_Init
</UL>
<BR>[Calls]<UL><LI><a href="#[fa]">&gt;&gt;</a>&nbsp;&nbsp;&nbsp;HAL_GPIO_Init
</UL>
<BR>[Called By]<UL><LI><a href="#[115]">&gt;&gt;</a>&nbsp;&nbsp;&nbsp;HAL_TIM_Encoder_Init
</UL>

<P><STRONG><a name="[117]"></a>HAL_TIM_MspPostInit</STRONG> (Thumb, 100 bytes, Stack size 32 bytes, tim.o(i.HAL_TIM_MspPostInit))
<BR><BR>[Stack]<UL><LI>Max Depth = 72<LI>Call Chain = HAL_TIM_MspPostInit &rArr; HAL_GPIO_Init
</UL>
<BR>[Calls]<UL><LI><a href="#[fa]">&gt;&gt;</a>&nbsp;&nbsp;&nbsp;HAL_GPIO_Init
</UL>
<BR>[Called By]<UL><LI><a href="#[140]">&gt;&gt;</a>&nbsp;&nbsp;&nbsp;MX_TIM1_Init
</UL>

<P><STRONG><a name="[118]"></a>HAL_TIM_OC_ConfigChannel</STRONG> (Thumb, 82 bytes, Stack size 16 bytes, stm32f1xx_hal_tim.o(i.HAL_TIM_OC_ConfigChannel))
<BR><BR>[Stack]<UL><LI>Max Depth = 28<LI>Call Chain = HAL_TIM_OC_ConfigChannel &rArr; TIM_OC4_SetConfig
</UL>
<BR>[Calls]<UL><LI><a href="#[11b]">&gt;&gt;</a>&nbsp;&nbsp;&nbsp;TIM_OC4_SetConfig
<LI><a href="#[11a]">&gt;&gt;</a>&nbsp;&nbsp;&nbsp;TIM_OC3_SetConfig
<LI><a href="#[119]">&gt;&gt;</a>&nbsp;&nbsp;&nbsp;TIM_OC1_SetConfig
<LI><a href="#[10d]">&gt;&gt;</a>&nbsp;&nbsp;&nbsp;TIM_OC2_SetConfig
</UL>
<BR>[Called By]<UL><LI><a href="#[140]">&gt;&gt;</a>&nbsp;&nbsp;&nbsp;MX_TIM1_Init
</UL>

[...]
</UL>
<BR>[Address Reference Count : 1]<UL><LI> pmsm_hall_app.obj.o(.data)
</UL>
<P><STRONG><a name="[45]"></a>power_active</STRONG> (Thumb, 6 bytes, Stack size 0 bytes, pmsm_hall_app.obj.o(i.power_active))
<BR><BR>[Calls]<UL><LI><a href="#[1d4]">&gt;&gt;</a>&nbsp;&nbsp;&nbsp;burst_ps_active_
</UL>
<BR>[Address Reference Count : 1]<UL><LI> pmsm_hall_app.obj.o(.data)
</UL>
<P><STRONG><a name="[47]"></a>power_boot_begin</STRONG> (Thumb, 26 bytes, Stack size 0 bytes, k1-burst-driver.pfr.o(i.power_boot_begin))
<BR>[Address Reference Count : 1]<UL><LI> pmsm_hall_app.obj.o(.data)
</UL>
<P><STRONG><a name="[49]"></a>power_boot_complete</STRONG> (Thumb, 2 bytes, Stack size 0 bytes, pmsm_hall_app.obj.o(i.power_boot_complete))
<BR>[Address Reference Count : 1]<UL><LI> pmsm_hall_app.obj.o(.data)
</UL>
<P><STRONG><a name="[48]"></a>power_do_boot</STRONG> (Thumb, 4 bytes, Stack size 0 bytes, pmsm_hall_app.obj.o(i.power_do_boot))
<BR>[Address Reference Count : 1]<UL><LI> pmsm_hall_app.obj.o(.data)
</UL>
<P><STRONG><a name="[4a]"></a>power_do_invert</STRONG> (Thumb, 30 bytes, Stack size 0 bytes, k1-burst-driver.pfr.o(i.power_do_invert))
<BR>[Address Reference Count : 1]<UL><LI> pmsm_hall_app.obj.o(.data)
</UL>
<P><STRONG><a name="[4c]"></a>power_do_shutdown</STRONG> (Thumb, 4 bytes, Stack size 0 bytes, pmsm_hall_app.obj.o(i.power_do_shutdown))
<BR>[Address Reference Count : 1]<UL><LI> pmsm_hall_app.obj.o(.data)
</UL>
<P><STRONG><a name="[46]"></a>power_run</STRONG> (Thumb, 6 bytes, Stack size 0 bytes, pmsm_hall_app.obj.o(i.power_run))
<BR><BR>[Stack]<UL><LI>Max Depth = 16<LI>Call Chain = power_run &rArr; burst_ps_run_
</UL>
<BR>[Calls]<UL><LI><a href="#[1d5]">&gt;&gt;</a>&nbsp;&nbsp;&nbsp;burst_ps_run_
</UL>
<BR>[Address Reference Count : 1]<UL><LI> pmsm_hall_app.obj.o(.data)
</UL>
<P><STRONG><a name="[4b]"></a>power_shutdown_begin</STRONG> (Thumb, 26 bytes, Stack size 0 bytes, k1-burst-driver.pfr.o(i.power_shutdown_begin))
<BR><BR>[Called By]<UL><LI><a href="#[ce]">&gt;&gt;</a>&nbsp;&nbsp;&nbsp;burst_hw_on_crash
</UL>
<BR>[Address Reference Count : 1]<UL><LI> pmsm_hall_app.obj.o(.data)
</UL>
<P><STRONG><a name="[4d]"></a>power_shutdown_complete</STRONG> (Thumb, 2 bytes, Stack size 0 bytes, pmsm_hall_app.obj.o(i.power_shutdown_complete))
<BR>[Address Reference Count : 1]<UL><LI> pmsm_hall_app.obj.o(.data)
</UL>
<P><STRONG><a name="[1bd]"></a>rotcalc</STRONG> (Thumb, 26 bytes, Stack size 16 bytes, burst_signal.o(i.rotcalc))
<BR><BR>[Stack]<UL><LI>Max Depth = 16<LI>Call Chain = rotcalc
</UL>
<BR>[Calls]<UL><LI><a href="#[180]">&gt;&gt;</a>&nbsp;&nbsp;&nbsp;burst_sin
<LI><a href="#[161]">&gt;&gt;</a>&nbsp;&nbsp;&nbsp;burst_cos
</UL>
<BR>[Called By]<UL><LI><a href="#[1bc]">&gt;&gt;</a>&nbsp;&nbsp;&nbsp;inv3ph_run
</UL>

<P><STRONG><a name="[178]"></a>s_inc</STRONG> (Thumb, 20 bytes, Stack size 0 bytes, burst_signal.o(i.s_inc))
<BR><BR>[Called By]<UL><LI><a href="#[152]">&gt;&gt;</a>&nbsp;&nbsp;&nbsp;burst_limiter_run
</UL>

<P><STRONG><a name="[50]"></a>speedse_reset</STRONG> (Thumb, 6 bytes, Stack size 0 bytes, pmsm_hall_app.obj.o(i.speedse_reset))
<BR><BR>[Calls]<UL><LI><a href="#[1b1]">&gt;&gt;</a>&nbsp;&nbsp;&nbsp;nikitin_reset_
</UL>
<BR>[Address Reference Count : 1]<UL><LI> pmsm_hall_app.obj.o(.data)
</UL>
<P><STRONG><a name="[4e]"></a>speedse_run</STRONG> (Thumb, 6 bytes, Stack size 0 bytes, pmsm_hall_app.obj.o(i.speedse_run))
<BR><BR>[Stack]<UL><LI>Max Depth = 8<LI>Call Chain = speedse_run &rArr; nikitin_run_
</UL>
<BR>[Calls]<UL><LI><a href="#[1b2]">&gt;&gt;</a>&nbsp;&nbsp;&nbsp;nikitin_run_
</UL>
<BR>[Address Reference Count : 1]<UL><LI> pmsm_hall_app.obj.o(.data)
</UL>
<P><STRONG><a name="[4f]"></a>speedse_setup</STRONG> (Thumb, 12 bytes, Stack size 0 bytes, pmsm_hall_app.obj.o(i.speedse_setup))
<BR><BR>[Calls]<UL><LI><a href="#[1b1]">&gt;&gt;</a>&nbsp;&nbsp;&nbsp;nikitin_reset_
</UL>
<BR>[Address Reference Count : 1]<UL><LI> pmsm_hall_app.obj.o(.data)
</UL>
<P><STRONG><a name="[1d8]"></a>__fpl_dcmp_Inf</STRONG> (Thumb, 24 bytes, Stack size 0 bytes, dcmpi.o(x$fpl$dcmpinf), UNUSED)
<BR><BR>[Called By]<UL><LI><a href="#[1d6]">&gt;&gt;</a>&nbsp;&nbsp;&nbsp;_dcmple
</UL>

<P><STRONG><a name="[17a]"></a>__aeabi_i2d</STRONG> (Thumb, 0 bytes, Stack size 0 bytes, dflt_clz.o(x$fpl$dflt))
<BR><BR>[Called By]<UL><LI><a href="#[177]">&gt;&gt;</a>&nbsp;&nbsp;&nbsp;burst_pi_run_
<LI><a href="#[179]">&gt;&gt;</a>&nbsp;&nbsp;&nbsp;burst_motion_run_
</UL>

<P><STRONG><a name="[20c]"></a>_dflt</STRONG> (Thumb, 46 bytes, Stack size 0 bytes, dflt_clz.o(x$fpl$dflt), UNUSED)

<P><STRONG><a name="[17c]"></a>__aeabi_cdcmple</STRONG> (Thumb, 0 bytes, Stack size 32 bytes, dleqf.o(x$fpl$dleqf))
<BR><BR>[Stack]<UL><LI>Max Depth = 32<LI>Call Chain = __aeabi_cdcmple
</UL>
<BR>[Called By]<UL><LI><a href="#[177]">&gt;&gt;</a>&nbsp;&nbsp;&nbsp;burst_pi_run_
<LI><a href="#[179]">&gt;&gt;</a>&nbsp;&nbsp;&nbsp;burst_motion_run_
</UL>

<P><STRONG><a name="[1d6]"></a>_dcmple</STRONG> (Thumb, 120 bytes, Stack size 32 bytes, dleqf.o(x$fpl$dleqf), UNUSED)
<BR><BR>[Calls]<UL><LI><a href="#[1d7]">&gt;&gt;</a>&nbsp;&nbsp;&nbsp;__fpl_dnaninf
<LI><a href="#[1d8]">&gt;&gt;</a>&nbsp;&nbsp;&nbsp;__fpl_dcmp_Inf
</UL>

<P><STRONG><a name="[1da]"></a>__fpl_dcmple_InfNaN</STRONG> (Thumb, 0 bytes, Stack size unknown bytes, dleqf.o(x$fpl$dleqf), UNUSED)
<BR><BR>[Called By]<UL><LI><a href="#[1d9]">&gt;&gt;</a>&nbsp;&nbsp;&nbsp;_drcmple
</UL>

<P><STRONG><a name="[1d7]"></a>__fpl_dnaninf</STRONG> (Thumb, 156 bytes, Stack size 16 bytes, dnaninf.o(x$fpl$dnaninf), UNUSED)
<BR><BR>[Called By]<UL><LI><a href="#[1d6]">&gt;&gt;</a>&nbsp;&nbsp;&nbsp;_dcmple
</UL>

<P><STRONG><a name="[17b]"></a>__aeabi_cdrcmple</STRONG> (Thumb, 0 bytes, Stack size 16 bytes, drleqf.o(x$fpl$drleqf))
<BR><BR>[Stack]<UL><LI>Max Depth = 16<LI>Call Chain = __aeabi_cdrcmple
</UL>
<BR>[Called By]<UL><LI><a href="#[177]">&gt;&gt;</a>&nbsp;&nbsp;&nbsp;burst_pi_run_
<LI><a href="#[179]">&gt;&gt;</a>&nbsp;&nbsp;&nbsp;burst_motion_run_
</UL>

<P><STRONG><a name="[1d9]"></a>_drcmple</STRONG> (Thumb, 108 bytes, Stack size 16 bytes, drleqf.o(x$fpl$drleqf), UNUSED)
<BR><BR>[Calls]<UL><LI><a href="#[1da]">&gt;&gt;</a>&nbsp;&nbsp;&nbsp;__fpl_dcmple_InfNaN
</UL>
<P>
<H3>
Local Symbols
</H3>
<P><STRONG><a name="[fc]"></a>DMA_SetConfig</STRONG> (Thumb, 42 bytes, Stack size 12 bytes, stm32f1xx_hal_dma.o(i.DMA_SetConfig))
<BR><BR>[Stack]<UL><LI>Max Depth = 12<LI>Call Chain = DMA_SetConfig
</UL>
<BR>[Called By]<UL><LI><a href="#[fb]">&gt;&gt;</a>&nbsp;&nbsp;&nbsp;HAL_DMA_Start_IT
</UL>

<P><STRONG><a name="[103]"></a>__NVIC_SetPriority</STRONG> (Thumb, 32 bytes, Stack size 0 bytes, stm32f1xx_hal_cortex.o(i.__NVIC_SetPriority))
<BR><BR>[Called By]<UL><LI><a href="#[102]">&gt;&gt;</a>&nbsp;&nbsp;&nbsp;HAL_NVIC_SetPriority
<LI><a href="#[101]">&gt;&gt;</a>&nbsp;&nbsp;&nbsp;HAL_SYSTICK_Config
</UL>

<P><STRONG><a name="[114]"></a>TIM_ITRx_SetConfig</STRONG> (Thumb, 16 bytes, Stack size 0 bytes, stm32f1xx_hal_tim.o(i.TIM_ITRx_SetConfig))
<BR><BR>[Called By]<UL><LI><a href="#[110]">&gt;&gt;</a>&nbsp;&nbsp;&nbsp;HAL_TIM_ConfigClockSource
</UL>

<P><STRONG><a name="[119]"></a>TIM_OC1_SetConfig</STRONG> (Thumb, 74 bytes, Stack size 12 bytes, stm32f1xx_hal_tim.o(i.TIM_OC1_SetConfig))
<BR><BR>[Stack]<UL><LI>Max Depth = 12<LI>Call Chain = TIM_OC1_SetConfig
</UL>
<BR>[Called By]<UL><LI><a href="#[120]">&gt;&gt;</a>&nbsp;&nbsp;&nbsp;HAL_TIM_PWM_ConfigChannel
<LI><a href="#[118]">&gt;&gt;</a>&nbsp;&nbsp;&nbsp;HAL_TIM_OC_ConfigChannel
</UL>

<P><STRONG><a name="[11a]"></a>TIM_OC3_SetConfig</STRONG> (Thumb, 82 bytes, Stack size 12 bytes, stm32f1xx_hal_tim.o(i.TIM_OC3_SetConfig))
<BR><BR>[Stack]<UL><LI>Max Depth = 12<LI>Call Chain = TIM_OC3_SetConfig
</UL>
<BR>[Called By]<UL><LI><a href="#[120]">&gt;&gt;</a>&nbsp;&nbsp;&nbsp;HAL_TIM_PWM_ConfigChannel
<LI><a href="#[118]">&gt;&gt;</a>&nbsp;&nbsp;&nbsp;HAL_TIM_OC_ConfigChannel
</UL>

<P><STRONG><a name="[11b]"></a>TIM_OC4_SetConfig</STRONG> (Thumb, 64 bytes, Stack size 12 bytes, stm32f1xx_hal_tim.o(i.TIM_OC4_SetConfig))
<BR><BR>[Stack]<UL><LI>Max Depth = 12<LI>Call Chain = TIM_OC4_SetConfig
</UL>
<BR>[Called By]<UL><LI><a href="#[120]">&gt;&gt;</a>&nbsp;&nbsp;&nbsp;HAL_TIM_PWM_ConfigChannel
<LI><a href="#[118]">&gt;&gt;</a>&nbsp;&nbsp;&nbsp;HAL_TIM_OC_ConfigChannel
</UL>

<P><STRONG><a name="[112]"></a>TIM_TI1_ConfigInputStage</STRONG> (Thumb, 34 bytes, Stack size 8 bytes, stm32f1xx_hal_tim.o(i.TIM_TI1_ConfigInputStage))
<BR><BR>[Stack]<UL><LI>Max Depth = 8<LI>Call Chain = TIM_TI1_ConfigInputStage
</UL>
<BR>[Called By]<UL><LI><a href="#[110]">&gt;&gt;</a>&nbsp;&nbsp;&nbsp;HAL_TIM_ConfigClockSource
</UL>

<P><STRONG><a name="[113]"></a>TIM_TI2_ConfigInputStage</STRONG> (Thumb, 36 bytes, Stack size 8 bytes, stm32f1xx_hal_tim.o(i.TIM_TI2_ConfigInputStage))
<BR><BR>[Stack]<UL><LI>Max Depth = 8<LI>Call Chain = TIM_TI2_ConfigInputStage
</UL>
<BR>[Called By]<UL><LI><a href="#[110]">&gt;&gt;</a>&nbsp;&nbsp;&nbsp;HAL_TIM_ConfigClockSource
</UL>

<P><STRONG><a name="[ab]"></a>UART_DMAAbortOnError</STRONG> (Thumb, 16 bytes, Stack size 8 bytes, stm32f1xx_hal_uart.o(i.UART_DMAAbortOnError))
<BR><BR>[Stack]<UL><LI>Max Depth = 108<LI>Call Chain = UART_DMAAbortOnError &rArr; HAL_UART_ErrorCallback &rArr; k1_serial_send_refuse &rArr; fmserial_try_send &rArr; k1_serial_send_packet &rArr;  k1_serial_send_refuse (Cycle)
</UL>
<BR>[Calls]<UL><LI><a href="#[12c]">&gt;&gt;</a>&nbsp;&nbsp;&nbsp;HAL_UART_ErrorCallback
</UL>
<BR>[Address Reference Count : 1]<UL><LI> stm32f1xx_hal_uart.o(i.HAL_UART_IRQHandler)
</UL>
<P><STRONG><a name="[ae]"></a>UART_DMAError</STRONG> (Thumb, 74 bytes, Stack size 16 bytes, stm32f1xx_hal_uart.o(i.UART_DMAError))
<BR><BR>[Stack]<UL><LI>Max Depth = 116<LI>Call Chain = UART_DMAError &rArr; HAL_UART_ErrorCallback &rArr; k1_serial_send_refuse &rArr; fmserial_try_send &rArr; k1_serial_send_packet &rArr;  k1_serial_send_refuse (Cycle)
</UL>
<BR>[Calls]<UL><LI><a href="#[12a]">&gt;&gt;</a>&nbsp;&nbsp;&nbsp;UART_EndTxTransfer
<LI><a href="#[12b]">&gt;&gt;</a>&nbsp;&nbsp;&nbsp;UART_EndRxTransfer
<LI><a href="#[12c]">&gt;&gt;</a>&nbsp;&nbsp;&nbsp;HAL_UART_ErrorCallback
</UL>
<BR>[Address Reference Count : 2]<UL><LI> stm32f1xx_hal_uart.o(i.HAL_UART_Transmit_DMA)
<LI> stm32f1xx_hal_uart.o(i.UART_Start_Receive_DMA)
</UL>
<P><STRONG><a name="[af]"></a>UART_DMAReceiveCplt</STRONG> (Thumb, 134 bytes, Stack size 8 bytes, stm32f1xx_hal_uart.o(i.UART_DMAReceiveCplt))
<BR><BR>[Stack]<UL><LI>Max Depth = 84<LI>Call Chain = UART_DMAReceiveCplt &rArr; HAL_UARTEx_RxEventCallback &rArr; k1_serial_start_receive &rArr; HAL_UARTEx_ReceiveToIdle_DMA &rArr; UART_Start_Receive_DMA &rArr; HAL_DMA_Start_IT &rArr; DMA_SetConfig
</UL>
<BR>[Calls]<UL><LI><a href="#[148]">&gt;&gt;</a>&nbsp;&nbsp;&nbsp;HAL_UART_RxCpltCallback
<LI><a href="#[125]">&gt;&gt;</a>&nbsp;&nbsp;&nbsp;HAL_UARTEx_RxEventCallback
</UL>
<BR>[Address Reference Count : 1]<UL><LI> stm32f1xx_hal_uart.o(i.UART_Start_Receive_DMA)
</UL>
<P><STRONG><a name="[b0]"></a>UART_DMARxHalfCplt</STRONG> (Thumb, 30 bytes, Stack size 8 bytes, stm32f1xx_hal_uart.o(i.UART_DMARxHalfCplt))
<BR><BR>[Stack]<UL><LI>Max Depth = 84<LI>Call Chain = UART_DMARxHalfCplt &rArr; HAL_UARTEx_RxEventCallback &rArr; k1_serial_start_receive &rArr; HAL_UARTEx_ReceiveToIdle_DMA &rArr; UART_Start_Receive_DMA &rArr; HAL_DMA_Start_IT &rArr; DMA_SetConfig
</UL>
<BR>[Calls]<UL><LI><a href="#[149]">&gt;&gt;</a>&nbsp;&nbsp;&nbsp;HAL_UART_RxHalfCpltCallback
<LI><a href="#[125]">&gt;&gt;</a>&nbsp;&nbsp;&nbsp;HAL_UARTEx_RxEventCallback
</UL>
<BR>[Address Reference Count : 1]<UL><LI> stm32f1xx_hal_uart.o(i.UART_Start_Receive_DMA)
</UL>
<P><STRONG><a name="[ac]"></a>UART_DMATransmitCplt</STRONG> (Thumb, 66 bytes, Stack size 8 bytes, stm32f1xx_hal_uart.o(i.UART_DMATransmitCplt))
<BR><BR>[Stack]<UL><LI>Max Depth = 84<LI>Call Chain = UART_DMATransmitCplt &rArr; HAL_UART_TxCpltCallback &rArr; k1_serial_start_receive &rArr; HAL_UARTEx_ReceiveToIdle_DMA &rArr; UART_Start_Receive_DMA &rArr; HAL_DMA_Start_IT &rArr; DMA_SetConfig
</UL>
<BR>[Calls]<UL><LI><a href="#[131]">&gt;&gt;</a>&nbsp;&nbsp;&nbsp;HAL_UART_TxCpltCallback
</UL>
<BR>[Address Reference Count : 1]<UL><LI> stm32f1xx_hal_uart.o(i.HAL_UART_Transmit_DMA)
</UL>
<P><STRONG><a name="[ad]"></a>UART_DMATxHalfCplt</STRONG> (Thumb, 10 bytes, Stack size 8 bytes, stm32f1xx_hal_uart.o(i.UART_DMATxHalfCplt))
<BR><BR>[Stack]<UL><LI>Max Depth = 8<LI>Call Chain = UART_DMATxHalfCplt
</UL>
<BR>[Calls]<UL><LI><a href="#[14a]">&gt;&gt;</a>&nbsp;&nbsp;&nbsp;HAL_UART_TxHalfCpltCallback
</UL>
<BR>[Address Reference Count : 1]<UL><LI> stm32f1xx_hal_uart.o(i.HAL_UART_Transmit_DMA)
</UL>
<P><STRONG><a name="[12b]"></a>UART_EndRxTransfer</STRONG> (Thumb, 78 bytes, Stack size 0 bytes, stm32f1xx_hal_uart.o(i.UART_EndRxTransfer))
<BR><BR>[Calls]<UL><LI><a href="#[12b]">&gt;&gt;</a>&nbsp;&nbsp;&nbsp;UART_EndRxTransfer
</UL>
<BR>[Called By]<UL><LI><a href="#[12e]">&gt;&gt;</a>&nbsp;&nbsp;&nbsp;HAL_UART_IRQHandler
<LI><a href="#[128]">&gt;&gt;</a>&nbsp;&nbsp;&nbsp;HAL_UART_DMAStop
<LI><a href="#[12b]">&gt;&gt;</a>&nbsp;&nbsp;&nbsp;UART_EndRxTransfer
<LI><a href="#[ae]">&gt;&gt;</a>&nbsp;&nbsp;&nbsp;UART_DMAError
</UL>

<P><STRONG><a name="[12a]"></a>UART_EndTxTransfer</STRONG> (Thumb, 28 bytes, Stack size 0 bytes, stm32f1xx_hal_uart.o(i.UART_EndTxTransfer))
<BR><BR>[Calls]<UL><LI><a href="#[12a]">&gt;&gt;</a>&nbsp;&nbsp;&nbsp;UART_EndTxTransfer
</UL>
<BR>[Called By]<UL><LI><a href="#[128]">&gt;&gt;</a>&nbsp;&nbsp;&nbsp;HAL_UART_DMAStop
<LI><a href="#[12a]">&gt;&gt;</a>&nbsp;&nbsp;&nbsp;UART_EndTxTransfer
<LI><a href="#[ae]">&gt;&gt;</a>&nbsp;&nbsp;&nbsp;UART_DMAError
</UL>

<P><STRONG><a name="[12f]"></a>UART_Receive_IT</STRONG> (Thumb, 194 bytes, Stack size 8 bytes, stm32f1xx_hal_uart.o(i.UART_Receive_IT))
<BR><BR>[Stack]<UL><LI>Max Depth = 84<LI>Call Chain = UART_Receive_IT &rArr; HAL_UARTEx_RxEventCallback &rArr; k1_serial_start_receive &rArr; HAL_UARTEx_ReceiveToIdle_DMA &rArr; UART_Start_Receive_DMA &rArr; HAL_DMA_Start_IT &rArr; DMA_SetConfig
</UL>
<BR>[Calls]<UL><LI><a href="#[148]">&gt;&gt;</a>&nbsp;&nbsp;&nbsp;HAL_UART_RxCpltCallback
<LI><a href="#[125]">&gt;&gt;</a>&nbsp;&nbsp;&nbsp;HAL_UARTEx_RxEventCallback
</UL>
<BR>[Called By]<UL><LI><a href="#[12e]">&gt;&gt;</a>&nbsp;&nbsp;&nbsp;HAL_UART_IRQHandler
</UL>

<P><STRONG><a name="[134]"></a>UART_SetConfig</STRONG> (Thumb, 178 bytes, Stack size 16 bytes, stm32f1xx_hal_uart.o(i.UART_SetConfig))
<BR><BR>[Stack]<UL><LI>Max Depth = 16<LI>Call Chain = UART_SetConfig
</UL>
<BR>[Calls]<UL><LI><a href="#[104]">&gt;&gt;</a>&nbsp;&nbsp;&nbsp;HAL_RCC_GetPCLK2Freq
<LI><a href="#[14b]">&gt;&gt;</a>&nbsp;&nbsp;&nbsp;HAL_RCC_GetPCLK1Freq
</UL>
<BR>[Called By]<UL><LI><a href="#[132]">&gt;&gt;</a>&nbsp;&nbsp;&nbsp;HAL_UART_Init
</UL>

<P><STRONG><a name="[1b4]"></a>dot_</STRONG> (Thumb, 10 bytes, Stack size 0 bytes, burst_inv3ph.o(i.dot_))
<BR><BR>[Called By]<UL><LI><a href="#[1bc]">&gt;&gt;</a>&nbsp;&nbsp;&nbsp;inv3ph_run
<LI><a href="#[1b3]">&gt;&gt;</a>&nbsp;&nbsp;&nbsp;current3ph_run
</UL>

<P><STRONG><a name="[1b7]"></a>fmincom_count</STRONG> (Thumb, 24 bytes, Stack size 8 bytes, k1-burst-driver.o(i.fmincom_count))
<BR><BR>[Stack]<UL><LI>Max Depth = 24<LI>Call Chain = fmincom_count &rArr; burst_guard_leave
</UL>
<BR>[Calls]<UL><LI><a href="#[16c]">&gt;&gt;</a>&nbsp;&nbsp;&nbsp;burst_guard_leave
<LI><a href="#[168]">&gt;&gt;</a>&nbsp;&nbsp;&nbsp;burst_guard_enter
</UL>
<BR>[Called By]<UL><LI><a href="#[ee]">&gt;&gt;</a>&nbsp;&nbsp;&nbsp;fm_available
</UL>

<P><STRONG><a name="[1b8]"></a>fmincom_get_</STRONG> (Thumb, 18 bytes, Stack size 0 bytes, k1-burst-driver.o(i.fmincom_get_))
<BR><BR>[Called By]<UL><LI><a href="#[db]">&gt;&gt;</a>&nbsp;&nbsp;&nbsp;fm_get
</UL>

<P><STRONG><a name="[1ba]"></a>fmoutcom_count</STRONG> (Thumb, 24 bytes, Stack size 8 bytes, k1-burst-driver.o(i.fmoutcom_count))
<BR><BR>[Stack]<UL><LI>Max Depth = 24<LI>Call Chain = fmoutcom_count &rArr; burst_guard_leave
</UL>
<BR>[Calls]<UL><LI><a href="#[16c]">&gt;&gt;</a>&nbsp;&nbsp;&nbsp;burst_guard_leave
<LI><a href="#[168]">&gt;&gt;</a>&nbsp;&nbsp;&nbsp;burst_guard_enter
</UL>
<BR>[Called By]<UL><LI><a href="#[1bb]">&gt;&gt;</a>&nbsp;&nbsp;&nbsp;fmserial_try_send
<LI><a href="#[ef]">&gt;&gt;</a>&nbsp;&nbsp;&nbsp;fm_space
</UL>

<P><STRONG><a name="[1b9]"></a>fmoutcom_put_</STRONG> (Thumb, 20 bytes, Stack size 8 bytes, k1-burst-driver.o(i.fmoutcom_put_))
<BR><BR>[Stack]<UL><LI>Max Depth = 8<LI>Call Chain = fmoutcom_put_
</UL>
<BR>[Called By]<UL><LI><a href="#[f0]">&gt;&gt;</a>&nbsp;&nbsp;&nbsp;fm_put
</UL>

<P><STRONG><a name="[a7]"></a>FMSTR_Compare16S</STRONG> (Thumb, 28 bytes, Stack size 0 bytes, k1-burst-driver.obj.o(i.FMSTR_Compare16S))
<BR>[Address Reference Count : 1]<UL><LI> k1-burst-driver.obj.o(i.FMSTR_SetUpRec)
</UL>
<P><STRONG><a name="[a8]"></a>FMSTR_Compare16U</STRONG> (Thumb, 24 bytes, Stack size 0 bytes, k1-burst-driver.obj.o(i.FMSTR_Compare16U))
<BR>[Address Reference Count : 1]<UL><LI> k1-burst-driver.obj.o(i.FMSTR_SetUpRec)
</UL>
<P><STRONG><a name="[a9]"></a>FMSTR_Compare32S</STRONG> (Thumb, 24 bytes, Stack size 0 bytes, k1-burst-driver.obj.o(i.FMSTR_Compare32S))
<BR>[Address Reference Count : 1]<UL><LI> k1-burst-driver.obj.o(i.FMSTR_SetUpRec)
</UL>
<P><STRONG><a name="[aa]"></a>FMSTR_Compare32U</STRONG> (Thumb, 24 bytes, Stack size 0 bytes, k1-burst-driver.obj.o(i.FMSTR_Compare32U))
<BR>[Address Reference Count : 1]<UL><LI> k1-burst-driver.obj.o(i.FMSTR_SetUpRec)
</UL>
<P><STRONG><a name="[a5]"></a>FMSTR_Compare8S</STRONG> (Thumb, 28 bytes, Stack size 0 bytes, k1-burst-driver.obj.o(i.FMSTR_Compare8S))
<BR>[Address Reference Count : 1]<UL><LI> k1-burst-driver.obj.o(i.FMSTR_SetUpRec)
</UL>
<P><STRONG><a name="[a6]"></a>FMSTR_Compare8U</STRONG> (Thumb, 24 bytes, Stack size 0 bytes, k1-burst-driver.obj.o(i.FMSTR_Compare8U))
<BR>[Address Reference Count : 1]<UL><LI> k1-burst-driver.obj.o(i.FMSTR_SetUpRec)
</UL>
<P><STRONG><a name="[f1]"></a>FMSTR_Listen</STRONG> (Thumb, 28 bytes, Stack size 0 bytes, k1-burst-driver.obj.o(i.FMSTR_Listen))
<BR><BR>[Called By]<UL><LI><a href="#[da]">&gt;&gt;</a>&nbsp;&nbsp;&nbsp;FMSTR_Tx
</UL>

<P><STRONG><a name="[ea]"></a>FMSTR_Recorder2</STRONG> (Thumb, 174 bytes, Stack size 24 bytes, k1-burst-driver.obj.o(i.FMSTR_Recorder2))
<BR><BR>[Stack]<UL><LI>Max Depth = 24<LI>Call Chain = FMSTR_Recorder2
</UL>
<BR>[Calls]<UL><LI><a href="#[ec]">&gt;&gt;</a>&nbsp;&nbsp;&nbsp;FMSTR_TriggerRec
<LI><a href="#[eb]">&gt;&gt;</a>&nbsp;&nbsp;&nbsp;FMSTR_CopyMemory
</UL>
<BR>[Called By]<UL><LI><a href="#[e9]">&gt;&gt;</a>&nbsp;&nbsp;&nbsp;FMSTR_Recorder
</UL>

<P><STRONG><a name="[dc]"></a>FMSTR_Rx</STRONG> (Thumb, 204 bytes, Stack size 8 bytes, k1-burst-driver.obj.o(i.FMSTR_Rx))
<BR><BR>[Stack]<UL><LI>Max Depth = 64<LI>Call Chain = FMSTR_Rx &rArr; FMSTR_ProtocolDecoder &rArr; FMSTR_SetUpRec &rArr; FMSTR_AddressFromBuffer
</UL>
<BR>[Calls]<UL><LI><a href="#[dd]">&gt;&gt;</a>&nbsp;&nbsp;&nbsp;FMSTR_ProtocolDecoder
<LI><a href="#[ed]">&gt;&gt;</a>&nbsp;&nbsp;&nbsp;FMSTR_SendError
</UL>
<BR>[Called By]<UL><LI><a href="#[d8]">&gt;&gt;</a>&nbsp;&nbsp;&nbsp;FMSTR_ProcessSCI
</UL>

<P><STRONG><a name="[ed]"></a>FMSTR_SendError</STRONG> (Thumb, 12 bytes, Stack size 0 bytes, k1-burst-driver.obj.o(i.FMSTR_SendError))
<BR><BR>[Stack]<UL><LI>Max Depth = 48<LI>Call Chain = FMSTR_SendError &rArr; FMSTR_SendResponse &rArr; fm_put &rArr; burst_guard_leave
</UL>
<BR>[Calls]<UL><LI><a href="#[de]">&gt;&gt;</a>&nbsp;&nbsp;&nbsp;FMSTR_SendResponse
</UL>
<BR>[Called By]<UL><LI><a href="#[dc]">&gt;&gt;</a>&nbsp;&nbsp;&nbsp;FMSTR_Rx
</UL>

<P><STRONG><a name="[da]"></a>FMSTR_Tx</STRONG> (Thumb, 70 bytes, Stack size 16 bytes, k1-burst-driver.obj.o(i.FMSTR_Tx))
<BR><BR>[Stack]<UL><LI>Max Depth = 48<LI>Call Chain = FMSTR_Tx &rArr; fm_put &rArr; burst_guard_leave
</UL>
<BR>[Calls]<UL><LI><a href="#[f0]">&gt;&gt;</a>&nbsp;&nbsp;&nbsp;fm_put
<LI><a href="#[f1]">&gt;&gt;</a>&nbsp;&nbsp;&nbsp;FMSTR_Listen
</UL>
<BR>[Called By]<UL><LI><a href="#[d8]">&gt;&gt;</a>&nbsp;&nbsp;&nbsp;FMSTR_ProcessSCI
</UL>
<P>
<H3>
Undefined Global Symbols
</H3><HR></body></html>
