<!doctype html public "-//w3c//dtd html 4.0 transitional//en">
<html><head>
<title>Static Call Graph - [kalina-1b\KALINA-1-BETA-MYTECH-8085-HA-CCE.axf]</title></head>
<body><HR>
<H1>Static Call Graph for image kalina-1b\KALINA-1-BETA-MYTECH-8085-HA-CCE.axf</H1><HR>
<BR><P>#&#060CALLGRAPH&#062# ARM Linker, 5060960: Last Updated: Thu Nov 02 13:53:12 2023
<BR><P>
<H3>Maximum Stack Usage =        384 bytes + Unknown(Functions without stacksize, Cycles, Untraceable Function Pointers)</H3><H3>
Call chain for Maximum Stack Depth:</H3>
__rt_entry_main &rArr; main &rArr; burst_begin &rArr; burst_sw_begin &rArr; pmsm_hall_app_begin &rArr; pmsm_begin &rArr; acwc_begin &rArr; actuator_begin &rArr; burst_dev_attach
<P>
<H3>
Functions with no stack information
</H3><UL>
 <LI><a href="#[ba]">__user_initial_stackheap</a>
</UL>
</UL>
<P>
<H3>
Mutually Recursive functions
</H3> <LI><a href="#[92]">CAN1_RX1_IRQHandler</a>&nbsp;&nbsp;&nbsp;&rArr;&nbsp;&nbsp;&nbsp;<a href="#[92]">CAN1_RX1_IRQHandler</a><BR>
 <LI><a href="#[77]">BusFault_Handler</a>&nbsp;&nbsp;&nbsp;&rArr;&nbsp;&nbsp;&nbsp;<a href="#[77]">BusFault_Handler</a><BR>
 <LI><a href="#[75]">HardFault_Handler</a>&nbsp;&nbsp;&nbsp;&rArr;&nbsp;&nbsp;&nbsp;<a href="#[75]">HardFault_Handler</a><BR>
 <LI><a href="#[125]">TMP423_panic_</a>&nbsp;&nbsp;&nbsp;&rArr;&nbsp;&nbsp;&nbsp;<a href="#[125]">TMP423_panic_</a><BR>
 <LI><a href="#[12b]">TMP423_exchange</a>&nbsp;&nbsp;&nbsp;&rArr;&nbsp;&nbsp;&nbsp;<a href="#[125]">TMP423_panic_</a><BR>
 <LI><a href="#[ea]">HAL_I2C_Master_Abort_IT</a>&nbsp;&nbsp;&nbsp;&rArr;&nbsp;&nbsp;&nbsp;<a href="#[d9]">I2C_ITError</a><BR>
 <LI><a href="#[76]">MemManage_Handler</a>&nbsp;&nbsp;&nbsp;&rArr;&nbsp;&nbsp;&nbsp;<a href="#[76]">MemManage_Handler</a><BR>
 <LI><a href="#[74]">NMI_Handler</a>&nbsp;&nbsp;&nbsp;&rArr;&nbsp;&nbsp;&nbsp;<a href="#[74]">NMI_Handler</a><BR>
 <LI><a href="#[78]">UsageFault_Handler</a>&nbsp;&nbsp;&nbsp;&rArr;&nbsp;&nbsp;&nbsp;<a href="#[78]">UsageFault_Handler</a><BR>
</UL>
<P>
<H3>
Function Pointers
</H3><UL>
 <LI><a href="#[8f]">ADC1_2_IRQHandler</a> from k1-burst-driver.pfr.o(i.ADC1_2_IRQHandler) referenced from startup_stm32f103xb.o(RESET)
 <LI><a href="#[77]">BusFault_Handler</a> from stm32f1xx_it.o(i.BusFault_Handler) referenced from startup_stm32f103xb.o(RESET)
 <LI><a href="#[92]">CAN1_RX1_IRQHandler</a> from startup_stm32f103xb.o(.text) referenced from startup_stm32f103xb.o(RESET)
 <LI><a href="#[93]">CAN1_SCE_IRQHandler</a> from startup_stm32f103xb.o(.text) referenced from startup_stm32f103xb.o(RESET)
 <LI><a href="#[88]">DMA1_Channel1_IRQHandler</a> from startup_stm32f103xb.o(.text) referenced from startup_stm32f103xb.o(RESET)
 <LI><a href="#[89]">DMA1_Channel2_IRQHandler</a> from startup_stm32f103xb.o(.text) referenced from startup_stm32f103xb.o(RESET)
 <LI><a href="#[8a]">DMA1_Channel3_IRQHandler</a> from startup_stm32f103xb.o(.text) referenced from startup_stm32f103xb.o(RESET)
 <LI><a href="#[8b]">DMA1_Channel4_IRQHandler</a> from stm32f1xx_it.o(i.DMA1_Channel4_IRQHandler) referenced from startup_stm32f103xb.o(RESET)
 <LI><a href="#[8c]">DMA1_Channel5_IRQHandler</a> from stm32f1xx_it.o(i.DMA1_Channel5_IRQHandler) referenced from startup_stm32f103xb.o(RESET)
 <LI><a href="#[8d]">DMA1_Channel6_IRQHandler</a> from startup_stm32f103xb.o(.text) referenced from startup_stm32f103xb.o(RESET)
 <LI><a href="#[8e]">DMA1_Channel7_IRQHandler</a> from startup_stm32f103xb.o(.text) referenced from startup_stm32f103xb.o(RESET)
 <LI><a href="#[7a]">DebugMon_Handler</a> from stm32f1xx_it.o(i.DebugMon_Handler) referenced from startup_stm32f103xb.o(RESET)
 <LI><a href="#[83]">EXTI0_IRQHandler</a> from startup_stm32f103xb.o(.text) referenced from startup_stm32f103xb.o(RESET)
 <LI><a href="#[a5]">EXTI15_10_IRQHandler</a> from startup_stm32f103xb.o(.text) referenced from startup_stm32f103xb.o(RESET)
 <LI><a href="#[84]">EXTI1_IRQHandler</a> from startup_stm32f103xb.o(.text) referenced from startup_stm32f103xb.o(RESET)
 <LI><a href="#[85]">EXTI2_IRQHandler</a> from startup_stm32f103xb.o(.text) referenced from startup_stm32f103xb.o(RESET)
 <LI><a href="#[86]">EXTI3_IRQHandler</a> from startup_stm32f103xb.o(.text) referenced from startup_stm32f103xb.o(RESET)
 <LI><a href="#[87]">EXTI4_IRQHandler</a> from startup_stm32f103xb.o(.text) referenced from startup_stm32f103xb.o(RESET)
 <LI><a href="#[94]">EXTI9_5_IRQHandler</a> from startup_stm32f103xb.o(.text) referenced from startup_stm32f103xb.o(RESET)
 <LI><a href="#[81]">FLASH_IRQHandler</a> from startup_stm32f103xb.o(.text) referenced from startup_stm32f103xb.o(RESET)
 <LI><a href="#[75]">HardFault_Handler</a> from stm32f1xx_it.o(i.HardFault_Handler) referenced from startup_stm32f103xb.o(RESET)
 <LI><a href="#[9d]">I2C1_ER_IRQHandler</a> from stm32f1xx_it.o(i.I2C1_ER_IRQHandler) referenced from startup_stm32f103xb.o(RESET)
 <LI><a href="#[9c]">I2C1_EV_IRQHandler</a> from stm32f1xx_it.o(i.I2C1_EV_IRQHandler) referenced from startup_stm32f103xb.o(RESET)
 <LI><a href="#[9f]">I2C2_ER_IRQHandler</a> from startup_stm32f103xb.o(.text) referenced from startup_stm32f103xb.o(RESET)
 <LI><a href="#[9e]">I2C2_EV_IRQHandler</a> from startup_stm32f103xb.o(.text) referenced from startup_stm32f103xb.o(RESET)
 <LI><a href="#[76]">MemManage_Handler</a> from stm32f1xx_it.o(i.MemManage_Handler) referenced from startup_stm32f103xb.o(RESET)
 <LI><a href="#[74]">NMI_Handler</a> from stm32f1xx_it.o(i.NMI_Handler) referenced from startup_stm32f103xb.o(RESET)
 <LI><a href="#[7e]">PVD_IRQHandler</a> from startup_stm32f103xb.o(.text) referenced from startup_stm32f103xb.o(RESET)
 <LI><a href="#[7b]">PendSV_Handler</a> from stm32f1xx_it.o(i.PendSV_Handler) referenced from startup_stm32f103xb.o(RESET)
 <LI><a href="#[82]">RCC_IRQHandler</a> from startup_stm32f103xb.o(.text) referenced from startup_stm32f103xb.o(RESET)
 <LI><a href="#[a6]">RTC_Alarm_IRQHandler</a> from startup_stm32f103xb.o(.text) referenced from startup_stm32f103xb.o(RESET)
 <LI><a href="#[80]">RTC_IRQHandler</a> from startup_stm32f103xb.o(.text) referenced from startup_stm32f103xb.o(RESET)
 <LI><a href="#[73]">Reset_Handler</a> from startup_stm32f103xb.o(.text) referenced from startup_stm32f103xb.o(RESET)
 <LI><a href="#[a0]">SPI1_IRQHandler</a> from startup_stm32f103xb.o(.text) referenced from startup_stm32f103xb.o(RESET)
 <LI><a href="#[a1]">SPI2_IRQHandler</a> from startup_stm32f103xb.o(.text) referenced from startup_stm32f103xb.o(RESET)
 <LI><a href="#[79]">SVC_Handler</a> from stm32f1xx_it.o(i.SVC_Handler) referenced from startup_stm32f103xb.o(RESET)
 <LI><a href="#[7c]">SysTick_Handler</a> from stm32f1xx_it.o(i.SysTick_Handler) referenced from startup_stm32f103xb.o(RESET)
 <LI><a href="#[a8]">SystemInit</a> from system_stm32f1xx.o(i.SystemInit) referenced from startup_stm32f103xb.o(.text)
 <LI><a href="#[7f]">TAMPER_IRQHandler</a> from startup_stm32f103xb.o(.text) referenced from startup_stm32f103xb.o(RESET)
 <LI><a href="#[95]">TIM1_BRK_IRQHandler</a> from startup_stm32f103xb.o(.text) referenced from startup_stm32f103xb.o(RESET)
 <LI><a href="#[98]">TIM1_CC_IRQHandler</a> from k1-burst-driver.pfr.o(i.TIM1_CC_IRQHandler) referenced from startup_stm32f103xb.o(RESET)
 <LI><a href="#[97]">TIM1_TRG_COM_IRQHandler</a> from startup_stm32f103xb.o(.text) referenced from startup_stm32f103xb.o(RESET)
 <LI><a href="#[96]">TIM1_UP_IRQHandler</a> from startup_stm32f103xb.o(.text) referenced from startup_stm32f103xb.o(RESET)
 <LI><a href="#[99]">TIM2_IRQHandler</a> from startup_stm32f103xb.o(.text) referenced from startup_stm32f103xb.o(RESET)
 <LI><a href="#[9a]">TIM3_IRQHandler</a> from startup_stm32f103xb.o(.text) referenced from startup_stm32f103xb.o(RESET)
 <LI><a href="#[9b]">TIM4_IRQHandler</a> from startup_stm32f103xb.o(.text) referenced from startup_stm32f103xb.o(RESET)
 <LI><a href="#[a2]">USART1_IRQHandler</a> from stm32f1xx_it.o(i.USART1_IRQHandler) referenced from startup_stm32f103xb.o(RESET)
 <LI><a href="#[a3]">USART2_IRQHandler</a> from startup_stm32f103xb.o(.text) referenced from startup_stm32f103xb.o(RESET)
 <LI><a href="#[a4]">USART3_IRQHandler</a> from startup_stm32f103xb.o(.text) referenced from startup_stm32f103xb.o(RESET)
 <LI><a href="#[a7]">USBWakeUp_IRQHandler</a> from startup_stm32f103xb.o(.text) referenced from startup_stm32f103xb.o(RESET)
 <LI><a href="#[90]">USB_HP_CAN1_TX_IRQHandler</a> from startup_stm32f103xb.o(.text) referenced from startup_stm32f103xb.o(RESET)
 <LI><a href="#[91]">USB_LP_CAN1_RX0_IRQHandler</a> from startup_stm32f103xb.o(.text) referenced from startup_stm32f103xb.o(RESET)
 <LI><a href="#[78]">UsageFault_Handler</a> from stm32f1xx_it.o(i.UsageFault_Handler) referenced from startup_stm32f103xb.o(RESET)
 <LI><a href="#[7d]">WWDG_IRQHandler</a> from startup_stm32f103xb.o(.text) referenced from startup_stm32f103xb.o(RESET)
 <LI><a href="#[aa]">__main</a> from __main.o(!!!main) referenced from startup_stm32f103xb.o(.text)
 <LI><a href="#[16]">actuator_mode_fault_runB</a> from actuator.o(i.actuator_mode_fault_runB) referenced 2 times from actuator.o(.data)
 <LI><a href="#[15]">actuator_mode_fault_start</a> from actuator.o(i.actuator_mode_fault_start) referenced 2 times from actuator.o(.data)
 <LI><a href="#[1e]">actuator_mode_position_applay_action</a> from actuator.o(i.actuator_mode_position_applay_action) referenced 2 times from actuator.o(.data)
 <LI><a href="#[21]">actuator_mode_position_runB</a> from actuator.o(i.actuator_mode_position_runB) referenced 2 times from actuator.o(.data)
 <LI><a href="#[1f]">actuator_mode_position_start</a> from actuator.o(i.actuator_mode_position_start) referenced 2 times from actuator.o(.data)
 <LI><a href="#[20]">actuator_mode_position_stop</a> from actuator.o(i.actuator_mode_position_stop) referenced 2 times from actuator.o(.data)
 <LI><a href="#[17]">actuator_mode_speed_applay_action</a> from actuator.o(i.actuator_mode_speed_applay_action) referenced 2 times from actuator.o(.data)
 <LI><a href="#[1a]">actuator_mode_speed_runB</a> from actuator.o(i.actuator_mode_speed_runB) referenced 2 times from actuator.o(.data)
 <LI><a href="#[18]">actuator_mode_speed_start</a> from actuator.o(i.actuator_mode_speed_start) referenced 2 times from actuator.o(.data)
 <LI><a href="#[19]">actuator_mode_speed_stop</a> from actuator.o(i.actuator_mode_speed_stop) referenced 2 times from actuator.o(.data)
 <LI><a href="#[1b]">actuator_mode_voltage_applay_action</a> from actuator.o(i.actuator_mode_voltage_applay_action) referenced 2 times from actuator.o(.data)
 <LI><a href="#[1c]">actuator_mode_voltage_start</a> from actuator.o(i.actuator_mode_voltage_start) referenced 2 times from actuator.o(.data)
 <LI><a href="#[1d]">actuator_mode_voltage_stop</a> from actuator.o(i.actuator_mode_voltage_stop) referenced 2 times from actuator.o(.data)
 <LI><a href="#[30]">acwc_mode_current_applay_action</a> from acwc.o(i.acwc_mode_current_applay_action) referenced 2 times from acwc.o(.data)
 <LI><a href="#[33]">acwc_mode_current_runA</a> from acwc.o(i.acwc_mode_current_runA) referenced 2 times from acwc.o(.data)
 <LI><a href="#[31]">acwc_mode_current_start</a> from acwc.o(i.acwc_mode_current_start) referenced 2 times from acwc.o(.data)
 <LI><a href="#[32]">acwc_mode_current_stop</a> from acwc.o(i.acwc_mode_current_stop) referenced 2 times from acwc.o(.data)
 <LI><a href="#[39]">acwc_mode_position_applay_action</a> from acwc.o(i.acwc_mode_position_applay_action) referenced 2 times from acwc.o(.data)
 <LI><a href="#[2b]">acwc_mode_position_cl_applay_action</a> from acwc.o(i.acwc_mode_position_cl_applay_action) referenced 2 times from acwc.o(.data)
 <LI><a href="#[2e]">acwc_mode_position_cl_runA</a> from acwc.o(i.acwc_mode_position_cl_runA) referenced 2 times from acwc.o(.data)
 <LI><a href="#[2f]">acwc_mode_position_cl_runB</a> from acwc.o(i.acwc_mode_position_cl_runB) referenced 2 times from acwc.o(.data)
 <LI><a href="#[2c]">acwc_mode_position_cl_start</a> from acwc.o(i.acwc_mode_position_cl_start) referenced 2 times from acwc.o(.data)
 <LI><a href="#[2d]">acwc_mode_position_cl_stop</a> from acwc.o(i.acwc_mode_position_cl_stop) referenced 2 times from acwc.o(.data)
 <LI><a href="#[3c]">acwc_mode_position_runA</a> from acwc.o(i.acwc_mode_position_runA) referenced 2 times from acwc.o(.data)
 <LI><a href="#[3d]">acwc_mode_position_runB</a> from acwc.o(i.acwc_mode_position_runB) referenced 2 times from acwc.o(.data)
 <LI><a href="#[3a]">acwc_mode_position_start</a> from acwc.o(i.acwc_mode_position_start) referenced 2 times from acwc.o(.data)
 <LI><a href="#[3b]">acwc_mode_position_stop</a> from acwc.o(i.acwc_mode_position_stop) referenced 2 times from acwc.o(.data)
 <LI><a href="#[34]">acwc_mode_speed_applay_action</a> from acwc.o(i.acwc_mode_speed_applay_action) referenced 2 times from acwc.o(.data)
 <LI><a href="#[26]">acwc_mode_speed_cl_applay_action</a> from acwc.o(i.acwc_mode_speed_cl_applay_action) referenced 2 times from acwc.o(.data)
 <LI><a href="#[29]">acwc_mode_speed_cl_runA</a> from acwc.o(i.acwc_mode_speed_cl_runA) referenced 2 times from acwc.o(.data)
 <LI><a href="#[2a]">acwc_mode_speed_cl_runB</a> from acwc.o(i.acwc_mode_speed_cl_runB) referenced 2 times from acwc.o(.data)
 <LI><a href="#[27]">acwc_mode_speed_cl_start</a> from acwc.o(i.acwc_mode_speed_cl_start) referenced 2 times from acwc.o(.data)
 <LI><a href="#[28]">acwc_mode_speed_cl_stop</a> from acwc.o(i.acwc_mode_speed_cl_stop) referenced 2 times from acwc.o(.data)
 <LI><a href="#[37]">acwc_mode_speed_runA</a> from acwc.o(i.acwc_mode_speed_runA) referenced 2 times from acwc.o(.data)
 <LI><a href="#[38]">acwc_mode_speed_runB</a> from acwc.o(i.acwc_mode_speed_runB) referenced 2 times from acwc.o(.data)
 <LI><a href="#[35]">acwc_mode_speed_start</a> from acwc.o(i.acwc_mode_speed_start) referenced 2 times from acwc.o(.data)
 <LI><a href="#[36]">acwc_mode_speed_stop</a> from acwc.o(i.acwc_mode_speed_stop) referenced 2 times from acwc.o(.data)
 <LI><a href="#[22]">acwc_mode_voltage_cl_applay_action</a> from acwc.o(i.acwc_mode_voltage_cl_applay_action) referenced 2 times from acwc.o(.data)
 <LI><a href="#[25]">acwc_mode_voltage_cl_runA</a> from acwc.o(i.acwc_mode_voltage_cl_runA) referenced 2 times from acwc.o(.data)
 <LI><a href="#[23]">acwc_mode_voltage_cl_start</a> from acwc.o(i.acwc_mode_voltage_cl_start) referenced 2 times from acwc.o(.data)
 <LI><a href="#[24]">acwc_mode_voltage_cl_stop</a> from acwc.o(i.acwc_mode_voltage_cl_stop) referenced 2 times from acwc.o(.data)
 <LI><a href="#[46]">bldc_mode_pwm_applay_action</a> from pmsm_hall_app.o(i.bldc_mode_pwm_applay_action) referenced 2 times from pmsm_hall_app.o(.data)
 <LI><a href="#[49]">bldc_mode_pwm_runA</a> from pmsm_hall_app.o(i.bldc_mode_pwm_runA) referenced 2 times from pmsm_hall_app.o(.data)
 <LI><a href="#[47]">bldc_mode_pwm_start</a> from pmsm_hall_app.o(i.bldc_mode_pwm_start) referenced 2 times from pmsm_hall_app.o(.data)
 <LI><a href="#[48]">bldc_mode_pwm_stop</a> from pmsm_hall_app.o(i.bldc_mode_pwm_stop) referenced 2 times from pmsm_hall_app.o(.data)
 <LI><a href="#[3]">burst_dev_idle_event</a> from burst.o(i.burst_dev_idle_event) referenced 90 times from burst.o(.data)
 <LI><a href="#[4]">burst_slot_0</a> from burst.o(i.burst_slot_0) referenced 2 times from burst.o(.data)
 <LI><a href="#[5]">burst_slot_1</a> from burst.o(i.burst_slot_1) referenced 2 times from burst.o(.data)
 <LI><a href="#[e]">burst_slot_10</a> from burst.o(i.burst_slot_10) referenced 2 times from burst.o(.data)
 <LI><a href="#[f]">burst_slot_11</a> from burst.o(i.burst_slot_11) referenced 2 times from burst.o(.data)
 <LI><a href="#[10]">burst_slot_12</a> from burst.o(i.burst_slot_12) referenced 2 times from burst.o(.data)
 <LI><a href="#[11]">burst_slot_13</a> from burst.o(i.burst_slot_13) referenced 2 times from burst.o(.data)
 <LI><a href="#[12]">burst_slot_14</a> from burst.o(i.burst_slot_14) referenced 2 times from burst.o(.data)
 <LI><a href="#[13]">burst_slot_15</a> from burst.o(i.burst_slot_15) referenced 2 times from burst.o(.data)
 <LI><a href="#[6]">burst_slot_2</a> from burst.o(i.burst_slot_2) referenced 2 times from burst.o(.data)
 <LI><a href="#[7]">burst_slot_3</a> from burst.o(i.burst_slot_3) referenced 2 times from burst.o(.data)
 <LI><a href="#[8]">burst_slot_4</a> from burst.o(i.burst_slot_4) referenced 2 times from burst.o(.data)
 <LI><a href="#[9]">burst_slot_5</a> from burst.o(i.burst_slot_5) referenced 2 times from burst.o(.data)
 <LI><a href="#[a]">burst_slot_6</a> from burst.o(i.burst_slot_6) referenced 2 times from burst.o(.data)
 <LI><a href="#[b]">burst_slot_7</a> from burst.o(i.burst_slot_7) referenced 2 times from burst.o(.data)
 <LI><a href="#[c]">burst_slot_8</a> from burst.o(i.burst_slot_8) referenced 2 times from burst.o(.data)
 <LI><a href="#[d]">burst_slot_9</a> from burst.o(i.burst_slot_9) referenced 2 times from burst.o(.data)
 <LI><a href="#[6c]">c_cross_flt_reset</a> from pmsm_hall_app.obj.o(i.c_cross_flt_reset) referenced 2 times from pmsm_hall_app.obj.o(.data)
 <LI><a href="#[6a]">c_cross_flt_run</a> from pmsm_hall_app.obj.o(i.c_cross_flt_run) referenced 2 times from pmsm_hall_app.obj.o(.data)
 <LI><a href="#[6b]">c_cross_flt_setup</a> from pmsm_hall_app.obj.o(i.c_cross_flt_setup) referenced 2 times from pmsm_hall_app.obj.o(.data)
 <LI><a href="#[60]">c_cross_pi_reset</a> from pmsm_hall_app.obj.o(i.c_cross_pi_reset) referenced 2 times from pmsm_hall_app.obj.o(.data)
 <LI><a href="#[5e]">c_cross_pi_run</a> from pmsm_hall_app.obj.o(i.c_cross_pi_run) referenced 2 times from pmsm_hall_app.obj.o(.data)
 <LI><a href="#[5f]">c_cross_pi_setup</a> from pmsm_hall_app.obj.o(i.c_cross_pi_setup) referenced 2 times from pmsm_hall_app.obj.o(.data)
 <LI><a href="#[63]">c_hi_pi_reset</a> from pmsm_hall_app.obj.o(i.c_hi_pi_reset) referenced 2 times from pmsm_hall_app.obj.o(.data)
 <LI><a href="#[61]">c_hi_pi_run</a> from pmsm_hall_app.obj.o(i.c_hi_pi_run) referenced 2 times from pmsm_hall_app.obj.o(.data)
 <LI><a href="#[62]">c_hi_pi_setup</a> from pmsm_hall_app.obj.o(i.c_hi_pi_setup) referenced 2 times from pmsm_hall_app.obj.o(.data)
 <LI><a href="#[69]">c_lat_flt_reset</a> from pmsm_hall_app.obj.o(i.c_lat_flt_reset) referenced 2 times from pmsm_hall_app.obj.o(.data)
 <LI><a href="#[67]">c_lat_flt_run</a> from pmsm_hall_app.obj.o(i.c_lat_flt_run) referenced 2 times from pmsm_hall_app.obj.o(.data)
 <LI><a href="#[68]">c_lat_flt_setup</a> from pmsm_hall_app.obj.o(i.c_lat_flt_setup) referenced 2 times from pmsm_hall_app.obj.o(.data)
 <LI><a href="#[5d]">c_lat_pi_reset</a> from pmsm_hall_app.obj.o(i.c_lat_pi_reset) referenced 2 times from pmsm_hall_app.obj.o(.data)
 <LI><a href="#[5b]">c_lat_pi_run</a> from pmsm_hall_app.obj.o(i.c_lat_pi_run) referenced 2 times from pmsm_hall_app.obj.o(.data)
 <LI><a href="#[5c]">c_lat_pi_setup</a> from pmsm_hall_app.obj.o(i.c_lat_pi_setup) referenced 2 times from pmsm_hall_app.obj.o(.data)
 <LI><a href="#[66]">c_lo_pi_reset</a> from pmsm_hall_app.obj.o(i.c_lo_pi_reset) referenced 2 times from pmsm_hall_app.obj.o(.data)
 <LI><a href="#[64]">c_lo_pi_run</a> from pmsm_hall_app.obj.o(i.c_lo_pi_run) referenced 2 times from pmsm_hall_app.obj.o(.data)
 <LI><a href="#[65]">c_lo_pi_setup</a> from pmsm_hall_app.obj.o(i.c_lo_pi_setup) referenced 2 times from pmsm_hall_app.obj.o(.data)
 <LI><a href="#[59]">enco_encode</a> from pmsm_hall_app.o(i.enco_encode) referenced 2 times from pmsm_hall_app.obj.o(.data)
 <LI><a href="#[5a]">enco_error</a> from pmsm_hall_app.obj.o(i.enco_error) referenced 2 times from pmsm_hall_app.obj.o(.data)
 <LI><a href="#[58]">enco_query</a> from pmsm_hall_app.obj.o(i.enco_query) referenced 2 times from pmsm_hall_app.obj.o(.data)
 <LI><a href="#[57]">enco_reset</a> from pmsm_hall_app.obj.o(i.enco_reset) referenced 2 times from pmsm_hall_app.obj.o(.data)
 <LI><a href="#[56]">enco_run</a> from pmsm_hall_app.obj.o(i.enco_run) referenced 2 times from pmsm_hall_app.obj.o(.data)
 <LI><a href="#[6f]">motion_reset</a> from pmsm_hall_app.obj.o(i.motion_reset) referenced 2 times from pmsm_hall_app.obj.o(.data)
 <LI><a href="#[6d]">motion_run</a> from pmsm_hall_app.obj.o(i.motion_run) referenced 2 times from pmsm_hall_app.obj.o(.data)
 <LI><a href="#[6e]">motion_setup</a> from pmsm_hall_app.obj.o(i.motion_setup) referenced 2 times from pmsm_hall_app.obj.o(.data)
 <LI><a href="#[42]">pmsm_mode_synchro_current_applay_action</a> from pmsm.o(i.pmsm_mode_synchro_current_applay_action) referenced 2 times from pmsm.o(.data)
 <LI><a href="#[45]">pmsm_mode_synchro_current_runA</a> from pmsm.o(i.pmsm_mode_synchro_current_runA) referenced 2 times from pmsm.o(.data)
 <LI><a href="#[43]">pmsm_mode_synchro_current_start</a> from pmsm.o(i.pmsm_mode_synchro_current_start) referenced 2 times from pmsm.o(.data)
 <LI><a href="#[44]">pmsm_mode_synchro_current_stop</a> from pmsm.o(i.pmsm_mode_synchro_current_stop) referenced 2 times from pmsm.o(.data)
 <LI><a href="#[3e]">pmsm_mode_synchro_voltage_applay_action</a> from pmsm.o(i.pmsm_mode_synchro_voltage_applay_action) referenced 2 times from pmsm.o(.data)
 <LI><a href="#[41]">pmsm_mode_synchro_voltage_runA</a> from pmsm.o(i.pmsm_mode_synchro_voltage_runA) referenced 2 times from pmsm.o(.data)
 <LI><a href="#[3f]">pmsm_mode_synchro_voltage_start</a> from pmsm.o(i.pmsm_mode_synchro_voltage_start) referenced 2 times from pmsm.o(.data)
 <LI><a href="#[40]">pmsm_mode_synchro_voltage_stop</a> from pmsm.o(i.pmsm_mode_synchro_voltage_stop) referenced 2 times from pmsm.o(.data)
 <LI><a href="#[72]">positioner_reset</a> from pmsm_hall_app.obj.o(i.positioner_reset) referenced 2 times from pmsm_hall_app.obj.o(.data)
 <LI><a href="#[70]">positioner_run</a> from pmsm_hall_app.obj.o(i.positioner_run) referenced 2 times from pmsm_hall_app.obj.o(.data)
 <LI><a href="#[71]">positioner_setup</a> from pmsm_hall_app.obj.o(i.positioner_setup) referenced 2 times from pmsm_hall_app.obj.o(.data)
 <LI><a href="#[4a]">power_active</a> from pmsm_hall_app.obj.o(i.power_active) referenced 2 times from pmsm_hall_app.obj.o(.data)
 <LI><a href="#[4c]">power_boot_begin</a> from k1-burst-driver.pfr.o(i.power_boot_begin) referenced 2 times from pmsm_hall_app.obj.o(.data)
 <LI><a href="#[4e]">power_boot_complete</a> from pmsm_hall_app.obj.o(i.power_boot_complete) referenced 2 times from pmsm_hall_app.obj.o(.data)
 <LI><a href="#[4d]">power_do_boot</a> from pmsm_hall_app.obj.o(i.power_do_boot) referenced 2 times from pmsm_hall_app.obj.o(.data)
 <LI><a href="#[4f]">power_do_invert</a> from k1-burst-driver.pfr.o(i.power_do_invert) referenced 2 times from pmsm_hall_app.obj.o(.data)
 <LI><a href="#[51]">power_do_shutdown</a> from pmsm_hall_app.obj.o(i.power_do_shutdown) referenced 2 times from pmsm_hall_app.obj.o(.data)
 <LI><a href="#[4b]">power_run</a> from pmsm_hall_app.obj.o(i.power_run) referenced 2 times from pmsm_hall_app.obj.o(.data)
 <LI><a href="#[50]">power_shutdown_begin</a> from k1-burst-driver.pfr.o(i.power_shutdown_begin) referenced 2 times from pmsm_hall_app.obj.o(.data)
 <LI><a href="#[52]">power_shutdown_complete</a> from pmsm_hall_app.obj.o(i.power_shutdown_complete) referenced 2 times from pmsm_hall_app.obj.o(.data)
 <LI><a href="#[55]">speedse_reset</a> from pmsm_hall_app.obj.o(i.speedse_reset) referenced 2 times from pmsm_hall_app.obj.o(.data)
 <LI><a href="#[53]">speedse_run</a> from pmsm_hall_app.obj.o(i.speedse_run) referenced 2 times from pmsm_hall_app.obj.o(.data)
 <LI><a href="#[54]">speedse_setup</a> from pmsm_hall_app.obj.o(i.speedse_setup) referenced 2 times from pmsm_hall_app.obj.o(.data)
 <LI><a href="#[14]">temp_poll_</a> from k1-burst-driver.o(i.temp_poll_) referenced 2 times from k1-burst-driver.o(.data)
</UL>
<P>
<H3>
Global Symbols
</H3>
<P><STRONG><a name="[aa]"></a>__main</STRONG> (Thumb, 8 bytes, Stack size 0 bytes, __main.o(!!!main))
<BR><BR>[Calls]<UL><LI><a href="#[ac]">&gt;&gt;</a>&nbsp;&nbsp;&nbsp;__rt_entry
<LI><a href="#[ab]">&gt;&gt;</a>&nbsp;&nbsp;&nbsp;__scatterload
</UL>

<P><STRONG><a name="[ab]"></a>__scatterload</STRONG> (Thumb, 0 bytes, Stack size unknown bytes, __scatter.o(!!!scatter))
<BR><BR>[Called By]<UL><LI><a href="#[aa]">&gt;&gt;</a>&nbsp;&nbsp;&nbsp;__main
</UL>

<P><STRONG><a name="[ad]"></a>__scatterload_rt2</STRONG> (Thumb, 44 bytes, Stack size unknown bytes, __scatter.o(!!!scatter), UNUSED)
<BR><BR>[Calls]<UL><LI><a href="#[ac]">&gt;&gt;</a>&nbsp;&nbsp;&nbsp;__rt_entry
</UL>

<P><STRONG><a name="[1e4]"></a>__scatterload_rt2_thumb_only</STRONG> (Thumb, 0 bytes, Stack size unknown bytes, __scatter.o(!!!scatter), UNUSED)

<P><STRONG><a name="[1e5]"></a>__scatterload_null</STRONG> (Thumb, 0 bytes, Stack size unknown bytes, __scatter.o(!!!scatter), UNUSED)

<P><STRONG><a name="[1e6]"></a>__decompress</STRONG> (Thumb, 90 bytes, Stack size unknown bytes, __dczerorl2.o(!!dczerorl2), UNUSED)

<P><STRONG><a name="[1e7]"></a>__decompress1</STRONG> (Thumb, 0 bytes, Stack size unknown bytes, __dczerorl2.o(!!dczerorl2), UNUSED)

<P><STRONG><a name="[1e8]"></a>__scatterload_zeroinit</STRONG> (Thumb, 28 bytes, Stack size unknown bytes, __scatter_zi.o(!!handler_zi), UNUSED)

<P><STRONG><a name="[b1]"></a>__rt_lib_init</STRONG> (Thumb, 0 bytes, Stack size unknown bytes, libinit.o(.ARM.Collect$$libinit$$00000000))
<BR><BR>[Called By]<UL><LI><a href="#[b0]">&gt;&gt;</a>&nbsp;&nbsp;&nbsp;__rt_entry_li
</UL>

<P><STRONG><a name="[1e9]"></a>__rt_lib_init_alloca_1</STRONG> (Thumb, 0 bytes, Stack size unknown bytes, libinit2.o(.ARM.Collect$$libinit$$0000002E))

<P><STRONG><a name="[1ea]"></a>__rt_lib_init_argv_1</STRONG> (Thumb, 0 bytes, Stack size unknown bytes, libinit2.o(.ARM.Collect$$libinit$$0000002C))

<P><STRONG><a name="[1eb]"></a>__rt_lib_init_atexit_1</STRONG> (Thumb, 0 bytes, Stack size unknown bytes, libinit2.o(.ARM.Collect$$libinit$$0000001B))

<P><STRONG><a name="[1ec]"></a>__rt_lib_init_clock_1</STRONG> (Thumb, 0 bytes, Stack size unknown bytes, libinit2.o(.ARM.Collect$$libinit$$00000021))

<P><STRONG><a name="[1ed]"></a>__rt_lib_init_cpp_1</STRONG> (Thumb, 0 bytes, Stack size unknown bytes, libinit2.o(.ARM.Collect$$libinit$$00000032))

<P><STRONG><a name="[1ee]"></a>__rt_lib_init_exceptions_1</STRONG> (Thumb, 0 bytes, Stack size unknown bytes, libinit2.o(.ARM.Collect$$libinit$$00000030))

<P><STRONG><a name="[1ef]"></a>__rt_lib_init_fp_1</STRONG> (Thumb, 0 bytes, Stack size unknown bytes, libinit2.o(.ARM.Collect$$libinit$$00000002))

<P><STRONG><a name="[1f0]"></a>__rt_lib_init_fp_trap_1</STRONG> (Thumb, 0 bytes, Stack size unknown bytes, libinit2.o(.ARM.Collect$$libinit$$0000001F))

<P><STRONG><a name="[1f1]"></a>__rt_lib_init_getenv_1</STRONG> (Thumb, 0 bytes, Stack size unknown bytes, libinit2.o(.ARM.Collect$$libinit$$00000023))

<P><STRONG><a name="[1f2]"></a>__rt_lib_init_heap_1</STRONG> (Thumb, 0 bytes, Stack size unknown bytes, libinit2.o(.ARM.Collect$$libinit$$0000000A))

<P><STRONG><a name="[1f3]"></a>__rt_lib_init_lc_collate_1</STRONG> (Thumb, 0 bytes, Stack size unknown bytes, libinit2.o(.ARM.Collect$$libinit$$00000011))

<P><STRONG><a name="[1f4]"></a>__rt_lib_init_lc_ctype_1</STRONG> (Thumb, 0 bytes, Stack size unknown bytes, libinit2.o(.ARM.Collect$$libinit$$00000013))

<P><STRONG><a name="[1f5]"></a>__rt_lib_init_lc_monetary_1</STRONG> (Thumb, 0 bytes, Stack size unknown bytes, libinit2.o(.ARM.Collect$$libinit$$00000015))

<P><STRONG><a name="[1f6]"></a>__rt_lib_init_lc_numeric_1</STRONG> (Thumb, 0 bytes, Stack size unknown bytes, libinit2.o(.ARM.Collect$$libinit$$00000017))

<P><STRONG><a name="[1f7]"></a>__rt_lib_init_lc_time_1</STRONG> (Thumb, 0 bytes, Stack size unknown bytes, libinit2.o(.ARM.Collect$$libinit$$00000019))

<P><STRONG><a name="[1f8]"></a>__rt_lib_init_preinit_1</STRONG> (Thumb, 0 bytes, Stack size unknown bytes, libinit2.o(.ARM.Collect$$libinit$$00000004))

<P><STRONG><a name="[1f9]"></a>__rt_lib_init_rand_1</STRONG> (Thumb, 0 bytes, Stack size unknown bytes, libinit2.o(.ARM.Collect$$libinit$$0000000E))

<P><STRONG><a name="[1fa]"></a>__rt_lib_init_return</STRONG> (Thumb, 0 bytes, Stack size unknown bytes, libinit2.o(.ARM.Collect$$libinit$$00000033))

<P><STRONG><a name="[1fb]"></a>__rt_lib_init_signal_1</STRONG> (Thumb, 0 bytes, Stack size unknown bytes, libinit2.o(.ARM.Collect$$libinit$$0000001D))

<P><STRONG><a name="[1fc]"></a>__rt_lib_init_stdio_1</STRONG> (Thumb, 0 bytes, Stack size unknown bytes, libinit2.o(.ARM.Collect$$libinit$$00000025))

<P><STRONG><a name="[1fd]"></a>__rt_lib_init_user_alloc_1</STRONG> (Thumb, 0 bytes, Stack size unknown bytes, libinit2.o(.ARM.Collect$$libinit$$0000000C))

<P><STRONG><a name="[b6]"></a>__rt_lib_shutdown</STRONG> (Thumb, 0 bytes, Stack size unknown bytes, libshutdown.o(.ARM.Collect$$libshutdown$$00000000))
<BR><BR>[Called By]<UL><LI><a href="#[b5]">&gt;&gt;</a>&nbsp;&nbsp;&nbsp;__rt_exit_ls
</UL>

<P><STRONG><a name="[1fe]"></a>__rt_lib_shutdown_cpp_1</STRONG> (Thumb, 0 bytes, Stack size unknown bytes, libshutdown2.o(.ARM.Collect$$libshutdown$$00000004))

<P><STRONG><a name="[1ff]"></a>__rt_lib_shutdown_fini_1</STRONG> (Thumb, 0 bytes, Stack size unknown bytes, libshutdown2.o(.ARM.Collect$$libshutdown$$00000002))

<P><STRONG><a name="[200]"></a>__rt_lib_shutdown_fp_trap_1</STRONG> (Thumb, 0 bytes, Stack size unknown bytes, libshutdown2.o(.ARM.Collect$$libshutdown$$00000009))

<P><STRONG><a name="[201]"></a>__rt_lib_shutdown_heap_1</STRONG> (Thumb, 0 bytes, Stack size unknown bytes, libshutdown2.o(.ARM.Collect$$libshutdown$$00000011))

<P><STRONG><a name="[202]"></a>__rt_lib_shutdown_return</STRONG> (Thumb, 0 bytes, Stack size unknown bytes, libshutdown2.o(.ARM.Collect$$libshutdown$$00000012))

<P><STRONG><a name="[203]"></a>__rt_lib_shutdown_signal_1</STRONG> (Thumb, 0 bytes, Stack size unknown bytes, libshutdown2.o(.ARM.Collect$$libshutdown$$0000000C))

<P><STRONG><a name="[204]"></a>__rt_lib_shutdown_stdio_1</STRONG> (Thumb, 0 bytes, Stack size unknown bytes, libshutdown2.o(.ARM.Collect$$libshutdown$$00000006))

<P><STRONG><a name="[205]"></a>__rt_lib_shutdown_user_alloc_1</STRONG> (Thumb, 0 bytes, Stack size unknown bytes, libshutdown2.o(.ARM.Collect$$libshutdown$$0000000E))

<P><STRONG><a name="[ac]"></a>__rt_entry</STRONG> (Thumb, 0 bytes, Stack size unknown bytes, __rtentry.o(.ARM.Collect$$rtentry$$00000000))
<BR><BR>[Called By]<UL><LI><a href="#[aa]">&gt;&gt;</a>&nbsp;&nbsp;&nbsp;__main
<LI><a href="#[ad]">&gt;&gt;</a>&nbsp;&nbsp;&nbsp;__scatterload_rt2
</UL>

<P><STRONG><a name="[206]"></a>__rt_entry_presh_1</STRONG> (Thumb, 0 bytes, Stack size unknown bytes, __rtentry2.o(.ARM.Collect$$rtentry$$00000002))

<P><STRONG><a name="[ae]"></a>__rt_entry_sh</STRONG> (Thumb, 0 bytes, Stack size unknown bytes, __rtentry4.o(.ARM.Collect$$rtentry$$00000004))
<BR><BR>[Stack]<UL><LI>Max Depth = 8 + Unknown Stack Size
<LI>Call Chain = __rt_entry_sh &rArr; __user_setup_stackheap
</UL>
<BR>[Calls]<UL><LI><a href="#[af]">&gt;&gt;</a>&nbsp;&nbsp;&nbsp;__user_setup_stackheap
</UL>

<P><STRONG><a name="[b0]"></a>__rt_entry_li</STRONG> (Thumb, 0 bytes, Stack size unknown bytes, __rtentry2.o(.ARM.Collect$$rtentry$$0000000A))
<BR><BR>[Calls]<UL><LI><a href="#[b1]">&gt;&gt;</a>&nbsp;&nbsp;&nbsp;__rt_lib_init
</UL>

<P><STRONG><a name="[207]"></a>__rt_entry_postsh_1</STRONG> (Thumb, 0 bytes, Stack size unknown bytes, __rtentry2.o(.ARM.Collect$$rtentry$$00000009))

<P><STRONG><a name="[b2]"></a>__rt_entry_main</STRONG> (Thumb, 0 bytes, Stack size unknown bytes, __rtentry2.o(.ARM.Collect$$rtentry$$0000000D))
<BR><BR>[Stack]<UL><LI>Max Depth = 384 + Unknown Stack Size
<LI>Call Chain = __rt_entry_main &rArr; main &rArr; burst_begin &rArr; burst_sw_begin &rArr; pmsm_hall_app_begin &rArr; pmsm_begin &rArr; acwc_begin &rArr; actuator_begin &rArr; burst_dev_attach
</UL>
<BR>[Calls]<UL><LI><a href="#[b3]">&gt;&gt;</a>&nbsp;&nbsp;&nbsp;main
<LI><a href="#[b4]">&gt;&gt;</a>&nbsp;&nbsp;&nbsp;exit
</UL>

<P><STRONG><a name="[208]"></a>__rt_entry_postli_1</STRONG> (Thumb, 0 bytes, Stack size unknown bytes, __rtentry2.o(.ARM.Collect$$rtentry$$0000000C))

<P><STRONG><a name="[bb]"></a>__rt_exit</STRONG> (Thumb, 0 bytes, Stack size unknown bytes, rtexit.o(.ARM.Collect$$rtexit$$00000000))
<BR><BR>[Called By]<UL><LI><a href="#[b4]">&gt;&gt;</a>&nbsp;&nbsp;&nbsp;exit
</UL>

<P><STRONG><a name="[b5]"></a>__rt_exit_ls</STRONG> (Thumb, 0 bytes, Stack size unknown bytes, rtexit2.o(.ARM.Collect$$rtexit$$00000003))
<BR><BR>[Calls]<UL><LI><a href="#[b6]">&gt;&gt;</a>&nbsp;&nbsp;&nbsp;__rt_lib_shutdown
</UL>

<P><STRONG><a name="[209]"></a>__rt_exit_prels_1</STRONG> (Thumb, 0 bytes, Stack size unknown bytes, rtexit2.o(.ARM.Collect$$rtexit$$00000002))

<P><STRONG><a name="[b7]"></a>__rt_exit_exit</STRONG> (Thumb, 0 bytes, Stack size unknown bytes, rtexit2.o(.ARM.Collect$$rtexit$$00000004))
<BR><BR>[Calls]<UL><LI><a href="#[b8]">&gt;&gt;</a>&nbsp;&nbsp;&nbsp;_sys_exit
</UL>

<P><STRONG><a name="[73]"></a>Reset_Handler</STRONG> (Thumb, 8 bytes, Stack size 0 bytes, startup_stm32f103xb.o(.text))
<BR>[Address Reference Count : 1]<UL><LI> startup_stm32f103xb.o(RESET)
</UL>
<P><STRONG><a name="[92]"></a>CAN1_RX1_IRQHandler</STRONG> (Thumb, 0 bytes, Stack size 0 bytes, startup_stm32f103xb.o(.text))
<BR><BR>[Calls]<UL><LI><a href="#[92]">&gt;&gt;</a>&nbsp;&nbsp;&nbsp;CAN1_RX1_IRQHandler
</UL>
<BR>[Called By]<UL><LI><a href="#[92]">&gt;&gt;</a>&nbsp;&nbsp;&nbsp;CAN1_RX1_IRQHandler
</UL>
<BR>[Address Reference Count : 1]<UL><LI> startup_stm32f103xb.o(RESET)
</UL>
<P><STRONG><a name="[93]"></a>CAN1_SCE_IRQHandler</STRONG> (Thumb, 0 bytes, Stack size 0 bytes, startup_stm32f103xb.o(.text))
<BR>[Address Reference Count : 1]<UL><LI> startup_stm32f103xb.o(RESET)
</UL>
<P><STRONG><a name="[88]"></a>DMA1_Channel1_IRQHandler</STRONG> (Thumb, 0 bytes, Stack size 0 bytes, startup_stm32f103xb.o(.text))
<BR>[Address Reference Count : 1]<UL><LI> startup_stm32f103xb.o(RESET)
</UL>
<P><STRONG><a name="[89]"></a>DMA1_Channel2_IRQHandler</STRONG> (Thumb, 0 bytes, Stack size 0 bytes, startup_stm32f103xb.o(.text))
<BR>[Address Reference Count : 1]<UL><LI> startup_stm32f103xb.o(RESET)
</UL>
<P><STRONG><a name="[8a]"></a>DMA1_Channel3_IRQHandler</STRONG> (Thumb, 0 bytes, Stack size 0 bytes, startup_stm32f103xb.o(.text))
<BR>[Address Reference Count : 1]<UL><LI> startup_stm32f103xb.o(RESET)
</UL>
<P><STRONG><a name="[8d]"></a>DMA1_Channel6_IRQHandler</STRONG> (Thumb, 0 bytes, Stack size 0 bytes, startup_stm32f103xb.o(.text))
<BR>[Address Reference Count : 1]<UL><LI> startup_stm32f103xb.o(RESET)
</UL>
<P><STRONG><a name="[8e]"></a>DMA1_Channel7_IRQHandler</STRONG> (Thumb, 0 bytes, Stack size 0 bytes, startup_stm32f103xb.o(.text))
<BR>[Address Reference Count : 1]<UL><LI> startup_stm32f103xb.o(RESET)
</UL>
<P><STRONG><a name="[83]"></a>EXTI0_IRQHandler</STRONG> (Thumb, 0 bytes, Stack size 0 bytes, startup_stm32f103xb.o(.text))
<BR>[Address Reference Count : 1]<UL><LI> startup_stm32f103xb.o(RESET)
</UL>
<P><STRONG><a name="[a5]"></a>EXTI15_10_IRQHandler</STRONG> (Thumb, 0 bytes, Stack size 0 bytes, startup_stm32f103xb.o(.text))
<BR>[Address Reference Count : 1]<UL><LI> startup_stm32f103xb.o(RESET)
</UL>
<P><STRONG><a name="[84]"></a>EXTI1_IRQHandler</STRONG> (Thumb, 0 bytes, Stack size 0 bytes, startup_stm32f103xb.o(.text))
<BR>[Address Reference Count : 1]<UL><LI> startup_stm32f103xb.o(RESET)
</UL>
<P><STRONG><a name="[85]"></a>EXTI2_IRQHandler</STRONG> (Thumb, 0 bytes, Stack size 0 bytes, startup_stm32f103xb.o(.text))
<BR>[Address Reference Count : 1]<UL><LI> startup_stm32f103xb.o(RESET)
</UL>
<P><STRONG><a name="[86]"></a>EXTI3_IRQHandler</STRONG> (Thumb, 0 bytes, Stack size 0 bytes, startup_stm32f103xb.o(.text))
<BR>[Address Reference Count : 1]<UL><LI> startup_stm32f103xb.o(RESET)
</UL>
<P><STRONG><a name="[87]"></a>EXTI4_IRQHandler</STRONG> (Thumb, 0 bytes, Stack size 0 bytes, startup_stm32f103xb.o(.text))
<BR>[Address Reference Count : 1]<UL><LI> startup_stm32f103xb.o(RESET)
</UL>
<P><STRONG><a name="[94]"></a>EXTI9_5_IRQHandler</STRONG> (Thumb, 0 bytes, Stack size 0 bytes, startup_stm32f103xb.o(.text))
<BR>[Address Reference Count : 1]<UL><LI> startup_stm32f103xb.o(RESET)
</UL>
<P><STRONG><a name="[81]"></a>FLASH_IRQHandler</STRONG> (Thumb, 0 bytes, Stack size 0 bytes, startup_stm32f103xb.o(.text))
<BR>[Address Reference Count : 1]<UL><LI> startup_stm32f103xb.o(RESET)
</UL>
<P><STRONG><a name="[9f]"></a>I2C2_ER_IRQHandler</STRONG> (Thumb, 0 bytes, Stack size 0 bytes, startup_stm32f103xb.o(.text))
<BR>[Address Reference Count : 1]<UL><LI> startup_stm32f103xb.o(RESET)
</UL>
<P><STRONG><a name="[9e]"></a>I2C2_EV_IRQHandler</STRONG> (Thumb, 0 bytes, Stack size 0 bytes, startup_stm32f103xb.o(.text))
<BR>[Address Reference Count : 1]<UL><LI> startup_stm32f103xb.o(RESET)
</UL>
<P><STRONG><a name="[7e]"></a>PVD_IRQHandler</STRONG> (Thumb, 0 bytes, Stack size 0 bytes, startup_stm32f103xb.o(.text))
<BR>[Address Reference Count : 1]<UL><LI> startup_stm32f103xb.o(RESET)
</UL>
<P><STRONG><a name="[82]"></a>RCC_IRQHandler</STRONG> (Thumb, 0 bytes, Stack size 0 bytes, startup_stm32f103xb.o(.text))
<BR>[Address Reference Count : 1]<UL><LI> startup_stm32f103xb.o(RESET)
</UL>
<P><STRONG><a name="[a6]"></a>RTC_Alarm_IRQHandler</STRONG> (Thumb, 0 bytes, Stack size 0 bytes, startup_stm32f103xb.o(.text))
<BR>[Address Reference Count : 1]<UL><LI> startup_stm32f103xb.o(RESET)
</UL>
<P><STRONG><a name="[80]"></a>RTC_IRQHandler</STRONG> (Thumb, 0 bytes, Stack size 0 bytes, startup_stm32f103xb.o(.text))
<BR>[Address Reference Count : 1]<UL><LI> startup_stm32f103xb.o(RESET)
</UL>
<P><STRONG><a name="[a0]"></a>SPI1_IRQHandler</STRONG> (Thumb, 0 bytes, Stack size 0 bytes, startup_stm32f103xb.o(.text))
<BR>[Address Reference Count : 1]<UL><LI> startup_stm32f103xb.o(RESET)
</UL>
<P><STRONG><a name="[a1]"></a>SPI2_IRQHandler</STRONG> (Thumb, 0 bytes, Stack size 0 bytes, startup_stm32f103xb.o(.text))
<BR>[Address Reference Count : 1]<UL><LI> startup_stm32f103xb.o(RESET)
</UL>
<P><STRONG><a name="[7f]"></a>TAMPER_IRQHandler</STRONG> (Thumb, 0 bytes, Stack size 0 bytes, startup_stm32f103xb.o(.text))
<BR>[Address Reference Count : 1]<UL><LI> startup_stm32f103xb.o(RESET)
</UL>
<P><STRONG><a name="[95]"></a>TIM1_BRK_IRQHandler</STRONG> (Thumb, 0 bytes, Stack size 0 bytes, startup_stm32f103xb.o(.text))
<BR>[Address Reference Count : 1]<UL><LI> startup_stm32f103xb.o(RESET)
</UL>
<P><STRONG><a name="[97]"></a>TIM1_TRG_COM_IRQHandler</STRONG> (Thumb, 0 bytes, Stack size 0 bytes, startup_stm32f103xb.o(.text))
<BR>[Address Reference Count : 1]<UL><LI> startup_stm32f103xb.o(RESET)
</UL>
<P><STRONG><a name="[96]"></a>TIM1_UP_IRQHandler</STRONG> (Thumb, 0 bytes, Stack size 0 bytes, startup_stm32f103xb.o(.text))
<BR>[Address Reference Count : 1]<UL><LI> startup_stm32f103xb.o(RESET)
</UL>
<P><STRONG><a name="[99]"></a>TIM2_IRQHandler</STRONG> (Thumb, 0 bytes, Stack size 0 bytes, startup_stm32f103xb.o(.text))
<BR>[Address Reference Count : 1]<UL><LI> startup_stm32f103xb.o(RESET)
</UL>
<P><STRONG><a name="[9a]"></a>TIM3_IRQHandler</STRONG> (Thumb, 0 bytes, Stack size 0 bytes, startup_stm32f103xb.o(.text))
<BR>[Address Reference Count : 1]<UL><LI> startup_stm32f103xb.o(RESET)
</UL>
<P><STRONG><a name="[9b]"></a>TIM4_IRQHandler</STRONG> (Thumb, 0 bytes, Stack size 0 bytes, startup_stm32f103xb.o(.text))
<BR>[Address Reference Count : 1]<UL><LI> startup_stm32f103xb.o(RESET)
</UL>
<P><STRONG><a name="[a3]"></a>USART2_IRQHandler</STRONG> (Thumb, 0 bytes, Stack size 0 bytes, startup_stm32f103xb.o(.text))
<BR>[Address Reference Count : 1]<UL><LI> startup_stm32f103xb.o(RESET)
</UL>
<P><STRONG><a name="[a4]"></a>USART3_IRQHandler</STRONG> (Thumb, 0 bytes, Stack size 0 bytes, startup_stm32f103xb.o(.text))
<BR>[Address Reference Count : 1]<UL><LI> startup_stm32f103xb.o(RESET)
</UL>
<P><STRONG><a name="[a7]"></a>USBWakeUp_IRQHandler</STRONG> (Thumb, 0 bytes, Stack size 0 bytes, startup_stm32f103xb.o(.text))
<BR>[Address Reference Count : 1]<UL><LI> startup_stm32f103xb.o(RESET)
</UL>
<P><STRONG><a name="[90]"></a>USB_HP_CAN1_TX_IRQHandler</STRONG> (Thumb, 0 bytes, Stack size 0 bytes, startup_stm32f103xb.o(.text))
<BR>[Address Reference Count : 1]<UL><LI> startup_stm32f103xb.o(RESET)
</UL>
<P><STRONG><a name="[91]"></a>USB_LP_CAN1_RX0_IRQHandler</STRONG> (Thumb, 0 bytes, Stack size 0 bytes, startup_stm32f103xb.o(.text))
<BR>[Address Reference Count : 1]<UL><LI> startup_stm32f103xb.o(RESET)
</UL>
<P><STRONG><a name="[7d]"></a>WWDG_IRQHandler</STRONG> (Thumb, 0 bytes, Stack size 0 bytes, startup_stm32f103xb.o(.text))
<BR>[Address Reference Count : 1]<UL><LI> startup_stm32f103xb.o(RESET)
</UL>
<P><STRONG><a name="[ba]"></a>__user_initial_stackheap</STRONG> (Thumb, 0 bytes, Stack size unknown bytes, startup_stm32f103xb.o(.text))
<BR><BR>[Called By]<UL><LI><a href="#[af]">&gt;&gt;</a>&nbsp;&nbsp;&nbsp;__user_setup_stackheap
</UL>

<P><STRONG><a name="[20a]"></a>__use_two_region_memory</STRONG> (Thumb, 2 bytes, Stack size 0 bytes, heapauxi.o(.text), UNUSED)

<P><STRONG><a name="[20b]"></a>__rt_heap_escrow$2region</STRONG> (Thumb, 2 bytes, Stack size 0 bytes, heapauxi.o(.text), UNUSED)

<P><STRONG><a name="[20c]"></a>__rt_heap_expand$2region</STRONG> (Thumb, 2 bytes, Stack size 0 bytes, heapauxi.o(.text), UNUSED)

<P><STRONG><a name="[af]"></a>__user_setup_stackheap</STRONG> (Thumb, 74 bytes, Stack size 8 bytes, sys_stackheap_outer.o(.text))
<BR><BR>[Stack]<UL><LI>Max Depth = 8 + Unknown Stack Size
<LI>Call Chain = __user_setup_stackheap
</UL>
<BR>[Calls]<UL><LI><a href="#[ba]">&gt;&gt;</a>&nbsp;&nbsp;&nbsp;__user_initial_stackheap
<LI><a href="#[b9]">&gt;&gt;</a>&nbsp;&nbsp;&nbsp;__user_perproc_libspace
</UL>
<BR>[Called By]<UL><LI><a href="#[ae]">&gt;&gt;</a>&nbsp;&nbsp;&nbsp;__rt_entry_sh
</UL>

<P><STRONG><a name="[b4]"></a>exit</STRONG> (Thumb, 18 bytes, Stack size 8 bytes, exit.o(.text))
<BR><BR>[Stack]<UL><LI>Max Depth = 8 + Unknown Stack Size
<LI>Call Chain = exit
</UL>
<BR>[Calls]<UL><LI><a href="#[bb]">&gt;&gt;</a>&nbsp;&nbsp;&nbsp;__rt_exit
</UL>
<BR>[Called By]<UL><LI><a href="#[b2]">&gt;&gt;</a>&nbsp;&nbsp;&nbsp;__rt_entry_main
</UL>

<P><STRONG><a name="[20d]"></a>__user_libspace</STRONG> (Thumb, 8 bytes, Stack size 0 bytes, libspace.o(.text), UNUSED)

<P><STRONG><a name="[b9]"></a>__user_perproc_libspace</STRONG> (Thumb, 0 bytes, Stack size 0 bytes, libspace.o(.text))
<BR><BR>[Called By]<UL><LI><a href="#[af]">&gt;&gt;</a>&nbsp;&nbsp;&nbsp;__user_setup_stackheap
</UL>

<P><STRONG><a name="[20e]"></a>__user_perthread_libspace</STRONG> (Thumb, 0 bytes, Stack size 0 bytes, libspace.o(.text), UNUSED)

<P><STRONG><a name="[b8]"></a>_sys_exit</STRONG> (Thumb, 8 bytes, Stack size 0 bytes, sys_exit.o(.text))
<BR><BR>[Called By]<UL><LI><a href="#[b7]">&gt;&gt;</a>&nbsp;&nbsp;&nbsp;__rt_exit_exit
</UL>

<P><STRONG><a name="[20f]"></a>__I$use$semihosting</STRONG> (Thumb, 0 bytes, Stack size 0 bytes, use_no_semi.o(.text), UNUSED)

<P><STRONG><a name="[210]"></a>__use_no_semihosting_swi</STRONG> (Thumb, 2 bytes, Stack size 0 bytes, use_no_semi.o(.text), UNUSED)

<P><STRONG><a name="[8f]"></a>ADC1_2_IRQHandler</STRONG> (Thumb, 94 bytes, Stack size 8 bytes, k1-burst-driver.pfr.o(i.ADC1_2_IRQHandler))
<BR><BR>[Stack]<UL><LI>Max Depth = 120<LI>Call Chain = ADC1_2_IRQHandler &rArr; burst_backend_loop &rArr; burst_sw_backend_loop &rArr; pmsm_hall_app_backend_loop &rArr; pmsm_inverter_run &rArr; inv3ph_run &rArr; rotcalc
</UL>
<BR>[Calls]<UL><LI><a href="#[bd]">&gt;&gt;</a>&nbsp;&nbsp;&nbsp;burst_realtime_loop
<LI><a href="#[be]">&gt;&gt;</a>&nbsp;&nbsp;&nbsp;burst_backend_loop
<LI><a href="#[bc]">&gt;&gt;</a>&nbsp;&nbsp;&nbsp;adc_update
</UL>
<BR>[Address Reference Count : 1]<UL><LI> startup_stm32f103xb.o(RESET)
</UL>
<P><STRONG><a name="[211]"></a>__semihosting_library_function</STRONG> (Thumb, 0 bytes, Stack size 8 bytes, indicate_semi.o(.text), UNUSED)

<P><STRONG><a name="[bf]"></a>ADC_ConversionStop_Disable</STRONG> (Thumb, 94 bytes, Stack size 16 bytes, stm32f1xx_hal_adc.o(i.ADC_ConversionStop_Disable))
<BR><BR>[Stack]<UL><LI>Max Depth = 16<LI>Call Chain = ADC_ConversionStop_Disable
</UL>
<BR>[Calls]<UL><LI><a href="#[c0]">&gt;&gt;</a>&nbsp;&nbsp;&nbsp;HAL_GetTick
</UL>
<BR>[Called By]<UL><LI><a href="#[d3]">&gt;&gt;</a>&nbsp;&nbsp;&nbsp;HAL_ADC_Init
<LI><a href="#[cf]">&gt;&gt;</a>&nbsp;&nbsp;&nbsp;HAL_ADCEx_Calibration_Start
</UL>

<P><STRONG><a name="[c1]"></a>ADC_Enable</STRONG> (Thumb, 196 bytes, Stack size 24 bytes, stm32f1xx_hal_adc.o(i.ADC_Enable))
<BR><BR>[Stack]<UL><LI>Max Depth = 24<LI>Call Chain = ADC_Enable
</UL>
<BR>[Calls]<UL><LI><a href="#[c0]">&gt;&gt;</a>&nbsp;&nbsp;&nbsp;HAL_GetTick
</UL>
<BR>[Called By]<UL><LI><a href="#[d2]">&gt;&gt;</a>&nbsp;&nbsp;&nbsp;HAL_ADCEx_InjectedStart_IT
<LI><a href="#[d1]">&gt;&gt;</a>&nbsp;&nbsp;&nbsp;HAL_ADCEx_InjectedStart
<LI><a href="#[cf]">&gt;&gt;</a>&nbsp;&nbsp;&nbsp;HAL_ADCEx_Calibration_Start
</UL>

<P><STRONG><a name="[77]"></a>BusFault_Handler</STRONG> (Thumb, 2 bytes, Stack size 0 bytes, stm32f1xx_it.o(i.BusFault_Handler))
<BR><BR>[Calls]<UL><LI><a href="#[77]">&gt;&gt;</a>&nbsp;&nbsp;&nbsp;BusFault_Handler
</UL>
<BR>[Called By]<UL><LI><a href="#[77]">&gt;&gt;</a>&nbsp;&nbsp;&nbsp;BusFault_Handler
</UL>
<BR>[Address Reference Count : 1]<UL><LI> startup_stm32f103xb.o(RESET)
</UL>
<P><STRONG><a name="[8b]"></a>DMA1_Channel4_IRQHandler</STRONG> (Thumb, 12 bytes, Stack size 0 bytes, stm32f1xx_it.o(i.DMA1_Channel4_IRQHandler))
<BR><BR>[Stack]<UL><LI>Max Depth = 40<LI>Call Chain = DMA1_Channel4_IRQHandler &rArr; HAL_DMA_IRQHandler
</UL>
<BR>[Calls]<UL><LI><a href="#[c2]">&gt;&gt;</a>&nbsp;&nbsp;&nbsp;HAL_DMA_IRQHandler
</UL>
<BR>[Address Reference Count : 1]<UL><LI> startup_stm32f103xb.o(RESET)
</UL>
<P><STRONG><a name="[8c]"></a>DMA1_Channel5_IRQHandler</STRONG> (Thumb, 12 bytes, Stack size 0 bytes, stm32f1xx_it.o(i.DMA1_Channel5_IRQHandler))
<BR><BR>[Stack]<UL><LI>Max Depth = 40<LI>Call Chain = DMA1_Channel5_IRQHandler &rArr; HAL_DMA_IRQHandler
</UL>
<BR>[Calls]<UL><LI><a href="#[c2]">&gt;&gt;</a>&nbsp;&nbsp;&nbsp;HAL_DMA_IRQHandler
</UL>
<BR>[Address Reference Count : 1]<UL><LI> startup_stm32f103xb.o(RESET)
</UL>
<P><STRONG><a name="[7a]"></a>DebugMon_Handler</STRONG> (Thumb, 2 bytes, Stack size 0 bytes, stm32f1xx_it.o(i.DebugMon_Handler))
<BR>[Address Reference Count : 1]<UL><LI> startup_stm32f103xb.o(RESET)
</UL>
<P><STRONG><a name="[c3]"></a>Error_Handler</STRONG> (Thumb, 30 bytes, Stack size 0 bytes, main.o(i.Error_Handler))
<BR><BR>[Calls]<UL><LI><a href="#[c5]">&gt;&gt;</a>&nbsp;&nbsp;&nbsp;burst_sw_on_crash
<LI><a href="#[c4]">&gt;&gt;</a>&nbsp;&nbsp;&nbsp;burst_hw_on_crash
</UL>
<BR>[Called By]<UL><LI><a href="#[10c]">&gt;&gt;</a>&nbsp;&nbsp;&nbsp;HAL_UART_MspInit
<LI><a href="#[120]">&gt;&gt;</a>&nbsp;&nbsp;&nbsp;MX_USART1_UART_Init
<LI><a href="#[11a]">&gt;&gt;</a>&nbsp;&nbsp;&nbsp;MX_TIM1_Init
<LI><a href="#[119]">&gt;&gt;</a>&nbsp;&nbsp;&nbsp;MX_I2C1_Init
<LI><a href="#[116]">&gt;&gt;</a>&nbsp;&nbsp;&nbsp;MX_ADC2_Init
<LI><a href="#[114]">&gt;&gt;</a>&nbsp;&nbsp;&nbsp;MX_ADC1_Init
</UL>

<P><STRONG><a name="[cc]"></a>FMSTR_AddressFromBuffer</STRONG> (Thumb, 80 bytes, Stack size 12 bytes, k1-burst-driver.obj.o(i.FMSTR_AddressFromBuffer), UNUSED)
<BR><BR>[Called By]<UL><LI><a href="#[cd]">&gt;&gt;</a>&nbsp;&nbsp;&nbsp;FMSTR_SetUpRec
<LI><a href="#[cb]">&gt;&gt;</a>&nbsp;&nbsp;&nbsp;FMSTR_ProtocolDecoder
</UL>

<P><STRONG><a name="[ce]"></a>FMSTR_GetRecBuff</STRONG> (Thumb, 122 bytes, Stack size 12 bytes, k1-burst-driver.obj.o(i.FMSTR_GetRecBuff), UNUSED)
<BR><BR>[Called By]<UL><LI><a href="#[cb]">&gt;&gt;</a>&nbsp;&nbsp;&nbsp;FMSTR_ProtocolDecoder
</UL>

<P><STRONG><a name="[c6]"></a>FMSTR_ProcessSCI</STRONG> (Thumb, 480 bytes, Stack size 24 bytes, k1-burst-driver.obj.o(i.FMSTR_ProcessSCI))
<BR><BR>[Stack]<UL><LI>Max Depth = 48<LI>Call Chain = FMSTR_ProcessSCI &rArr; fm_space &rArr; burst_guard_leave
</UL>
<BR>[Calls]<UL><LI><a href="#[c8]">&gt;&gt;</a>&nbsp;&nbsp;&nbsp;fm_space
<LI><a href="#[c9]">&gt;&gt;</a>&nbsp;&nbsp;&nbsp;fm_put
<LI><a href="#[ca]">&gt;&gt;</a>&nbsp;&nbsp;&nbsp;fm_get
<LI><a href="#[c7]">&gt;&gt;</a>&nbsp;&nbsp;&nbsp;fm_available
</UL>
<BR>[Called By]<UL><LI><a href="#[1a0]">&gt;&gt;</a>&nbsp;&nbsp;&nbsp;fm_poll
</UL>

<P><STRONG><a name="[cb]"></a>FMSTR_ProtocolDecoder</STRONG> (Thumb, 992 bytes, Stack size 40 bytes, k1-burst-driver.obj.o(i.FMSTR_ProtocolDecoder), UNUSED)
<BR><BR>[Calls]<UL><LI><a href="#[cd]">&gt;&gt;</a>&nbsp;&nbsp;&nbsp;FMSTR_SetUpRec
<LI><a href="#[ce]">&gt;&gt;</a>&nbsp;&nbsp;&nbsp;FMSTR_GetRecBuff
<LI><a href="#[cc]">&gt;&gt;</a>&nbsp;&nbsp;&nbsp;FMSTR_AddressFromBuffer
<LI><a href="#[c9]">&gt;&gt;</a>&nbsp;&nbsp;&nbsp;fm_put
</UL>

<P><STRONG><a name="[1b3]"></a>FMSTR_Recorder</STRONG> (Thumb, 326 bytes, Stack size 40 bytes, k1-burst-driver.obj.o(i.FMSTR_Recorder))
<BR><BR>[Stack]<UL><LI>Max Depth = 40<LI>Call Chain = FMSTR_Recorder
</UL>
<BR>[Called By]<UL><LI><a href="#[19f]">&gt;&gt;</a>&nbsp;&nbsp;&nbsp;fm_recorder
</UL>

<P><STRONG><a name="[cd]"></a>FMSTR_SetUpRec</STRONG> (Thumb, 430 bytes, Stack size 36 bytes, k1-burst-driver.obj.o(i.FMSTR_SetUpRec), UNUSED)
<BR><BR>[Calls]<UL><LI><a href="#[cc]">&gt;&gt;</a>&nbsp;&nbsp;&nbsp;FMSTR_AddressFromBuffer
</UL>
<BR>[Called By]<UL><LI><a href="#[cb]">&gt;&gt;</a>&nbsp;&nbsp;&nbsp;FMSTR_ProtocolDecoder
</UL>

<P><STRONG><a name="[cf]"></a>HAL_ADCEx_Calibration_Start</STRONG> (Thumb, 304 bytes, Stack size 32 bytes, stm32f1xx_hal_adc_ex.o(i.HAL_ADCEx_Calibration_Start))
<BR><BR>[Stack]<UL><LI>Max Depth = 56<LI>Call Chain = HAL_ADCEx_Calibration_Start &rArr; ADC_Enable
</UL>
<BR>[Calls]<UL><LI><a href="#[d0]">&gt;&gt;</a>&nbsp;&nbsp;&nbsp;HAL_RCCEx_GetPeriphCLKFreq
<LI><a href="#[c0]">&gt;&gt;</a>&nbsp;&nbsp;&nbsp;HAL_GetTick
<LI><a href="#[c1]">&gt;&gt;</a>&nbsp;&nbsp;&nbsp;ADC_Enable
<LI><a href="#[bf]">&gt;&gt;</a>&nbsp;&nbsp;&nbsp;ADC_ConversionStop_Disable
</UL>
<BR>[Called By]<UL><LI><a href="#[14b]">&gt;&gt;</a>&nbsp;&nbsp;&nbsp;adc_start
</UL>

<P><STRONG><a name="[115]"></a>HAL_ADCEx_InjectedConfigChannel</STRONG> (Thumb, 654 bytes, Stack size 24 bytes, stm32f1xx_hal_adc_ex.o(i.HAL_ADCEx_InjectedConfigChannel))
<BR><BR>[Stack]<UL><LI>Max Depth = 24<LI>Call Chain = HAL_ADCEx_InjectedConfigChannel
</UL>
<BR>[Called By]<UL><LI><a href="#[116]">&gt;&gt;</a>&nbsp;&nbsp;&nbsp;MX_ADC2_Init
<LI><a href="#[114]">&gt;&gt;</a>&nbsp;&nbsp;&nbsp;MX_ADC1_Init
</UL>

<P><STRONG><a name="[d1]"></a>HAL_ADCEx_InjectedStart</STRONG> (Thumb, 192 bytes, Stack size 16 bytes, stm32f1xx_hal_adc_ex.o(i.HAL_ADCEx_InjectedStart))
<BR><BR>[Stack]<UL><LI>Max Depth = 40<LI>Call Chain = HAL_ADCEx_InjectedStart &rArr; ADC_Enable
</UL>
<BR>[Calls]<UL><LI><a href="#[c1]">&gt;&gt;</a>&nbsp;&nbsp;&nbsp;ADC_Enable
</UL>
<BR>[Called By]<UL><LI><a href="#[98]">&gt;&gt;</a>&nbsp;&nbsp;&nbsp;TIM1_CC_IRQHandler
</UL>

<P><STRONG><a name="[d2]"></a>HAL_ADCEx_InjectedStart_IT</STRONG> (Thumb, 206 bytes, Stack size 16 bytes, stm32f1xx_hal_adc_ex.o(i.HAL_ADCEx_InjectedStart_IT))
<BR><BR>[Stack]<UL><LI>Max Depth = 40<LI>Call Chain = HAL_ADCEx_InjectedStart_IT &rArr; ADC_Enable
</UL>
<BR>[Calls]<UL><LI><a href="#[c1]">&gt;&gt;</a>&nbsp;&nbsp;&nbsp;ADC_Enable
</UL>
<BR>[Called By]<UL><LI><a href="#[98]">&gt;&gt;</a>&nbsp;&nbsp;&nbsp;TIM1_CC_IRQHandler
</UL>

<P><STRONG><a name="[d3]"></a>HAL_ADC_Init</STRONG> (Thumb, 304 bytes, Stack size 24 bytes, stm32f1xx_hal_adc.o(i.HAL_ADC_Init))
<BR><BR>[Stack]<UL><LI>Max Depth = 88<LI>Call Chain = HAL_ADC_Init &rArr; HAL_ADC_MspInit &rArr; HAL_GPIO_Init
</UL>
<BR>[Calls]<UL><LI><a href="#[d4]">&gt;&gt;</a>&nbsp;&nbsp;&nbsp;HAL_ADC_MspInit
<LI><a href="#[bf]">&gt;&gt;</a>&nbsp;&nbsp;&nbsp;ADC_ConversionStop_Disable
</UL>
<BR>[Called By]<UL><LI><a href="#[116]">&gt;&gt;</a>&nbsp;&nbsp;&nbsp;MX_ADC2_Init
<LI><a href="#[114]">&gt;&gt;</a>&nbsp;&nbsp;&nbsp;MX_ADC1_Init
</UL>

<P><STRONG><a name="[d4]"></a>HAL_ADC_MspInit</STRONG> (Thumb, 152 bytes, Stack size 24 bytes, adc.o(i.HAL_ADC_MspInit))
<BR><BR>[Stack]<UL><LI>Max Depth = 64<LI>Call Chain = HAL_ADC_MspInit &rArr; HAL_GPIO_Init
</UL>
<BR>[Calls]<UL><LI><a href="#[d5]">&gt;&gt;</a>&nbsp;&nbsp;&nbsp;HAL_GPIO_Init
</UL>
<BR>[Called By]<UL><LI><a href="#[d3]">&gt;&gt;</a>&nbsp;&nbsp;&nbsp;HAL_ADC_Init
</UL>

<P><STRONG><a name="[104]"></a>HAL_DMA_Abort</STRONG> (Thumb, 72 bytes, Stack size 0 bytes, stm32f1xx_hal_dma.o(i.HAL_DMA_Abort))
<BR><BR>[Called By]<UL><LI><a href="#[108]">&gt;&gt;</a>&nbsp;&nbsp;&nbsp;HAL_UART_IRQHandler
<LI><a href="#[101]">&gt;&gt;</a>&nbsp;&nbsp;&nbsp;HAL_UART_DMAStop
<LI><a href="#[103]">&gt;&gt;</a>&nbsp;&nbsp;&nbsp;HAL_UART_AbortTransmit
</UL>

<P><STRONG><a name="[e3]"></a>HAL_DMA_Abort_IT</STRONG> (Thumb, 168 bytes, Stack size 8 bytes, stm32f1xx_hal_dma.o(i.HAL_DMA_Abort_IT))
<BR><BR>[Stack]<UL><LI>Max Depth = 8<LI>Call Chain = HAL_DMA_Abort_IT
</UL>
<BR>[Called By]<UL><LI><a href="#[108]">&gt;&gt;</a>&nbsp;&nbsp;&nbsp;HAL_UART_IRQHandler
<LI><a href="#[da]">&gt;&gt;</a>&nbsp;&nbsp;&nbsp;HAL_I2C_EV_IRQHandler
<LI><a href="#[d9]">&gt;&gt;</a>&nbsp;&nbsp;&nbsp;I2C_ITError
</UL>

<P><STRONG><a name="[105]"></a>HAL_DMA_GetError</STRONG> (Thumb, 4 bytes, Stack size 0 bytes, stm32f1xx_hal_dma.o(i.HAL_DMA_GetError))
<BR><BR>[Called By]<UL><LI><a href="#[103]">&gt;&gt;</a>&nbsp;&nbsp;&nbsp;HAL_UART_AbortTransmit
</UL>

<P><STRONG><a name="[e2]"></a>HAL_DMA_GetState</STRONG> (Thumb, 6 bytes, Stack size 0 bytes, stm32f1xx_hal_dma.o(i.HAL_DMA_GetState))
<BR><BR>[Called By]<UL><LI><a href="#[da]">&gt;&gt;</a>&nbsp;&nbsp;&nbsp;HAL_I2C_EV_IRQHandler
</UL>

<P><STRONG><a name="[c2]"></a>HAL_DMA_IRQHandler</STRONG> (Thumb, 364 bytes, Stack size 40 bytes, stm32f1xx_hal_dma.o(i.HAL_DMA_IRQHandler))
<BR><BR>[Stack]<UL><LI>Max Depth = 40<LI>Call Chain = HAL_DMA_IRQHandler
</UL>
<BR>[Called By]<UL><LI><a href="#[8c]">&gt;&gt;</a>&nbsp;&nbsp;&nbsp;DMA1_Channel5_IRQHandler
<LI><a href="#[8b]">&gt;&gt;</a>&nbsp;&nbsp;&nbsp;DMA1_Channel4_IRQHandler
</UL>

<P><STRONG><a name="[10e]"></a>HAL_DMA_Init</STRONG> (Thumb, 128 bytes, Stack size 4 bytes, stm32f1xx_hal_dma.o(i.HAL_DMA_Init))
<BR><BR>[Stack]<UL><LI>Max Depth = 4<LI>Call Chain = HAL_DMA_Init
</UL>
<BR>[Called By]<UL><LI><a href="#[10c]">&gt;&gt;</a>&nbsp;&nbsp;&nbsp;HAL_UART_MspInit
</UL>

<P><STRONG><a name="[110]"></a>HAL_DMA_Start_IT</STRONG> (Thumb, 150 bytes, Stack size 12 bytes, stm32f1xx_hal_dma.o(i.HAL_DMA_Start_IT))
<BR><BR>[Stack]<UL><LI>Max Depth = 12<LI>Call Chain = HAL_DMA_Start_IT
</UL>
<BR>[Called By]<UL><LI><a href="#[fe]">&gt;&gt;</a>&nbsp;&nbsp;&nbsp;UART_Start_Receive_DMA
<LI><a href="#[10f]">&gt;&gt;</a>&nbsp;&nbsp;&nbsp;HAL_UART_Transmit_DMA
</UL>

<P><STRONG><a name="[d5]"></a>HAL_GPIO_Init</STRONG> (Thumb, 492 bytes, Stack size 40 bytes, stm32f1xx_hal_gpio.o(i.HAL_GPIO_Init))
<BR><BR>[Stack]<UL><LI>Max Depth = 40<LI>Call Chain = HAL_GPIO_Init
</UL>
<BR>[Called By]<UL><LI><a href="#[10c]">&gt;&gt;</a>&nbsp;&nbsp;&nbsp;HAL_UART_MspInit
<LI><a href="#[e7]">&gt;&gt;</a>&nbsp;&nbsp;&nbsp;HAL_I2C_MspInit
<LI><a href="#[d4]">&gt;&gt;</a>&nbsp;&nbsp;&nbsp;HAL_ADC_MspInit
<LI><a href="#[11a]">&gt;&gt;</a>&nbsp;&nbsp;&nbsp;MX_TIM1_Init
<LI><a href="#[118]">&gt;&gt;</a>&nbsp;&nbsp;&nbsp;MX_GPIO_Init
</UL>

<P><STRONG><a name="[102]"></a>HAL_GPIO_WritePin</STRONG> (Thumb, 10 bytes, Stack size 0 bytes, stm32f1xx_hal_gpio.o(i.HAL_GPIO_WritePin))
<BR><BR>[Called By]<UL><LI><a href="#[118]">&gt;&gt;</a>&nbsp;&nbsp;&nbsp;MX_GPIO_Init
<LI><a href="#[1b4]">&gt;&gt;</a>&nbsp;&nbsp;&nbsp;k1_serial_send_packet
<LI><a href="#[16d]">&gt;&gt;</a>&nbsp;&nbsp;&nbsp;burst_hw_start
<LI><a href="#[10a]">&gt;&gt;</a>&nbsp;&nbsp;&nbsp;HAL_UART_TxCpltCallback
<LI><a href="#[106]">&gt;&gt;</a>&nbsp;&nbsp;&nbsp;HAL_UART_ErrorCallback
<LI><a href="#[ff]">&gt;&gt;</a>&nbsp;&nbsp;&nbsp;HAL_UARTEx_RxEventCallback
</UL>

<P><STRONG><a name="[c0]"></a>HAL_GetTick</STRONG> (Thumb, 12 bytes, Stack size 0 bytes, stm32f1xx_hal.o(i.HAL_GetTick))
<BR><BR>[Called By]<UL><LI><a href="#[f5]">&gt;&gt;</a>&nbsp;&nbsp;&nbsp;HAL_RCC_OscConfig
<LI><a href="#[f4]">&gt;&gt;</a>&nbsp;&nbsp;&nbsp;HAL_RCC_ClockConfig
<LI><a href="#[f3]">&gt;&gt;</a>&nbsp;&nbsp;&nbsp;HAL_RCCEx_PeriphCLKConfig
<LI><a href="#[cf]">&gt;&gt;</a>&nbsp;&nbsp;&nbsp;HAL_ADCEx_Calibration_Start
<LI><a href="#[c1]">&gt;&gt;</a>&nbsp;&nbsp;&nbsp;ADC_Enable
<LI><a href="#[bf]">&gt;&gt;</a>&nbsp;&nbsp;&nbsp;ADC_ConversionStop_Disable
</UL>

<P><STRONG><a name="[113]"></a>HAL_I2C_AbortCpltCallback</STRONG> (Thumb, 2 bytes, Stack size 0 bytes, stm32f1xx_hal_i2c.o(i.HAL_I2C_AbortCpltCallback))
<BR><BR>[Called By]<UL><LI><a href="#[d9]">&gt;&gt;</a>&nbsp;&nbsp;&nbsp;I2C_ITError
<LI><a href="#[112]">&gt;&gt;</a>&nbsp;&nbsp;&nbsp;I2C_DMAAbort
</UL>

<P><STRONG><a name="[e1]"></a>HAL_I2C_AddrCallback</STRONG> (Thumb, 2 bytes, Stack size 0 bytes, stm32f1xx_hal_i2c.o(i.HAL_I2C_AddrCallback))
<BR><BR>[Called By]<UL><LI><a href="#[da]">&gt;&gt;</a>&nbsp;&nbsp;&nbsp;HAL_I2C_EV_IRQHandler
</UL>

<P><STRONG><a name="[d6]"></a>HAL_I2C_ER_IRQHandler</STRONG> (Thumb, 364 bytes, Stack size 32 bytes, stm32f1xx_hal_i2c.o(i.HAL_I2C_ER_IRQHandler))
<BR><BR>[Stack]<UL><LI>Max Depth = 128<LI>Call Chain = HAL_I2C_ER_IRQHandler &rArr; I2C_ITError &rArr; HAL_I2C_ErrorCallback &rArr; TMP423_refuse &rArr; TMP423_panic_ &rArr;  TMP423_panic_ (Cycle)
</UL>
<BR>[Calls]<UL><LI><a href="#[d8]">&gt;&gt;</a>&nbsp;&nbsp;&nbsp;HAL_I2C_SlaveTxCpltCallback
<LI><a href="#[d7]">&gt;&gt;</a>&nbsp;&nbsp;&nbsp;HAL_I2C_ListenCpltCallback
<LI><a href="#[d9]">&gt;&gt;</a>&nbsp;&nbsp;&nbsp;I2C_ITError
</UL>
<BR>[Called By]<UL><LI><a href="#[9d]">&gt;&gt;</a>&nbsp;&nbsp;&nbsp;I2C1_ER_IRQHandler
</UL>

<P><STRONG><a name="[da]"></a>HAL_I2C_EV_IRQHandler</STRONG> (Thumb, 2218 bytes, Stack size 40 bytes, stm32f1xx_hal_i2c.o(i.HAL_I2C_EV_IRQHandler))
<BR><BR>[Stack]<UL><LI>Max Depth = 136<LI>Call Chain = HAL_I2C_EV_IRQHandler &rArr; I2C_ITError &rArr; HAL_I2C_ErrorCallback &rArr; TMP423_refuse &rArr; TMP423_panic_ &rArr;  TMP423_panic_ (Cycle)
</UL>
<BR>[Calls]<UL><LI><a href="#[e2]">&gt;&gt;</a>&nbsp;&nbsp;&nbsp;HAL_DMA_GetState
<LI><a href="#[e3]">&gt;&gt;</a>&nbsp;&nbsp;&nbsp;HAL_DMA_Abort_IT
<LI><a href="#[d8]">&gt;&gt;</a>&nbsp;&nbsp;&nbsp;HAL_I2C_SlaveTxCpltCallback
<LI><a href="#[e4]">&gt;&gt;</a>&nbsp;&nbsp;&nbsp;HAL_I2C_SlaveRxCpltCallback
<LI><a href="#[db]">&gt;&gt;</a>&nbsp;&nbsp;&nbsp;HAL_I2C_MemTxCpltCallback
<LI><a href="#[df]">&gt;&gt;</a>&nbsp;&nbsp;&nbsp;HAL_I2C_MemRxCpltCallback
<LI><a href="#[d7]">&gt;&gt;</a>&nbsp;&nbsp;&nbsp;HAL_I2C_ListenCpltCallback
<LI><a href="#[e1]">&gt;&gt;</a>&nbsp;&nbsp;&nbsp;HAL_I2C_AddrCallback
<LI><a href="#[dd]">&gt;&gt;</a>&nbsp;&nbsp;&nbsp;I2C_MemoryTransmit_TXE_BTF
<LI><a href="#[d9]">&gt;&gt;</a>&nbsp;&nbsp;&nbsp;I2C_ITError
<LI><a href="#[dc]">&gt;&gt;</a>&nbsp;&nbsp;&nbsp;HAL_I2C_MasterTxCpltCallback
<LI><a href="#[e0]">&gt;&gt;</a>&nbsp;&nbsp;&nbsp;HAL_I2C_MasterRxCpltCallback
<LI><a href="#[de]">&gt;&gt;</a>&nbsp;&nbsp;&nbsp;HAL_I2C_ErrorCallback
</UL>
<BR>[Called By]<UL><LI><a href="#[9c]">&gt;&gt;</a>&nbsp;&nbsp;&nbsp;I2C1_EV_IRQHandler
</UL>

<P><STRONG><a name="[de]"></a>HAL_I2C_ErrorCallback</STRONG> (Thumb, 4 bytes, Stack size 0 bytes, k1-burst-driver.pfr.o(i.HAL_I2C_ErrorCallback))
<BR><BR>[Stack]<UL><LI>Max Depth = 80<LI>Call Chain = HAL_I2C_ErrorCallback &rArr; TMP423_refuse &rArr; TMP423_panic_ &rArr;  TMP423_panic_ (Cycle)
</UL>
<BR>[Calls]<UL><LI><a href="#[e5]">&gt;&gt;</a>&nbsp;&nbsp;&nbsp;TMP423_refuse
</UL>
<BR>[Called By]<UL><LI><a href="#[da]">&gt;&gt;</a>&nbsp;&nbsp;&nbsp;HAL_I2C_EV_IRQHandler
<LI><a href="#[d9]">&gt;&gt;</a>&nbsp;&nbsp;&nbsp;I2C_ITError
<LI><a href="#[112]">&gt;&gt;</a>&nbsp;&nbsp;&nbsp;I2C_DMAAbort
</UL>

<P><STRONG><a name="[e6]"></a>HAL_I2C_Init</STRONG> (Thumb, 432 bytes, Stack size 16 bytes, stm32f1xx_hal_i2c.o(i.HAL_I2C_Init))
<BR><BR>[Stack]<UL><LI>Max Depth = 88<LI>Call Chain = HAL_I2C_Init &rArr; HAL_I2C_MspInit &rArr; HAL_GPIO_Init
</UL>
<BR>[Calls]<UL><LI><a href="#[e7]">&gt;&gt;</a>&nbsp;&nbsp;&nbsp;HAL_I2C_MspInit
<LI><a href="#[e8]">&gt;&gt;</a>&nbsp;&nbsp;&nbsp;HAL_RCC_GetPCLK1Freq
</UL>
<BR>[Called By]<UL><LI><a href="#[119]">&gt;&gt;</a>&nbsp;&nbsp;&nbsp;MX_I2C1_Init
</UL>

<P><STRONG><a name="[d7]"></a>HAL_I2C_ListenCpltCallback</STRONG> (Thumb, 2 bytes, Stack size 0 bytes, stm32f1xx_hal_i2c.o(i.HAL_I2C_ListenCpltCallback))
<BR><BR>[Called By]<UL><LI><a href="#[da]">&gt;&gt;</a>&nbsp;&nbsp;&nbsp;HAL_I2C_EV_IRQHandler
<LI><a href="#[d6]">&gt;&gt;</a>&nbsp;&nbsp;&nbsp;HAL_I2C_ER_IRQHandler
<LI><a href="#[d9]">&gt;&gt;</a>&nbsp;&nbsp;&nbsp;I2C_ITError
</UL>

<P><STRONG><a name="[e0]"></a>HAL_I2C_MasterRxCpltCallback</STRONG> (Thumb, 4 bytes, Stack size 0 bytes, k1-burst-driver.pfr.o(i.HAL_I2C_MasterRxCpltCallback))
<BR><BR>[Stack]<UL><LI>Max Depth = 80<LI>Call Chain = HAL_I2C_MasterRxCpltCallback &rArr; TMP423_confirm &rArr; TMP423_panic_ &rArr;  TMP423_panic_ (Cycle)
</UL>
<BR>[Calls]<UL><LI><a href="#[e9]">&gt;&gt;</a>&nbsp;&nbsp;&nbsp;TMP423_confirm
</UL>
<BR>[Called By]<UL><LI><a href="#[da]">&gt;&gt;</a>&nbsp;&nbsp;&nbsp;HAL_I2C_EV_IRQHandler
</UL>

<P><STRONG><a name="[dc]"></a>HAL_I2C_MasterTxCpltCallback</STRONG> (Thumb, 4 bytes, Stack size 0 bytes, k1-burst-driver.pfr.o(i.HAL_I2C_MasterTxCpltCallback))
<BR><BR>[Stack]<UL><LI>Max Depth = 80<LI>Call Chain = HAL_I2C_MasterTxCpltCallback &rArr; TMP423_confirm &rArr; TMP423_panic_ &rArr;  TMP423_panic_ (Cycle)
</UL>
<BR>[Calls]<UL><LI><a href="#[e9]">&gt;&gt;</a>&nbsp;&nbsp;&nbsp;TMP423_confirm
</UL>
<BR>[Called By]<UL><LI><a href="#[da]">&gt;&gt;</a>&nbsp;&nbsp;&nbsp;HAL_I2C_EV_IRQHandler
</UL>

<P><STRONG><a name="[ea]"></a>HAL_I2C_Master_Abort_IT</STRONG> (Thumb, 94 bytes, Stack size 8 bytes, stm32f1xx_hal_i2c.o(i.HAL_I2C_Master_Abort_IT))
<BR><BR>[Stack]<UL><LI>Max Depth = 8 + In Cycle
<LI>Call Chain = HAL_I2C_Master_Abort_IT &rArr;  I2C_ITError (Cycle)
</UL>
<BR>[Calls]<UL><LI><a href="#[d9]">&gt;&gt;</a>&nbsp;&nbsp;&nbsp;I2C_ITError
</UL>
<BR>[Called By]<UL><LI><a href="#[12e]">&gt;&gt;</a>&nbsp;&nbsp;&nbsp;TMP423_prf_send_cancel
<LI><a href="#[12f]">&gt;&gt;</a>&nbsp;&nbsp;&nbsp;TMP423_prf_receive_cancel
</UL>

<P><STRONG><a name="[130]"></a>HAL_I2C_Master_Receive_IT</STRONG> (Thumb, 250 bytes, Stack size 12 bytes, stm32f1xx_hal_i2c.o(i.HAL_I2C_Master_Receive_IT))
<BR><BR>[Stack]<UL><LI>Max Depth = 12<LI>Call Chain = HAL_I2C_Master_Receive_IT
</UL>
<BR>[Called By]<UL><LI><a href="#[12a]">&gt;&gt;</a>&nbsp;&nbsp;&nbsp;TMP423_prf_start_receive
</UL>

<P><STRONG><a name="[131]"></a>HAL_I2C_Master_Transmit_IT</STRONG> (Thumb, 238 bytes, Stack size 12 bytes, stm32f1xx_hal_i2c.o(i.HAL_I2C_Master_Transmit_IT))
<BR><BR>[Stack]<UL><LI>Max Depth = 12<LI>Call Chain = HAL_I2C_Master_Transmit_IT
</UL>
<BR>[Called By]<UL><LI><a href="#[12c]">&gt;&gt;</a>&nbsp;&nbsp;&nbsp;TMP423_prf_start_send
</UL>

<P><STRONG><a name="[df]"></a>HAL_I2C_MemRxCpltCallback</STRONG> (Thumb, 2 bytes, Stack size 0 bytes, stm32f1xx_hal_i2c.o(i.HAL_I2C_MemRxCpltCallback))
<BR><BR>[Called By]<UL><LI><a href="#[da]">&gt;&gt;</a>&nbsp;&nbsp;&nbsp;HAL_I2C_EV_IRQHandler
</UL>

<P><STRONG><a name="[db]"></a>HAL_I2C_MemTxCpltCallback</STRONG> (Thumb, 2 bytes, Stack size 0 bytes, stm32f1xx_hal_i2c.o(i.HAL_I2C_MemTxCpltCallback))
<BR><BR>[Called By]<UL><LI><a href="#[da]">&gt;&gt;</a>&nbsp;&nbsp;&nbsp;HAL_I2C_EV_IRQHandler
<LI><a href="#[dd]">&gt;&gt;</a>&nbsp;&nbsp;&nbsp;I2C_MemoryTransmit_TXE_BTF
</UL>

<P><STRONG><a name="[e7]"></a>HAL_I2C_MspInit</STRONG> (Thumb, 152 bytes, Stack size 32 bytes, i2c.o(i.HAL_I2C_MspInit))
<BR><BR>[Stack]<UL><LI>Max Depth = 72<LI>Call Chain = HAL_I2C_MspInit &rArr; HAL_GPIO_Init
</UL>
<BR>[Calls]<UL><LI><a href="#[eb]">&gt;&gt;</a>&nbsp;&nbsp;&nbsp;HAL_NVIC_SetPriority
<LI><a href="#[ec]">&gt;&gt;</a>&nbsp;&nbsp;&nbsp;HAL_NVIC_EnableIRQ
<LI><a href="#[d5]">&gt;&gt;</a>&nbsp;&nbsp;&nbsp;HAL_GPIO_Init
</UL>
<BR>[Called By]<UL><LI><a href="#[e6]">&gt;&gt;</a>&nbsp;&nbsp;&nbsp;HAL_I2C_Init
</UL>

<P><STRONG><a name="[e4]"></a>HAL_I2C_SlaveRxCpltCallback</STRONG> (Thumb, 2 bytes, Stack size 0 bytes, stm32f1xx_hal_i2c.o(i.HAL_I2C_SlaveRxCpltCallback))
<BR><BR>[Called By]<UL><LI><a href="#[da]">&gt;&gt;</a>&nbsp;&nbsp;&nbsp;HAL_I2C_EV_IRQHandler
</UL>

<P><STRONG><a name="[d8]"></a>HAL_I2C_SlaveTxCpltCallback</STRONG> (Thumb, 2 bytes, Stack size 0 bytes, stm32f1xx_hal_i2c.o(i.HAL_I2C_SlaveTxCpltCallback))
<BR><BR>[Called By]<UL><LI><a href="#[da]">&gt;&gt;</a>&nbsp;&nbsp;&nbsp;HAL_I2C_EV_IRQHandler
<LI><a href="#[d6]">&gt;&gt;</a>&nbsp;&nbsp;&nbsp;HAL_I2C_ER_IRQHandler
</UL>

<P><STRONG><a name="[121]"></a>HAL_IncTick</STRONG> (Thumb, 18 bytes, Stack size 0 bytes, stm32f1xx_hal.o(i.HAL_IncTick))
<BR><BR>[Called By]<UL><LI><a href="#[7c]">&gt;&gt;</a>&nbsp;&nbsp;&nbsp;SysTick_Handler
</UL>

<P><STRONG><a name="[ed]"></a>HAL_Init</STRONG> (Thumb, 38 bytes, Stack size 8 bytes, stm32f1xx_hal.o(i.HAL_Init))
<BR><BR>[Stack]<UL><LI>Max Depth = 28<LI>Call Chain = HAL_Init &rArr; HAL_InitTick &rArr; HAL_NVIC_SetPriority
</UL>
<BR>[Calls]<UL><LI><a href="#[f0]">&gt;&gt;</a>&nbsp;&nbsp;&nbsp;HAL_MspInit
<LI><a href="#[ef]">&gt;&gt;</a>&nbsp;&nbsp;&nbsp;HAL_InitTick
<LI><a href="#[ee]">&gt;&gt;</a>&nbsp;&nbsp;&nbsp;HAL_NVIC_SetPriorityGrouping
</UL>
<BR>[Called By]<UL><LI><a href="#[b3]">&gt;&gt;</a>&nbsp;&nbsp;&nbsp;main
</UL>

<P><STRONG><a name="[ef]"></a>HAL_InitTick</STRONG> (Thumb, 66 bytes, Stack size 16 bytes, stm32f1xx_hal.o(i.HAL_InitTick))
<BR><BR>[Stack]<UL><LI>Max Depth = 20<LI>Call Chain = HAL_InitTick &rArr; HAL_NVIC_SetPriority
</UL>
<BR>[Calls]<UL><LI><a href="#[eb]">&gt;&gt;</a>&nbsp;&nbsp;&nbsp;HAL_NVIC_SetPriority
<LI><a href="#[f1]">&gt;&gt;</a>&nbsp;&nbsp;&nbsp;HAL_SYSTICK_Config
</UL>
<BR>[Called By]<UL><LI><a href="#[f4]">&gt;&gt;</a>&nbsp;&nbsp;&nbsp;HAL_RCC_ClockConfig
<LI><a href="#[ed]">&gt;&gt;</a>&nbsp;&nbsp;&nbsp;HAL_Init
</UL>

<P><STRONG><a name="[f0]"></a>HAL_MspInit</STRONG> (Thumb, 64 bytes, Stack size 4 bytes, stm32f1xx_hal_msp.o(i.HAL_MspInit))
<BR><BR>[Stack]<UL><LI>Max Depth = 4<LI>Call Chain = HAL_MspInit
</UL>
<BR>[Called By]<UL><LI><a href="#[ed]">&gt;&gt;</a>&nbsp;&nbsp;&nbsp;HAL_Init
</UL>

<P><STRONG><a name="[ec]"></a>HAL_NVIC_EnableIRQ</STRONG> (Thumb, 30 bytes, Stack size 0 bytes, stm32f1xx_hal_cortex.o(i.HAL_NVIC_EnableIRQ))
<BR><BR>[Called By]<UL><LI><a href="#[10c]">&gt;&gt;</a>&nbsp;&nbsp;&nbsp;HAL_UART_MspInit
<LI><a href="#[e7]">&gt;&gt;</a>&nbsp;&nbsp;&nbsp;HAL_I2C_MspInit
<LI><a href="#[117]">&gt;&gt;</a>&nbsp;&nbsp;&nbsp;MX_DMA_Init
<LI><a href="#[14b]">&gt;&gt;</a>&nbsp;&nbsp;&nbsp;adc_start
<LI><a href="#[160]">&gt;&gt;</a>&nbsp;&nbsp;&nbsp;burst_hw_begin
</UL>

<P><STRONG><a name="[eb]"></a>HAL_NVIC_SetPriority</STRONG> (Thumb, 102 bytes, Stack size 4 bytes, stm32f1xx_hal_cortex.o(i.HAL_NVIC_SetPriority))
<BR><BR>[Stack]<UL><LI>Max Depth = 4<LI>Call Chain = HAL_NVIC_SetPriority
</UL>
<BR>[Called By]<UL><LI><a href="#[10c]">&gt;&gt;</a>&nbsp;&nbsp;&nbsp;HAL_UART_MspInit
<LI><a href="#[e7]">&gt;&gt;</a>&nbsp;&nbsp;&nbsp;HAL_I2C_MspInit
<LI><a href="#[117]">&gt;&gt;</a>&nbsp;&nbsp;&nbsp;MX_DMA_Init
<LI><a href="#[ef]">&gt;&gt;</a>&nbsp;&nbsp;&nbsp;HAL_InitTick
<LI><a href="#[14b]">&gt;&gt;</a>&nbsp;&nbsp;&nbsp;adc_start
<LI><a href="#[160]">&gt;&gt;</a>&nbsp;&nbsp;&nbsp;burst_hw_begin
</UL>

<P><STRONG><a name="[ee]"></a>HAL_NVIC_SetPriorityGrouping</STRONG> (Thumb, 36 bytes, Stack size 0 bytes, stm32f1xx_hal_cortex.o(i.HAL_NVIC_SetPriorityGrouping))
<BR><BR>[Called By]<UL><LI><a href="#[ed]">&gt;&gt;</a>&nbsp;&nbsp;&nbsp;HAL_Init
</UL>

<P><STRONG><a name="[d0]"></a>HAL_RCCEx_GetPeriphCLKFreq</STRONG> (Thumb, 220 bytes, Stack size 8 bytes, stm32f1xx_hal_rcc_ex.o(i.HAL_RCCEx_GetPeriphCLKFreq))
<BR><BR>[Stack]<UL><LI>Max Depth = 8<LI>Call Chain = HAL_RCCEx_GetPeriphCLKFreq
</UL>
<BR>[Calls]<UL><LI><a href="#[f2]">&gt;&gt;</a>&nbsp;&nbsp;&nbsp;HAL_RCC_GetPCLK2Freq
</UL>
<BR>[Called By]<UL><LI><a href="#[cf]">&gt;&gt;</a>&nbsp;&nbsp;&nbsp;HAL_ADCEx_Calibration_Start
</UL>

<P><STRONG><a name="[f3]"></a>HAL_RCCEx_PeriphCLKConfig</STRONG> (Thumb, 302 bytes, Stack size 32 bytes, stm32f1xx_hal_rcc_ex.o(i.HAL_RCCEx_PeriphCLKConfig))
<BR><BR>[Stack]<UL><LI>Max Depth = 32<LI>Call Chain = HAL_RCCEx_PeriphCLKConfig
</UL>
<BR>[Calls]<UL><LI><a href="#[c0]">&gt;&gt;</a>&nbsp;&nbsp;&nbsp;HAL_GetTick
</UL>
<BR>[Called By]<UL><LI><a href="#[122]">&gt;&gt;</a>&nbsp;&nbsp;&nbsp;SystemClock_Config
</UL>

<P><STRONG><a name="[f4]"></a>HAL_RCC_ClockConfig</STRONG> (Thumb, 450 bytes, Stack size 32 bytes, stm32f1xx_hal_rcc.o(i.HAL_RCC_ClockConfig))
<BR><BR>[Stack]<UL><LI>Max Depth = 52<LI>Call Chain = HAL_RCC_ClockConfig &rArr; HAL_InitTick &rArr; HAL_NVIC_SetPriority
</UL>
<BR>[Calls]<UL><LI><a href="#[ef]">&gt;&gt;</a>&nbsp;&nbsp;&nbsp;HAL_InitTick
<LI><a href="#[c0]">&gt;&gt;</a>&nbsp;&nbsp;&nbsp;HAL_GetTick
</UL>
<BR>[Called By]<UL><LI><a href="#[122]">&gt;&gt;</a>&nbsp;&nbsp;&nbsp;SystemClock_Config
</UL>

<P><STRONG><a name="[e8]"></a>HAL_RCC_GetPCLK1Freq</STRONG> (Thumb, 38 bytes, Stack size 0 bytes, stm32f1xx_hal_rcc.o(i.HAL_RCC_GetPCLK1Freq))
<BR><BR>[Called By]<UL><LI><a href="#[e6]">&gt;&gt;</a>&nbsp;&nbsp;&nbsp;HAL_I2C_Init
<LI><a href="#[10d]">&gt;&gt;</a>&nbsp;&nbsp;&nbsp;UART_SetConfig
</UL>

<P><STRONG><a name="[f2]"></a>HAL_RCC_GetPCLK2Freq</STRONG> (Thumb, 38 bytes, Stack size 0 bytes, stm32f1xx_hal_rcc.o(i.HAL_RCC_GetPCLK2Freq))
<BR><BR>[Called By]<UL><LI><a href="#[d0]">&gt;&gt;</a>&nbsp;&nbsp;&nbsp;HAL_RCCEx_GetPeriphCLKFreq
<LI><a href="#[10d]">&gt;&gt;</a>&nbsp;&nbsp;&nbsp;UART_SetConfig
</UL>

<P><STRONG><a name="[f5]"></a>HAL_RCC_OscConfig</STRONG> (Thumb, 968 bytes, Stack size 40 bytes, stm32f1xx_hal_rcc.o(i.HAL_RCC_OscConfig))
<BR><BR>[Stack]<UL><LI>Max Depth = 40<LI>Call Chain = HAL_RCC_OscConfig
</UL>
<BR>[Calls]<UL><LI><a href="#[c0]">&gt;&gt;</a>&nbsp;&nbsp;&nbsp;HAL_GetTick
</UL>
<BR>[Called By]<UL><LI><a href="#[122]">&gt;&gt;</a>&nbsp;&nbsp;&nbsp;SystemClock_Config
</UL>

<P><STRONG><a name="[f1]"></a>HAL_SYSTICK_Config</STRONG> (Thumb, 44 bytes, Stack size 0 bytes, stm32f1xx_hal_cortex.o(i.HAL_SYSTICK_Config))
<BR><BR>[Called By]<UL><LI><a href="#[ef]">&gt;&gt;</a>&nbsp;&nbsp;&nbsp;HAL_InitTick
</UL>

<P><STRONG><a name="[11f]"></a>HAL_TIMEx_ConfigBreakDeadTime</STRONG> (Thumb, 82 bytes, Stack size 0 bytes, stm32f1xx_hal_tim_ex.o(i.HAL_TIMEx_ConfigBreakDeadTime))
<BR><BR>[Called By]<UL><LI><a href="#[11a]">&gt;&gt;</a>&nbsp;&nbsp;&nbsp;MX_TIM1_Init
</UL>

<P><STRONG><a name="[11c]"></a>HAL_TIMEx_MasterConfigSynchronization</STRONG> (Thumb, 110 bytes, Stack size 8 bytes, stm32f1xx_hal_tim_ex.o(i.HAL_TIMEx_MasterConfigSynchronization))
<BR><BR>[Stack]<UL><LI>Max Depth = 8<LI>Call Chain = HAL_TIMEx_MasterConfigSynchronization
</UL>
<BR>[Called By]<UL><LI><a href="#[11a]">&gt;&gt;</a>&nbsp;&nbsp;&nbsp;MX_TIM1_Init
</UL>

<P><STRONG><a name="[f6]"></a>HAL_TIM_Base_Init</STRONG> (Thumb, 90 bytes, Stack size 8 bytes, stm32f1xx_hal_tim.o(i.HAL_TIM_Base_Init))
<BR><BR>[Stack]<UL><LI>Max Depth = 16<LI>Call Chain = HAL_TIM_Base_Init &rArr; TIM_Base_SetConfig
</UL>
<BR>[Calls]<UL><LI><a href="#[f7]">&gt;&gt;</a>&nbsp;&nbsp;&nbsp;HAL_TIM_Base_MspInit
<LI><a href="#[f8]">&gt;&gt;</a>&nbsp;&nbsp;&nbsp;TIM_Base_SetConfig
</UL>
<BR>[Called By]<UL><LI><a href="#[11a]">&gt;&gt;</a>&nbsp;&nbsp;&nbsp;MX_TIM1_Init
</UL>

<P><STRONG><a name="[f7]"></a>HAL_TIM_Base_MspInit</STRONG> (Thumb, 46 bytes, Stack size 4 bytes, tim.o(i.HAL_TIM_Base_MspInit))
<BR><BR>[Stack]<UL><LI>Max Depth = 4<LI>Call Chain = HAL_TIM_Base_MspInit
</UL>
<BR>[Called By]<UL><LI><a href="#[f6]">&gt;&gt;</a>&nbsp;&nbsp;&nbsp;HAL_TIM_Base_Init
</UL>

<P><STRONG><a name="[11b]"></a>HAL_TIM_ConfigClockSource</STRONG> (Thumb, 366 bytes, Stack size 12 bytes, stm32f1xx_hal_tim.o(i.HAL_TIM_ConfigClockSource))
<BR><BR>[Stack]<UL><LI>Max Depth = 12<LI>Call Chain = HAL_TIM_ConfigClockSource
</UL>
<BR>[Called By]<UL><LI><a href="#[11a]">&gt;&gt;</a>&nbsp;&nbsp;&nbsp;MX_TIM1_Init
</UL>

<P><STRONG><a name="[11e]"></a>HAL_TIM_OC_ConfigChannel</STRONG> (Thumb, 390 bytes, Stack size 16 bytes, stm32f1xx_hal_tim.o(i.HAL_TIM_OC_ConfigChannel))
<BR><BR>[Stack]<UL><LI>Max Depth = 16<LI>Call Chain = HAL_TIM_OC_ConfigChannel
</UL>
<BR>[Called By]<UL><LI><a href="#[11a]">&gt;&gt;</a>&nbsp;&nbsp;&nbsp;MX_TIM1_Init
</UL>

<P><STRONG><a name="[f9]"></a>HAL_TIM_OC_Init</STRONG> (Thumb, 90 bytes, Stack size 8 bytes, stm32f1xx_hal_tim.o(i.HAL_TIM_OC_Init))
<BR><BR>[Stack]<UL><LI>Max Depth = 16<LI>Call Chain = HAL_TIM_OC_Init &rArr; TIM_Base_SetConfig
</UL>
<BR>[Calls]<UL><LI><a href="#[fa]">&gt;&gt;</a>&nbsp;&nbsp;&nbsp;HAL_TIM_OC_MspInit
<LI><a href="#[f8]">&gt;&gt;</a>&nbsp;&nbsp;&nbsp;TIM_Base_SetConfig
</UL>
<BR>[Called By]<UL><LI><a href="#[11a]">&gt;&gt;</a>&nbsp;&nbsp;&nbsp;MX_TIM1_Init
</UL>

<P><STRONG><a name="[fa]"></a>HAL_TIM_OC_MspInit</STRONG> (Thumb, 2 bytes, Stack size 0 bytes, stm32f1xx_hal_tim.o(i.HAL_TIM_OC_MspInit))
<BR><BR>[Called By]<UL><LI><a href="#[f9]">&gt;&gt;</a>&nbsp;&nbsp;&nbsp;HAL_TIM_OC_Init
</UL>

<P><STRONG><a name="[16e]"></a>HAL_TIM_OC_Start_IT</STRONG> (Thumb, 216 bytes, Stack size 0 bytes, stm32f1xx_hal_tim.o(i.HAL_TIM_OC_Start_IT))
<BR><BR>[Called By]<UL><LI><a href="#[16d]">&gt;&gt;</a>&nbsp;&nbsp;&nbsp;burst_hw_start
</UL>

<P><STRONG><a name="[11d]"></a>HAL_TIM_PWM_ConfigChannel</STRONG> (Thumb, 514 bytes, Stack size 16 bytes, stm32f1xx_hal_tim.o(i.HAL_TIM_PWM_ConfigChannel))
<BR><BR>[Stack]<UL><LI>Max Depth = 16<LI>Call Chain = HAL_TIM_PWM_ConfigChannel
</UL>
<BR>[Called By]<UL><LI><a href="#[11a]">&gt;&gt;</a>&nbsp;&nbsp;&nbsp;MX_TIM1_Init
</UL>

<P><STRONG><a name="[fb]"></a>HAL_TIM_PWM_Init</STRONG> (Thumb, 90 bytes, Stack size 8 bytes, stm32f1xx_hal_tim.o(i.HAL_TIM_PWM_Init))
<BR><BR>[Stack]<UL><LI>Max Depth = 16<LI>Call Chain = HAL_TIM_PWM_Init &rArr; TIM_Base_SetConfig
</UL>
<BR>[Calls]<UL><LI><a href="#[fc]">&gt;&gt;</a>&nbsp;&nbsp;&nbsp;HAL_TIM_PWM_MspInit
<LI><a href="#[f8]">&gt;&gt;</a>&nbsp;&nbsp;&nbsp;TIM_Base_SetConfig
</UL>
<BR>[Called By]<UL><LI><a href="#[11a]">&gt;&gt;</a>&nbsp;&nbsp;&nbsp;MX_TIM1_Init
</UL>

<P><STRONG><a name="[fc]"></a>HAL_TIM_PWM_MspInit</STRONG> (Thumb, 2 bytes, Stack size 0 bytes, stm32f1xx_hal_tim.o(i.HAL_TIM_PWM_MspInit))
<BR><BR>[Called By]<UL><LI><a href="#[fb]">&gt;&gt;</a>&nbsp;&nbsp;&nbsp;HAL_TIM_PWM_Init
</UL>

<P><STRONG><a name="[fd]"></a>HAL_UARTEx_ReceiveToIdle_DMA</STRONG> (Thumb, 94 bytes, Stack size 16 bytes, stm32f1xx_hal_uart.o(i.HAL_UARTEx_ReceiveToIdle_DMA))
<BR><BR>[Stack]<UL><LI>Max Depth = 44<LI>Call Chain = HAL_UARTEx_ReceiveToIdle_DMA &rArr; UART_Start_Receive_DMA &rArr; HAL_DMA_Start_IT
</UL>
<BR>[Calls]<UL><LI><a href="#[fe]">&gt;&gt;</a>&nbsp;&nbsp;&nbsp;UART_Start_Receive_DMA
</UL>
<BR>[Called By]<UL><LI><a href="#[16d]">&gt;&gt;</a>&nbsp;&nbsp;&nbsp;burst_hw_start
<LI><a href="#[10a]">&gt;&gt;</a>&nbsp;&nbsp;&nbsp;HAL_UART_TxCpltCallback
<LI><a href="#[106]">&gt;&gt;</a>&nbsp;&nbsp;&nbsp;HAL_UART_ErrorCallback
<LI><a href="#[ff]">&gt;&gt;</a>&nbsp;&nbsp;&nbsp;HAL_UARTEx_RxEventCallback
</UL>

<P><STRONG><a name="[ff]"></a>HAL_UARTEx_RxEventCallback</STRONG> (Thumb, 102 bytes, Stack size 8 bytes, k1-burst-driver.pfr.o(i.HAL_UARTEx_RxEventCallback))
<BR><BR>[Stack]<UL><LI>Max Depth = 52<LI>Call Chain = HAL_UARTEx_RxEventCallback &rArr; HAL_UARTEx_ReceiveToIdle_DMA &rArr; UART_Start_Receive_DMA &rArr; HAL_DMA_Start_IT
</UL>
<BR>[Calls]<UL><LI><a href="#[102]">&gt;&gt;</a>&nbsp;&nbsp;&nbsp;HAL_GPIO_WritePin
<LI><a href="#[101]">&gt;&gt;</a>&nbsp;&nbsp;&nbsp;HAL_UART_DMAStop
<LI><a href="#[fd]">&gt;&gt;</a>&nbsp;&nbsp;&nbsp;HAL_UARTEx_ReceiveToIdle_DMA
<LI><a href="#[100]">&gt;&gt;</a>&nbsp;&nbsp;&nbsp;k1_serial_receive_packet
</UL>
<BR>[Called By]<UL><LI><a href="#[108]">&gt;&gt;</a>&nbsp;&nbsp;&nbsp;HAL_UART_IRQHandler
<LI><a href="#[109]">&gt;&gt;</a>&nbsp;&nbsp;&nbsp;UART_Receive_IT
<LI><a href="#[13a]">&gt;&gt;</a>&nbsp;&nbsp;&nbsp;UART_DMARxHalfCplt
<LI><a href="#[138]">&gt;&gt;</a>&nbsp;&nbsp;&nbsp;UART_DMAReceiveCplt
</UL>

<P><STRONG><a name="[103]"></a>HAL_UART_AbortTransmit</STRONG> (Thumb, 104 bytes, Stack size 16 bytes, stm32f1xx_hal_uart.o(i.HAL_UART_AbortTransmit))
<BR><BR>[Stack]<UL><LI>Max Depth = 16<LI>Call Chain = HAL_UART_AbortTransmit
</UL>
<BR>[Calls]<UL><LI><a href="#[105]">&gt;&gt;</a>&nbsp;&nbsp;&nbsp;HAL_DMA_GetError
<LI><a href="#[104]">&gt;&gt;</a>&nbsp;&nbsp;&nbsp;HAL_DMA_Abort
</UL>
<BR>[Called By]<UL><LI><a href="#[1a5]">&gt;&gt;</a>&nbsp;&nbsp;&nbsp;k1_serial_aborttx
</UL>

<P><STRONG><a name="[101]"></a>HAL_UART_DMAStop</STRONG> (Thumb, 212 bytes, Stack size 16 bytes, stm32f1xx_hal_uart.o(i.HAL_UART_DMAStop))
<BR><BR>[Stack]<UL><LI>Max Depth = 16<LI>Call Chain = HAL_UART_DMAStop
</UL>
<BR>[Calls]<UL><LI><a href="#[104]">&gt;&gt;</a>&nbsp;&nbsp;&nbsp;HAL_DMA_Abort
</UL>
<BR>[Called By]<UL><LI><a href="#[16d]">&gt;&gt;</a>&nbsp;&nbsp;&nbsp;burst_hw_start
<LI><a href="#[10a]">&gt;&gt;</a>&nbsp;&nbsp;&nbsp;HAL_UART_TxCpltCallback
<LI><a href="#[106]">&gt;&gt;</a>&nbsp;&nbsp;&nbsp;HAL_UART_ErrorCallback
<LI><a href="#[ff]">&gt;&gt;</a>&nbsp;&nbsp;&nbsp;HAL_UARTEx_RxEventCallback
</UL>

<P><STRONG><a name="[106]"></a>HAL_UART_ErrorCallback</STRONG> (Thumb, 108 bytes, Stack size 8 bytes, k1-burst-driver.pfr.o(i.HAL_UART_ErrorCallback))
<BR><BR>[Stack]<UL><LI>Max Depth = 60<LI>Call Chain = HAL_UART_ErrorCallback &rArr; k1_serial_send_refuse &rArr; fmserial_try_send &rArr; k1_serial_send_packet &rArr; HAL_UART_Transmit_DMA &rArr; HAL_DMA_Start_IT
</UL>
<BR>[Calls]<UL><LI><a href="#[102]">&gt;&gt;</a>&nbsp;&nbsp;&nbsp;HAL_GPIO_WritePin
<LI><a href="#[101]">&gt;&gt;</a>&nbsp;&nbsp;&nbsp;HAL_UART_DMAStop
<LI><a href="#[fd]">&gt;&gt;</a>&nbsp;&nbsp;&nbsp;HAL_UARTEx_ReceiveToIdle_DMA
<LI><a href="#[107]">&gt;&gt;</a>&nbsp;&nbsp;&nbsp;k1_serial_send_refuse
</UL>
<BR>[Called By]<UL><LI><a href="#[108]">&gt;&gt;</a>&nbsp;&nbsp;&nbsp;HAL_UART_IRQHandler
<LI><a href="#[137]">&gt;&gt;</a>&nbsp;&nbsp;&nbsp;UART_DMAError
<LI><a href="#[136]">&gt;&gt;</a>&nbsp;&nbsp;&nbsp;UART_DMAAbortOnError
</UL>

<P><STRONG><a name="[108]"></a>HAL_UART_IRQHandler</STRONG> (Thumb, 776 bytes, Stack size 24 bytes, stm32f1xx_hal_uart.o(i.HAL_UART_IRQHandler))
<BR><BR>[Stack]<UL><LI>Max Depth = 84<LI>Call Chain = HAL_UART_IRQHandler &rArr; UART_Receive_IT &rArr; HAL_UARTEx_RxEventCallback &rArr; HAL_UARTEx_ReceiveToIdle_DMA &rArr; UART_Start_Receive_DMA &rArr; HAL_DMA_Start_IT
</UL>
<BR>[Calls]<UL><LI><a href="#[e3]">&gt;&gt;</a>&nbsp;&nbsp;&nbsp;HAL_DMA_Abort_IT
<LI><a href="#[104]">&gt;&gt;</a>&nbsp;&nbsp;&nbsp;HAL_DMA_Abort
<LI><a href="#[109]">&gt;&gt;</a>&nbsp;&nbsp;&nbsp;UART_Receive_IT
<LI><a href="#[10a]">&gt;&gt;</a>&nbsp;&nbsp;&nbsp;HAL_UART_TxCpltCallback
<LI><a href="#[106]">&gt;&gt;</a>&nbsp;&nbsp;&nbsp;HAL_UART_ErrorCallback
<LI><a href="#[ff]">&gt;&gt;</a>&nbsp;&nbsp;&nbsp;HAL_UARTEx_RxEventCallback
</UL>
<BR>[Called By]<UL><LI><a href="#[a2]">&gt;&gt;</a>&nbsp;&nbsp;&nbsp;USART1_IRQHandler
</UL>

<P><STRONG><a name="[10b]"></a>HAL_UART_Init</STRONG> (Thumb, 100 bytes, Stack size 16 bytes, stm32f1xx_hal_uart.o(i.HAL_UART_Init))
<BR><BR>[Stack]<UL><LI>Max Depth = 96<LI>Call Chain = HAL_UART_Init &rArr; HAL_UART_MspInit &rArr; HAL_GPIO_Init
</UL>
<BR>[Calls]<UL><LI><a href="#[10c]">&gt;&gt;</a>&nbsp;&nbsp;&nbsp;HAL_UART_MspInit
<LI><a href="#[10d]">&gt;&gt;</a>&nbsp;&nbsp;&nbsp;UART_SetConfig
</UL>
<BR>[Called By]<UL><LI><a href="#[120]">&gt;&gt;</a>&nbsp;&nbsp;&nbsp;MX_USART1_UART_Init
</UL>

<P><STRONG><a name="[10c]"></a>HAL_UART_MspInit</STRONG> (Thumb, 252 bytes, Stack size 40 bytes, usart.o(i.HAL_UART_MspInit))
<BR><BR>[Stack]<UL><LI>Max Depth = 80<LI>Call Chain = HAL_UART_MspInit &rArr; HAL_GPIO_Init
</UL>
<BR>[Calls]<UL><LI><a href="#[10e]">&gt;&gt;</a>&nbsp;&nbsp;&nbsp;HAL_DMA_Init
<LI><a href="#[eb]">&gt;&gt;</a>&nbsp;&nbsp;&nbsp;HAL_NVIC_SetPriority
<LI><a href="#[ec]">&gt;&gt;</a>&nbsp;&nbsp;&nbsp;HAL_NVIC_EnableIRQ
<LI><a href="#[d5]">&gt;&gt;</a>&nbsp;&nbsp;&nbsp;HAL_GPIO_Init
<LI><a href="#[c3]">&gt;&gt;</a>&nbsp;&nbsp;&nbsp;Error_Handler
</UL>
<BR>[Called By]<UL><LI><a href="#[10b]">&gt;&gt;</a>&nbsp;&nbsp;&nbsp;HAL_UART_Init
</UL>

<P><STRONG><a name="[139]"></a>HAL_UART_RxCpltCallback</STRONG> (Thumb, 2 bytes, Stack size 0 bytes, stm32f1xx_hal_uart.o(i.HAL_UART_RxCpltCallback))
<BR><BR>[Called By]<UL><LI><a href="#[109]">&gt;&gt;</a>&nbsp;&nbsp;&nbsp;UART_Receive_IT
<LI><a href="#[138]">&gt;&gt;</a>&nbsp;&nbsp;&nbsp;UART_DMAReceiveCplt
</UL>

[...]
<BR><BR>[Stack]<UL><LI>Max Depth = 8<LI>Call Chain = pmsm_mode_synchro_current_start
</UL>
<BR>[Address Reference Count : 1]<UL><LI> pmsm.o(.data)
</UL>
<P><STRONG><a name="[44]"></a>pmsm_mode_synchro_current_stop</STRONG> (Thumb, 8 bytes, Stack size 0 bytes, pmsm.o(i.pmsm_mode_synchro_current_stop))
<BR>[Address Reference Count : 1]<UL><LI> pmsm.o(.data)
</UL>
<P><STRONG><a name="[3e]"></a>pmsm_mode_synchro_voltage_applay_action</STRONG> (Thumb, 52 bytes, Stack size 16 bytes, pmsm.o(i.pmsm_mode_synchro_voltage_applay_action))
<BR><BR>[Stack]<UL><LI>Max Depth = 16<LI>Call Chain = pmsm_mode_synchro_voltage_applay_action
</UL>
<BR>[Calls]<UL><LI><a href="#[144]">&gt;&gt;</a>&nbsp;&nbsp;&nbsp;burst_range_apply
</UL>
<BR>[Address Reference Count : 1]<UL><LI> pmsm.o(.data)
</UL>
<P><STRONG><a name="[41]"></a>pmsm_mode_synchro_voltage_runA</STRONG> (Thumb, 26 bytes, Stack size 0 bytes, pmsm.o(i.pmsm_mode_synchro_voltage_runA))
<BR><BR>[Stack]<UL><LI>Max Depth = 40<LI>Call Chain = pmsm_mode_synchro_voltage_runA &rArr; inv3ph_run &rArr; rotcalc
</UL>
<BR>[Calls]<UL><LI><a href="#[1b5]">&gt;&gt;</a>&nbsp;&nbsp;&nbsp;inv3ph_run
</UL>
<BR>[Address Reference Count : 1]<UL><LI> pmsm.o(.data)
</UL>
<P><STRONG><a name="[3f]"></a>pmsm_mode_synchro_voltage_start</STRONG> (Thumb, 38 bytes, Stack size 0 bytes, pmsm.o(i.pmsm_mode_synchro_voltage_start))
<BR>[Address Reference Count : 1]<UL><LI> pmsm.o(.data)
</UL>
<P><STRONG><a name="[40]"></a>pmsm_mode_synchro_voltage_stop</STRONG> (Thumb, 8 bytes, Stack size 0 bytes, pmsm.o(i.pmsm_mode_synchro_voltage_stop))
<BR>[Address Reference Count : 1]<UL><LI> pmsm.o(.data)
</UL>
<P><STRONG><a name="[1c8]"></a>pmsm_sence_run</STRONG> (Thumb, 32 bytes, Stack size 8 bytes, pmsm.o(i.pmsm_sence_run))
<BR><BR>[Stack]<UL><LI>Max Depth = 20<LI>Call Chain = pmsm_sence_run &rArr; current3ph_run
</UL>
<BR>[Calls]<UL><LI><a href="#[1c9]">&gt;&gt;</a>&nbsp;&nbsp;&nbsp;current3ph_run
</UL>
<BR>[Called By]<UL><LI><a href="#[1a6]">&gt;&gt;</a>&nbsp;&nbsp;&nbsp;pmsm_hall_app_realtime_loop
</UL>

<P><STRONG><a name="[72]"></a>positioner_reset</STRONG> (Thumb, 12 bytes, Stack size 0 bytes, pmsm_hall_app.obj.o(i.positioner_reset))
<BR><BR>[Calls]<UL><LI><a href="#[1ca]">&gt;&gt;</a>&nbsp;&nbsp;&nbsp;burst_positioner_reset_
</UL>
<BR>[Address Reference Count : 1]<UL><LI> pmsm_hall_app.obj.o(.data)
</UL>
<P><STRONG><a name="[70]"></a>positioner_run</STRONG> (Thumb, 12 bytes, Stack size 0 bytes, pmsm_hall_app.obj.o(i.positioner_run))
<BR><BR>[Stack]<UL><LI>Max Depth = 24<LI>Call Chain = positioner_run &rArr; burst_positioner_run_
</UL>
<BR>[Calls]<UL><LI><a href="#[1cb]">&gt;&gt;</a>&nbsp;&nbsp;&nbsp;burst_positioner_run_
</UL>
<BR>[Address Reference Count : 1]<UL><LI> pmsm_hall_app.obj.o(.data)
</UL>
<P><STRONG><a name="[71]"></a>positioner_setup</STRONG> (Thumb, 50 bytes, Stack size 40 bytes, pmsm_hall_app.obj.o(i.positioner_setup))
<BR><BR>[Stack]<UL><LI>Max Depth = 56<LI>Call Chain = positioner_setup &rArr; burst_positioner_setup_
</UL>
<BR>[Calls]<UL><LI><a href="#[1cc]">&gt;&gt;</a>&nbsp;&nbsp;&nbsp;burst_positioner_setup_
</UL>
<BR>[Address Reference Count : 1]<UL><LI> pmsm_hall_app.obj.o(.data)
</UL>
<P><STRONG><a name="[4a]"></a>power_active</STRONG> (Thumb, 12 bytes, Stack size 0 bytes, pmsm_hall_app.obj.o(i.power_active))
<BR><BR>[Calls]<UL><LI><a href="#[1cd]">&gt;&gt;</a>&nbsp;&nbsp;&nbsp;burst_ps_active_
</UL>
<BR>[Address Reference Count : 1]<UL><LI> pmsm_hall_app.obj.o(.data)
</UL>
<P><STRONG><a name="[4c]"></a>power_boot_begin</STRONG> (Thumb, 36 bytes, Stack size 0 bytes, k1-burst-driver.pfr.o(i.power_boot_begin))
<BR>[Address Reference Count : 1]<UL><LI> pmsm_hall_app.obj.o(.data)
</UL>
<P><STRONG><a name="[4e]"></a>power_boot_complete</STRONG> (Thumb, 2 bytes, Stack size 0 bytes, pmsm_hall_app.obj.o(i.power_boot_complete))
<BR>[Address Reference Count : 1]<UL><LI> pmsm_hall_app.obj.o(.data)
</UL>
<P><STRONG><a name="[4d]"></a>power_do_boot</STRONG> (Thumb, 4 bytes, Stack size 0 bytes, pmsm_hall_app.obj.o(i.power_do_boot))
<BR>[Address Reference Count : 1]<UL><LI> pmsm_hall_app.obj.o(.data)
</UL>
<P><STRONG><a name="[4f]"></a>power_do_invert</STRONG> (Thumb, 42 bytes, Stack size 0 bytes, k1-burst-driver.pfr.o(i.power_do_invert))
<BR>[Address Reference Count : 1]<UL><LI> pmsm_hall_app.obj.o(.data)
</UL>
<P><STRONG><a name="[51]"></a>power_do_shutdown</STRONG> (Thumb, 4 bytes, Stack size 0 bytes, pmsm_hall_app.obj.o(i.power_do_shutdown))
<BR>[Address Reference Count : 1]<UL><LI> pmsm_hall_app.obj.o(.data)
</UL>
<P><STRONG><a name="[4b]"></a>power_run</STRONG> (Thumb, 12 bytes, Stack size 0 bytes, pmsm_hall_app.obj.o(i.power_run))
<BR><BR>[Stack]<UL><LI>Max Depth = 16<LI>Call Chain = power_run &rArr; burst_ps_run_
</UL>
<BR>[Calls]<UL><LI><a href="#[1ce]">&gt;&gt;</a>&nbsp;&nbsp;&nbsp;burst_ps_run_
</UL>
<BR>[Address Reference Count : 1]<UL><LI> pmsm_hall_app.obj.o(.data)
</UL>
<P><STRONG><a name="[50]"></a>power_shutdown_begin</STRONG> (Thumb, 36 bytes, Stack size 0 bytes, k1-burst-driver.pfr.o(i.power_shutdown_begin))
<BR>[Address Reference Count : 1]<UL><LI> pmsm_hall_app.obj.o(.data)
</UL>
<P><STRONG><a name="[52]"></a>power_shutdown_complete</STRONG> (Thumb, 2 bytes, Stack size 0 bytes, pmsm_hall_app.obj.o(i.power_shutdown_complete))
<BR>[Address Reference Count : 1]<UL><LI> pmsm_hall_app.obj.o(.data)
</UL>
<P><STRONG><a name="[14d]"></a>rotcalc</STRONG> (Thumb, 26 bytes, Stack size 16 bytes, burst_signal.o(i.rotcalc))
<BR><BR>[Stack]<UL><LI>Max Depth = 16<LI>Call Chain = rotcalc
</UL>
<BR>[Calls]<UL><LI><a href="#[1cf]">&gt;&gt;</a>&nbsp;&nbsp;&nbsp;burst_sin
<LI><a href="#[1d0]">&gt;&gt;</a>&nbsp;&nbsp;&nbsp;burst_cos
</UL>
<BR>[Called By]<UL><LI><a href="#[1b5]">&gt;&gt;</a>&nbsp;&nbsp;&nbsp;inv3ph_run
<LI><a href="#[49]">&gt;&gt;</a>&nbsp;&nbsp;&nbsp;bldc_mode_pwm_runA
</UL>

<P><STRONG><a name="[1d1]"></a>s_extract</STRONG> (Thumb, 84 bytes, Stack size 0 bytes, burst_signal.o(i.s_extract), UNUSED)
<BR><BR>[Called By]<UL><LI><a href="#[162]">&gt;&gt;</a>&nbsp;&nbsp;&nbsp;s_mult
</UL>

<P><STRONG><a name="[170]"></a>s_inc</STRONG> (Thumb, 18 bytes, Stack size 0 bytes, burst_signal.o(i.s_inc))
<BR><BR>[Called By]<UL><LI><a href="#[149]">&gt;&gt;</a>&nbsp;&nbsp;&nbsp;burst_limiter_run
</UL>

<P><STRONG><a name="[162]"></a>s_mult</STRONG> (Thumb, 14 bytes, Stack size 8 bytes, burst_signal.o(i.s_mult), UNUSED)
<BR><BR>[Calls]<UL><LI><a href="#[1d1]">&gt;&gt;</a>&nbsp;&nbsp;&nbsp;s_extract
</UL>
<BR>[Called By]<UL><LI><a href="#[161]">&gt;&gt;</a>&nbsp;&nbsp;&nbsp;burst_board_temper_get_pp
</UL>

<P><STRONG><a name="[55]"></a>speedse_reset</STRONG> (Thumb, 12 bytes, Stack size 0 bytes, pmsm_hall_app.obj.o(i.speedse_reset))
<BR><BR>[Calls]<UL><LI><a href="#[1ae]">&gt;&gt;</a>&nbsp;&nbsp;&nbsp;nikitin_reset_
</UL>
<BR>[Address Reference Count : 1]<UL><LI> pmsm_hall_app.obj.o(.data)
</UL>
<P><STRONG><a name="[53]"></a>speedse_run</STRONG> (Thumb, 12 bytes, Stack size 0 bytes, pmsm_hall_app.obj.o(i.speedse_run))
<BR><BR>[Calls]<UL><LI><a href="#[1af]">&gt;&gt;</a>&nbsp;&nbsp;&nbsp;nikitin_run_
</UL>
<BR>[Address Reference Count : 1]<UL><LI> pmsm_hall_app.obj.o(.data)
</UL>
<P><STRONG><a name="[54]"></a>speedse_setup</STRONG> (Thumb, 18 bytes, Stack size 0 bytes, pmsm_hall_app.obj.o(i.speedse_setup))
<BR><BR>[Calls]<UL><LI><a href="#[1ae]">&gt;&gt;</a>&nbsp;&nbsp;&nbsp;nikitin_reset_
</UL>
<BR>[Address Reference Count : 1]<UL><LI> pmsm_hall_app.obj.o(.data)
</UL>
<P><STRONG><a name="[14e]"></a>swt_begin</STRONG> (Thumb, 2 bytes, Stack size 0 bytes, pmsm_hall_app.obj.o(i.swt_begin))
<BR><BR>[Called By]<UL><LI><a href="#[47]">&gt;&gt;</a>&nbsp;&nbsp;&nbsp;bldc_mode_pwm_start
</UL>

<P><STRONG><a name="[1d3]"></a>swt_phy_A_off</STRONG> (Thumb, 32 bytes, Stack size 0 bytes, k1-burst-driver.pfr.o(i.swt_phy_A_off))
<BR><BR>[Called By]<UL><LI><a href="#[150]">&gt;&gt;</a>&nbsp;&nbsp;&nbsp;swt_stop
<LI><a href="#[14c]">&gt;&gt;</a>&nbsp;&nbsp;&nbsp;swt_pwm_run_forward
</UL>

<P><STRONG><a name="[1dd]"></a>swt_phy_A_on</STRONG> (Thumb, 38 bytes, Stack size 0 bytes, k1-burst-driver.pfr.o(i.swt_phy_A_on))
<BR><BR>[Called By]<UL><LI><a href="#[14c]">&gt;&gt;</a>&nbsp;&nbsp;&nbsp;swt_pwm_run_forward
</UL>

<P><STRONG><a name="[1d7]"></a>swt_phy_A_set_lo</STRONG> (Thumb, 40 bytes, Stack size 0 bytes, k1-burst-driver.pfr.o(i.swt_phy_A_set_lo))
<BR><BR>[Called By]<UL><LI><a href="#[14c]">&gt;&gt;</a>&nbsp;&nbsp;&nbsp;swt_pwm_run_forward
</UL>

<P><STRONG><a name="[1de]"></a>swt_phy_A_set_pwm</STRONG> (Thumb, 22 bytes, Stack size 0 bytes, k1-burst-driver.pfr.o(i.swt_phy_A_set_pwm))
<BR><BR>[Called By]<UL><LI><a href="#[14c]">&gt;&gt;</a>&nbsp;&nbsp;&nbsp;swt_pwm_run_forward
</UL>

<P><STRONG><a name="[1d9]"></a>swt_phy_B_off</STRONG> (Thumb, 32 bytes, Stack size 0 bytes, k1-burst-driver.pfr.o(i.swt_phy_B_off))
<BR><BR>[Called By]<UL><LI><a href="#[150]">&gt;&gt;</a>&nbsp;&nbsp;&nbsp;swt_stop
<LI><a href="#[14c]">&gt;&gt;</a>&nbsp;&nbsp;&nbsp;swt_pwm_run_forward
</UL>

<P><STRONG><a name="[1d5]"></a>swt_phy_B_on</STRONG> (Thumb, 40 bytes, Stack size 0 bytes, k1-burst-driver.pfr.o(i.swt_phy_B_on))
<BR><BR>[Called By]<UL><LI><a href="#[14c]">&gt;&gt;</a>&nbsp;&nbsp;&nbsp;swt_pwm_run_forward
</UL>

<P><STRONG><a name="[1db]"></a>swt_phy_B_set_lo</STRONG> (Thumb, 42 bytes, Stack size 0 bytes, k1-burst-driver.pfr.o(i.swt_phy_B_set_lo))
<BR><BR>[Called By]<UL><LI><a href="#[14c]">&gt;&gt;</a>&nbsp;&nbsp;&nbsp;swt_pwm_run_forward
</UL>

<P><STRONG><a name="[1d8]"></a>swt_phy_B_set_pwm</STRONG> (Thumb, 22 bytes, Stack size 0 bytes, k1-burst-driver.pfr.o(i.swt_phy_B_set_pwm))
<BR><BR>[Called By]<UL><LI><a href="#[14c]">&gt;&gt;</a>&nbsp;&nbsp;&nbsp;swt_pwm_run_forward
</UL>

<P><STRONG><a name="[1d6]"></a>swt_phy_C_off</STRONG> (Thumb, 32 bytes, Stack size 0 bytes, k1-burst-driver.pfr.o(i.swt_phy_C_off))
<BR><BR>[Called By]<UL><LI><a href="#[150]">&gt;&gt;</a>&nbsp;&nbsp;&nbsp;swt_stop
<LI><a href="#[14c]">&gt;&gt;</a>&nbsp;&nbsp;&nbsp;swt_pwm_run_forward
</UL>

<P><STRONG><a name="[1da]"></a>swt_phy_C_on</STRONG> (Thumb, 40 bytes, Stack size 0 bytes, k1-burst-driver.pfr.o(i.swt_phy_C_on))
<BR><BR>[Called By]<UL><LI><a href="#[14c]">&gt;&gt;</a>&nbsp;&nbsp;&nbsp;swt_pwm_run_forward
</UL>

<P><STRONG><a name="[1d4]"></a>swt_phy_C_set_lo</STRONG> (Thumb, 42 bytes, Stack size 0 bytes, k1-burst-driver.pfr.o(i.swt_phy_C_set_lo))
<BR><BR>[Called By]<UL><LI><a href="#[14c]">&gt;&gt;</a>&nbsp;&nbsp;&nbsp;swt_pwm_run_forward
</UL>

<P><STRONG><a name="[1dc]"></a>swt_phy_C_set_pwm</STRONG> (Thumb, 22 bytes, Stack size 0 bytes, k1-burst-driver.pfr.o(i.swt_phy_C_set_pwm))
<BR><BR>[Called By]<UL><LI><a href="#[14c]">&gt;&gt;</a>&nbsp;&nbsp;&nbsp;swt_pwm_run_forward
</UL>

<P><STRONG><a name="[1d2]"></a>swt_phy_sector_get</STRONG> (Thumb, 12 bytes, Stack size 0 bytes, k1-burst-driver.pfr.o(i.swt_phy_sector_get))
<BR><BR>[Called By]<UL><LI><a href="#[14c]">&gt;&gt;</a>&nbsp;&nbsp;&nbsp;swt_pwm_run_forward
</UL>

<P><STRONG><a name="[14c]"></a>swt_pwm_run_forward</STRONG> (Thumb, 306 bytes, Stack size 16 bytes, pmsm_hall_app.obj.o(i.swt_pwm_run_forward))
<BR><BR>[Stack]<UL><LI>Max Depth = 16<LI>Call Chain = swt_pwm_run_forward
</UL>
<BR>[Calls]<UL><LI><a href="#[1d2]">&gt;&gt;</a>&nbsp;&nbsp;&nbsp;swt_phy_sector_get
<LI><a href="#[1dc]">&gt;&gt;</a>&nbsp;&nbsp;&nbsp;swt_phy_C_set_pwm
<LI><a href="#[1d4]">&gt;&gt;</a>&nbsp;&nbsp;&nbsp;swt_phy_C_set_lo
<LI><a href="#[1da]">&gt;&gt;</a>&nbsp;&nbsp;&nbsp;swt_phy_C_on
<LI><a href="#[1d6]">&gt;&gt;</a>&nbsp;&nbsp;&nbsp;swt_phy_C_off
<LI><a href="#[1d8]">&gt;&gt;</a>&nbsp;&nbsp;&nbsp;swt_phy_B_set_pwm
<LI><a href="#[1db]">&gt;&gt;</a>&nbsp;&nbsp;&nbsp;swt_phy_B_set_lo
<LI><a href="#[1d5]">&gt;&gt;</a>&nbsp;&nbsp;&nbsp;swt_phy_B_on
<LI><a href="#[1d9]">&gt;&gt;</a>&nbsp;&nbsp;&nbsp;swt_phy_B_off
<LI><a href="#[1de]">&gt;&gt;</a>&nbsp;&nbsp;&nbsp;swt_phy_A_set_pwm
<LI><a href="#[1d7]">&gt;&gt;</a>&nbsp;&nbsp;&nbsp;swt_phy_A_set_lo
<LI><a href="#[1dd]">&gt;&gt;</a>&nbsp;&nbsp;&nbsp;swt_phy_A_on
<LI><a href="#[1d3]">&gt;&gt;</a>&nbsp;&nbsp;&nbsp;swt_phy_A_off
</UL>
<BR>[Called By]<UL><LI><a href="#[49]">&gt;&gt;</a>&nbsp;&nbsp;&nbsp;bldc_mode_pwm_runA
</UL>

<P><STRONG><a name="[14f]"></a>swt_start</STRONG> (Thumb, 16 bytes, Stack size 0 bytes, pmsm_hall_app.obj.o(i.swt_start))
<BR><BR>[Called By]<UL><LI><a href="#[47]">&gt;&gt;</a>&nbsp;&nbsp;&nbsp;bldc_mode_pwm_start
</UL>

<P><STRONG><a name="[150]"></a>swt_stop</STRONG> (Thumb, 30 bytes, Stack size 8 bytes, pmsm_hall_app.obj.o(i.swt_stop))
<BR><BR>[Stack]<UL><LI>Max Depth = 8<LI>Call Chain = swt_stop
</UL>
<BR>[Calls]<UL><LI><a href="#[1d6]">&gt;&gt;</a>&nbsp;&nbsp;&nbsp;swt_phy_C_off
<LI><a href="#[1d9]">&gt;&gt;</a>&nbsp;&nbsp;&nbsp;swt_phy_B_off
<LI><a href="#[1d3]">&gt;&gt;</a>&nbsp;&nbsp;&nbsp;swt_phy_A_off
</UL>
<BR>[Called By]<UL><LI><a href="#[48]">&gt;&gt;</a>&nbsp;&nbsp;&nbsp;bldc_mode_pwm_stop
</UL>

<P><STRONG><a name="[14]"></a>temp_poll_</STRONG> (Thumb, 60 bytes, Stack size 8 bytes, k1-burst-driver.o(i.temp_poll_))
<BR><BR>[Stack]<UL><LI>Max Depth = 48<LI>Call Chain = temp_poll_ &rArr; TMP423_exchange &rArr;  TMP423_panic_ (Cycle)
</UL>
<BR>[Calls]<UL><LI><a href="#[132]">&gt;&gt;</a>&nbsp;&nbsp;&nbsp;TMP423_ready
<LI><a href="#[12b]">&gt;&gt;</a>&nbsp;&nbsp;&nbsp;TMP423_exchange
</UL>
<BR>[Address Reference Count : 1]<UL><LI> k1-burst-driver.o(.data)
</UL>
<P><STRONG><a name="[1e1]"></a>__fpl_dcmp_Inf</STRONG> (Thumb, 24 bytes, Stack size 0 bytes, dcmpi.o(x$fpl$dcmpinf), UNUSED)
<BR><BR>[Called By]<UL><LI><a href="#[1df]">&gt;&gt;</a>&nbsp;&nbsp;&nbsp;_dcmple
</UL>

<P><STRONG><a name="[172]"></a>__aeabi_i2d</STRONG> (Thumb, 0 bytes, Stack size 0 bytes, dflt_clz.o(x$fpl$dflt))
<BR><BR>[Called By]<UL><LI><a href="#[16f]">&gt;&gt;</a>&nbsp;&nbsp;&nbsp;burst_pi_run_
<LI><a href="#[171]">&gt;&gt;</a>&nbsp;&nbsp;&nbsp;burst_motion_run_
</UL>

<P><STRONG><a name="[212]"></a>_dflt</STRONG> (Thumb, 46 bytes, Stack size 0 bytes, dflt_clz.o(x$fpl$dflt), UNUSED)

<P><STRONG><a name="[174]"></a>__aeabi_cdcmple</STRONG> (Thumb, 0 bytes, Stack size 32 bytes, dleqf.o(x$fpl$dleqf))
<BR><BR>[Stack]<UL><LI>Max Depth = 32<LI>Call Chain = __aeabi_cdcmple
</UL>
<BR>[Called By]<UL><LI><a href="#[16f]">&gt;&gt;</a>&nbsp;&nbsp;&nbsp;burst_pi_run_
<LI><a href="#[171]">&gt;&gt;</a>&nbsp;&nbsp;&nbsp;burst_motion_run_
</UL>

<P><STRONG><a name="[1df]"></a>_dcmple</STRONG> (Thumb, 120 bytes, Stack size 32 bytes, dleqf.o(x$fpl$dleqf), UNUSED)
<BR><BR>[Calls]<UL><LI><a href="#[1e0]">&gt;&gt;</a>&nbsp;&nbsp;&nbsp;__fpl_dnaninf
<LI><a href="#[1e1]">&gt;&gt;</a>&nbsp;&nbsp;&nbsp;__fpl_dcmp_Inf
</UL>

<P><STRONG><a name="[1e3]"></a>__fpl_dcmple_InfNaN</STRONG> (Thumb, 0 bytes, Stack size unknown bytes, dleqf.o(x$fpl$dleqf), UNUSED)
<BR><BR>[Called By]<UL><LI><a href="#[1e2]">&gt;&gt;</a>&nbsp;&nbsp;&nbsp;_drcmple
</UL>

<P><STRONG><a name="[1e0]"></a>__fpl_dnaninf</STRONG> (Thumb, 156 bytes, Stack size 16 bytes, dnaninf.o(x$fpl$dnaninf), UNUSED)
<BR><BR>[Called By]<UL><LI><a href="#[1df]">&gt;&gt;</a>&nbsp;&nbsp;&nbsp;_dcmple
</UL>

<P><STRONG><a name="[173]"></a>__aeabi_cdrcmple</STRONG> (Thumb, 0 bytes, Stack size 16 bytes, drleqf.o(x$fpl$drleqf))
<BR><BR>[Stack]<UL><LI>Max Depth = 16<LI>Call Chain = __aeabi_cdrcmple
</UL>
<BR>[Called By]<UL><LI><a href="#[16f]">&gt;&gt;</a>&nbsp;&nbsp;&nbsp;burst_pi_run_
<LI><a href="#[171]">&gt;&gt;</a>&nbsp;&nbsp;&nbsp;burst_motion_run_
</UL>

<P><STRONG><a name="[1e2]"></a>_drcmple</STRONG> (Thumb, 108 bytes, Stack size 16 bytes, drleqf.o(x$fpl$drleqf), UNUSED)
<BR><BR>[Calls]<UL><LI><a href="#[1e3]">&gt;&gt;</a>&nbsp;&nbsp;&nbsp;__fpl_dcmple_InfNaN
</UL>
<P>
<H3>
Local Symbols
</H3>
<P><STRONG><a name="[112]"></a>I2C_DMAAbort</STRONG> (Thumb, 214 bytes, Stack size 8 bytes, stm32f1xx_hal_i2c.o(i.I2C_DMAAbort), UNUSED)
<BR><BR>[Calls]<UL><LI><a href="#[113]">&gt;&gt;</a>&nbsp;&nbsp;&nbsp;HAL_I2C_AbortCpltCallback
<LI><a href="#[de]">&gt;&gt;</a>&nbsp;&nbsp;&nbsp;HAL_I2C_ErrorCallback
</UL>

<P><STRONG><a name="[d9]"></a>I2C_ITError</STRONG> (Thumb, 350 bytes, Stack size 16 bytes, stm32f1xx_hal_i2c.o(i.I2C_ITError))
<BR><BR>[Stack]<UL><LI>Max Depth = 96<LI>Call Chain = I2C_ITError &rArr; HAL_I2C_ErrorCallback &rArr; TMP423_refuse &rArr; TMP423_panic_ &rArr;  TMP423_panic_ (Cycle)
</UL>
<BR>[Calls]<UL><LI><a href="#[e3]">&gt;&gt;</a>&nbsp;&nbsp;&nbsp;HAL_DMA_Abort_IT
<LI><a href="#[d7]">&gt;&gt;</a>&nbsp;&nbsp;&nbsp;HAL_I2C_ListenCpltCallback
<LI><a href="#[113]">&gt;&gt;</a>&nbsp;&nbsp;&nbsp;HAL_I2C_AbortCpltCallback
<LI><a href="#[de]">&gt;&gt;</a>&nbsp;&nbsp;&nbsp;HAL_I2C_ErrorCallback
</UL>
<BR>[Called By]<UL><LI><a href="#[da]">&gt;&gt;</a>&nbsp;&nbsp;&nbsp;HAL_I2C_EV_IRQHandler
<LI><a href="#[d6]">&gt;&gt;</a>&nbsp;&nbsp;&nbsp;HAL_I2C_ER_IRQHandler
<LI><a href="#[ea]">&gt;&gt;</a>&nbsp;&nbsp;&nbsp;HAL_I2C_Master_Abort_IT
</UL>

<P><STRONG><a name="[dd]"></a>I2C_MemoryTransmit_TXE_BTF</STRONG> (Thumb, 192 bytes, Stack size 8 bytes, stm32f1xx_hal_i2c.o(i.I2C_MemoryTransmit_TXE_BTF))
<BR><BR>[Stack]<UL><LI>Max Depth = 8<LI>Call Chain = I2C_MemoryTransmit_TXE_BTF
</UL>
<BR>[Calls]<UL><LI><a href="#[db]">&gt;&gt;</a>&nbsp;&nbsp;&nbsp;HAL_I2C_MemTxCpltCallback
</UL>
<BR>[Called By]<UL><LI><a href="#[da]">&gt;&gt;</a>&nbsp;&nbsp;&nbsp;HAL_I2C_EV_IRQHandler
</UL>

<P><STRONG><a name="[136]"></a>UART_DMAAbortOnError</STRONG> (Thumb, 16 bytes, Stack size 8 bytes, stm32f1xx_hal_uart.o(i.UART_DMAAbortOnError), UNUSED)
<BR><BR>[Calls]<UL><LI><a href="#[106]">&gt;&gt;</a>&nbsp;&nbsp;&nbsp;HAL_UART_ErrorCallback
</UL>

<P><STRONG><a name="[137]"></a>UART_DMAError</STRONG> (Thumb, 174 bytes, Stack size 8 bytes, stm32f1xx_hal_uart.o(i.UART_DMAError), UNUSED)
<BR><BR>[Calls]<UL><LI><a href="#[106]">&gt;&gt;</a>&nbsp;&nbsp;&nbsp;HAL_UART_ErrorCallback
</UL>

<P><STRONG><a name="[138]"></a>UART_DMAReceiveCplt</STRONG> (Thumb, 152 bytes, Stack size 8 bytes, stm32f1xx_hal_uart.o(i.UART_DMAReceiveCplt), UNUSED)
<BR><BR>[Calls]<UL><LI><a href="#[139]">&gt;&gt;</a>&nbsp;&nbsp;&nbsp;HAL_UART_RxCpltCallback
<LI><a href="#[ff]">&gt;&gt;</a>&nbsp;&nbsp;&nbsp;HAL_UARTEx_RxEventCallback
</UL>

<P><STRONG><a name="[13a]"></a>UART_DMARxHalfCplt</STRONG> (Thumb, 30 bytes, Stack size 8 bytes, stm32f1xx_hal_uart.o(i.UART_DMARxHalfCplt), UNUSED)
<BR><BR>[Calls]<UL><LI><a href="#[13b]">&gt;&gt;</a>&nbsp;&nbsp;&nbsp;HAL_UART_RxHalfCpltCallback
<LI><a href="#[ff]">&gt;&gt;</a>&nbsp;&nbsp;&nbsp;HAL_UARTEx_RxEventCallback
</UL>

<P><STRONG><a name="[13c]"></a>UART_DMATransmitCplt</STRONG> (Thumb, 74 bytes, Stack size 8 bytes, stm32f1xx_hal_uart.o(i.UART_DMATransmitCplt), UNUSED)
<BR><BR>[Calls]<UL><LI><a href="#[10a]">&gt;&gt;</a>&nbsp;&nbsp;&nbsp;HAL_UART_TxCpltCallback
</UL>

<P><STRONG><a name="[13d]"></a>UART_DMATxHalfCplt</STRONG> (Thumb, 10 bytes, Stack size 8 bytes, stm32f1xx_hal_uart.o(i.UART_DMATxHalfCplt), UNUSED)
<BR><BR>[Calls]<UL><LI><a href="#[13e]">&gt;&gt;</a>&nbsp;&nbsp;&nbsp;HAL_UART_TxHalfCpltCallback
</UL>

<P><STRONG><a name="[109]"></a>UART_Receive_IT</STRONG> (Thumb, 206 bytes, Stack size 8 bytes, stm32f1xx_hal_uart.o(i.UART_Receive_IT))
<BR><BR>[Stack]<UL><LI>Max Depth = 60<LI>Call Chain = UART_Receive_IT &rArr; HAL_UARTEx_RxEventCallback &rArr; HAL_UARTEx_ReceiveToIdle_DMA &rArr; UART_Start_Receive_DMA &rArr; HAL_DMA_Start_IT
</UL>
<BR>[Calls]<UL><LI><a href="#[139]">&gt;&gt;</a>&nbsp;&nbsp;&nbsp;HAL_UART_RxCpltCallback
<LI><a href="#[ff]">&gt;&gt;</a>&nbsp;&nbsp;&nbsp;HAL_UARTEx_RxEventCallback
</UL>
<BR>[Called By]<UL><LI><a href="#[108]">&gt;&gt;</a>&nbsp;&nbsp;&nbsp;HAL_UART_IRQHandler
</UL>

<P><STRONG><a name="[10d]"></a>UART_SetConfig</STRONG> (Thumb, 204 bytes, Stack size 16 bytes, stm32f1xx_hal_uart.o(i.UART_SetConfig))
<BR><BR>[Stack]<UL><LI>Max Depth = 16<LI>Call Chain = UART_SetConfig
</UL>
<BR>[Calls]<UL><LI><a href="#[f2]">&gt;&gt;</a>&nbsp;&nbsp;&nbsp;HAL_RCC_GetPCLK2Freq
<LI><a href="#[e8]">&gt;&gt;</a>&nbsp;&nbsp;&nbsp;HAL_RCC_GetPCLK1Freq
</UL>
<BR>[Called By]<UL><LI><a href="#[10b]">&gt;&gt;</a>&nbsp;&nbsp;&nbsp;HAL_UART_Init
</UL>
<P>
<H3>
Undefined Global Symbols
</H3><HR></body></html>
