<html>
<body>
<pre>
<h1>µVision Build Log</h1>
<h2>Tool Versions:</h2>
IDE-Version: µVision V5.36.0.0
Copyright (C) 2021 ARM Ltd and ARM Germany GmbH. All rights reserved.
License Information: Andrey Yusupov, HOME, LIC=03C6R-KNXQJ-LQM0Q-N3ZK2-LG29K-N37BQ
 
Tool Versions:
Toolchain:       MDK-ARM Plus  Version: 5.36.0.0
Toolchain Path:  E:\Keil_v5\ARM\ARMCC\Bin
C Compiler:      Armcc.exe V5.06 update 7 (build 960)
Assembler:       Armasm.exe V5.06 update 7 (build 960)
Linker/Locator:  ArmLink.exe V5.06 update 7 (build 960)
Library Manager: ArmAr.exe V5.06 update 7 (build 960)
Hex Converter:   FromElf.exe V5.06 update 7 (build 960)
CPU DLL:         SARMCM3.DLL V5.36.0.0
Dialog DLL:      DCM.DLL V1.17.3.0
Target DLL:      STLink\ST-LINKIII-KEIL_SWO.dll V3.0.9.0
Dialog DLL:      TCM.DLL V1.53.0.0
 
<h2>Project:</h2>
I:\SOURCETREE\Holdenberg\Kalina-1\kalina-1-sw\content\app\kalina1-burst-driver\projects\keil+cubemx\stm32f103C8T6\MDK-ARM\kalina-1b.uvprojx
Project File Date:  10/07/2023

<h2>Output:</h2>
*** Using Compiler 'V5.06 update 7 (build 960)', folder: 'E:\Keil_v5\ARM\ARMCC\Bin'
Rebuild target 'kalina-1b'
assembling startup_stm32f103xb.s...
compiling burst_fm.c...
compiling burst_button.c...
compiling burst_adc.c...
compiling burst.c...
compiling burst_motion.c...
compiling burst_inv3ph.c...
compiling burst_hall.c...
compiling burst_pi.c...
compiling burst_ps.c...
compiling burst_positioner.c...
compiling dma.c...
compiling usart.c...
compiling gpio.c...
compiling i2c.c...
compiling main.c...
compiling burst_serial.c...
compiling stm32f1xx_it.c...
compiling stm32f1xx_hal.c...
compiling burst_signal.c...
compiling stm32f1xx_hal_gpio_ex.c...
compiling adc.c...
compiling stm32f1xx_hal_rcc.c...
compiling stm32f1xx_hal_pwr.c...
compiling tim.c...
compiling stm32f1xx_hal_flash_ex.c...
compiling stm32f1xx_hal_gpio.c...
compiling stm32f1xx_hal_msp.c...
compiling burst_sin.c...
compiling burst_sqrt.c...
compiling burst_timer.c...
compiling system_stm32f1xx.c...
compiling stm32f1xx_hal_exti.c...
compiling stm32f1xx_hal_cortex.c...
compiling stm32f1xx_hal_flash.c...
compiling stm32f1xx_hal_rcc_ex.c...
compiling stm32f1xx_hal_adc_ex.c...
compiling stm32f1xx_hal_dma.c...
compiling k1-burst-driver.c...
compiling clch_test.c...
compiling stm32f1xx_hal_adc.c...
compiling actuator.c...
compiling stm32f1xx_hal_uart.c...
compiling stm32f1xx_hal_tim_ex.c...
compiling enco_abs32.c...
compiling nikitin.c...
compiling acwc.c...
compiling k1-burst-driver.obj.c...
compiling pmsm.c...
compiling ps_dc.c...
compiling pmsm_hall_app.c...
compiling pmsm_hall_app.obj.c...
compiling stm32f1xx_hal_i2c.c...
compiling stm32f1xx_hal_tim.c...
compiling k1-burst-driver.pfr.c...
linking...
Program Size: Code=33308 RO-data=1448 RW-data=2004 ZI-data=8340  
FromELF: creating hex file...
"kalina-1b\KALINA-1-BETA-MYTECH-8085-HA-CCE.axf" - 0 Error(s), 0 Warning(s).

<h2>Software Packages used:</h2>

Package Vendor: ARM
                http://www.keil.com/pack/ARM.CMSIS.5.9.0.pack
                ARM.CMSIS.5.9.0
                CMSIS (Common Microcontroller Software Interface Standard)
   * Component: CORE Version: 5.6.0

Package Vendor: Keil
                http://www.keil.com/pack/Keil.STM32F1xx_DFP.2.3.0.pack
                Keil.STM32F1xx_DFP.2.3.0
                STMicroelectronics STM32F1 Series Device Support, Drivers and Examples

<h2>Collection of Component include folders:</h2>
  .\RTE\_kalina-1b
  E:\Keil_v5\Packs\ARM\CMSIS\5.9.0\CMSIS\Core\Include
  E:\Keil_v5\Packs\Keil\STM32F1xx_DFP\2.3.0\Device\Include

<h2>Collection of Component Files used:</h2>

   * Component: ARM::CMSIS:CORE:5.6.0
Build Time Elapsed:  00:00:05
</pre>
</body>
</html>
