Component: ARM Compiler 5.06 update 7 (build 960) Tool: armlink [4d3601]

==============================================================================

Section Cross References

    startup_stm32f103xb.o(STACK) refers (Special) to heapauxi.o(.text) for __use_two_region_memory
    startup_stm32f103xb.o(HEAP) refers (Special) to heapauxi.o(.text) for __use_two_region_memory
    startup_stm32f103xb.o(RESET) refers (Special) to heapauxi.o(.text) for __use_two_region_memory
    startup_stm32f103xb.o(RESET) refers to startup_stm32f103xb.o(STACK) for __initial_sp
    startup_stm32f103xb.o(RESET) refers to startup_stm32f103xb.o(.text) for Reset_Handler
    startup_stm32f103xb.o(RESET) refers to stm32f1xx_it.o(i.NMI_Handler) for NMI_Handler
    startup_stm32f103xb.o(RESET) refers to stm32f1xx_it.o(i.HardFault_Handler) for HardFault_Handler
    startup_stm32f103xb.o(RESET) refers to stm32f1xx_it.o(i.MemManage_Handler) for MemManage_Handler
    startup_stm32f103xb.o(RESET) refers to stm32f1xx_it.o(i.BusFault_Handler) for BusFault_Handler
    startup_stm32f103xb.o(RESET) refers to stm32f1xx_it.o(i.UsageFault_Handler) for UsageFault_Handler
    startup_stm32f103xb.o(RESET) refers to stm32f1xx_it.o(i.SVC_Handler) for SVC_Handler
    startup_stm32f103xb.o(RESET) refers to stm32f1xx_it.o(i.DebugMon_Handler) for DebugMon_Handler
    startup_stm32f103xb.o(RESET) refers to stm32f1xx_it.o(i.PendSV_Handler) for PendSV_Handler
    startup_stm32f103xb.o(RESET) refers to stm32f1xx_it.o(i.SysTick_Handler) for SysTick_Handler
    startup_stm32f103xb.o(RESET) refers to stm32f1xx_it.o(i.DMA1_Channel4_IRQHandler) for DMA1_Channel4_IRQHandler
    startup_stm32f103xb.o(RESET) refers to stm32f1xx_it.o(i.DMA1_Channel5_IRQHandler) for DMA1_Channel5_IRQHandler
    startup_stm32f103xb.o(RESET) refers to k1-burst-driver.pfr.o(i.ADC1_2_IRQHandler) for ADC1_2_IRQHandler
    startup_stm32f103xb.o(RESET) refers to k1-burst-driver.pfr.o(i.TIM1_CC_IRQHandler) for TIM1_CC_IRQHandler
    startup_stm32f103xb.o(RESET) refers to stm32f1xx_it.o(i.I2C1_EV_IRQHandler) for I2C1_EV_IRQHandler
    startup_stm32f103xb.o(RESET) refers to stm32f1xx_it.o(i.I2C1_ER_IRQHandler) for I2C1_ER_IRQHandler
    startup_stm32f103xb.o(RESET) refers to stm32f1xx_it.o(i.USART1_IRQHandler) for USART1_IRQHandler
    startup_stm32f103xb.o(.text) refers (Special) to heapauxi.o(.text) for __use_two_region_memory
    startup_stm32f103xb.o(.text) refers to system_stm32f1xx.o(i.SystemInit) for SystemInit
    startup_stm32f103xb.o(.text) refers to __main.o(!!!main) for __main
    startup_stm32f103xb.o(.text) refers to startup_stm32f103xb.o(HEAP) for Heap_Mem
    startup_stm32f103xb.o(.text) refers to startup_stm32f103xb.o(STACK) for Stack_Mem
    main.o(i.Error_Handler) refers to main.o(.constdata) for .constdata
    main.o(i.Error_Handler) refers to main.o(.conststring) for .conststring
    main.o(i.Error_Handler) refers to k1-burst-driver.pfr.o(i.burst_hw_on_crash) for burst_hw_on_crash
    main.o(i.Error_Handler) refers to burst.o(i.burst_sw_on_crash) for burst_sw_on_crash
    main.o(i.SystemClock_Config) refers to main.o(.constdata) for .constdata
    main.o(i.SystemClock_Config) refers to main.o(.conststring) for .conststring
    main.o(i.SystemClock_Config) refers to stm32f1xx_hal_rcc.o(i.HAL_RCC_OscConfig) for HAL_RCC_OscConfig
    main.o(i.SystemClock_Config) refers to k1-burst-driver.pfr.o(i.burst_hw_on_crash) for burst_hw_on_crash
    main.o(i.SystemClock_Config) refers to burst.o(i.burst_sw_on_crash) for burst_sw_on_crash
    main.o(i.SystemClock_Config) refers to stm32f1xx_hal_rcc.o(i.HAL_RCC_ClockConfig) for HAL_RCC_ClockConfig
    main.o(i.SystemClock_Config) refers to stm32f1xx_hal_rcc_ex.o(i.HAL_RCCEx_PeriphCLKConfig) for HAL_RCCEx_PeriphCLKConfig
    main.o(i.main) refers to stm32f1xx_hal.o(i.HAL_Init) for HAL_Init
    main.o(i.main) refers to main.o(i.SystemClock_Config) for SystemClock_Config
    main.o(i.main) refers to gpio.o(i.MX_GPIO_Init) for MX_GPIO_Init
    main.o(i.main) refers to dma.o(i.MX_DMA_Init) for MX_DMA_Init
    main.o(i.main) refers to adc.o(i.MX_ADC1_Init) for MX_ADC1_Init
    main.o(i.main) refers to adc.o(i.MX_ADC2_Init) for MX_ADC2_Init
    main.o(i.main) refers to tim.o(i.MX_TIM1_Init) for MX_TIM1_Init
    main.o(i.main) refers to i2c.o(i.MX_I2C1_Init) for MX_I2C1_Init
    main.o(i.main) refers to usart.o(i.MX_USART1_UART_Init) for MX_USART1_UART_Init
    main.o(i.main) refers to burst.o(i.burst_begin) for burst_begin
    main.o(i.main) refers to burst.o(i.burst_start) for burst_start
    main.o(i.main) refers to burst.o(i.burst_frontend_loop) for burst_frontend_loop
    gpio.o(i.MX_GPIO_Init) refers to stm32f1xx_hal_gpio.o(i.HAL_GPIO_WritePin) for HAL_GPIO_WritePin
    gpio.o(i.MX_GPIO_Init) refers to stm32f1xx_hal_gpio.o(i.HAL_GPIO_Init) for HAL_GPIO_Init
    adc.o(i.HAL_ADC_MspDeInit) refers to stm32f1xx_hal_gpio.o(i.HAL_GPIO_DeInit) for HAL_GPIO_DeInit
[...]
    c_hi_pi_run                              0x080072b7   Thumb Code    12  pmsm_hall_app.obj.o(i.c_hi_pi_run)
    c_hi_pi_setup                            0x080072c3   Thumb Code    94  pmsm_hall_app.obj.o(i.c_hi_pi_setup)
    c_lat_flt_reset                          0x08007321   Thumb Code    12  pmsm_hall_app.obj.o(i.c_lat_flt_reset)
    c_lat_flt_run                            0x0800732d   Thumb Code    12  pmsm_hall_app.obj.o(i.c_lat_flt_run)
    c_lat_flt_setup                          0x08007339   Thumb Code    18  pmsm_hall_app.obj.o(i.c_lat_flt_setup)
    c_lat_pi_reset                           0x0800734b   Thumb Code    14  pmsm_hall_app.obj.o(i.c_lat_pi_reset)
    c_lat_pi_run                             0x08007359   Thumb Code    12  pmsm_hall_app.obj.o(i.c_lat_pi_run)
    c_lat_pi_setup                           0x08007365   Thumb Code    94  pmsm_hall_app.obj.o(i.c_lat_pi_setup)
    c_lo_pi_reset                            0x080073c3   Thumb Code    14  pmsm_hall_app.obj.o(i.c_lo_pi_reset)
    c_lo_pi_run                              0x080073d1   Thumb Code    12  pmsm_hall_app.obj.o(i.c_lo_pi_run)
    c_lo_pi_setup                            0x080073dd   Thumb Code    94  pmsm_hall_app.obj.o(i.c_lo_pi_setup)
    current3ph_begin                         0x0800743b   Thumb Code    42  burst_inv3ph.o(i.current3ph_begin)
    current3ph_run                           0x08007465   Thumb Code   170  burst_inv3ph.o(i.current3ph_run)
    enco_abs32_begin                         0x0800750f   Thumb Code   100  enco_abs32.o(i.enco_abs32_begin)
    enco_abs32_reset_                        0x08007573   Thumb Code    46  enco_abs32.o(i.enco_abs32_reset_)
    enco_abs32_run_                          0x080075a1   Thumb Code   260  enco_abs32.o(i.enco_abs32_run_)
    enco_encode                              0x080076a5   Thumb Code    14  pmsm_hall_app.o(i.enco_encode)
    enco_error                               0x080076b3   Thumb Code     4  pmsm_hall_app.obj.o(i.enco_error)
    enco_query                               0x080076b7   Thumb Code     2  pmsm_hall_app.obj.o(i.enco_query)
    enco_reset                               0x080076b9   Thumb Code    12  pmsm_hall_app.obj.o(i.enco_reset)
    enco_run                                 0x080076c5   Thumb Code    12  pmsm_hall_app.obj.o(i.enco_run)
    fm_available                             0x080076d1   Thumb Code    32  k1-burst-driver.o(i.fm_available)
    fm_get                                   0x080076f1   Thumb Code    44  k1-burst-driver.o(i.fm_get)
    fm_poll                                  0x0800771d   Thumb Code     4  k1-burst-driver.obj.o(i.fm_poll)
    fm_put                                   0x08007721   Thumb Code    46  k1-burst-driver.o(i.fm_put)
    fm_recorder                              0x0800774f   Thumb Code     4  k1-burst-driver.obj.o(i.fm_recorder)
    fm_space                                 0x08007753   Thumb Code    38  k1-burst-driver.o(i.fm_space)
    fmserial_try_send                        0x08007779   Thumb Code   160  k1-burst-driver.o(i.fmserial_try_send)
    hall_begin                               0x08007819   Thumb Code    14  burst_hall.o(i.hall_begin)
    hall_dummy_interp                        0x08007827   Thumb Code     8  burst_hall.o(i.hall_dummy_interp)
    hall_update                              0x0800782f   Thumb Code   162  burst_hall.o(i.hall_update)
    inv3ph_begin                             0x080078d1   Thumb Code    46  burst_inv3ph.o(i.inv3ph_begin)
    inv3ph_run                               0x080078ff   Thumb Code   578  burst_inv3ph.o(i.inv3ph_run)
    k1_serial_aborttx                        0x08007b41   Thumb Code    34  k1-burst-driver.pfr.o(i.k1_serial_aborttx)
    k1_serial_ready                          0x08007b63   Thumb Code    12  k1-burst-driver.pfr.o(i.k1_serial_ready)
    k1_serial_receive_packet                 0x08007b71   Thumb Code    84  k1-burst-driver.o(i.k1_serial_receive_packet)
    k1_serial_send_complete                  0x08007bc5   Thumb Code     2  k1-burst-driver.o(i.k1_serial_send_complete)
    k1_serial_send_packet                    0x08007bc7   Thumb Code    80  k1-burst-driver.pfr.o(i.k1_serial_send_packet)
    k1_serial_send_refuse                    0x08007c17   Thumb Code     4  k1-burst-driver.o(i.k1_serial_send_refuse)
    main                                     0x08007c1b   Thumb Code    50  main.o(i.main)
    motion_reset                             0x08007c4d   Thumb Code    14  pmsm_hall_app.obj.o(i.motion_reset)
    motion_run                               0x08007c5b   Thumb Code    12  pmsm_hall_app.obj.o(i.motion_run)
    motion_setup                             0x08007c67   Thumb Code    54  pmsm_hall_app.obj.o(i.motion_setup)
    nikitin_begin                            0x08007c9d   Thumb Code    34  nikitin.o(i.nikitin_begin)
    nikitin_reset_                           0x08007cbf   Thumb Code    18  nikitin.o(i.nikitin_reset_)
    nikitin_run_                             0x08007cd1   Thumb Code   104  nikitin.o(i.nikitin_run_)
    pmsm_angle_forcer_begin                  0x08007d39   Thumb Code    14  pmsm.o(i.pmsm_angle_forcer_begin)
    pmsm_angle_forcer_run                    0x08007d47   Thumb Code   106  pmsm.o(i.pmsm_angle_forcer_run)
    pmsm_begin                               0x08007db1   Thumb Code   194  pmsm.o(i.pmsm_begin)
    pmsm_event_update_feedback               0x08007e73   Thumb Code    26  pmsm.o(i.pmsm_event_update_feedback)
    pmsm_hall_app_backend_loop               0x08007e8d   Thumb Code    54  pmsm_hall_app.o(i.pmsm_hall_app_backend_loop)
    pmsm_hall_app_begin                      0x08007ec5   Thumb Code   362  pmsm_hall_app.o(i.pmsm_hall_app_begin)
    pmsm_hall_app_control_step_1             0x0800802f   Thumb Code    64  pmsm_hall_app.o(i.pmsm_hall_app_control_step_1)
    pmsm_hall_app_control_step_2             0x0800806f   Thumb Code    28  pmsm_hall_app.o(i.pmsm_hall_app_control_step_2)
    pmsm_hall_app_control_step_3             0x0800808b   Thumb Code    76  pmsm_hall_app.o(i.pmsm_hall_app_control_step_3)
    pmsm_hall_app_frontend_loop              0x080080d7   Thumb Code     2  pmsm_hall_app.o(i.pmsm_hall_app_frontend_loop)
    pmsm_hall_app_motor_current_magnitude    0x080080d9   Thumb Code    12  pmsm_hall_app.o(i.pmsm_hall_app_motor_current_magnitude)
    pmsm_hall_app_realtime_loop              0x080080e5   Thumb Code    66  pmsm_hall_app.o(i.pmsm_hall_app_realtime_loop)
    pmsm_hall_app_start                      0x08008127   Thumb Code    30  pmsm_hall_app.o(i.pmsm_hall_app_start)
    pmsm_inverter_run                        0x08008145   Thumb Code   154  pmsm.o(i.pmsm_inverter_run)
    pmsm_mode_synchro_current_applay_action  0x080081df   Thumb Code    84  pmsm.o(i.pmsm_mode_synchro_current_applay_action)
    pmsm_mode_synchro_current_runA           0x08008233   Thumb Code    56  pmsm.o(i.pmsm_mode_synchro_current_runA)
    pmsm_mode_synchro_current_start          0x0800826b   Thumb Code    80  pmsm.o(i.pmsm_mode_synchro_current_start)
    pmsm_mode_synchro_current_stop           0x080082bb   Thumb Code     8  pmsm.o(i.pmsm_mode_synchro_current_stop)
    pmsm_mode_synchro_voltage_applay_action  0x080082c3   Thumb Code    52  pmsm.o(i.pmsm_mode_synchro_voltage_applay_action)
    pmsm_mode_synchro_voltage_runA           0x080082f7   Thumb Code    26  pmsm.o(i.pmsm_mode_synchro_voltage_runA)
    pmsm_mode_synchro_voltage_start          0x08008311   Thumb Code    38  pmsm.o(i.pmsm_mode_synchro_voltage_start)
    pmsm_mode_synchro_voltage_stop           0x08008337   Thumb Code     8  pmsm.o(i.pmsm_mode_synchro_voltage_stop)
    pmsm_sence_run                           0x0800833f   Thumb Code    32  pmsm.o(i.pmsm_sence_run)
    positioner_reset                         0x0800835f   Thumb Code    12  pmsm_hall_app.obj.o(i.positioner_reset)
    positioner_run                           0x0800836b   Thumb Code    12  pmsm_hall_app.obj.o(i.positioner_run)
    positioner_setup                         0x08008377   Thumb Code    50  pmsm_hall_app.obj.o(i.positioner_setup)
    power_active                             0x080083a9   Thumb Code    12  pmsm_hall_app.obj.o(i.power_active)
    power_boot_begin                         0x080083b5   Thumb Code    36  k1-burst-driver.pfr.o(i.power_boot_begin)
    power_boot_complete                      0x080083d9   Thumb Code     2  pmsm_hall_app.obj.o(i.power_boot_complete)
    power_do_boot                            0x080083db   Thumb Code     4  pmsm_hall_app.obj.o(i.power_do_boot)
    power_do_invert                          0x080083df   Thumb Code    42  k1-burst-driver.pfr.o(i.power_do_invert)
    power_do_shutdown                        0x08008409   Thumb Code     4  pmsm_hall_app.obj.o(i.power_do_shutdown)
    power_run                                0x0800840d   Thumb Code    12  pmsm_hall_app.obj.o(i.power_run)
    power_shutdown_begin                     0x08008419   Thumb Code    36  k1-burst-driver.pfr.o(i.power_shutdown_begin)
    power_shutdown_complete                  0x0800843d   Thumb Code     2  pmsm_hall_app.obj.o(i.power_shutdown_complete)
    rotcalc                                  0x0800843f   Thumb Code    26  burst_signal.o(i.rotcalc)
    s_extract                                0x08008459   Thumb Code    84  burst_signal.o(i.s_extract)
    s_inc                                    0x080084ad   Thumb Code    18  burst_signal.o(i.s_inc)
    s_mult                                   0x080084bf   Thumb Code    14  burst_signal.o(i.s_mult)
    speedse_reset                            0x080084cd   Thumb Code    12  pmsm_hall_app.obj.o(i.speedse_reset)
    speedse_run                              0x080084d9   Thumb Code    12  pmsm_hall_app.obj.o(i.speedse_run)
    speedse_setup                            0x080084e5   Thumb Code    18  pmsm_hall_app.obj.o(i.speedse_setup)
    swt_begin                                0x080084f7   Thumb Code     2  pmsm_hall_app.obj.o(i.swt_begin)
    swt_phy_A_off                            0x080084f9   Thumb Code    32  k1-burst-driver.pfr.o(i.swt_phy_A_off)
    swt_phy_A_on                             0x08008519   Thumb Code    38  k1-burst-driver.pfr.o(i.swt_phy_A_on)
    swt_phy_A_set_lo                         0x0800853f   Thumb Code    40  k1-burst-driver.pfr.o(i.swt_phy_A_set_lo)
    swt_phy_A_set_pwm                        0x08008567   Thumb Code    22  k1-burst-driver.pfr.o(i.swt_phy_A_set_pwm)
    swt_phy_B_off                            0x0800857d   Thumb Code    32  k1-burst-driver.pfr.o(i.swt_phy_B_off)
    swt_phy_B_on                             0x0800859d   Thumb Code    40  k1-burst-driver.pfr.o(i.swt_phy_B_on)
    swt_phy_B_set_lo                         0x080085c5   Thumb Code    42  k1-burst-driver.pfr.o(i.swt_phy_B_set_lo)
    swt_phy_B_set_pwm                        0x080085ef   Thumb Code    22  k1-burst-driver.pfr.o(i.swt_phy_B_set_pwm)
    swt_phy_C_off                            0x08008605   Thumb Code    32  k1-burst-driver.pfr.o(i.swt_phy_C_off)
    swt_phy_C_on                             0x08008625   Thumb Code    40  k1-burst-driver.pfr.o(i.swt_phy_C_on)
    swt_phy_C_set_lo                         0x0800864d   Thumb Code    42  k1-burst-driver.pfr.o(i.swt_phy_C_set_lo)
    swt_phy_C_set_pwm                        0x08008677   Thumb Code    22  k1-burst-driver.pfr.o(i.swt_phy_C_set_pwm)
    swt_phy_sector_get                       0x0800868d   Thumb Code    12  k1-burst-driver.pfr.o(i.swt_phy_sector_get)
    swt_pwm_run_forward                      0x08008699   Thumb Code   306  pmsm_hall_app.obj.o(i.swt_pwm_run_forward)
    swt_start                                0x080087cb   Thumb Code    16  pmsm_hall_app.obj.o(i.swt_start)
    swt_stop                                 0x080087db   Thumb Code    30  pmsm_hall_app.obj.o(i.swt_stop)
    temp_poll_                               0x080087f9   Thumb Code    60  k1-burst-driver.o(i.temp_poll_)
    __fpl_dcmp_Inf                           0x08008835   Thumb Code    24  dcmpi.o(x$fpl$dcmpinf)
    __aeabi_i2d                              0x0800884d   Thumb Code     0  dflt_clz.o(x$fpl$dflt)
    _dflt                                    0x0800884d   Thumb Code    46  dflt_clz.o(x$fpl$dflt)
    __aeabi_cdcmple                          0x0800887d   Thumb Code     0  dleqf.o(x$fpl$dleqf)
    _dcmple                                  0x0800887d   Thumb Code   120  dleqf.o(x$fpl$dleqf)
    __fpl_dcmple_InfNaN                      0x080088df   Thumb Code     0  dleqf.o(x$fpl$dleqf)
    __fpl_dnaninf                            0x080088f5   Thumb Code   156  dnaninf.o(x$fpl$dnaninf)
    __aeabi_cdrcmple                         0x08008991   Thumb Code     0  drleqf.o(x$fpl$drleqf)
    _drcmple                                 0x08008991   Thumb Code   108  drleqf.o(x$fpl$drleqf)
    __I$use$fp                               0x080089fc   Number         0  usenofp.o(x$fpl$usenofp)
    AHBPrescTable                            0x08008a2e   Data          16  system_stm32f1xx.o(.constdata)
    APBPrescTable                            0x08008a3e   Data           8  system_stm32f1xx.o(.constdata)
    mcgenSineTable256                        0x08008b88   Data         514  burst_sin.o(.constdata)
    tableAtan64                              0x08008d8a   Data         128  burst_sin.o(.constdata)
    Region$$Table$$Base                      0x08008f20   Number         0  anon$$obj.o(Region$$Table)
    Region$$Table$$Limit                     0x08008f40   Number         0  anon$$obj.o(Region$$Table)
    uwTickFreq                               0x20000000   Data           1  stm32f1xx_hal.o(.data)
    uwTickPrio                               0x20000004   Data           4  stm32f1xx_hal.o(.data)
    uwTick                                   0x20000008   Data           4  stm32f1xx_hal.o(.data)
    SystemCoreClock                          0x2000000c   Data           4  system_stm32f1xx.o(.data)
    burst_core_status_                       0x20000010   Data           1  burst.o(.data)
    burst_started_                           0x20000011   Data           1  burst.o(.data)
    burst_tp_status                          0x20000012   Data           1  burst.o(.data)
    burst_config                             0x20000014   Data           4  burst.o(.data)
    burst_slot                               0x20000018   Data           4  burst.o(.data)
    burst_slots_end                          0x2000001c   Data           4  burst.o(.data)
    guest_count_                             0x20000020   Data           4  burst.o(.data)
    lock_count_                              0x20000024   Data           4  burst.o(.data)
    burst_tp_verb                            0x20000028   Data           4  burst.o(.data)
    burst_idle_mode                          0x2000002c   Data          28  burst.o(.data)
    burst_slots                              0x20000048   Data          64  burst.o(.data)
    burst_config_dummy                       0x20000088   Data          20  burst.o(.data)
    hall_angles                              0x2000009c   Data          12  burst_hall.o(.data)
    burst_time_us_                           0x200000a8   Data           4  burst_timer.o(.data)
    burst_time_ms_                           0x200000ac   Data           4  burst_timer.o(.data)
    burst_acc_us_                            0x200000b0   Data           4  burst_timer.o(.data)
    dsqrtGainArray                           0x200000b4   Data          88  burst_sqrt.o(.data)
    dsqrtOffsetArray                         0x2000010c   Data          88  burst_sqrt.o(.data)
    dsqrtShift                               0x20000164   Data          88  burst_sqrt.o(.data)
    dsqrtRes                                 0x200001bc   Data          16  burst_sqrt.o(.data)
    sending                                  0x200001cc   Data           1  k1-burst-driver.o(.data)
    ix                                       0x200001d0   Data           4  k1-burst-driver.o(.data)
    synchro_test_enable                      0x200001d4   Data           4  k1-burst-driver.o(.data)
    synchro_test_level                       0x200001d8   Data           4  k1-burst-driver.o(.data)
    serial_tx_sz                             0x200001dc   Data           4  k1-burst-driver.o(.data)
    fmincom_readCount                        0x200001e8   Data           4  k1-burst-driver.o(.data)
    fmincom_writeCount                       0x200001ec   Data           4  k1-burst-driver.o(.data)
    fmoutcom_readCount                       0x200001f0   Data           4  k1-burst-driver.o(.data)
    fmoutcom_writeCount                      0x200001f4   Data           4  k1-burst-driver.o(.data)
    k1_config                                0x20000210   Data         320  k1-burst-driver.o(.data)
    tables                                   0x20000350   Data          13  k1-burst-driver.o(.data)
    addr                                     0x2000035d   Data          13  k1-burst-driver.o(.data)
    temp_poll                                0x2000036c   Data          20  k1-burst-driver.o(.data)
    TMP423_wd_enabled                        0x20000380   Data           1  k1-burst-driver.obj.o(.data)
    TMP423_state_                            0x20000381   Data           1  k1-burst-driver.obj.o(.data)
    pcm_nRecTriggerMode                      0x20000382   Data           1  k1-burst-driver.obj.o(.data)
    pcm_nRecVarCount                         0x20000383   Data           1  k1-burst-driver.obj.o(.data)
    pcm_wRecTotalSmps                        0x2000038a   Data           2  k1-burst-driver.obj.o(.data)
    pcm_wRecPostTrigger                      0x2000038c   Data           2  k1-burst-driver.obj.o(.data)
    pcm_wRecTimeDiv                          0x2000038e   Data           2  k1-burst-driver.obj.o(.data)
    pcm_wRecBuffStartIx                      0x20000390   Data           2  k1-burst-driver.obj.o(.data)
    pcm_wRecTimeDivCtr                       0x20000392   Data           2  k1-burst-driver.obj.o(.data)
    pcm_wStoprecCountDown                    0x20000394   Data           2  k1-burst-driver.obj.o(.data)
    TMP423_outcom_packet_                    0x2000039c   Data           4  k1-burst-driver.obj.o(.data)
    TMP423_incom_packet_                     0x200003a0   Data           4  k1-burst-driver.obj.o(.data)
    TMP423_wd_begin_us_                      0x200003a4   Data           4  k1-burst-driver.obj.o(.data)
    TMP423_wd_delay_us_                      0x200003a8   Data           4  k1-burst-driver.obj.o(.data)
    pcm_dwRecWritePtr                        0x200003ac   Data           4  k1-burst-driver.obj.o(.data)
    pcm_dwRecEndBuffPtr                      0x200003b0   Data           4  k1-burst-driver.obj.o(.data)
    pcm_wRecFlags                            0x200003b4   Data           4  k1-burst-driver.obj.o(.data)
    serialComDone                            0x200003d4   Data           1  k1-burst-driver.pfr.o(.data)
    swt_pwm_A                                0x200003d6   Data           2  k1-burst-driver.pfr.o(.data)
    swt_pwm_B                                0x200003d8   Data           2  k1-burst-driver.pfr.o(.data)
    swt_pwm_C                                0x200003da   Data           2  k1-burst-driver.pfr.o(.data)
    DWT_CYCCNT                               0x200003dc   Data           4  k1-burst-driver.pfr.o(.data)
    DWT_CONTROL                              0x200003e0   Data           4  k1-burst-driver.pfr.o(.data)
    SCB_DEMCR                                0x200003e4   Data           4  k1-burst-driver.pfr.o(.data)
    abort_count                              0x200003e8   Data           4  k1-burst-driver.pfr.o(.data)
    critical_                                0x200003ec   Data           4  k1-burst-driver.pfr.o(.data)
    hall_pins                                0x200003f4   Data           4  k1-burst-driver.pfr.o(.data)
    actuator_mode_fault                      0x200003f8   Data          28  actuator.o(.data)
    actuator_mode_speed                      0x20000414   Data          28  actuator.o(.data)
    actuator_mode_voltage                    0x20000430   Data          28  actuator.o(.data)
    actuator_mode_position                   0x2000044c   Data          28  actuator.o(.data)
    acwc_mode_voltage_cl                     0x20000468   Data          28  acwc.o(.data)
    acwc_mode_cl_speed                       0x20000484   Data          28  acwc.o(.data)
    acwc_mode_cl_position                    0x200004a0   Data          28  acwc.o(.data)
    acwc_mode_current                        0x200004bc   Data          28  acwc.o(.data)
    acwc_mode_speed                          0x200004d8   Data          28  acwc.o(.data)
    acwc_mode_position                       0x200004f4   Data          28  acwc.o(.data)
    pmcm_synchro_voltage                     0x20000510   Data          28  pmsm.o(.data)
    pmcm_synchro_current                     0x2000052c   Data          28  pmsm.o(.data)
    RPM                                      0x20000548   Data           4  pmsm_hall_app.o(.data)
    pmsm_hall_app_modes                      0x2000055c   Data          60  pmsm_hall_app.o(.data)
    bldc_mode_pwm                            0x20000598   Data          28  pmsm_hall_app.o(.data)
    c_lat_pi_def_control_min                 0x200005b4   Data           2  pmsm_hall_app.obj.o(.data)
    c_lat_pi_def_control_max                 0x200005b6   Data           2  pmsm_hall_app.obj.o(.data)
    c_cross_pi_def_control_min               0x200005b8   Data           2  pmsm_hall_app.obj.o(.data)
    c_cross_pi_def_control_max               0x200005ba   Data           2  pmsm_hall_app.obj.o(.data)
    c_hi_pi_def_control_min                  0x200005bc   Data           2  pmsm_hall_app.obj.o(.data)
    c_hi_pi_def_control_max                  0x200005be   Data           2  pmsm_hall_app.obj.o(.data)
    c_lo_pi_def_control_min                  0x200005c0   Data           2  pmsm_hall_app.obj.o(.data)
    c_lo_pi_def_control_max                  0x200005c2   Data           2  pmsm_hall_app.obj.o(.data)
    swt                                      0x200005c8   Data           8  pmsm_hall_app.obj.o(.data)
    power                                    0x200005d0   Data          48  pmsm_hall_app.obj.o(.data)
    speedse                                  0x20000600   Data          40  pmsm_hall_app.obj.o(.data)
    enco                                     0x20000628   Data          84  pmsm_hall_app.obj.o(.data)
    c_lat_pi                                 0x2000067c   Data          68  pmsm_hall_app.obj.o(.data)
    c_cross_pi                               0x200006c0   Data          68  pmsm_hall_app.obj.o(.data)
    c_hi_pi                                  0x20000704   Data          68  pmsm_hall_app.obj.o(.data)
    c_lo_pi                                  0x20000748   Data          68  pmsm_hall_app.obj.o(.data)
    c_lat_flt                                0x2000078c   Data          40  pmsm_hall_app.obj.o(.data)
    c_cross_flt                              0x200007b4   Data          40  pmsm_hall_app.obj.o(.data)
    motion                                   0x200007dc   Data          72  pmsm_hall_app.obj.o(.data)
    positioner                               0x20000824   Data          44  pmsm_hall_app.obj.o(.data)
    swt_config                               0x20000850   Data          16  pmsm_hall_app.obj.o(.data)
    hadc1                                    0x20000860   Data          48  adc.o(.bss)
    hadc2                                    0x20000890   Data          48  adc.o(.bss)
    hi2c1                                    0x200008c0   Data          84  i2c.o(.bss)
    htim1                                    0x20000914   Data          72  tim.o(.bss)
    huart1                                   0x2000095c   Data          72  usart.o(.bss)
    hdma_usart1_rx                           0x200009a4   Data          68  usart.o(.bss)
    hdma_usart1_tx                           0x200009e8   Data          68  usart.o(.bss)
    burst                                    0x20000a2c   Data          16  burst.o(.bss)
    burst_timer_backend_inedex_              0x20000a3c   Data          12  burst_timer.o(.bss)
    burst_timer_frontend_inedex_             0x20000a48   Data          12  burst_timer.o(.bss)
    dsqrtBitTable                            0x20000a54   Data        1024  burst_sqrt.o(.bss)
    pmsma                                    0x20000e54   Data          32  k1-burst-driver.o(.bss)
    feedback                                 0x20000e74   Data          18  k1-burst-driver.o(.bss)
    temper                                   0x20000e86   Data          14  k1-burst-driver.o(.bss)
    fmincom_data                             0x20000e94   Data         128  k1-burst-driver.o(.bss)
    fmoutcom_data                            0x20000f14   Data         128  k1-burst-driver.o(.bss)
    k1_serial_tx_buffer                      0x20000f94   Data         255  k1-burst-driver.o(.bss)
    pcm_pRecVarAddr                          0x20001094   Data          32  k1-burst-driver.obj.o(.bss)
    pcm_pRecVarSize                          0x200010b4   Data          16  k1-burst-driver.obj.o(.bss)
    adc_raw                                  0x200020d8   Data          28  k1-burst-driver.pfr.o(.bss)
    k1_serial_rx_buffer                      0x200020f4   Data         255  k1-burst-driver.pfr.o(.bss)
    hall                                     0x200021f4   Data          40  pmsm_hall_app.o(.bss)
    hall_extra                               0x2000221c   Data         116  pmsm_hall_app.o(.bss)
    adc                                      0x20002290   Data         108  pmsm_hall_app.o(.bss)
    angle_forcer                             0x200022fc   Data          32  pmsm_hall_app.o(.bss)
    motor                                    0x2000231c   Data         348  pmsm_hall_app.o(.bss)
    __libspace_start                         0x20002478   Data          96  libspace.o(.bss)
    __temporary_stack_top$libspace           0x200024d8   Data           0  libspace.o(.bss)



==============================================================================

Memory Map of the image

  Image Entry point : 0x080000ed

  Load Region LR_IROM1 (Base: 0x08000000, Size: 0x000097b8, Max: 0x00010000, ABSOLUTE, COMPRESSED[0x0000925c])

    Execution Region ER_IROM1 (Exec base: 0x08000000, Load base: 0x08000000, Size: 0x00008f58, Max: 0x00010000, ABSOLUTE)

    Exec Addr    Load Addr    Size         Type   Attr      Idx    E Section Name        Object

    0x08000000   0x08000000   0x000000ec   Data   RO            3    RESET               startup_stm32f103xb.o
    0x080000ec   0x080000ec   0x00000008   Code   RO         6979  * !!!main             c_w.l(__main.o)
    0x080000f4   0x080000f4   0x00000034   Code   RO         7157    !!!scatter          c_w.l(__scatter.o)
    0x08000128   0x08000128   0x0000005a   Code   RO         7155    !!dczerorl2         c_w.l(__dczerorl2.o)
    0x08000182   0x08000182   0x00000002   PAD
    0x08000184   0x08000184   0x0000001c   Code   RO         7159    !!handler_zi        c_w.l(__scatter_zi.o)
    0x080001a0   0x080001a0   0x00000002   Code   RO         7023    .ARM.Collect$$libinit$$00000000  c_w.l(libinit.o)
    0x080001a2   0x080001a2   0x00000000   Code   RO         7030    .ARM.Collect$$libinit$$00000002  c_w.l(libinit2.o)
    0x080001a2   0x080001a2   0x00000000   Code   RO         7032    .ARM.Collect$$libinit$$00000004  c_w.l(libinit2.o)
    0x080001a2   0x080001a2   0x00000000   Code   RO         7035    .ARM.Collect$$libinit$$0000000A  c_w.l(libinit2.o)
    0x080001a2   0x080001a2   0x00000000   Code   RO         7037    .ARM.Collect$$libinit$$0000000C  c_w.l(libinit2.o)
    0x080001a2   0x080001a2   0x00000000   Code   RO         7039    .ARM.Collect$$libinit$$0000000E  c_w.l(libinit2.o)
    0x080001a2   0x080001a2   0x00000000   Code   RO         7042    .ARM.Collect$$libinit$$00000011  c_w.l(libinit2.o)
    0x080001a2   0x080001a2   0x00000000   Code   RO         7044    .ARM.Collect$$libinit$$00000013  c_w.l(libinit2.o)
    0x080001a2   0x080001a2   0x00000000   Code   RO         7046    .ARM.Collect$$libinit$$00000015  c_w.l(libinit2.o)
    0x080001a2   0x080001a2   0x00000000   Code   RO         7048    .ARM.Collect$$libinit$$00000017  c_w.l(libinit2.o)
    0x080001a2   0x080001a2   0x00000000   Code   RO         7050    .ARM.Collect$$libinit$$00000019  c_w.l(libinit2.o)
    0x080001a2   0x080001a2   0x00000000   Code   RO         7052    .ARM.Collect$$libinit$$0000001B  c_w.l(libinit2.o)
    0x080001a2   0x080001a2   0x00000000   Code   RO         7054    .ARM.Collect$$libinit$$0000001D  c_w.l(libinit2.o)
    0x080001a2   0x080001a2   0x00000000   Code   RO         7056    .ARM.Collect$$libinit$$0000001F  c_w.l(libinit2.o)
    0x080001a2   0x080001a2   0x00000000   Code   RO         7058    .ARM.Collect$$libinit$$00000021  c_w.l(libinit2.o)
    0x080001a2   0x080001a2   0x00000000   Code   RO         7060    .ARM.Collect$$libinit$$00000023  c_w.l(libinit2.o)
    0x080001a2   0x080001a2   0x00000000   Code   RO         7062    .ARM.Collect$$libinit$$00000025  c_w.l(libinit2.o)
    0x080001a2   0x080001a2   0x00000000   Code   RO         7066    .ARM.Collect$$libinit$$0000002C  c_w.l(libinit2.o)
    0x080001a2   0x080001a2   0x00000000   Code   RO         7068    .ARM.Collect$$libinit$$0000002E  c_w.l(libinit2.o)
    0x080001a2   0x080001a2   0x00000000   Code   RO         7070    .ARM.Collect$$libinit$$00000030  c_w.l(libinit2.o)
    0x080001a2   0x080001a2   0x00000000   Code   RO         7072    .ARM.Collect$$libinit$$00000032  c_w.l(libinit2.o)
    0x080001a2   0x080001a2   0x00000002   Code   RO         7073    .ARM.Collect$$libinit$$00000033  c_w.l(libinit2.o)
    0x080001a4   0x080001a4   0x00000002   Code   RO         7093    .ARM.Collect$$libshutdown$$00000000  c_w.l(libshutdown.o)
    0x080001a6   0x080001a6   0x00000000   Code   RO         7106    .ARM.Collect$$libshutdown$$00000002  c_w.l(libshutdown2.o)
    0x080001a6   0x080001a6   0x00000000   Code   RO         7108    .ARM.Collect$$libshutdown$$00000004  c_w.l(libshutdown2.o)
    0x080001a6   0x080001a6   0x00000000   Code   RO         7110    .ARM.Collect$$libshutdown$$00000006  c_w.l(libshutdown2.o)
    0x080001a6   0x080001a6   0x00000000   Code   RO         7113    .ARM.Collect$$libshutdown$$00000009  c_w.l(libshutdown2.o)
    0x080001a6   0x080001a6   0x00000000   Code   RO         7116    .ARM.Collect$$libshutdown$$0000000C  c_w.l(libshutdown2.o)
    0x080001a6   0x080001a6   0x00000000   Code   RO         7118    .ARM.Collect$$libshutdown$$0000000E  c_w.l(libshutdown2.o)
    0x080001a6   0x080001a6   0x00000000   Code   RO         7121    .ARM.Collect$$libshutdown$$00000011  c_w.l(libshutdown2.o)
    0x080001a6   0x080001a6   0x00000002   Code   RO         7122    .ARM.Collect$$libshutdown$$00000012  c_w.l(libshutdown2.o)
    0x080001a8   0x080001a8   0x00000000   Code   RO         6991    .ARM.Collect$$rtentry$$00000000  c_w.l(__rtentry.o)
    0x080001a8   0x080001a8   0x00000000   Code   RO         7000    .ARM.Collect$$rtentry$$00000002  c_w.l(__rtentry2.o)
    0x080001a8   0x080001a8   0x00000006   Code   RO         7012    .ARM.Collect$$rtentry$$00000004  c_w.l(__rtentry4.o)
    0x080001ae   0x080001ae   0x00000000   Code   RO         7002    .ARM.Collect$$rtentry$$00000009  c_w.l(__rtentry2.o)
    0x080001ae   0x080001ae   0x00000004   Code   RO         7003    .ARM.Collect$$rtentry$$0000000A  c_w.l(__rtentry2.o)
    0x080001b2   0x080001b2   0x00000000   Code   RO         7005    .ARM.Collect$$rtentry$$0000000C  c_w.l(__rtentry2.o)
    0x080001b2   0x080001b2   0x00000008   Code   RO         7006    .ARM.Collect$$rtentry$$0000000D  c_w.l(__rtentry2.o)
    0x080001ba   0x080001ba   0x00000002   Code   RO         7027    .ARM.Collect$$rtexit$$00000000  c_w.l(rtexit.o)
    0x080001bc   0x080001bc   0x00000000   Code   RO         7075    .ARM.Collect$$rtexit$$00000002  c_w.l(rtexit2.o)
    0x080001bc   0x080001bc   0x00000004   Code   RO         7076    .ARM.Collect$$rtexit$$00000003  c_w.l(rtexit2.o)
    0x080001c0   0x080001c0   0x00000006   Code   RO         7077    .ARM.Collect$$rtexit$$00000004  c_w.l(rtexit2.o)
    0x080001c6   0x080001c6   0x00000002   PAD
    0x080001c8   0x080001c8   0x0000003c   Code   RO            4    .text               startup_stm32f103xb.o
    0x08000204   0x08000204   0x00000006   Code   RO         6977    .text               c_w.l(heapauxi.o)
    0x0800020a   0x0800020a   0x0000004a   Code   RO         7014    .text               c_w.l(sys_stackheap_outer.o)
    0x08000254   0x08000254   0x00000012   Code   RO         7016    .text               c_w.l(exit.o)
    0x08000266   0x08000266   0x00000002   PAD
    0x08000268   0x08000268   0x00000008   Code   RO         7024    .text               c_w.l(libspace.o)
    0x08000270   0x08000270   0x0000000c   Code   RO         7085    .text               c_w.l(sys_exit.o)
    0x0800027c   0x0800027c   0x00000002   Code   RO         7096    .text               c_w.l(use_no_semi.o)
    0x0800027e   0x0800027e   0x00000000   Code   RO         7098    .text               c_w.l(indicate_semi.o)
    0x0800027e   0x0800027e   0x0000005e   Code   RO         5444    i.ADC1_2_IRQHandler  k1-burst-driver.pfr.o
    0x080002dc   0x080002dc   0x0000005e   Code   RO          603    i.ADC_ConversionStop_Disable  stm32f1xx_hal_adc.o
    0x0800033a   0x0800033a   0x00000002   PAD
    0x0800033c   0x0800033c   0x000000c4   Code   RO          607    i.ADC_Enable        stm32f1xx_hal_adc.o
    0x08000400   0x08000400   0x00000002   Code   RO          437    i.BusFault_Handler  stm32f1xx_it.o
    0x08000402   0x08000402   0x0000000c   Code   RO          438    i.DMA1_Channel4_IRQHandler  stm32f1xx_it.o
    0x0800040e   0x0800040e   0x0000000c   Code   RO          439    i.DMA1_Channel5_IRQHandler  stm32f1xx_it.o
    0x0800041a   0x0800041a   0x00000002   Code   RO          440    i.DebugMon_Handler  stm32f1xx_it.o
    0x0800041c   0x0800041c   0x0000001e   Code   RO           13    i.Error_Handler     main.o
    0x0800043a   0x0800043a   0x00000050   Code   RO         4923    i.FMSTR_AddressFromBuffer  k1-burst-driver.obj.o
    0x0800048a   0x0800048a   0x00000024   Code   RO         4925    i.FMSTR_Compare16S  k1-burst-driver.obj.o
    0x080004ae   0x080004ae   0x00000020   Code   RO         4926    i.FMSTR_Compare16U  k1-burst-driver.obj.o
    0x080004ce   0x080004ce   0x00000020   Code   RO         4927    i.FMSTR_Compare32S  k1-burst-driver.obj.o
    0x080004ee   0x080004ee   0x00000020   Code   RO         4928    i.FMSTR_Compare32U  k1-burst-driver.obj.o
    0x0800050e   0x0800050e   0x00000024   Code   RO         4929    i.FMSTR_Compare8S   k1-burst-driver.obj.o
    0x08000532   0x08000532   0x00000020   Code   RO         4930    i.FMSTR_Compare8U   k1-burst-driver.obj.o
    0x08000552   0x08000552   0x0000007a   Code   RO         4936    i.FMSTR_GetRecBuff  k1-burst-driver.obj.o
    0x080005cc   0x080005cc   0x000001e0   Code   RO         4945    i.FMSTR_ProcessSCI  k1-burst-driver.obj.o
    0x080007ac   0x080007ac   0x000003e0   Code   RO         4946    i.FMSTR_ProtocolDecoder  k1-burst-driver.obj.o
    0x08000b8c   0x08000b8c   0x00000146   Code   RO         4950    i.FMSTR_Recorder    k1-burst-driver.obj.o
    0x08000cd2   0x08000cd2   0x000001ae   Code   RO         4960    i.FMSTR_SetUpRec    k1-burst-driver.obj.o
    0x08000e80   0x08000e80   0x00000130   Code   RO          783    i.HAL_ADCEx_Calibration_Start  stm32f1xx_hal_adc_ex.o
    0x08000fb0   0x08000fb0   0x0000028e   Code   RO          784    i.HAL_ADCEx_InjectedConfigChannel  stm32f1xx_hal_adc_ex.o
    0x0800123e   0x0800123e   0x000000c0   Code   RO          788    i.HAL_ADCEx_InjectedStart  stm32f1xx_hal_adc_ex.o
    0x080012fe   0x080012fe   0x000000ce   Code   RO          789    i.HAL_ADCEx_InjectedStart_IT  stm32f1xx_hal_adc_ex.o
    0x080013cc   0x080013cc   0x00000130   Code   RO          618    i.HAL_ADC_Init      stm32f1xx_hal_adc.o
    0x080014fc   0x080014fc   0x00000098   Code   RO          234    i.HAL_ADC_MspInit   adc.o
    0x08001594   0x08001594   0x00000048   Code   RO         1258    i.HAL_DMA_Abort     stm32f1xx_hal_dma.o
    0x080015dc   0x080015dc   0x000000a8   Code   RO         1259    i.HAL_DMA_Abort_IT  stm32f1xx_hal_dma.o
    0x08001684   0x08001684   0x00000004   Code   RO         1261    i.HAL_DMA_GetError  stm32f1xx_hal_dma.o
    0x08001688   0x08001688   0x00000006   Code   RO         1262    i.HAL_DMA_GetState  stm32f1xx_hal_dma.o
    0x0800168e   0x0800168e   0x0000016c   Code   RO         1263    i.HAL_DMA_IRQHandler  stm32f1xx_hal_dma.o
    0x080017fa   0x080017fa   0x00000080   Code   RO         1264    i.HAL_DMA_Init      stm32f1xx_hal_dma.o
    0x0800187a   0x0800187a   0x00000096   Code   RO         1268    i.HAL_DMA_Start_IT  stm32f1xx_hal_dma.o
    0x08001910   0x08001910   0x000001ec   Code   RO         1195    i.HAL_GPIO_Init     stm32f1xx_hal_gpio.o
    0x08001afc   0x08001afc   0x0000000a   Code   RO         1199    i.HAL_GPIO_WritePin  stm32f1xx_hal_gpio.o
    0x08001b06   0x08001b06   0x0000000c   Code   RO          890    i.HAL_GetTick       stm32f1xx_hal.o
    0x08001b12   0x08001b12   0x00000002   Code   RO         1810    i.HAL_I2C_AbortCpltCallback  stm32f1xx_hal_i2c.o
    0x08001b14   0x08001b14   0x00000002   Code   RO         1811    i.HAL_I2C_AddrCallback  stm32f1xx_hal_i2c.o
    0x08001b16   0x08001b16   0x0000016c   Code   RO         1814    i.HAL_I2C_ER_IRQHandler  stm32f1xx_hal_i2c.o
    0x08001c82   0x08001c82   0x000008aa   Code   RO         1815    i.HAL_I2C_EV_IRQHandler  stm32f1xx_hal_i2c.o
    0x0800252c   0x0800252c   0x00000004   Code   RO         5445    i.HAL_I2C_ErrorCallback  k1-burst-driver.pfr.o
    0x08002530   0x08002530   0x000001b0   Code   RO         1821    i.HAL_I2C_Init      stm32f1xx_hal_i2c.o
    0x080026e0   0x080026e0   0x00000002   Code   RO         1823    i.HAL_I2C_ListenCpltCallback  stm32f1xx_hal_i2c.o
    0x080026e2   0x080026e2   0x00000004   Code   RO         5446    i.HAL_I2C_MasterRxCpltCallback  k1-burst-driver.pfr.o
    0x080026e6   0x080026e6   0x00000004   Code   RO         5447    i.HAL_I2C_MasterTxCpltCallback  k1-burst-driver.pfr.o
    0x080026ea   0x080026ea   0x0000005e   Code   RO         1826    i.HAL_I2C_Master_Abort_IT  stm32f1xx_hal_i2c.o
    0x08002748   0x08002748   0x000000fa   Code   RO         1829    i.HAL_I2C_Master_Receive_IT  stm32f1xx_hal_i2c.o
    0x08002842   0x08002842   0x000000ee   Code   RO         1836    i.HAL_I2C_Master_Transmit_IT  stm32f1xx_hal_i2c.o
    0x08002930   0x08002930   0x00000002   Code   RO         1837    i.HAL_I2C_MemRxCpltCallback  stm32f1xx_hal_i2c.o
    0x08002932   0x08002932   0x00000002   Code   RO         1838    i.HAL_I2C_MemTxCpltCallback  stm32f1xx_hal_i2c.o
    0x08002934   0x08002934   0x00000098   Code   RO          306    i.HAL_I2C_MspInit   i2c.o
    0x080029cc   0x080029cc   0x00000002   Code   RO         1847    i.HAL_I2C_SlaveRxCpltCallback  stm32f1xx_hal_i2c.o
    0x080029ce   0x080029ce   0x00000002   Code   RO         1848    i.HAL_I2C_SlaveTxCpltCallback  stm32f1xx_hal_i2c.o
    0x080029d0   0x080029d0   0x00000012   Code   RO          896    i.HAL_IncTick       stm32f1xx_hal.o
    0x080029e2   0x080029e2   0x00000026   Code   RO          897    i.HAL_Init          stm32f1xx_hal.o
    0x08002a08   0x08002a08   0x00000042   Code   RO          898    i.HAL_InitTick      stm32f1xx_hal.o
    0x08002a4a   0x08002a4a   0x00000040   Code   RO          543    i.HAL_MspInit       stm32f1xx_hal_msp.o
    0x08002a8a   0x08002a8a   0x0000001e   Code   RO         1351    i.HAL_NVIC_EnableIRQ  stm32f1xx_hal_cortex.o
    0x08002aa8   0x08002aa8   0x00000066   Code   RO         1357    i.HAL_NVIC_SetPriority  stm32f1xx_hal_cortex.o
    0x08002b0e   0x08002b0e   0x00000024   Code   RO         1358    i.HAL_NVIC_SetPriorityGrouping  stm32f1xx_hal_cortex.o
    0x08002b32   0x08002b32   0x000000dc   Code   RO         1156    i.HAL_RCCEx_GetPeriphCLKFreq  stm32f1xx_hal_rcc_ex.o
    0x08002c0e   0x08002c0e   0x00000002   PAD
    0x08002c10   0x08002c10   0x0000012e   Code   RO         1157    i.HAL_RCCEx_PeriphCLKConfig  stm32f1xx_hal_rcc_ex.o
    0x08002d3e   0x08002d3e   0x00000002   PAD
    0x08002d40   0x08002d40   0x000001c2   Code   RO         1054    i.HAL_RCC_ClockConfig  stm32f1xx_hal_rcc.o
    0x08002f02   0x08002f02   0x00000026   Code   RO         1061    i.HAL_RCC_GetPCLK1Freq  stm32f1xx_hal_rcc.o
    0x08002f28   0x08002f28   0x00000026   Code   RO         1062    i.HAL_RCC_GetPCLK2Freq  stm32f1xx_hal_rcc.o
    0x08002f4e   0x08002f4e   0x00000002   PAD
    0x08002f50   0x08002f50   0x000003c8   Code   RO         1066    i.HAL_RCC_OscConfig  stm32f1xx_hal_rcc.o
    0x08003318   0x08003318   0x0000002c   Code   RO         1362    i.HAL_SYSTICK_Config  stm32f1xx_hal_cortex.o
    0x08003344   0x08003344   0x00000052   Code   RO         2844    i.HAL_TIMEx_ConfigBreakDeadTime  stm32f1xx_hal_tim_ex.o
    0x08003396   0x08003396   0x0000006e   Code   RO         2860    i.HAL_TIMEx_MasterConfigSynchronization  stm32f1xx_hal_tim_ex.o
    0x08003404   0x08003404   0x0000005a   Code   RO         2174    i.HAL_TIM_Base_Init  stm32f1xx_hal_tim.o
    0x0800345e   0x0800345e   0x0000002e   Code   RO          348    i.HAL_TIM_Base_MspInit  tim.o
    0x0800348c   0x0800348c   0x0000016e   Code   RO         2183    i.HAL_TIM_ConfigClockSource  stm32f1xx_hal_tim.o
    0x080035fa   0x080035fa   0x00000186   Code   RO         2223    i.HAL_TIM_OC_ConfigChannel  stm32f1xx_hal_tim.o
    0x08003780   0x08003780   0x0000005a   Code   RO         2227    i.HAL_TIM_OC_Init   stm32f1xx_hal_tim.o
    0x080037da   0x080037da   0x00000002   Code   RO         2229    i.HAL_TIM_OC_MspInit  stm32f1xx_hal_tim.o
    0x080037dc   0x080037dc   0x000000d8   Code   RO         2232    i.HAL_TIM_OC_Start_IT  stm32f1xx_hal_tim.o
    0x080038b4   0x080038b4   0x00000202   Code   RO         2246    i.HAL_TIM_PWM_ConfigChannel  stm32f1xx_hal_tim.o
    0x08003ab6   0x08003ab6   0x0000005a   Code   RO         2249    i.HAL_TIM_PWM_Init  stm32f1xx_hal_tim.o
    0x08003b10   0x08003b10   0x00000002   Code   RO         2251    i.HAL_TIM_PWM_MspInit  stm32f1xx_hal_tim.o
    0x08003b12   0x08003b12   0x0000005e   Code   RO         3113    i.HAL_UARTEx_ReceiveToIdle_DMA  stm32f1xx_hal_uart.o
    0x08003b70   0x08003b70   0x00000066   Code   RO         5448    i.HAL_UARTEx_RxEventCallback  k1-burst-driver.pfr.o
    0x08003bd6   0x08003bd6   0x00000068   Code   RO         3121    i.HAL_UART_AbortTransmit  stm32f1xx_hal_uart.o
    0x08003c3e   0x08003c3e   0x000000d4   Code   RO         3127    i.HAL_UART_DMAStop  stm32f1xx_hal_uart.o
    0x08003d12   0x08003d12   0x0000006c   Code   RO         5451    i.HAL_UART_ErrorCallback  k1-burst-driver.pfr.o
    0x08003d7e   0x08003d7e   0x00000308   Code   RO         3132    i.HAL_UART_IRQHandler  stm32f1xx_hal_uart.o
    0x08004086   0x08004086   0x00000064   Code   RO         3133    i.HAL_UART_Init     stm32f1xx_hal_uart.o
    0x080040ea   0x080040ea   0x000000fc   Code   RO          396    i.HAL_UART_MspInit  usart.o
    0x080041e6   0x080041e6   0x00000002   Code   RO         3139    i.HAL_UART_RxCpltCallback  stm32f1xx_hal_uart.o
    0x080041e8   0x080041e8   0x00000002   Code   RO         3140    i.HAL_UART_RxHalfCpltCallback  stm32f1xx_hal_uart.o
    0x080041ea   0x080041ea   0x00000094   Code   RO         3142    i.HAL_UART_Transmit_DMA  stm32f1xx_hal_uart.o
    0x0800427e   0x0800427e   0x00000068   Code   RO         5452    i.HAL_UART_TxCpltCallback  k1-burst-driver.pfr.o
    0x080042e6   0x080042e6   0x00000002   Code   RO         3145    i.HAL_UART_TxHalfCpltCallback  stm32f1xx_hal_uart.o
    0x080042e8   0x080042e8   0x00000002   Code   RO          441    i.HardFault_Handler  stm32f1xx_it.o
    0x080042ea   0x080042ea   0x0000000c   Code   RO          442    i.I2C1_ER_IRQHandler  stm32f1xx_it.o
    0x080042f6   0x080042f6   0x0000000c   Code   RO          443    i.I2C1_EV_IRQHandler  stm32f1xx_it.o
    0x08004302   0x08004302   0x00000002   PAD
    0x08004304   0x08004304   0x000000d6   Code   RO         1859    i.I2C_DMAAbort      stm32f1xx_hal_i2c.o
    0x080043da   0x080043da   0x0000015e   Code   RO         1862    i.I2C_ITError       stm32f1xx_hal_i2c.o
    0x08004538   0x08004538   0x000000c0   Code   RO         1863    i.I2C_MemoryTransmit_TXE_BTF  stm32f1xx_hal_i2c.o
    0x080045f8   0x080045f8   0x000000d0   Code   RO          235    i.MX_ADC1_Init      adc.o
    0x080046c8   0x080046c8   0x000000b2   Code   RO          236    i.MX_ADC2_Init      adc.o
    0x0800477a   0x0800477a   0x0000003e   Code   RO          281    i.MX_DMA_Init       dma.o
    0x080047b8   0x080047b8   0x000000f6   Code   RO          209    i.MX_GPIO_Init      gpio.o
    0x080048ae   0x080048ae   0x00000044   Code   RO          307    i.MX_I2C1_Init      i2c.o
    0x080048f2   0x080048f2   0x000001ce   Code   RO          350    i.MX_TIM1_Init      tim.o
    0x08004ac0   0x08004ac0   0x0000003c   Code   RO          397    i.MX_USART1_UART_Init  usart.o
    0x08004afc   0x08004afc   0x00000002   Code   RO          444    i.MemManage_Handler  stm32f1xx_it.o
    0x08004afe   0x08004afe   0x00000002   Code   RO          445    i.NMI_Handler       stm32f1xx_it.o
    0x08004b00   0x08004b00   0x00000002   Code   RO          446    i.PendSV_Handler    stm32f1xx_it.o
    0x08004b02   0x08004b02   0x00000002   Code   RO          447    i.SVC_Handler       stm32f1xx_it.o
    0x08004b04   0x08004b04   0x00000004   Code   RO          448    i.SysTick_Handler   stm32f1xx_it.o
    0x08004b08   0x08004b08   0x000000c8   Code   RO           14    i.SystemClock_Config  main.o
    0x08004bd0   0x08004bd0   0x00000002   Code   RO         3451    i.SystemInit        system_stm32f1xx.o
    0x08004bd2   0x08004bd2   0x000000a8   Code   RO         5453    i.TIM1_CC_IRQHandler  k1-burst-driver.pfr.o
    0x08004c7a   0x08004c7a   0x0000007c   Code   RO         2267    i.TIM_Base_SetConfig  stm32f1xx_hal_tim.o
    0x08004cf6   0x08004cf6   0x00000062   Code   RO         4977    i.TMP423_confirm    k1-burst-driver.obj.o
    0x08004d58   0x08004d58   0x00000076   Code   RO         4694    i.TMP423_confirm_callback  k1-burst-driver.o
    0x08004dce   0x08004dce   0x00000056   Code   RO         4979    i.TMP423_exchange   k1-burst-driver.obj.o
    0x08004e24   0x08004e24   0x00000058   Code   RO         4980    i.TMP423_panic_     k1-burst-driver.obj.o
    0x08004e7c   0x08004e7c   0x00000004   Code   RO         4983    i.TMP423_prf_panic  k1-burst-driver.obj.o
    0x08004e80   0x08004e80   0x00000016   Code   RO         5454    i.TMP423_prf_ready  k1-burst-driver.pfr.o
    0x08004e96   0x08004e96   0x0000000e   Code   RO         5455    i.TMP423_prf_receive_cancel  k1-burst-driver.pfr.o
    0x08004ea4   0x08004ea4   0x0000000e   Code   RO         5456    i.TMP423_prf_send_cancel  k1-burst-driver.pfr.o
    0x08004eb2   0x08004eb2   0x00000002   Code   RO         4987    i.TMP423_prf_start  k1-burst-driver.obj.o
    0x08004eb4   0x08004eb4   0x00000012   Code   RO         5457    i.TMP423_prf_start_receive  k1-burst-driver.pfr.o
    0x08004ec6   0x08004ec6   0x00000012   Code   RO         5458    i.TMP423_prf_start_send  k1-burst-driver.pfr.o
    0x08004ed8   0x08004ed8   0x00000004   Code   RO         5459    i.TMP423_prf_wd_us  k1-burst-driver.pfr.o
    0x08004edc   0x08004edc   0x0000002c   Code   RO         4991    i.TMP423_ready      k1-burst-driver.obj.o
    0x08004f08   0x08004f08   0x00000044   Code   RO         4992    i.TMP423_refuse     k1-burst-driver.obj.o
    0x08004f4c   0x08004f4c   0x00000014   Code   RO         4994    i.TMP423_start      k1-burst-driver.obj.o
    0x08004f60   0x08004f60   0x00000010   Code   RO         3146    i.UART_DMAAbortOnError  stm32f1xx_hal_uart.o
    0x08004f70   0x08004f70   0x000000ae   Code   RO         3147    i.UART_DMAError     stm32f1xx_hal_uart.o
    0x0800501e   0x0800501e   0x00000098   Code   RO         3148    i.UART_DMAReceiveCplt  stm32f1xx_hal_uart.o
    0x080050b6   0x080050b6   0x0000001e   Code   RO         3150    i.UART_DMARxHalfCplt  stm32f1xx_hal_uart.o
    0x080050d4   0x080050d4   0x0000004a   Code   RO         3152    i.UART_DMATransmitCplt  stm32f1xx_hal_uart.o
    0x0800511e   0x0800511e   0x0000000a   Code   RO         3154    i.UART_DMATxHalfCplt  stm32f1xx_hal_uart.o
    0x08005128   0x08005128   0x000000ce   Code   RO         3156    i.UART_Receive_IT   stm32f1xx_hal_uart.o
    0x080051f6   0x080051f6   0x00000002   PAD
    0x080051f8   0x080051f8   0x000000cc   Code   RO         3157    i.UART_SetConfig    stm32f1xx_hal_uart.o
    0x080052c4   0x080052c4   0x000000a6   Code   RO         3158    i.UART_Start_Receive_DMA  stm32f1xx_hal_uart.o
    0x0800536a   0x0800536a   0x0000000c   Code   RO          449    i.USART1_IRQHandler  stm32f1xx_it.o
    0x08005376   0x08005376   0x00000002   Code   RO          450    i.UsageFault_Handler  stm32f1xx_it.o
    0x08005378   0x08005378   0x00000062   Code   RO         5995    i.actuator_begin    actuator.o
    0x080053da   0x080053da   0x00000022   Code   RO         5997    i.actuator_event_perform_panic  actuator.o
    0x080053fc   0x080053fc   0x0000001a   Code   RO         5998    i.actuator_event_update_feedback  actuator.o
    0x08005416   0x08005416   0x00000020   Code   RO         5999    i.actuator_mode_fault_runB  actuator.o
    0x08005436   0x08005436   0x0000000c   Code   RO         6000    i.actuator_mode_fault_start  actuator.o
    0x08005442   0x08005442   0x00000038   Code   RO         6001    i.actuator_mode_position_applay_action  actuator.o
    0x0800547a   0x0800547a   0x00000014   Code   RO         6002    i.actuator_mode_position_runB  actuator.o
    0x0800548e   0x0800548e   0x0000007c   Code   RO         6003    i.actuator_mode_position_start  actuator.o
    0x0800550a   0x0800550a   0x00000008   Code   RO         6004    i.actuator_mode_position_stop  actuator.o
    0x08005512   0x08005512   0x00000028   Code   RO         6005    i.actuator_mode_speed_applay_action  actuator.o
    0x0800553a   0x0800553a   0x00000006   Code   RO         6006    i.actuator_mode_speed_runB  actuator.o
    0x08005540   0x08005540   0x00000058   Code   RO         6007    i.actuator_mode_speed_start  actuator.o
    0x08005598   0x08005598   0x00000008   Code   RO         6008    i.actuator_mode_speed_stop  actuator.o
    0x080055a0   0x080055a0   0x0000001a   Code   RO         6009    i.actuator_mode_voltage_applay_action  actuator.o
    0x080055ba   0x080055ba   0x00000016   Code   RO         6010    i.actuator_mode_voltage_start  actuator.o
    0x080055d0   0x080055d0   0x00000008   Code   RO         6011    i.actuator_mode_voltage_stop  actuator.o
    0x080055d8   0x080055d8   0x000000e2   Code   RO         6133    i.acwc_begin        acwc.o
    0x080056ba   0x080056ba   0x00000014   Code   RO         6134    i.acwc_event_update_feedback  acwc.o
    0x080056ce   0x080056ce   0x00000028   Code   RO         6135    i.acwc_mode_current_applay_action  acwc.o
    0x080056f6   0x080056f6   0x00000008   Code   RO         6136    i.acwc_mode_current_runA  acwc.o
    0x080056fe   0x080056fe   0x0000002e   Code   RO         6137    i.acwc_mode_current_start  acwc.o
    0x0800572c   0x0800572c   0x00000008   Code   RO         6138    i.acwc_mode_current_stop  acwc.o
    0x08005734   0x08005734   0x00000020   Code   RO         6139    i.acwc_mode_position_applay_action  acwc.o
    0x08005754   0x08005754   0x00000020   Code   RO         6140    i.acwc_mode_position_cl_applay_action  acwc.o
    0x08005774   0x08005774   0x00000006   Code   RO         6141    i.acwc_mode_position_cl_runA  acwc.o
    0x0800577a   0x0800577a   0x00000014   Code   RO         6142    i.acwc_mode_position_cl_runB  acwc.o
    0x0800578e   0x0800578e   0x000000b4   Code   RO         6143    i.acwc_mode_position_cl_start  acwc.o
    0x08005842   0x08005842   0x00000008   Code   RO         6144    i.acwc_mode_position_cl_stop  acwc.o
    0x0800584a   0x0800584a   0x00000008   Code   RO         6145    i.acwc_mode_position_runA  acwc.o
    0x08005852   0x08005852   0x00000014   Code   RO         6146    i.acwc_mode_position_runB  acwc.o
    0x08005866   0x08005866   0x000000c0   Code   RO         6147    i.acwc_mode_position_start  acwc.o
    0x08005926   0x08005926   0x00000008   Code   RO         6148    i.acwc_mode_position_stop  acwc.o
    0x0800592e   0x0800592e   0x00000020   Code   RO         6149    i.acwc_mode_speed_applay_action  acwc.o
    0x0800594e   0x0800594e   0x00000020   Code   RO         6150    i.acwc_mode_speed_cl_applay_action  acwc.o
    0x0800596e   0x0800596e   0x00000006   Code   RO         6151    i.acwc_mode_speed_cl_runA  acwc.o
    0x08005974   0x08005974   0x00000006   Code   RO         6152    i.acwc_mode_speed_cl_runB  acwc.o
    0x0800597a   0x0800597a   0x00000068   Code   RO         6153    i.acwc_mode_speed_cl_start  acwc.o
    0x080059e2   0x080059e2   0x00000008   Code   RO         6154    i.acwc_mode_speed_cl_stop  acwc.o
    0x080059ea   0x080059ea   0x00000008   Code   RO         6155    i.acwc_mode_speed_runA  acwc.o
    0x080059f2   0x080059f2   0x00000006   Code   RO         6156    i.acwc_mode_speed_runB  acwc.o
    0x080059f8   0x080059f8   0x00000074   Code   RO         6157    i.acwc_mode_speed_start  acwc.o
    0x08005a6c   0x08005a6c   0x00000008   Code   RO         6158    i.acwc_mode_speed_stop  acwc.o
    0x08005a74   0x08005a74   0x0000002c   Code   RO         6159    i.acwc_mode_voltage_cl_applay_action  acwc.o
    0x08005aa0   0x08005aa0   0x00000006   Code   RO         6160    i.acwc_mode_voltage_cl_runA  acwc.o
    0x08005aa6   0x08005aa6   0x00000024   Code   RO         6161    i.acwc_mode_voltage_cl_start  acwc.o
    0x08005aca   0x08005aca   0x00000008   Code   RO         6162    i.acwc_mode_voltage_cl_stop  acwc.o
    0x08005ad2   0x08005ad2   0x00000024   Code   RO         4139    i.adc_begin         burst_adc.o
    0x08005af6   0x08005af6   0x0000002e   Code   RO         5460    i.adc_start         k1-burst-driver.pfr.o
    0x08005b24   0x08005b24   0x0000013c   Code   RO         4141    i.adc_update        burst_adc.o
    0x08005c60   0x08005c60   0x00000002   Code   RO         6536    i.bldc_mode_pwm_applay_action  pmsm_hall_app.o
    0x08005c62   0x08005c62   0x0000001e   Code   RO         6537    i.bldc_mode_pwm_runA  pmsm_hall_app.o
    0x08005c80   0x08005c80   0x0000000e   Code   RO         6538    i.bldc_mode_pwm_start  pmsm_hall_app.o
    0x08005c8e   0x08005c8e   0x00000004   Code   RO         6539    i.bldc_mode_pwm_stop  pmsm_hall_app.o
    0x08005c92   0x08005c92   0x00000004   Code   RO         6013    i.burst_actuator_frontend_protection  actuator.o
    0x08005c96   0x08005c96   0x00000004   Code   RO         6014    i.burst_actuator_realtime_protection  actuator.o
    0x08005c9a   0x08005c9a   0x00000004   Code   RO         6163    i.burst_acwc_frontend_protection  acwc.o
    0x08005c9e   0x08005c9e   0x00000078   Code   RO         6165    i.burst_acwc_realtime_protection  acwc.o
    0x08005d16   0x08005d16   0x00000130   Code   RO         3485    i.burst_backend_loop  burst.o
    0x08005e46   0x08005e46   0x000002c2   Code   RO         3486    i.burst_begin       burst.o
    0x08006108   0x08006108   0x00000022   Code   RO         4697    i.burst_board_temper_get_pp  k1-burst-driver.o
    0x0800612a   0x0800612a   0x0000004a   Code   RO         4591    i.burst_cos         burst_sin.o
    0x08006174   0x08006174   0x0000003a   Code   RO         3493    i.burst_dev_attach  burst.o
    0x080061ae   0x080061ae   0x000000e0   Code   RO         3495    i.burst_dev_frontend_protection  burst.o
    0x0800628e   0x0800628e   0x00000002   Code   RO         3496    i.burst_dev_idle_event  burst.o
    0x08006290   0x08006290   0x00000038   Code   RO         3497    i.burst_dev_raise_panic  burst.o
    0x080062c8   0x080062c8   0x00000002   Code   RO         3498    i.burst_dev_realtime_protection  burst.o
    0x080062ca   0x080062ca   0x00000006   Code   RO         3499    i.burst_dev_runA    burst.o
    0x080062d0   0x080062d0   0x00000006   Code   RO         3500    i.burst_dev_runB    burst.o
    0x080062d6   0x080062d6   0x00000026   Code   RO         3503    i.burst_event_perform_panic  burst.o
    0x080062fc   0x080062fc   0x00000080   Code   RO         3505    i.burst_frontend_loop  burst.o
    0x0800637c   0x0800637c   0x00000048   Code   RO         3506    i.burst_guard_enter  burst.o
    0x080063c4   0x080063c4   0x000000cc   Code   RO         3507    i.burst_guard_leave  burst.o
    0x08006490   0x08006490   0x00000002   Code   RO         3508    i.burst_hw_backend_loop  burst.o
    0x08006492   0x08006492   0x0000005e   Code   RO         5461    i.burst_hw_begin    k1-burst-driver.pfr.o
    0x080064f0   0x080064f0   0x00000002   Code   RO         3510    i.burst_hw_comeback  burst.o
    0x080064f2   0x080064f2   0x00000012   Code   RO         5462    i.burst_hw_critical_enter  k1-burst-driver.pfr.o
    0x08006504   0x08006504   0x00000010   Code   RO         5463    i.burst_hw_critical_leave  k1-burst-driver.pfr.o
    0x08006514   0x08006514   0x00000002   Code   RO         3513    i.burst_hw_fall     burst.o
    0x08006516   0x08006516   0x00000002   Code   RO         5464    i.burst_hw_frontend_loop  k1-burst-driver.pfr.o
    0x08006518   0x08006518   0x00000010   Code   RO         5465    i.burst_hw_guard_enter  k1-burst-driver.pfr.o
    0x08006528   0x08006528   0x00000004   Code   RO         5466    i.burst_hw_guard_leave  k1-burst-driver.pfr.o
    0x0800652c   0x0800652c   0x00000010   Code   RO         5467    i.burst_hw_guard_lock  k1-burst-driver.pfr.o
    0x0800653c   0x0800653c   0x00000004   Code   RO         5468    i.burst_hw_guard_unlock  k1-burst-driver.pfr.o
    0x08006540   0x08006540   0x00000026   Code   RO         5469    i.burst_hw_on_crash  k1-burst-driver.pfr.o
    0x08006566   0x08006566   0x00000002   Code   RO         5470    i.burst_hw_realtime_loop  k1-burst-driver.pfr.o
    0x08006568   0x08006568   0x00000002   Code   RO         3522    i.burst_hw_slot_0   burst.o
    0x0800656a   0x0800656a   0x00000002   Code   RO         3523    i.burst_hw_slot_1   burst.o
    0x0800656c   0x0800656c   0x00000002   Code   RO         3524    i.burst_hw_slot_10  burst.o
    0x0800656e   0x0800656e   0x00000002   Code   RO         3525    i.burst_hw_slot_11  burst.o
    0x08006570   0x08006570   0x00000002   Code   RO         3526    i.burst_hw_slot_12  burst.o
    0x08006572   0x08006572   0x00000002   Code   RO         3527    i.burst_hw_slot_13  burst.o
    0x08006574   0x08006574   0x00000002   Code   RO         3528    i.burst_hw_slot_14  burst.o
    0x08006576   0x08006576   0x00000002   Code   RO         3529    i.burst_hw_slot_15  burst.o
    0x08006578   0x08006578   0x00000002   Code   RO         3530    i.burst_hw_slot_2   burst.o
    0x0800657a   0x0800657a   0x00000002   Code   RO         3531    i.burst_hw_slot_3   burst.o
    0x0800657c   0x0800657c   0x00000002   Code   RO         3532    i.burst_hw_slot_4   burst.o
    0x0800657e   0x0800657e   0x00000002   Code   RO         3533    i.burst_hw_slot_5   burst.o
    0x08006580   0x08006580   0x00000002   Code   RO         3534    i.burst_hw_slot_6   burst.o
    0x08006582   0x08006582   0x00000002   Code   RO         3535    i.burst_hw_slot_7   burst.o
    0x08006584   0x08006584   0x00000002   Code   RO         3536    i.burst_hw_slot_8   burst.o
    0x08006586   0x08006586   0x00000002   Code   RO         3537    i.burst_hw_slot_9   burst.o
    0x08006588   0x08006588   0x0000007c   Code   RO         5471    i.burst_hw_start    k1-burst-driver.pfr.o
    0x08006604   0x08006604   0x00000012   Code   RO         3539    i.burst_is_backend  burst.o
    0x08006616   0x08006616   0x00000034   Code   RO         4319    i.burst_limiter_reset  burst_pi.o
    0x0800664a   0x0800664a   0x000000a6   Code   RO         4320    i.burst_limiter_run  burst_pi.o
    0x080066f0   0x080066f0   0x000000d6   Code   RO         4321    i.burst_limiter_setup  burst_pi.o
    0x080067c6   0x080067c6   0x00000012   Code   RO         4292    i.burst_motion_reset_  burst_motion.o
    0x080067d8   0x080067d8   0x000001d6   Code   RO         4293    i.burst_motion_run_  burst_motion.o
    0x080069ae   0x080069ae   0x00000042   Code   RO         4294    i.burst_motion_setup_  burst_motion.o
    0x080069f0   0x080069f0   0x00000014   Code   RO         4322    i.burst_pi_reset_   burst_pi.o
    0x08006a04   0x08006a04   0x00000122   Code   RO         4323    i.burst_pi_run_     burst_pi.o
    0x08006b26   0x08006b26   0x00000004   Code   RO         6407    i.burst_pmsm_frontend_protection  pmsm.o
    0x08006b2a   0x08006b2a   0x00000020   Code   RO         6408    i.burst_pmsm_magnitude_get  pmsm.o
    0x08006b4a   0x08006b4a   0x00000004   Code   RO         6409    i.burst_pmsm_realtime_protection  pmsm.o
    0x08006b4e   0x08006b4e   0x00000002   Code   RO         4357    i.burst_positioner_reset_  burst_positioner.o
    0x08006b50   0x08006b50   0x000000ee   Code   RO         4358    i.burst_positioner_run_  burst_positioner.o
    0x08006c3e   0x08006c3e   0x0000001c   Code   RO         4359    i.burst_positioner_setup_  burst_positioner.o
    0x08006c5a   0x08006c5a   0x0000000c   Code   RO         4384    i.burst_ps_active_  burst_ps.o
    0x08006c66   0x08006c66   0x00000008   Code   RO         4385    i.burst_ps_begin    burst_ps.o
    0x08006c6e   0x08006c6e   0x00000072   Code   RO         4386    i.burst_ps_run_     burst_ps.o
    0x08006ce0   0x08006ce0   0x00000018   Code   RO         4486    i.burst_range_apply  burst_signal.o
    0x08006cf8   0x08006cf8   0x00000034   Code   RO         4487    i.burst_range_set   burst_signal.o
    0x08006d2c   0x08006d2c   0x000000b4   Code   RO         3541    i.burst_realtime_loop  burst.o
    0x08006de0   0x08006de0   0x00000048   Code   RO         4592    i.burst_sin         burst_sin.o
    0x08006e28   0x08006e28   0x0000000c   Code   RO         3543    i.burst_slot_0      burst.o
    0x08006e34   0x08006e34   0x0000000c   Code   RO         3544    i.burst_slot_1      burst.o
    0x08006e40   0x08006e40   0x0000000c   Code   RO         3545    i.burst_slot_10     burst.o
    0x08006e4c   0x08006e4c   0x0000000c   Code   RO         3546    i.burst_slot_11     burst.o
    0x08006e58   0x08006e58   0x0000000c   Code   RO         3547    i.burst_slot_12     burst.o
    0x08006e64   0x08006e64   0x0000000c   Code   RO         3548    i.burst_slot_13     burst.o
    0x08006e70   0x08006e70   0x0000000c   Code   RO         3549    i.burst_slot_14     burst.o
    0x08006e7c   0x08006e7c   0x0000000c   Code   RO         3550    i.burst_slot_15     burst.o
    0x08006e88   0x08006e88   0x0000000c   Code   RO         3551    i.burst_slot_2      burst.o
    0x08006e94   0x08006e94   0x0000000c   Code   RO         3552    i.burst_slot_3      burst.o
    0x08006ea0   0x08006ea0   0x0000000c   Code   RO         3553    i.burst_slot_4      burst.o
    0x08006eac   0x08006eac   0x0000000c   Code   RO         3554    i.burst_slot_5      burst.o
    0x08006eb8   0x08006eb8   0x0000000c   Code   RO         3555    i.burst_slot_6      burst.o
    0x08006ec4   0x08006ec4   0x0000000c   Code   RO         3556    i.burst_slot_7      burst.o
    0x08006ed0   0x08006ed0   0x0000000c   Code   RO         3557    i.burst_slot_8      burst.o
    0x08006edc   0x08006edc   0x0000000c   Code   RO         3558    i.burst_slot_9      burst.o
    0x08006ee8   0x08006ee8   0x00000062   Code   RO         4669    i.burst_sqrt        burst_sqrt.o
    0x08006f4a   0x08006f4a   0x0000002e   Code   RO         4670    i.burst_sqrt_init   burst_sqrt.o
    0x08006f78   0x08006f78   0x00000036   Code   RO         3559    i.burst_start       burst.o
    0x08006fae   0x08006fae   0x00000012   Code   RO         4698    i.burst_sw_backend_loop  k1-burst-driver.o
    0x08006fc0   0x08006fc0   0x00000018   Code   RO         4699    i.burst_sw_begin    k1-burst-driver.o
    0x08006fd8   0x08006fd8   0x00000086   Code   RO         4700    i.burst_sw_frontend_loop  k1-burst-driver.o
    0x0800705e   0x0800705e   0x00000002   Code   RO         3563    i.burst_sw_on_crash  burst.o
    0x08007060   0x08007060   0x00000016   Code   RO         4701    i.burst_sw_realtime_loop  k1-burst-driver.o
    0x08007076   0x08007076   0x00000004   Code   RO         4702    i.burst_sw_slot_0   k1-burst-driver.o
    0x0800707a   0x0800707a   0x00000004   Code   RO         4703    i.burst_sw_slot_1   k1-burst-driver.o
    0x0800707e   0x0800707e   0x00000002   Code   RO         3567    i.burst_sw_slot_10  burst.o
    0x08007080   0x08007080   0x00000002   Code   RO         3568    i.burst_sw_slot_11  burst.o
    0x08007082   0x08007082   0x00000002   Code   RO         3569    i.burst_sw_slot_12  burst.o
    0x08007084   0x08007084   0x00000002   Code   RO         3570    i.burst_sw_slot_13  burst.o
    0x08007086   0x08007086   0x00000002   Code   RO         3571    i.burst_sw_slot_14  burst.o
    0x08007088   0x08007088   0x00000002   Code   RO         3572    i.burst_sw_slot_15  burst.o
    0x0800708a   0x0800708a   0x00000004   Code   RO         4704    i.burst_sw_slot_2   k1-burst-driver.o
    0x0800708e   0x0800708e   0x00000002   Code   RO         3574    i.burst_sw_slot_3   burst.o
    0x08007090   0x08007090   0x00000002   Code   RO         3575    i.burst_sw_slot_4   burst.o
    0x08007092   0x08007092   0x00000002   Code   RO         3576    i.burst_sw_slot_5   burst.o
    0x08007094   0x08007094   0x00000002   Code   RO         3577    i.burst_sw_slot_6   burst.o
    0x08007096   0x08007096   0x00000002   Code   RO         3578    i.burst_sw_slot_7   burst.o
    0x08007098   0x08007098   0x00000002   Code   RO         3579    i.burst_sw_slot_8   burst.o
    0x0800709a   0x0800709a   0x00000002   Code   RO         3580    i.burst_sw_slot_9   burst.o
    0x0800709c   0x0800709c   0x0000003a   Code   RO         4705    i.burst_sw_start    k1-burst-driver.o
    0x080070d6   0x080070d6   0x0000000c   Code   RO         4628    i.burst_time_us     burst_timer.o
    0x080070e2   0x080070e2   0x00000002   PAD
    0x080070e4   0x080070e4   0x000000aa   Code   RO         4629    i.burst_timer_poll  burst_timer.o
    0x0800718e   0x0800718e   0x00000050   Code   RO         4630    i.burst_timer_start  burst_timer.o
    0x080071de   0x080071de   0x0000000e   Code   RO         5472    i.burst_tp_phy_off  k1-burst-driver.pfr.o
    0x080071ec   0x080071ec   0x0000000e   Code   RO         5473    i.burst_tp_phy_on   k1-burst-driver.pfr.o
    0x080071fa   0x080071fa   0x0000000c   Code   RO         3589    i.burst_tp_verb_set  burst.o
    0x08007206   0x08007206   0x0000000c   Code   RO         6644    i.c_cross_flt_reset  pmsm_hall_app.obj.o
    0x08007212   0x08007212   0x0000000c   Code   RO         6645    i.c_cross_flt_run   pmsm_hall_app.obj.o
    0x0800721e   0x0800721e   0x00000012   Code   RO         6646    i.c_cross_flt_setup  pmsm_hall_app.obj.o
    0x08007230   0x08007230   0x0000000e   Code   RO         6647    i.c_cross_pi_reset  pmsm_hall_app.obj.o
    0x0800723e   0x0800723e   0x0000000c   Code   RO         6648    i.c_cross_pi_run    pmsm_hall_app.obj.o
    0x0800724a   0x0800724a   0x0000005e   Code   RO         6649    i.c_cross_pi_setup  pmsm_hall_app.obj.o
    0x080072a8   0x080072a8   0x0000000e   Code   RO         6650    i.c_hi_pi_reset     pmsm_hall_app.obj.o
    0x080072b6   0x080072b6   0x0000000c   Code   RO         6651    i.c_hi_pi_run       pmsm_hall_app.obj.o
    0x080072c2   0x080072c2   0x0000005e   Code   RO         6652    i.c_hi_pi_setup     pmsm_hall_app.obj.o
    0x08007320   0x08007320   0x0000000c   Code   RO         6653    i.c_lat_flt_reset   pmsm_hall_app.obj.o
    0x0800732c   0x0800732c   0x0000000c   Code   RO         6654    i.c_lat_flt_run     pmsm_hall_app.obj.o
    0x08007338   0x08007338   0x00000012   Code   RO         6655    i.c_lat_flt_setup   pmsm_hall_app.obj.o
    0x0800734a   0x0800734a   0x0000000e   Code   RO         6656    i.c_lat_pi_reset    pmsm_hall_app.obj.o
    0x08007358   0x08007358   0x0000000c   Code   RO         6657    i.c_lat_pi_run      pmsm_hall_app.obj.o
    0x08007364   0x08007364   0x0000005e   Code   RO         6658    i.c_lat_pi_setup    pmsm_hall_app.obj.o
    0x080073c2   0x080073c2   0x0000000e   Code   RO         6659    i.c_lo_pi_reset     pmsm_hall_app.obj.o
    0x080073d0   0x080073d0   0x0000000c   Code   RO         6660    i.c_lo_pi_run       pmsm_hall_app.obj.o
    0x080073dc   0x080073dc   0x0000005e   Code   RO         6661    i.c_lo_pi_setup     pmsm_hall_app.obj.o
    0x0800743a   0x0800743a   0x0000002a   Code   RO         4253    i.current3ph_begin  burst_inv3ph.o
    0x08007464   0x08007464   0x000000aa   Code   RO         4254    i.current3ph_run    burst_inv3ph.o
    0x0800750e   0x0800750e   0x00000064   Code   RO         6359    i.enco_abs32_begin  enco_abs32.o
    0x08007572   0x08007572   0x0000002e   Code   RO         6360    i.enco_abs32_reset_  enco_abs32.o
    0x080075a0   0x080075a0   0x00000104   Code   RO         6361    i.enco_abs32_run_   enco_abs32.o
    0x080076a4   0x080076a4   0x0000000e   Code   RO         6540    i.enco_encode       pmsm_hall_app.o
    0x080076b2   0x080076b2   0x00000004   Code   RO         6663    i.enco_error        pmsm_hall_app.obj.o
    0x080076b6   0x080076b6   0x00000002   Code   RO         6664    i.enco_query        pmsm_hall_app.obj.o
    0x080076b8   0x080076b8   0x0000000c   Code   RO         6665    i.enco_reset        pmsm_hall_app.obj.o
    0x080076c4   0x080076c4   0x0000000c   Code   RO         6666    i.enco_run          pmsm_hall_app.obj.o
    0x080076d0   0x080076d0   0x00000020   Code   RO         4706    i.fm_available      k1-burst-driver.o
    0x080076f0   0x080076f0   0x0000002c   Code   RO         4707    i.fm_get            k1-burst-driver.o
    0x0800771c   0x0800771c   0x00000004   Code   RO         4998    i.fm_poll           k1-burst-driver.obj.o
    0x08007720   0x08007720   0x0000002e   Code   RO         4709    i.fm_put            k1-burst-driver.o
    0x0800774e   0x0800774e   0x00000004   Code   RO         5000    i.fm_recorder       k1-burst-driver.obj.o
    0x08007752   0x08007752   0x00000026   Code   RO         4711    i.fm_space          k1-burst-driver.o
    0x08007778   0x08007778   0x000000a0   Code   RO         4712    i.fmserial_try_send  k1-burst-driver.o
    0x08007818   0x08007818   0x0000000e   Code   RO         4187    i.hall_begin        burst_hall.o
    0x08007826   0x08007826   0x00000008   Code   RO         4188    i.hall_dummy_interp  burst_hall.o
    0x0800782e   0x0800782e   0x000000a2   Code   RO         4193    i.hall_update       burst_hall.o
    0x080078d0   0x080078d0   0x0000002e   Code   RO         4255    i.inv3ph_begin      burst_inv3ph.o
    0x080078fe   0x080078fe   0x00000242   Code   RO         4256    i.inv3ph_run        burst_inv3ph.o
    0x08007b40   0x08007b40   0x00000022   Code   RO         5476    i.k1_serial_aborttx  k1-burst-driver.pfr.o
    0x08007b62   0x08007b62   0x0000000c   Code   RO         5477    i.k1_serial_ready   k1-burst-driver.pfr.o
    0x08007b6e   0x08007b6e   0x00000002   PAD
    0x08007b70   0x08007b70   0x00000054   Code   RO         4714    i.k1_serial_receive_packet  k1-burst-driver.o
    0x08007bc4   0x08007bc4   0x00000002   Code   RO         4715    i.k1_serial_send_complete  k1-burst-driver.o
    0x08007bc6   0x08007bc6   0x00000050   Code   RO         5478    i.k1_serial_send_packet  k1-burst-driver.pfr.o
    0x08007c16   0x08007c16   0x00000004   Code   RO         4716    i.k1_serial_send_refuse  k1-burst-driver.o
    0x08007c1a   0x08007c1a   0x00000032   Code   RO           15    i.main              main.o
    0x08007c4c   0x08007c4c   0x0000000e   Code   RO         6667    i.motion_reset      pmsm_hall_app.obj.o
    0x08007c5a   0x08007c5a   0x0000000c   Code   RO         6668    i.motion_run        pmsm_hall_app.obj.o
    0x08007c66   0x08007c66   0x00000036   Code   RO         6669    i.motion_setup      pmsm_hall_app.obj.o
    0x08007c9c   0x08007c9c   0x00000022   Code   RO         6383    i.nikitin_begin     nikitin.o
    0x08007cbe   0x08007cbe   0x00000012   Code   RO         6384    i.nikitin_reset_    nikitin.o
    0x08007cd0   0x08007cd0   0x00000068   Code   RO         6385    i.nikitin_run_      nikitin.o
    0x08007d38   0x08007d38   0x0000000e   Code   RO         6410    i.pmsm_angle_forcer_begin  pmsm.o
    0x08007d46   0x08007d46   0x0000006a   Code   RO         6411    i.pmsm_angle_forcer_run  pmsm.o
    0x08007db0   0x08007db0   0x000000c2   Code   RO         6412    i.pmsm_begin        pmsm.o
    0x08007e72   0x08007e72   0x0000001a   Code   RO         6413    i.pmsm_event_update_feedback  pmsm.o
    0x08007e8c   0x08007e8c   0x00000036   Code   RO         6541    i.pmsm_hall_app_backend_loop  pmsm_hall_app.o
    0x08007ec2   0x08007ec2   0x00000002   PAD
    0x08007ec4   0x08007ec4   0x0000016a   Code   RO         6542    i.pmsm_hall_app_begin  pmsm_hall_app.o
    0x0800802e   0x0800802e   0x00000040   Code   RO         6543    i.pmsm_hall_app_control_step_1  pmsm_hall_app.o
    0x0800806e   0x0800806e   0x0000001c   Code   RO         6544    i.pmsm_hall_app_control_step_2  pmsm_hall_app.o
    0x0800808a   0x0800808a   0x0000004c   Code   RO         6545    i.pmsm_hall_app_control_step_3  pmsm_hall_app.o
    0x080080d6   0x080080d6   0x00000002   Code   RO         6546    i.pmsm_hall_app_frontend_loop  pmsm_hall_app.o
    0x080080d8   0x080080d8   0x0000000c   Code   RO         6547    i.pmsm_hall_app_motor_current_magnitude  pmsm_hall_app.o
    0x080080e4   0x080080e4   0x00000042   Code   RO         6548    i.pmsm_hall_app_realtime_loop  pmsm_hall_app.o
    0x08008126   0x08008126   0x0000001e   Code   RO         6549    i.pmsm_hall_app_start  pmsm_hall_app.o
    0x08008144   0x08008144   0x0000009a   Code   RO         6414    i.pmsm_inverter_run  pmsm.o
    0x080081de   0x080081de   0x00000054   Code   RO         6415    i.pmsm_mode_synchro_current_applay_action  pmsm.o
    0x08008232   0x08008232   0x00000038   Code   RO         6416    i.pmsm_mode_synchro_current_runA  pmsm.o
    0x0800826a   0x0800826a   0x00000050   Code   RO         6417    i.pmsm_mode_synchro_current_start  pmsm.o
    0x080082ba   0x080082ba   0x00000008   Code   RO         6418    i.pmsm_mode_synchro_current_stop  pmsm.o
    0x080082c2   0x080082c2   0x00000034   Code   RO         6419    i.pmsm_mode_synchro_voltage_applay_action  pmsm.o
    0x080082f6   0x080082f6   0x0000001a   Code   RO         6420    i.pmsm_mode_synchro_voltage_runA  pmsm.o
    0x08008310   0x08008310   0x00000026   Code   RO         6421    i.pmsm_mode_synchro_voltage_start  pmsm.o
    0x08008336   0x08008336   0x00000008   Code   RO         6422    i.pmsm_mode_synchro_voltage_stop  pmsm.o
    0x0800833e   0x0800833e   0x00000020   Code   RO         6423    i.pmsm_sence_run    pmsm.o
    0x0800835e   0x0800835e   0x0000000c   Code   RO         6670    i.positioner_reset  pmsm_hall_app.obj.o
    0x0800836a   0x0800836a   0x0000000c   Code   RO         6671    i.positioner_run    pmsm_hall_app.obj.o
    0x08008376   0x08008376   0x00000032   Code   RO         6672    i.positioner_setup  pmsm_hall_app.obj.o
    0x080083a8   0x080083a8   0x0000000c   Code   RO         6673    i.power_active      pmsm_hall_app.obj.o
    0x080083b4   0x080083b4   0x00000024   Code   RO         5481    i.power_boot_begin  k1-burst-driver.pfr.o
    0x080083d8   0x080083d8   0x00000002   Code   RO         6675    i.power_boot_complete  pmsm_hall_app.obj.o
    0x080083da   0x080083da   0x00000004   Code   RO         6676    i.power_do_boot     pmsm_hall_app.obj.o
    0x080083de   0x080083de   0x0000002a   Code   RO         5482    i.power_do_invert   k1-burst-driver.pfr.o
    0x08008408   0x08008408   0x00000004   Code   RO         6678    i.power_do_shutdown  pmsm_hall_app.obj.o
    0x0800840c   0x0800840c   0x0000000c   Code   RO         6679    i.power_run         pmsm_hall_app.obj.o
    0x08008418   0x08008418   0x00000024   Code   RO         5483    i.power_shutdown_begin  k1-burst-driver.pfr.o
    0x0800843c   0x0800843c   0x00000002   Code   RO         6681    i.power_shutdown_complete  pmsm_hall_app.obj.o
    0x0800843e   0x0800843e   0x0000001a   Code   RO         4491    i.rotcalc           burst_signal.o
    0x08008458   0x08008458   0x00000054   Code   RO         4493    i.s_extract         burst_signal.o
    0x080084ac   0x080084ac   0x00000012   Code   RO         4494    i.s_inc             burst_signal.o
    0x080084be   0x080084be   0x0000000e   Code   RO         4495    i.s_mult            burst_signal.o
    0x080084cc   0x080084cc   0x0000000c   Code   RO         6682    i.speedse_reset     pmsm_hall_app.obj.o
    0x080084d8   0x080084d8   0x0000000c   Code   RO         6683    i.speedse_run       pmsm_hall_app.obj.o
    0x080084e4   0x080084e4   0x00000012   Code   RO         6684    i.speedse_setup     pmsm_hall_app.obj.o
    0x080084f6   0x080084f6   0x00000002   Code   RO         6685    i.swt_begin         pmsm_hall_app.obj.o
    0x080084f8   0x080084f8   0x00000020   Code   RO         5484    i.swt_phy_A_off     k1-burst-driver.pfr.o
    0x08008518   0x08008518   0x00000026   Code   RO         5485    i.swt_phy_A_on      k1-burst-driver.pfr.o
    0x0800853e   0x0800853e   0x00000028   Code   RO         5486    i.swt_phy_A_set_lo  k1-burst-driver.pfr.o
    0x08008566   0x08008566   0x00000016   Code   RO         5487    i.swt_phy_A_set_pwm  k1-burst-driver.pfr.o
    0x0800857c   0x0800857c   0x00000020   Code   RO         5488    i.swt_phy_B_off     k1-burst-driver.pfr.o
    0x0800859c   0x0800859c   0x00000028   Code   RO         5489    i.swt_phy_B_on      k1-burst-driver.pfr.o
    0x080085c4   0x080085c4   0x0000002a   Code   RO         5490    i.swt_phy_B_set_lo  k1-burst-driver.pfr.o
    0x080085ee   0x080085ee   0x00000016   Code   RO         5491    i.swt_phy_B_set_pwm  k1-burst-driver.pfr.o
    0x08008604   0x08008604   0x00000020   Code   RO         5492    i.swt_phy_C_off     k1-burst-driver.pfr.o
    0x08008624   0x08008624   0x00000028   Code   RO         5493    i.swt_phy_C_on      k1-burst-driver.pfr.o
    0x0800864c   0x0800864c   0x0000002a   Code   RO         5494    i.swt_phy_C_set_lo  k1-burst-driver.pfr.o
    0x08008676   0x08008676   0x00000016   Code   RO         5495    i.swt_phy_C_set_pwm  k1-burst-driver.pfr.o
    0x0800868c   0x0800868c   0x0000000c   Code   RO         5496    i.swt_phy_sector_get  k1-burst-driver.pfr.o
    0x08008698   0x08008698   0x00000132   Code   RO         6687    i.swt_pwm_run_forward  pmsm_hall_app.obj.o
    0x080087ca   0x080087ca   0x00000010   Code   RO         6688    i.swt_start         pmsm_hall_app.obj.o
    0x080087da   0x080087da   0x0000001e   Code   RO         6689    i.swt_stop          pmsm_hall_app.obj.o
    0x080087f8   0x080087f8   0x0000003c   Code   RO         4717    i.temp_poll_        k1-burst-driver.o
    0x08008834   0x08008834   0x00000018   Code   RO         6994    x$fpl$dcmpinf       fz_ws.l(dcmpi.o)
    0x0800884c   0x0800884c   0x0000002e   Code   RO         6982    x$fpl$dflt          fz_ws.l(dflt_clz.o)
    0x0800887a   0x0800887a   0x00000002   PAD
    0x0800887c   0x0800887c   0x00000078   Code   RO         6987    x$fpl$dleqf         fz_ws.l(dleqf.o)
    0x080088f4   0x080088f4   0x0000009c   Code   RO         6996    x$fpl$dnaninf       fz_ws.l(dnaninf.o)
    0x08008990   0x08008990   0x0000006c   Code   RO         6989    x$fpl$drleqf        fz_ws.l(drleqf.o)
    0x080089fc   0x080089fc   0x00000000   Code   RO         6998    x$fpl$usenofp       fz_ws.l(usenofp.o)
    0x080089fc   0x080089fc   0x0000000e   Data   RO           16    .constdata          main.o
    0x08008a0a   0x08008a0a   0x00000012   Data   RO         1067    .constdata          stm32f1xx_hal_rcc.o
    0x08008a1c   0x08008a1c   0x00000012   Data   RO         1158    .constdata          stm32f1xx_hal_rcc_ex.o
    0x08008a2e   0x08008a2e   0x00000010   Data   RO         3452    .constdata          system_stm32f1xx.o
    0x08008a3e   0x08008a3e   0x00000008   Data   RO         3453    .constdata          system_stm32f1xx.o
    0x08008a46   0x08008a46   0x00000073   Data   RO         3591    .constdata          burst.o
    0x08008ab9   0x08008ab9   0x00000003   PAD
    0x08008abc   0x08008abc   0x000000cc   Data   RO         4195    .constdata          burst_hall.o
    0x08008b88   0x08008b88   0x00000282   Data   RO         4594    .constdata          burst_sin.o
    0x08008e0a   0x08008e0a   0x00000023   Data   RO         4633    .constdata          burst_timer.o
    0x08008e2d   0x08008e2d   0x0000000b   Data   RO         6166    .constdata          acwc.o
    0x08008e38   0x08008e38   0x00000013   Data   RO           17    .conststring        main.o
    0x08008e4b   0x08008e4b   0x00000001   PAD
    0x08008e4c   0x08008e4c   0x00000035   Data   RO         3592    .conststring        burst.o
    0x08008e81   0x08008e81   0x00000003   PAD
    0x08008e84   0x08008e84   0x0000003b   Data   RO         4634    .conststring        burst_timer.o
    0x08008ebf   0x08008ebf   0x00000001   PAD
    0x08008ec0   0x08008ec0   0x00000023   Data   RO         5003    .conststring        k1-burst-driver.obj.o
    0x08008ee3   0x08008ee3   0x00000001   PAD
    0x08008ee4   0x08008ee4   0x0000003c   Data   RO         6167    .conststring        acwc.o
    0x08008f20   0x08008f20   0x00000020   Data   RO         7153    Region$$Table       anon$$obj.o
    0x08008f40   0x08008f40   0x0000000a   Data   RO         5005    c.FMSTR_ProtocolDecoder.00000032  k1-burst-driver.obj.o
    0x08008f4a   0x08008f4a   0x00000005   Data   RO         4387    c.burst_ps_run_.0000000e  burst_ps.o
    0x08008f4f   0x08008f4f   0x00000006   Data   RO         6691    c.swt_pwm_run_forward.00000090  pmsm_hall_app.obj.o


    Execution Region RW_IRAM1 (Exec base: 0x20000000, Load base: 0x08008f58, Size: 0x000028d8, Max: 0x00005000, ABSOLUTE, COMPRESSED[0x00000304])

    Exec Addr    Load Addr    Size         Type   Attr      Idx    E Section Name        Object

    0x20000000   COMPRESSED   0x0000000c   Data   RW          904    .data               stm32f1xx_hal.o
    0x2000000c   COMPRESSED   0x00000004   Data   RW         3454    .data               system_stm32f1xx.o
    0x20000010   COMPRESSED   0x00000078   Data   RW         3593    .data               burst.o
    0x20000088   COMPRESSED   0x00000014   Data   RW         3594    .data               burst.o
    0x2000009c   COMPRESSED   0x0000000c   Data   RW         4198    .data               burst_hall.o
    0x200000a8   COMPRESSED   0x0000000c   Data   RW         4635    .data               burst_timer.o
    0x200000b4   COMPRESSED   0x00000118   Data   RW         4672    .data               burst_sqrt.o
    0x200001cc   COMPRESSED   0x000001b4   Data   RW         4721    .data               k1-burst-driver.o
    0x20000380   COMPRESSED   0x00000054   Data   RW         5004    .data               k1-burst-driver.obj.o
    0x200003d4   COMPRESSED   0x00000024   Data   RW         5499    .data               k1-burst-driver.pfr.o
    0x200003f8   COMPRESSED   0x0000001c   Data   RW         6015    .data               actuator.o
    0x20000414   COMPRESSED   0x0000001c   Data   RW         6016    .data               actuator.o
    0x20000430   COMPRESSED   0x0000001c   Data   RW         6017    .data               actuator.o
    0x2000044c   COMPRESSED   0x0000001c   Data   RW         6018    .data               actuator.o
    0x20000468   COMPRESSED   0x0000001c   Data   RW         6168    .data               acwc.o
    0x20000484   COMPRESSED   0x0000001c   Data   RW         6169    .data               acwc.o
    0x200004a0   COMPRESSED   0x0000001c   Data   RW         6170    .data               acwc.o
    0x200004bc   COMPRESSED   0x0000001c   Data   RW         6171    .data               acwc.o
    0x200004d8   COMPRESSED   0x0000001c   Data   RW         6172    .data               acwc.o
    0x200004f4   COMPRESSED   0x0000001c   Data   RW         6173    .data               acwc.o
    0x20000510   COMPRESSED   0x0000001c   Data   RW         6424    .data               pmsm.o
    0x2000052c   COMPRESSED   0x0000001c   Data   RW         6425    .data               pmsm.o
    0x20000548   COMPRESSED   0x00000050   Data   RW         6552    .data               pmsm_hall_app.o
    0x20000598   COMPRESSED   0x0000001c   Data   RW         6553    .data               pmsm_hall_app.o
    0x200005b4   COMPRESSED   0x000002ac   Data   RW         6690    .data               pmsm_hall_app.obj.o
    0x20000860        -       0x00000060   Zero   RW          237    .bss                adc.o
    0x200008c0        -       0x00000054   Zero   RW          308    .bss                i2c.o
    0x20000914        -       0x00000048   Zero   RW          351    .bss                tim.o
    0x2000095c        -       0x000000d0   Zero   RW          398    .bss                usart.o
    0x20000a2c        -       0x00000010   Zero   RW         3590    .bss                burst.o
    0x20000a3c        -       0x00000018   Zero   RW         4632    .bss                burst_timer.o
    0x20000a54        -       0x00000400   Zero   RW         4671    .bss                burst_sqrt.o
    0x20000e54        -       0x0000023f   Zero   RW         4718    .bss                k1-burst-driver.o
    0x20001093   COMPRESSED   0x00000001   PAD
    0x20001094        -       0x00001043   Zero   RW         5002    .bss                k1-burst-driver.obj.o
    0x200020d7   COMPRESSED   0x00000001   PAD
    0x200020d8        -       0x0000011b   Zero   RW         5498    .bss                k1-burst-driver.pfr.o
    0x200021f3   COMPRESSED   0x00000001   PAD
    0x200021f4        -       0x00000284   Zero   RW         6551    .bss                pmsm_hall_app.o
    0x20002478        -       0x00000060   Zero   RW         7025    .bss                c_w.l(libspace.o)
    0x200024d8        -       0x00000000   Zero   RW            2    HEAP                startup_stm32f103xb.o
    0x200024d8        -       0x00000400   Zero   RW            1    STACK               startup_stm32f103xb.o


==============================================================================

Image component sizes


      Code (inc. data)   RO Data    RW Data    ZI Data      Debug   Object Name

       616          0          0        112          0      19158   actuator.o
      1398          0         71        168          0      35162   acwc.o
       538          0          0          0         96       3034   adc.o
      2328          0        168        140         16      48069   burst.o
       352          0          0          0          0       3945   burst_adc.o
         0          0          0          0          0       1148   burst_button.o
       184          0        204         12          0       8337   burst_hall.o
       836          0          0          0          0       6868   burst_inv3ph.o
       554          0          0          0          0       6368   burst_motion.o
       742          0          0          0          0       8208   burst_pi.o
       268          0          0          0          0       5324   burst_positioner.o
       134          0          5          0          0       4100   burst_ps.o
       218          0          0          0          0       4945   burst_signal.o
       146          0        642          0          0       2756   burst_sin.o
       144          0          0        280       1024       2867   burst_sqrt.o
       262          0         94         12         24       4585   burst_timer.o
        62          0          0          0          0       1018   dma.o
       406          0          0          0          0       3237   enco_abs32.o
       246          0          0          0          0       1251   gpio.o
       220          0          0          0         84       2073   i2c.o
       890          0          0        436        575      46847   k1-burst-driver.o
      3048          0         45         84       4163      37458   k1-burst-driver.obj.o
      1742          0          0         36        283      35938   k1-burst-driver.pfr.o
       280          0         33          0          0     467284   main.o
       156          0          0          0          0       2004   nikitin.o
       918          0          0         56          0      25486   pmsm.o
       758          0          0        108        644      15598   pmsm_hall_app.o
      1180          0          6        684          0      29652   pmsm_hall_app.obj.o
        60         22        236          0       1024        872   startup_stm32f103xb.o
       134          0          0         12          0       5865   stm32f1xx_hal.o
       594          0          0          0          0       3817   stm32f1xx_hal_adc.o
      1356          0          0          0          0       5419   stm32f1xx_hal_adc_ex.o
       212          0          0          0          0      28843   stm32f1xx_hal_cortex.o
       892          0          0          0          0       6192   stm32f1xx_hal_dma.o
       502          0          0          0          0       3152   stm32f1xx_hal_gpio.o
      4366          0          0          0          0      21418   stm32f1xx_hal_i2c.o
        64          0          0          0          0       1138   stm32f1xx_hal_msp.o
      1494          0         18          0          0       5250   stm32f1xx_hal_rcc.o
       522          0         18          0          0       2905   stm32f1xx_hal_rcc_ex.o
      1884          0          0          0          0      12486   stm32f1xx_hal_tim.o
       192          0          0          0          0       2404   stm32f1xx_hal_tim_ex.o
      2472          0          0          0          0      16334   stm32f1xx_hal_uart.o
        80          0          0          0          0       6942   stm32f1xx_it.o
         2          0         24          4          0       1423   system_stm32f1xx.o
       508          0          0          0         72       2564   tim.o
       312          0          0          0        208       2280   usart.o

    ----------------------------------------------------------------------
     34290         22       1608       2144       8216     962024   Object Totals
         0          0         32          0          0          0   (incl. Generated)
        18          0         12          0          3          0   (incl. Padding)

    ----------------------------------------------------------------------

      Code (inc. data)   RO Data    RW Data    ZI Data      Debug   Library Member Name

        90          0          0          0          0          0   __dczerorl2.o
         8          0          0          0          0         68   __main.o
         0          0          0          0          0          0   __rtentry.o
        12          0          0          0          0          0   __rtentry2.o
         6          0          0          0          0          0   __rtentry4.o
        52          8          0          0          0          0   __scatter.o
        28          0          0          0          0          0   __scatter_zi.o
        18          0          0          0          0         80   exit.o
         6          0          0          0          0        152   heapauxi.o
         0          0          0          0          0          0   indicate_semi.o
         2          0          0          0          0          0   libinit.o
         2          0          0          0          0          0   libinit2.o
         2          0          0          0          0          0   libshutdown.o
         2          0          0          0          0          0   libshutdown2.o
         8          4          0          0         96         68   libspace.o
         2          0          0          0          0          0   rtexit.o
        10          0          0          0          0          0   rtexit2.o
        12          4          0          0          0         68   sys_exit.o
        74          0          0          0          0         80   sys_stackheap_outer.o
         2          0          0          0          0         68   use_no_semi.o
        24          0          0          0          0         68   dcmpi.o
        46          0          0          0          0         68   dflt_clz.o
       120          4          0          0          0         92   dleqf.o
       156          4          0          0          0         92   dnaninf.o
       108          0          0          0          0         80   drleqf.o
         0          0          0          0          0          0   usenofp.o

    ----------------------------------------------------------------------
       798         24          0          0         96        984   Library Totals
         8          0          0          0          0          0   (incl. Padding)

    ----------------------------------------------------------------------

      Code (inc. data)   RO Data    RW Data    ZI Data      Debug   Library Name

       336         16          0          0         96        584   c_w.l
       454          8          0          0          0        400   fz_ws.l

    ----------------------------------------------------------------------
       798         24          0          0         96        984   Library Totals

    ----------------------------------------------------------------------

==============================================================================


      Code (inc. data)   RO Data    RW Data    ZI Data      Debug   

     35088         46       1608       2144       8312     940800   Grand Totals
     35088         46       1608        772       8312     940800   ELF Image Totals (compressed)
     35088         46       1608        772          0          0   ROM Totals

==============================================================================

    Total RO  Size (Code + RO Data)                36696 (  35.84kB)
    Total RW  Size (RW Data + ZI Data)             10456 (  10.21kB)
    Total ROM Size (Code + RO Data + RW Data)      37468 (  36.59kB)

==============================================================================

