Component: ARM Compiler 5.06 update 7 (build 960) Tool: armlink [4d3601]

==============================================================================

Section Cross References

    startup_stm32f103xb.o(STACK) refers (Special) to heapauxi.o(.text) for __use_two_region_memory
    startup_stm32f103xb.o(HEAP) refers (Special) to heapauxi.o(.text) for __use_two_region_memory
    startup_stm32f103xb.o(RESET) refers (Special) to heapauxi.o(.text) for __use_two_region_memory
    startup_stm32f103xb.o(RESET) refers to startup_stm32f103xb.o(STACK) for __initial_sp
    startup_stm32f103xb.o(RESET) refers to startup_stm32f103xb.o(.text) for Reset_Handler
    startup_stm32f103xb.o(RESET) refers to stm32f1xx_it.o(i.NMI_Handler) for NMI_Handler
    startup_stm32f103xb.o(RESET) refers to stm32f1xx_it.o(i.HardFault_Handler) for HardFault_Handler
    startup_stm32f103xb.o(RESET) refers to stm32f1xx_it.o(i.MemManage_Handler) for MemManage_Handler
    startup_stm32f103xb.o(RESET) refers to stm32f1xx_it.o(i.BusFault_Handler) for BusFault_Handler
    startup_stm32f103xb.o(RESET) refers to stm32f1xx_it.o(i.UsageFault_Handler) for UsageFault_Handler
    startup_stm32f103xb.o(RESET) refers to stm32f1xx_it.o(i.SVC_Handler) for SVC_Handler
    startup_stm32f103xb.o(RESET) refers to stm32f1xx_it.o(i.DebugMon_Handler) for DebugMon_Handler
    startup_stm32f103xb.o(RESET) refers to stm32f1xx_it.o(i.PendSV_Handler) for PendSV_Handler
    startup_stm32f103xb.o(RESET) refers to stm32f1xx_it.o(i.SysTick_Handler) for SysTick_Handler
    startup_stm32f103xb.o(RESET) refers to stm32f1xx_it.o(i.DMA1_Channel4_IRQHandler) for DMA1_Channel4_IRQHandler
    startup_stm32f103xb.o(RESET) refers to stm32f1xx_it.o(i.DMA1_Channel5_IRQHandler) for DMA1_Channel5_IRQHandler
    startup_stm32f103xb.o(RESET) refers to k1-burst-driver.pfr.o(i.ADC1_2_IRQHandler) for ADC1_2_IRQHandler
    startup_stm32f103xb.o(RESET) refers to k1-burst-driver.pfr.o(i.TIM1_CC_IRQHandler) for TIM1_CC_IRQHandler
    startup_stm32f103xb.o(RESET) refers to stm32f1xx_it.o(i.I2C1_EV_IRQHandler) for I2C1_EV_IRQHandler
    startup_stm32f103xb.o(RESET) refers to stm32f1xx_it.o(i.I2C1_ER_IRQHandler) for I2C1_ER_IRQHandler
    startup_stm32f103xb.o(RESET) refers to stm32f1xx_it.o(i.USART1_IRQHandler) for USART1_IRQHandler
    startup_stm32f103xb.o(.text) refers (Special) to heapauxi.o(.text) for __use_two_region_memory
    startup_stm32f103xb.o(.text) refers to system_stm32f1xx.o(i.SystemInit) for SystemInit
    startup_stm32f103xb.o(.text) refers to __main.o(!!!main) for __main
    startup_stm32f103xb.o(.text) refers to startup_stm32f103xb.o(HEAP) for Heap_Mem
    startup_stm32f103xb.o(.text) refers to startup_stm32f103xb.o(STACK) for Stack_Mem
    main.o(i.Error_Handler) refers to main.o(.constdata) for .constdata
    main.o(i.Error_Handler) refers to main.o(.conststring) for .conststring
    main.o(i.Error_Handler) refers to k1-burst-driver.pfr.o(i.burst_hw_on_crash) for burst_hw_on_crash
    main.o(i.Error_Handler) refers to burst.o(i.burst_sw_on_crash) for burst_sw_on_crash
    main.o(i.SystemClock_Config) refers to main.o(.constdata) for .constdata
    main.o(i.SystemClock_Config) refers to main.o(.conststring) for .conststring
    main.o(i.SystemClock_Config) refers to stm32f1xx_hal_rcc.o(i.HAL_RCC_OscConfig) for HAL_RCC_OscConfig
    main.o(i.SystemClock_Config) refers to k1-burst-driver.pfr.o(i.burst_hw_on_crash) for burst_hw_on_crash
    main.o(i.SystemClock_Config) refers to burst.o(i.burst_sw_on_crash) for burst_sw_on_crash
    main.o(i.SystemClock_Config) refers to stm32f1xx_hal_rcc.o(i.HAL_RCC_ClockConfig) for HAL_RCC_ClockConfig
    main.o(i.SystemClock_Config) refers to stm32f1xx_hal_rcc_ex.o(i.HAL_RCCEx_PeriphCLKConfig) for HAL_RCCEx_PeriphCLKConfig
    main.o(i.main) refers to stm32f1xx_hal.o(i.HAL_Init) for HAL_Init
    main.o(i.main) refers to main.o(i.SystemClock_Config) for SystemClock_Config
    main.o(i.main) refers to gpio.o(i.MX_GPIO_Init) for MX_GPIO_Init
    main.o(i.main) refers to dma.o(i.MX_DMA_Init) for MX_DMA_Init
    main.o(i.main) refers to adc.o(i.MX_ADC1_Init) for MX_ADC1_Init
    main.o(i.main) refers to adc.o(i.MX_ADC2_Init) for MX_ADC2_Init
    main.o(i.main) refers to tim.o(i.MX_TIM1_Init) for MX_TIM1_Init
    main.o(i.main) refers to i2c.o(i.MX_I2C1_Init) for MX_I2C1_Init
    main.o(i.main) refers to usart.o(i.MX_USART1_UART_Init) for MX_USART1_UART_Init
    main.o(i.main) refers to burst.o(i.burst_begin) for burst_begin
    main.o(i.main) refers to burst.o(i.burst_start) for burst_start
    main.o(i.main) refers to burst.o(i.burst_frontend_loop) for burst_frontend_loop
    gpio.o(i.MX_GPIO_Init) refers to stm32f1xx_hal_gpio.o(i.HAL_GPIO_WritePin) for HAL_GPIO_WritePin
    gpio.o(i.MX_GPIO_Init) refers to stm32f1xx_hal_gpio.o(i.HAL_GPIO_Init) for HAL_GPIO_Init
    adc.o(i.HAL_ADC_MspDeInit) refers to stm32f1xx_hal_gpio.o(i.HAL_GPIO_DeInit) for HAL_GPIO_DeInit
[...]
    burst_hw_slot_3                          0x08005e45   Thumb Code     2  burst.o(i.burst_hw_slot_3)
    burst_hw_slot_4                          0x08005e47   Thumb Code     2  burst.o(i.burst_hw_slot_4)
    burst_hw_slot_5                          0x08005e49   Thumb Code     2  burst.o(i.burst_hw_slot_5)
    burst_hw_slot_6                          0x08005e4b   Thumb Code     2  burst.o(i.burst_hw_slot_6)
    burst_hw_slot_7                          0x08005e4d   Thumb Code     2  burst.o(i.burst_hw_slot_7)
    burst_hw_slot_8                          0x08005e4f   Thumb Code     2  burst.o(i.burst_hw_slot_8)
    burst_hw_slot_9                          0x08005e51   Thumb Code     2  burst.o(i.burst_hw_slot_9)
    burst_hw_start                           0x08005e53   Thumb Code   118  k1-burst-driver.pfr.o(i.burst_hw_start)
    burst_is_backend                         0x08005ec9   Thumb Code    18  burst.o(i.burst_is_backend)
    burst_limiter_reset                      0x08005edb   Thumb Code    52  burst_pi.o(i.burst_limiter_reset)
    burst_limiter_run                        0x08005f0f   Thumb Code   166  burst_pi.o(i.burst_limiter_run)
    burst_limiter_setup                      0x08005fb5   Thumb Code   214  burst_pi.o(i.burst_limiter_setup)
    burst_motion_reset_                      0x0800608b   Thumb Code    18  burst_motion.o(i.burst_motion_reset_)
    burst_motion_run_                        0x0800609d   Thumb Code   470  burst_motion.o(i.burst_motion_run_)
    burst_motion_setup_                      0x08006273   Thumb Code    66  burst_motion.o(i.burst_motion_setup_)
    burst_pi_reset_                          0x080062b5   Thumb Code    20  burst_pi.o(i.burst_pi_reset_)
    burst_pi_run_                            0x080062c9   Thumb Code   290  burst_pi.o(i.burst_pi_run_)
    burst_positioner_reset_                  0x080063eb   Thumb Code     2  burst_positioner.o(i.burst_positioner_reset_)
    burst_positioner_run_                    0x080063ed   Thumb Code   238  burst_positioner.o(i.burst_positioner_run_)
    burst_positioner_setup_                  0x080064db   Thumb Code    28  burst_positioner.o(i.burst_positioner_setup_)
    burst_ps_active_                         0x080064f7   Thumb Code    12  burst_ps.o(i.burst_ps_active_)
    burst_ps_begin                           0x08006503   Thumb Code     8  burst_ps.o(i.burst_ps_begin)
    burst_ps_run_                            0x0800650b   Thumb Code   114  burst_ps.o(i.burst_ps_run_)
    burst_raise_panic                        0x0800657d   Thumb Code    44  burst.o(i.burst_raise_panic)
    burst_range_apply                        0x080065a9   Thumb Code    24  burst_signal.o(i.burst_range_apply)
    burst_range_set                          0x080065c1   Thumb Code    52  burst_signal.o(i.burst_range_set)
    burst_realtime_loop                      0x080065f5   Thumb Code   152  burst.o(i.burst_realtime_loop)
    burst_sin                                0x0800668d   Thumb Code    72  burst_sin.o(i.burst_sin)
    burst_slot_0                             0x080066d5   Thumb Code    12  burst.o(i.burst_slot_0)
    burst_slot_1                             0x080066e1   Thumb Code    12  burst.o(i.burst_slot_1)
    burst_slot_10                            0x080066ed   Thumb Code    12  burst.o(i.burst_slot_10)
    burst_slot_11                            0x080066f9   Thumb Code    12  burst.o(i.burst_slot_11)
    burst_slot_12                            0x08006705   Thumb Code    12  burst.o(i.burst_slot_12)
    burst_slot_13                            0x08006711   Thumb Code    12  burst.o(i.burst_slot_13)
    burst_slot_14                            0x0800671d   Thumb Code    12  burst.o(i.burst_slot_14)
    burst_slot_15                            0x08006729   Thumb Code    12  burst.o(i.burst_slot_15)
    burst_slot_2                             0x08006735   Thumb Code    12  burst.o(i.burst_slot_2)
    burst_slot_3                             0x08006741   Thumb Code    12  burst.o(i.burst_slot_3)
    burst_slot_4                             0x0800674d   Thumb Code    12  burst.o(i.burst_slot_4)
    burst_slot_5                             0x08006759   Thumb Code    12  burst.o(i.burst_slot_5)
    burst_slot_6                             0x08006765   Thumb Code    12  burst.o(i.burst_slot_6)
    burst_slot_7                             0x08006771   Thumb Code    12  burst.o(i.burst_slot_7)
    burst_slot_8                             0x0800677d   Thumb Code    12  burst.o(i.burst_slot_8)
    burst_slot_9                             0x08006789   Thumb Code    12  burst.o(i.burst_slot_9)
    burst_sqrt                               0x08006795   Thumb Code    98  burst_sqrt.o(i.burst_sqrt)
    burst_sqrt_init                          0x080067f7   Thumb Code    46  burst_sqrt.o(i.burst_sqrt_init)
    burst_start                              0x08006825   Thumb Code    54  burst.o(i.burst_start)
    burst_sw_backend_loop                    0x0800685b   Thumb Code    68  k1-burst-driver.o(i.burst_sw_backend_loop)
    burst_sw_begin                           0x0800689f   Thumb Code    24  k1-burst-driver.o(i.burst_sw_begin)
    burst_sw_frontend_loop                   0x080068b7   Thumb Code   134  k1-burst-driver.o(i.burst_sw_frontend_loop)
    burst_sw_on_crash                        0x0800693d   Thumb Code     2  burst.o(i.burst_sw_on_crash)
    burst_sw_realtime_loop                   0x0800693f   Thumb Code    22  k1-burst-driver.o(i.burst_sw_realtime_loop)
    burst_sw_slot_0                          0x08006955   Thumb Code     4  k1-burst-driver.o(i.burst_sw_slot_0)
    burst_sw_slot_1                          0x08006959   Thumb Code     4  k1-burst-driver.o(i.burst_sw_slot_1)
    burst_sw_slot_10                         0x0800695d   Thumb Code     2  burst.o(i.burst_sw_slot_10)
    burst_sw_slot_11                         0x0800695f   Thumb Code     2  burst.o(i.burst_sw_slot_11)
    burst_sw_slot_12                         0x08006961   Thumb Code     2  burst.o(i.burst_sw_slot_12)
    burst_sw_slot_13                         0x08006963   Thumb Code     2  burst.o(i.burst_sw_slot_13)
    burst_sw_slot_14                         0x08006965   Thumb Code     2  burst.o(i.burst_sw_slot_14)
    burst_sw_slot_15                         0x08006967   Thumb Code     2  burst.o(i.burst_sw_slot_15)
    burst_sw_slot_2                          0x08006969   Thumb Code     4  k1-burst-driver.o(i.burst_sw_slot_2)
    burst_sw_slot_3                          0x0800696d   Thumb Code     2  burst.o(i.burst_sw_slot_3)
    burst_sw_slot_4                          0x0800696f   Thumb Code     2  burst.o(i.burst_sw_slot_4)
    burst_sw_slot_5                          0x08006971   Thumb Code     2  burst.o(i.burst_sw_slot_5)
    burst_sw_slot_6                          0x08006973   Thumb Code     2  burst.o(i.burst_sw_slot_6)
    burst_sw_slot_7                          0x08006975   Thumb Code     2  burst.o(i.burst_sw_slot_7)
    burst_sw_slot_8                          0x08006977   Thumb Code     2  burst.o(i.burst_sw_slot_8)
    burst_sw_slot_9                          0x08006979   Thumb Code     2  burst.o(i.burst_sw_slot_9)
    burst_sw_start                           0x0800697b   Thumb Code    42  k1-burst-driver.o(i.burst_sw_start)
    burst_time_us                            0x080069a5   Thumb Code    12  burst_timer.o(i.burst_time_us)
    burst_timer_poll                         0x080069b1   Thumb Code   170  burst_timer.o(i.burst_timer_poll)
    burst_tp_off                             0x08006a5b   Thumb Code    28  burst.o(i.burst_tp_off)
    burst_tp_on                              0x08006a77   Thumb Code    28  burst.o(i.burst_tp_on)
    burst_tp_phy_off                         0x08006a93   Thumb Code    14  k1-burst-driver.pfr.o(i.burst_tp_phy_off)
    burst_tp_phy_on                          0x08006aa1   Thumb Code    14  k1-burst-driver.pfr.o(i.burst_tp_phy_on)
    burst_tp_verb_set                        0x08006aaf   Thumb Code    12  burst.o(i.burst_tp_verb_set)
    c_cross_flt_reset                        0x08006abb   Thumb Code    12  pmsm_hall_app.obj.o(i.c_cross_flt_reset)
    c_cross_flt_run                          0x08006ac7   Thumb Code    12  pmsm_hall_app.obj.o(i.c_cross_flt_run)
    c_cross_flt_setup                        0x08006ad3   Thumb Code    18  pmsm_hall_app.obj.o(i.c_cross_flt_setup)
    c_cross_pi_reset                         0x08006ae5   Thumb Code    14  pmsm_hall_app.obj.o(i.c_cross_pi_reset)
    c_cross_pi_run                           0x08006af3   Thumb Code    12  pmsm_hall_app.obj.o(i.c_cross_pi_run)
    c_cross_pi_setup                         0x08006aff   Thumb Code    94  pmsm_hall_app.obj.o(i.c_cross_pi_setup)
    c_hi_pi_reset                            0x08006b5d   Thumb Code    14  pmsm_hall_app.obj.o(i.c_hi_pi_reset)
    c_hi_pi_run                              0x08006b6b   Thumb Code    12  pmsm_hall_app.obj.o(i.c_hi_pi_run)
    c_hi_pi_setup                            0x08006b77   Thumb Code    94  pmsm_hall_app.obj.o(i.c_hi_pi_setup)
    c_lat_flt_reset                          0x08006bd5   Thumb Code    12  pmsm_hall_app.obj.o(i.c_lat_flt_reset)
    c_lat_flt_run                            0x08006be1   Thumb Code    12  pmsm_hall_app.obj.o(i.c_lat_flt_run)
    c_lat_flt_setup                          0x08006bed   Thumb Code    18  pmsm_hall_app.obj.o(i.c_lat_flt_setup)
    c_lat_pi_reset                           0x08006bff   Thumb Code    14  pmsm_hall_app.obj.o(i.c_lat_pi_reset)
    c_lat_pi_run                             0x08006c0d   Thumb Code    12  pmsm_hall_app.obj.o(i.c_lat_pi_run)
    c_lat_pi_setup                           0x08006c19   Thumb Code    94  pmsm_hall_app.obj.o(i.c_lat_pi_setup)
    c_lo_pi_reset                            0x08006c77   Thumb Code    14  pmsm_hall_app.obj.o(i.c_lo_pi_reset)
    c_lo_pi_run                              0x08006c85   Thumb Code    12  pmsm_hall_app.obj.o(i.c_lo_pi_run)
    c_lo_pi_setup                            0x08006c91   Thumb Code    94  pmsm_hall_app.obj.o(i.c_lo_pi_setup)
    current3ph_begin                         0x08006cef   Thumb Code    36  burst_inv3ph.o(i.current3ph_begin)
    current3ph_run                           0x08006d13   Thumb Code   168  burst_inv3ph.o(i.current3ph_run)
    enco_abs32_begin                         0x08006dbb   Thumb Code   100  enco_abs32.o(i.enco_abs32_begin)
    enco_abs32_reset_                        0x08006e1f   Thumb Code    46  enco_abs32.o(i.enco_abs32_reset_)
    enco_abs32_run_                          0x08006e4d   Thumb Code   260  enco_abs32.o(i.enco_abs32_run_)
    enco_encode                              0x08006f51   Thumb Code    14  pmsm_hall_app.o(i.enco_encode)
    enco_error                               0x08006f5f   Thumb Code     4  pmsm_hall_app.obj.o(i.enco_error)
    enco_query                               0x08006f63   Thumb Code     2  pmsm_hall_app.obj.o(i.enco_query)
    enco_reset                               0x08006f65   Thumb Code    12  pmsm_hall_app.obj.o(i.enco_reset)
    enco_run                                 0x08006f71   Thumb Code    12  pmsm_hall_app.obj.o(i.enco_run)
    fm_available                             0x08006f7d   Thumb Code    34  k1-burst-driver.o(i.fm_available)
    fm_get                                   0x08006f9f   Thumb Code    44  k1-burst-driver.o(i.fm_get)
    fm_poll                                  0x08006fcb   Thumb Code     4  k1-burst-driver.obj.o(i.fm_poll)
    fm_put                                   0x08006fcf   Thumb Code    46  k1-burst-driver.o(i.fm_put)
    fm_recorder                              0x08006ffd   Thumb Code     4  k1-burst-driver.obj.o(i.fm_recorder)
    fm_space                                 0x08007001   Thumb Code    38  k1-burst-driver.o(i.fm_space)
    fmserial_try_send                        0x08007027   Thumb Code   160  k1-burst-driver.o(i.fmserial_try_send)
    hall_begin                               0x080070c7   Thumb Code    14  burst_hall.o(i.hall_begin)
    hall_dummy_interp                        0x080070d5   Thumb Code     8  burst_hall.o(i.hall_dummy_interp)
    hall_update                              0x080070dd   Thumb Code   162  burst_hall.o(i.hall_update)
    inv3ph_begin                             0x0800717f   Thumb Code    46  burst_inv3ph.o(i.inv3ph_begin)
    inv3ph_run                               0x080071ad   Thumb Code   578  burst_inv3ph.o(i.inv3ph_run)
    k1_serial_aborttx                        0x080073ef   Thumb Code    34  k1-burst-driver.pfr.o(i.k1_serial_aborttx)
    k1_serial_ready                          0x08007411   Thumb Code    12  k1-burst-driver.pfr.o(i.k1_serial_ready)
    k1_serial_receive_packet                 0x0800741d   Thumb Code    84  k1-burst-driver.o(i.k1_serial_receive_packet)
    k1_serial_send_complete                  0x08007471   Thumb Code     2  k1-burst-driver.o(i.k1_serial_send_complete)
    k1_serial_send_packet                    0x08007473   Thumb Code    80  k1-burst-driver.pfr.o(i.k1_serial_send_packet)
    k1_serial_send_refuse                    0x080074c3   Thumb Code     4  k1-burst-driver.o(i.k1_serial_send_refuse)
    main                                     0x080074c7   Thumb Code    50  main.o(i.main)
    motion_reset                             0x080074f9   Thumb Code    14  pmsm_hall_app.obj.o(i.motion_reset)
    motion_run                               0x08007507   Thumb Code    12  pmsm_hall_app.obj.o(i.motion_run)
    motion_setup                             0x08007513   Thumb Code    54  pmsm_hall_app.obj.o(i.motion_setup)
    nikitin_begin                            0x08007549   Thumb Code    34  nikitin.o(i.nikitin_begin)
    nikitin_reset_                           0x0800756b   Thumb Code    18  nikitin.o(i.nikitin_reset_)
    nikitin_run_                             0x0800757d   Thumb Code   104  nikitin.o(i.nikitin_run_)
    pmsm_angle_forcer_begin                  0x080075e5   Thumb Code    14  pmsm.o(i.pmsm_angle_forcer_begin)
    pmsm_angle_forcer_run                    0x080075f3   Thumb Code   106  pmsm.o(i.pmsm_angle_forcer_run)
    pmsm_begin                               0x0800765d   Thumb Code   194  pmsm.o(i.pmsm_begin)
    pmsm_event_update_feedback               0x0800771f   Thumb Code    26  pmsm.o(i.pmsm_event_update_feedback)
    pmsm_hall_app_backend_loop               0x08007739   Thumb Code    54  pmsm_hall_app.o(i.pmsm_hall_app_backend_loop)
    pmsm_hall_app_begin                      0x0800776f   Thumb Code   326  pmsm_hall_app.o(i.pmsm_hall_app_begin)
    pmsm_hall_app_control_step_1             0x080078b5   Thumb Code    12  pmsm_hall_app.o(i.pmsm_hall_app_control_step_1)
    pmsm_hall_app_control_step_2             0x080078c1   Thumb Code    64  pmsm_hall_app.o(i.pmsm_hall_app_control_step_2)
    pmsm_hall_app_control_step_3             0x08007901   Thumb Code   102  pmsm_hall_app.o(i.pmsm_hall_app_control_step_3)
    pmsm_hall_app_frontend_loop              0x08007967   Thumb Code     2  pmsm_hall_app.o(i.pmsm_hall_app_frontend_loop)
    pmsm_hall_app_realtime_loop              0x08007969   Thumb Code    66  pmsm_hall_app.o(i.pmsm_hall_app_realtime_loop)
    pmsm_hall_app_start                      0x080079ab   Thumb Code    30  pmsm_hall_app.o(i.pmsm_hall_app_start)
    pmsm_inverter_run                        0x080079c9   Thumb Code   154  pmsm.o(i.pmsm_inverter_run)
    pmsm_mode_synchro_current_applay_action  0x08007a63   Thumb Code    84  pmsm.o(i.pmsm_mode_synchro_current_applay_action)
    pmsm_mode_synchro_current_runA           0x08007ab7   Thumb Code    54  pmsm.o(i.pmsm_mode_synchro_current_runA)
    pmsm_mode_synchro_current_start          0x08007aed   Thumb Code    78  pmsm.o(i.pmsm_mode_synchro_current_start)
    pmsm_mode_synchro_current_stop           0x08007b3b   Thumb Code     8  pmsm.o(i.pmsm_mode_synchro_current_stop)
    pmsm_mode_synchro_voltage_applay_action  0x08007b43   Thumb Code    52  pmsm.o(i.pmsm_mode_synchro_voltage_applay_action)
    pmsm_mode_synchro_voltage_runA           0x08007b77   Thumb Code    26  pmsm.o(i.pmsm_mode_synchro_voltage_runA)
    pmsm_mode_synchro_voltage_start          0x08007b91   Thumb Code    38  pmsm.o(i.pmsm_mode_synchro_voltage_start)
    pmsm_mode_synchro_voltage_stop           0x08007bb7   Thumb Code     8  pmsm.o(i.pmsm_mode_synchro_voltage_stop)
    pmsm_protector_run                       0x08007bbf   Thumb Code   146  pmsm.o(i.pmsm_protector_run)
    pmsm_sence_run                           0x08007c51   Thumb Code    32  pmsm.o(i.pmsm_sence_run)
    positioner_reset                         0x08007c71   Thumb Code    12  pmsm_hall_app.obj.o(i.positioner_reset)
    positioner_run                           0x08007c7d   Thumb Code    12  pmsm_hall_app.obj.o(i.positioner_run)
    positioner_setup                         0x08007c89   Thumb Code    50  pmsm_hall_app.obj.o(i.positioner_setup)
    power_active                             0x08007cbb   Thumb Code    12  pmsm_hall_app.obj.o(i.power_active)
    power_boot_begin                         0x08007cc7   Thumb Code    36  k1-burst-driver.pfr.o(i.power_boot_begin)
    power_boot_complete                      0x08007ceb   Thumb Code     2  pmsm_hall_app.obj.o(i.power_boot_complete)
    power_do_boot                            0x08007ced   Thumb Code     4  pmsm_hall_app.obj.o(i.power_do_boot)
    power_do_invert                          0x08007cf1   Thumb Code    42  k1-burst-driver.pfr.o(i.power_do_invert)
    power_do_shutdown                        0x08007d1b   Thumb Code     4  pmsm_hall_app.obj.o(i.power_do_shutdown)
    power_run                                0x08007d1f   Thumb Code    12  pmsm_hall_app.obj.o(i.power_run)
    power_shutdown_begin                     0x08007d2b   Thumb Code    36  k1-burst-driver.pfr.o(i.power_shutdown_begin)
    power_shutdown_complete                  0x08007d4f   Thumb Code     2  pmsm_hall_app.obj.o(i.power_shutdown_complete)
    rotcalc                                  0x08007d51   Thumb Code    26  burst_signal.o(i.rotcalc)
    s_inc                                    0x08007d6b   Thumb Code    18  burst_signal.o(i.s_inc)
    speedse_reset                            0x08007d7d   Thumb Code    12  pmsm_hall_app.obj.o(i.speedse_reset)
    speedse_run                              0x08007d89   Thumb Code    12  pmsm_hall_app.obj.o(i.speedse_run)
    speedse_setup                            0x08007d95   Thumb Code    18  pmsm_hall_app.obj.o(i.speedse_setup)
    swt_loop                                 0x08007da7   Thumb Code   834  k1-burst-driver.pfr.o(i.swt_loop)
    swt_run                                  0x080080e9   Thumb Code    90  k1-burst-driver.pfr.o(i.swt_run)
    __fpl_dcmp_Inf                           0x08008143   Thumb Code    24  dcmpi.o(x$fpl$dcmpinf)
    __aeabi_i2d                              0x0800815b   Thumb Code     0  dflt_clz.o(x$fpl$dflt)
    _dflt                                    0x0800815b   Thumb Code    46  dflt_clz.o(x$fpl$dflt)
    __aeabi_cdcmple                          0x08008189   Thumb Code     0  dleqf.o(x$fpl$dleqf)
    _dcmple                                  0x08008189   Thumb Code   120  dleqf.o(x$fpl$dleqf)
    __fpl_dcmple_InfNaN                      0x080081eb   Thumb Code     0  dleqf.o(x$fpl$dleqf)
    __fpl_dnaninf                            0x08008201   Thumb Code   156  dnaninf.o(x$fpl$dnaninf)
    __aeabi_cdrcmple                         0x0800829d   Thumb Code     0  drleqf.o(x$fpl$drleqf)
    _drcmple                                 0x0800829d   Thumb Code   108  drleqf.o(x$fpl$drleqf)
    __I$use$fp                               0x08008308   Number         0  usenofp.o(x$fpl$usenofp)
    AHBPrescTable                            0x0800833a   Data          16  system_stm32f1xx.o(.constdata)
    APBPrescTable                            0x0800834a   Data           8  system_stm32f1xx.o(.constdata)
    mcgenSineTable256                        0x08008494   Data         514  burst_sin.o(.constdata)
    tableAtan64                              0x08008696   Data         128  burst_sin.o(.constdata)
    Region$$Table$$Base                      0x08008788   Number         0  anon$$obj.o(Region$$Table)
    Region$$Table$$Limit                     0x080087a8   Number         0  anon$$obj.o(Region$$Table)
    uwTickFreq                               0x20000000   Data           1  stm32f1xx_hal.o(.data)
    uwTickPrio                               0x20000004   Data           4  stm32f1xx_hal.o(.data)
    uwTick                                   0x20000008   Data           4  stm32f1xx_hal.o(.data)
    SystemCoreClock                          0x2000000c   Data           4  system_stm32f1xx.o(.data)
    burst_core_status_                       0x20000010   Data           1  burst.o(.data)
    burst_started_                           0x20000011   Data           1  burst.o(.data)
    burst_tp_status                          0x20000012   Data           1  burst.o(.data)
    burst_slot                               0x20000014   Data           4  burst.o(.data)
    burst_slots_end                          0x20000018   Data           4  burst.o(.data)
    guest_count_                             0x2000001c   Data           4  burst.o(.data)
    lock_count_                              0x20000020   Data           4  burst.o(.data)
    burst_tp_verb                            0x20000024   Data           4  burst.o(.data)
    burst_idle_mode                          0x20000028   Data          28  burst.o(.data)
    burst_slots                              0x20000044   Data          64  burst.o(.data)
    hall_angles                              0x20000084   Data          12  burst_hall.o(.data)
    burst_time_us_                           0x20000090   Data           4  burst_timer.o(.data)
    burst_time_ms_                           0x20000094   Data           4  burst_timer.o(.data)
    burst_acc_us_                            0x20000098   Data           4  burst_timer.o(.data)
    dsqrtGainArray                           0x2000009c   Data          88  burst_sqrt.o(.data)
    dsqrtOffsetArray                         0x200000f4   Data          88  burst_sqrt.o(.data)
    dsqrtShift                               0x2000014c   Data          88  burst_sqrt.o(.data)
    dsqrtRes                                 0x200001a4   Data          16  burst_sqrt.o(.data)
    sending                                  0x200001b4   Data           1  k1-burst-driver.o(.data)
    synchro_test_enable                      0x200001c0   Data           4  k1-burst-driver.o(.data)
    synchro_test_level                       0x200001c4   Data           4  k1-burst-driver.o(.data)
    serial_tx_sz                             0x200001c8   Data           4  k1-burst-driver.o(.data)
    fmincom_readCount                        0x200001d4   Data           4  k1-burst-driver.o(.data)
    fmincom_writeCount                       0x200001d8   Data           4  k1-burst-driver.o(.data)
    fmoutcom_readCount                       0x200001dc   Data           4  k1-burst-driver.o(.data)
    fmoutcom_writeCount                      0x200001e0   Data           4  k1-burst-driver.o(.data)
    k1_config                                0x200001e4   Data         316  k1-burst-driver.o(.data)
    pcm_nRecTriggerMode                      0x20000320   Data           1  k1-burst-driver.obj.o(.data)
    pcm_nRecVarCount                         0x20000321   Data           1  k1-burst-driver.obj.o(.data)
    pcm_wRecTotalSmps                        0x20000328   Data           2  k1-burst-driver.obj.o(.data)
    pcm_wRecPostTrigger                      0x2000032a   Data           2  k1-burst-driver.obj.o(.data)
    pcm_wRecTimeDiv                          0x2000032c   Data           2  k1-burst-driver.obj.o(.data)
    pcm_wRecBuffStartIx                      0x2000032e   Data           2  k1-burst-driver.obj.o(.data)
    pcm_wRecTimeDivCtr                       0x20000330   Data           2  k1-burst-driver.obj.o(.data)
    pcm_wStoprecCountDown                    0x20000332   Data           2  k1-burst-driver.obj.o(.data)
    pcm_dwRecWritePtr                        0x2000033c   Data           4  k1-burst-driver.obj.o(.data)
    pcm_dwRecEndBuffPtr                      0x20000340   Data           4  k1-burst-driver.obj.o(.data)
    pcm_wRecFlags                            0x20000344   Data           4  k1-burst-driver.obj.o(.data)
    serialComDone                            0x20000364   Data           1  k1-burst-driver.pfr.o(.data)
    swt_enable_prev                          0x20000365   Data           1  k1-burst-driver.pfr.o(.data)
    swt_enable                               0x20000366   Data           1  k1-burst-driver.pfr.o(.data)
    DWT_CYCCNT                               0x20000368   Data           4  k1-burst-driver.pfr.o(.data)
    DWT_CONTROL                              0x2000036c   Data           4  k1-burst-driver.pfr.o(.data)
    SCB_DEMCR                                0x20000370   Data           4  k1-burst-driver.pfr.o(.data)
    swt_pwm                                  0x20000374   Data           4  k1-burst-driver.pfr.o(.data)
    swt_cur_req                              0x20000378   Data           4  k1-burst-driver.pfr.o(.data)
    swt_pwmA                                 0x2000037c   Data           4  k1-burst-driver.pfr.o(.data)
    swt_pwmB                                 0x20000380   Data           4  k1-burst-driver.pfr.o(.data)
    swt_pwmC                                 0x20000384   Data           4  k1-burst-driver.pfr.o(.data)
    swm_sector_offset                        0x20000388   Data           4  k1-burst-driver.pfr.o(.data)
    abort_count                              0x2000038c   Data           4  k1-burst-driver.pfr.o(.data)
    critical_                                0x20000390   Data           4  k1-burst-driver.pfr.o(.data)
    hall_pins                                0x2000039c   Data           4  k1-burst-driver.pfr.o(.data)
    swt_cfg                                  0x200003a0   Data           8  k1-burst-driver.pfr.o(.data)
    actuator_mode_fault                      0x200003a8   Data          28  actuator.o(.data)
    actuator_mode_speed                      0x200003c4   Data          28  actuator.o(.data)
    actuator_mode_voltage                    0x200003e0   Data          28  actuator.o(.data)
    actuator_mode_position                   0x200003fc   Data          28  actuator.o(.data)
    acwc_mode_voltage_cl                     0x20000418   Data          28  acwc.o(.data)
    acwc_mode_cl_speed                       0x20000434   Data          28  acwc.o(.data)
    acwc_mode_cl_position                    0x20000450   Data          28  acwc.o(.data)
    acwc_mode_current                        0x2000046c   Data          28  acwc.o(.data)
    acwc_mode_speed                          0x20000488   Data          28  acwc.o(.data)
    acwc_mode_position                       0x200004a4   Data          28  acwc.o(.data)
    pmcm_synchro_voltage                     0x200004c0   Data          28  pmsm.o(.data)
    pmcm_synchro_current                     0x200004dc   Data          28  pmsm.o(.data)
    RPM                                      0x200004f8   Data           4  pmsm_hall_app.o(.data)
    pmsm_hall_app_modes                      0x2000050c   Data          56  pmsm_hall_app.o(.data)
    c_lat_pi_def_control_min                 0x20000544   Data           2  pmsm_hall_app.obj.o(.data)
    c_lat_pi_def_control_max                 0x20000546   Data           2  pmsm_hall_app.obj.o(.data)
    c_cross_pi_def_control_min               0x20000548   Data           2  pmsm_hall_app.obj.o(.data)
    c_cross_pi_def_control_max               0x2000054a   Data           2  pmsm_hall_app.obj.o(.data)
    c_hi_pi_def_control_min                  0x2000054c   Data           2  pmsm_hall_app.obj.o(.data)
    c_hi_pi_def_control_max                  0x2000054e   Data           2  pmsm_hall_app.obj.o(.data)
    c_lo_pi_def_control_min                  0x20000550   Data           2  pmsm_hall_app.obj.o(.data)
    c_lo_pi_def_control_max                  0x20000552   Data           2  pmsm_hall_app.obj.o(.data)
    power                                    0x20000554   Data          48  pmsm_hall_app.obj.o(.data)
    speedse                                  0x20000584   Data          40  pmsm_hall_app.obj.o(.data)
    enco                                     0x200005ac   Data          84  pmsm_hall_app.obj.o(.data)
    c_lat_pi                                 0x20000600   Data          68  pmsm_hall_app.obj.o(.data)
    c_cross_pi                               0x20000644   Data          68  pmsm_hall_app.obj.o(.data)
    c_hi_pi                                  0x20000688   Data          68  pmsm_hall_app.obj.o(.data)
    c_lo_pi                                  0x200006cc   Data          68  pmsm_hall_app.obj.o(.data)
    c_lat_flt                                0x20000710   Data          40  pmsm_hall_app.obj.o(.data)
    c_cross_flt                              0x20000738   Data          40  pmsm_hall_app.obj.o(.data)
    motion                                   0x20000760   Data          72  pmsm_hall_app.obj.o(.data)
    positioner                               0x200007a8   Data          44  pmsm_hall_app.obj.o(.data)
    hadc1                                    0x200007d4   Data          48  adc.o(.bss)
    hadc2                                    0x20000804   Data          48  adc.o(.bss)
    hi2c1                                    0x20000834   Data          84  i2c.o(.bss)
    htim1                                    0x20000888   Data          72  tim.o(.bss)
    huart1                                   0x200008d0   Data          72  usart.o(.bss)
    hdma_usart1_rx                           0x20000918   Data          68  usart.o(.bss)
    hdma_usart1_tx                           0x2000095c   Data          68  usart.o(.bss)
    burst                                    0x200009a0   Data          12  burst.o(.bss)
    burst_timer_backend_inedex_              0x200009ac   Data          12  burst_timer.o(.bss)
    burst_timer_frontend_inedex_             0x200009b8   Data          12  burst_timer.o(.bss)
    dsqrtBitTable                            0x200009c4   Data        1024  burst_sqrt.o(.bss)
    pmsma                                    0x20000dc4   Data          32  k1-burst-driver.o(.bss)
    feedback                                 0x20000de4   Data          18  k1-burst-driver.o(.bss)
    fmincom_data                             0x20000df6   Data         128  k1-burst-driver.o(.bss)
    fmoutcom_data                            0x20000e76   Data         128  k1-burst-driver.o(.bss)
    k1_serial_tx_buffer                      0x20000ef6   Data         255  k1-burst-driver.o(.bss)
    pcm_pRecVarAddr                          0x20000ff8   Data          32  k1-burst-driver.obj.o(.bss)
    pcm_pRecVarSize                          0x20001018   Data          16  k1-burst-driver.obj.o(.bss)
    swtA                                     0x2000203c   Data          16  k1-burst-driver.pfr.o(.bss)
    swtB                                     0x2000204c   Data          16  k1-burst-driver.pfr.o(.bss)
    swtC                                     0x2000205c   Data          16  k1-burst-driver.pfr.o(.bss)
    adc_raw                                  0x2000206c   Data          28  k1-burst-driver.pfr.o(.bss)
    k1_serial_rx_buffer                      0x20002088   Data         255  k1-burst-driver.pfr.o(.bss)
    hall                                     0x20002188   Data          40  pmsm_hall_app.o(.bss)
    hall_extra                               0x200021b0   Data         116  pmsm_hall_app.o(.bss)
    adc                                      0x20002224   Data         108  pmsm_hall_app.o(.bss)
    angle_forcer                             0x20002290   Data          32  pmsm_hall_app.o(.bss)
    motor                                    0x200022b0   Data         344  pmsm_hall_app.o(.bss)
    __libspace_start                         0x20002408   Data          96  libspace.o(.bss)
    __temporary_stack_top$libspace           0x20002468   Data           0  libspace.o(.bss)



==============================================================================

Memory Map of the image

  Image Entry point : 0x080000ed

  Load Region LR_IROM1 (Base: 0x08000000, Size: 0x00008f98, Max: 0x00010000, ABSOLUTE, COMPRESSED[0x00008a80])

    Execution Region ER_IROM1 (Exec base: 0x08000000, Load base: 0x08000000, Size: 0x000087c4, Max: 0x00010000, ABSOLUTE)

    Exec Addr    Load Addr    Size         Type   Attr      Idx    E Section Name        Object

    0x08000000   0x08000000   0x000000ec   Data   RO            3    RESET               startup_stm32f103xb.o
    0x080000ec   0x080000ec   0x00000008   Code   RO         6588  * !!!main             c_w.l(__main.o)
    0x080000f4   0x080000f4   0x00000034   Code   RO         6766    !!!scatter          c_w.l(__scatter.o)
    0x08000128   0x08000128   0x0000005a   Code   RO         6764    !!dczerorl2         c_w.l(__dczerorl2.o)
    0x08000182   0x08000182   0x00000002   PAD
    0x08000184   0x08000184   0x0000001c   Code   RO         6768    !!handler_zi        c_w.l(__scatter_zi.o)
    0x080001a0   0x080001a0   0x00000002   Code   RO         6632    .ARM.Collect$$libinit$$00000000  c_w.l(libinit.o)
    0x080001a2   0x080001a2   0x00000000   Code   RO         6639    .ARM.Collect$$libinit$$00000002  c_w.l(libinit2.o)
    0x080001a2   0x080001a2   0x00000000   Code   RO         6641    .ARM.Collect$$libinit$$00000004  c_w.l(libinit2.o)
    0x080001a2   0x080001a2   0x00000000   Code   RO         6644    .ARM.Collect$$libinit$$0000000A  c_w.l(libinit2.o)
    0x080001a2   0x080001a2   0x00000000   Code   RO         6646    .ARM.Collect$$libinit$$0000000C  c_w.l(libinit2.o)
    0x080001a2   0x080001a2   0x00000000   Code   RO         6648    .ARM.Collect$$libinit$$0000000E  c_w.l(libinit2.o)
    0x080001a2   0x080001a2   0x00000000   Code   RO         6651    .ARM.Collect$$libinit$$00000011  c_w.l(libinit2.o)
    0x080001a2   0x080001a2   0x00000000   Code   RO         6653    .ARM.Collect$$libinit$$00000013  c_w.l(libinit2.o)
    0x080001a2   0x080001a2   0x00000000   Code   RO         6655    .ARM.Collect$$libinit$$00000015  c_w.l(libinit2.o)
    0x080001a2   0x080001a2   0x00000000   Code   RO         6657    .ARM.Collect$$libinit$$00000017  c_w.l(libinit2.o)
    0x080001a2   0x080001a2   0x00000000   Code   RO         6659    .ARM.Collect$$libinit$$00000019  c_w.l(libinit2.o)
    0x080001a2   0x080001a2   0x00000000   Code   RO         6661    .ARM.Collect$$libinit$$0000001B  c_w.l(libinit2.o)
    0x080001a2   0x080001a2   0x00000000   Code   RO         6663    .ARM.Collect$$libinit$$0000001D  c_w.l(libinit2.o)
    0x080001a2   0x080001a2   0x00000000   Code   RO         6665    .ARM.Collect$$libinit$$0000001F  c_w.l(libinit2.o)
    0x080001a2   0x080001a2   0x00000000   Code   RO         6667    .ARM.Collect$$libinit$$00000021  c_w.l(libinit2.o)
    0x080001a2   0x080001a2   0x00000000   Code   RO         6669    .ARM.Collect$$libinit$$00000023  c_w.l(libinit2.o)
    0x080001a2   0x080001a2   0x00000000   Code   RO         6671    .ARM.Collect$$libinit$$00000025  c_w.l(libinit2.o)
    0x080001a2   0x080001a2   0x00000000   Code   RO         6675    .ARM.Collect$$libinit$$0000002C  c_w.l(libinit2.o)
    0x080001a2   0x080001a2   0x00000000   Code   RO         6677    .ARM.Collect$$libinit$$0000002E  c_w.l(libinit2.o)
    0x080001a2   0x080001a2   0x00000000   Code   RO         6679    .ARM.Collect$$libinit$$00000030  c_w.l(libinit2.o)
    0x080001a2   0x080001a2   0x00000000   Code   RO         6681    .ARM.Collect$$libinit$$00000032  c_w.l(libinit2.o)
    0x080001a2   0x080001a2   0x00000002   Code   RO         6682    .ARM.Collect$$libinit$$00000033  c_w.l(libinit2.o)
    0x080001a4   0x080001a4   0x00000002   Code   RO         6702    .ARM.Collect$$libshutdown$$00000000  c_w.l(libshutdown.o)
    0x080001a6   0x080001a6   0x00000000   Code   RO         6715    .ARM.Collect$$libshutdown$$00000002  c_w.l(libshutdown2.o)
    0x080001a6   0x080001a6   0x00000000   Code   RO         6717    .ARM.Collect$$libshutdown$$00000004  c_w.l(libshutdown2.o)
    0x080001a6   0x080001a6   0x00000000   Code   RO         6719    .ARM.Collect$$libshutdown$$00000006  c_w.l(libshutdown2.o)
    0x080001a6   0x080001a6   0x00000000   Code   RO         6722    .ARM.Collect$$libshutdown$$00000009  c_w.l(libshutdown2.o)
    0x080001a6   0x080001a6   0x00000000   Code   RO         6725    .ARM.Collect$$libshutdown$$0000000C  c_w.l(libshutdown2.o)
    0x080001a6   0x080001a6   0x00000000   Code   RO         6727    .ARM.Collect$$libshutdown$$0000000E  c_w.l(libshutdown2.o)
    0x080001a6   0x080001a6   0x00000000   Code   RO         6730    .ARM.Collect$$libshutdown$$00000011  c_w.l(libshutdown2.o)
    0x080001a6   0x080001a6   0x00000002   Code   RO         6731    .ARM.Collect$$libshutdown$$00000012  c_w.l(libshutdown2.o)
    0x080001a8   0x080001a8   0x00000000   Code   RO         6600    .ARM.Collect$$rtentry$$00000000  c_w.l(__rtentry.o)
    0x080001a8   0x080001a8   0x00000000   Code   RO         6609    .ARM.Collect$$rtentry$$00000002  c_w.l(__rtentry2.o)
    0x080001a8   0x080001a8   0x00000006   Code   RO         6621    .ARM.Collect$$rtentry$$00000004  c_w.l(__rtentry4.o)
    0x080001ae   0x080001ae   0x00000000   Code   RO         6611    .ARM.Collect$$rtentry$$00000009  c_w.l(__rtentry2.o)
    0x080001ae   0x080001ae   0x00000004   Code   RO         6612    .ARM.Collect$$rtentry$$0000000A  c_w.l(__rtentry2.o)
    0x080001b2   0x080001b2   0x00000000   Code   RO         6614    .ARM.Collect$$rtentry$$0000000C  c_w.l(__rtentry2.o)
    0x080001b2   0x080001b2   0x00000008   Code   RO         6615    .ARM.Collect$$rtentry$$0000000D  c_w.l(__rtentry2.o)
    0x080001ba   0x080001ba   0x00000002   Code   RO         6636    .ARM.Collect$$rtexit$$00000000  c_w.l(rtexit.o)
    0x080001bc   0x080001bc   0x00000000   Code   RO         6684    .ARM.Collect$$rtexit$$00000002  c_w.l(rtexit2.o)
    0x080001bc   0x080001bc   0x00000004   Code   RO         6685    .ARM.Collect$$rtexit$$00000003  c_w.l(rtexit2.o)
    0x080001c0   0x080001c0   0x00000006   Code   RO         6686    .ARM.Collect$$rtexit$$00000004  c_w.l(rtexit2.o)
    0x080001c6   0x080001c6   0x00000002   PAD
    0x080001c8   0x080001c8   0x0000003c   Code   RO            4    .text               startup_stm32f103xb.o
    0x08000204   0x08000204   0x00000006   Code   RO         6586    .text               c_w.l(heapauxi.o)
    0x0800020a   0x0800020a   0x0000004a   Code   RO         6623    .text               c_w.l(sys_stackheap_outer.o)
    0x08000254   0x08000254   0x00000012   Code   RO         6625    .text               c_w.l(exit.o)
    0x08000266   0x08000266   0x00000002   PAD
    0x08000268   0x08000268   0x00000008   Code   RO         6633    .text               c_w.l(libspace.o)
    0x08000270   0x08000270   0x0000000c   Code   RO         6694    .text               c_w.l(sys_exit.o)
    0x0800027c   0x0800027c   0x00000002   Code   RO         6705    .text               c_w.l(use_no_semi.o)
    0x0800027e   0x0800027e   0x00000000   Code   RO         6707    .text               c_w.l(indicate_semi.o)
    0x0800027e   0x0800027e   0x0000005e   Code   RO         5266    i.ADC1_2_IRQHandler  k1-burst-driver.pfr.o
    0x080002dc   0x080002dc   0x0000005e   Code   RO          600    i.ADC_ConversionStop_Disable  stm32f1xx_hal_adc.o
    0x0800033a   0x0800033a   0x00000002   PAD
    0x0800033c   0x0800033c   0x000000c4   Code   RO          604    i.ADC_Enable        stm32f1xx_hal_adc.o
    0x08000400   0x08000400   0x00000002   Code   RO          434    i.BusFault_Handler  stm32f1xx_it.o
    0x08000402   0x08000402   0x0000000c   Code   RO          435    i.DMA1_Channel4_IRQHandler  stm32f1xx_it.o
    0x0800040e   0x0800040e   0x0000000c   Code   RO          436    i.DMA1_Channel5_IRQHandler  stm32f1xx_it.o
    0x0800041a   0x0800041a   0x00000002   Code   RO          437    i.DebugMon_Handler  stm32f1xx_it.o
    0x0800041c   0x0800041c   0x0000001e   Code   RO           13    i.Error_Handler     main.o
    0x0800043a   0x0800043a   0x00000050   Code   RO         4881    i.FMSTR_AddressFromBuffer  k1-burst-driver.obj.o
    0x0800048a   0x0800048a   0x00000024   Code   RO         4883    i.FMSTR_Compare16S  k1-burst-driver.obj.o
    0x080004ae   0x080004ae   0x00000020   Code   RO         4884    i.FMSTR_Compare16U  k1-burst-driver.obj.o
    0x080004ce   0x080004ce   0x00000020   Code   RO         4885    i.FMSTR_Compare32S  k1-burst-driver.obj.o
    0x080004ee   0x080004ee   0x00000020   Code   RO         4886    i.FMSTR_Compare32U  k1-burst-driver.obj.o
    0x0800050e   0x0800050e   0x00000024   Code   RO         4887    i.FMSTR_Compare8S   k1-burst-driver.obj.o
    0x08000532   0x08000532   0x00000020   Code   RO         4888    i.FMSTR_Compare8U   k1-burst-driver.obj.o
    0x08000552   0x08000552   0x0000007a   Code   RO         4894    i.FMSTR_GetRecBuff  k1-burst-driver.obj.o
    0x080005cc   0x080005cc   0x000001e0   Code   RO         4903    i.FMSTR_ProcessSCI  k1-burst-driver.obj.o
    0x080007ac   0x080007ac   0x000003e0   Code   RO         4904    i.FMSTR_ProtocolDecoder  k1-burst-driver.obj.o
    0x08000b8c   0x08000b8c   0x00000146   Code   RO         4908    i.FMSTR_Recorder    k1-burst-driver.obj.o
    0x08000cd2   0x08000cd2   0x00000002   PAD
    0x08000cd4   0x08000cd4   0x000001ae   Code   RO         4918    i.FMSTR_SetUpRec    k1-burst-driver.obj.o
    0x08000e82   0x08000e82   0x00000002   PAD
    0x08000e84   0x08000e84   0x00000130   Code   RO          780    i.HAL_ADCEx_Calibration_Start  stm32f1xx_hal_adc_ex.o
    0x08000fb4   0x08000fb4   0x0000028e   Code   RO          781    i.HAL_ADCEx_InjectedConfigChannel  stm32f1xx_hal_adc_ex.o
    0x08001242   0x08001242   0x000000c0   Code   RO          785    i.HAL_ADCEx_InjectedStart  stm32f1xx_hal_adc_ex.o
    0x08001302   0x08001302   0x000000ce   Code   RO          786    i.HAL_ADCEx_InjectedStart_IT  stm32f1xx_hal_adc_ex.o
    0x080013d0   0x080013d0   0x00000130   Code   RO          615    i.HAL_ADC_Init      stm32f1xx_hal_adc.o
    0x08001500   0x08001500   0x00000098   Code   RO          231    i.HAL_ADC_MspInit   adc.o
    0x08001598   0x08001598   0x00000048   Code   RO         1255    i.HAL_DMA_Abort     stm32f1xx_hal_dma.o
    0x080015e0   0x080015e0   0x000000a8   Code   RO         1256    i.HAL_DMA_Abort_IT  stm32f1xx_hal_dma.o
    0x08001688   0x08001688   0x00000004   Code   RO         1258    i.HAL_DMA_GetError  stm32f1xx_hal_dma.o
    0x0800168c   0x0800168c   0x00000006   Code   RO         1259    i.HAL_DMA_GetState  stm32f1xx_hal_dma.o
    0x08001692   0x08001692   0x0000016c   Code   RO         1260    i.HAL_DMA_IRQHandler  stm32f1xx_hal_dma.o
    0x080017fe   0x080017fe   0x00000080   Code   RO         1261    i.HAL_DMA_Init      stm32f1xx_hal_dma.o
    0x0800187e   0x0800187e   0x00000096   Code   RO         1265    i.HAL_DMA_Start_IT  stm32f1xx_hal_dma.o
    0x08001914   0x08001914   0x000001ec   Code   RO         1192    i.HAL_GPIO_Init     stm32f1xx_hal_gpio.o
    0x08001b00   0x08001b00   0x0000000a   Code   RO         1196    i.HAL_GPIO_WritePin  stm32f1xx_hal_gpio.o
    0x08001b0a   0x08001b0a   0x0000000c   Code   RO          887    i.HAL_GetTick       stm32f1xx_hal.o
    0x08001b16   0x08001b16   0x00000002   Code   RO         1807    i.HAL_I2C_AbortCpltCallback  stm32f1xx_hal_i2c.o
    0x08001b18   0x08001b18   0x00000002   Code   RO         1808    i.HAL_I2C_AddrCallback  stm32f1xx_hal_i2c.o
    0x08001b1a   0x08001b1a   0x0000016c   Code   RO         1811    i.HAL_I2C_ER_IRQHandler  stm32f1xx_hal_i2c.o
    0x08001c86   0x08001c86   0x000008aa   Code   RO         1812    i.HAL_I2C_EV_IRQHandler  stm32f1xx_hal_i2c.o
    0x08002530   0x08002530   0x00000002   Code   RO         1814    i.HAL_I2C_ErrorCallback  stm32f1xx_hal_i2c.o
    0x08002532   0x08002532   0x00000002   PAD
    0x08002534   0x08002534   0x000001b0   Code   RO         1818    i.HAL_I2C_Init      stm32f1xx_hal_i2c.o
    0x080026e4   0x080026e4   0x00000002   Code   RO         1820    i.HAL_I2C_ListenCpltCallback  stm32f1xx_hal_i2c.o
    0x080026e6   0x080026e6   0x00000002   Code   RO         1821    i.HAL_I2C_MasterRxCpltCallback  stm32f1xx_hal_i2c.o
    0x080026e8   0x080026e8   0x00000002   Code   RO         1822    i.HAL_I2C_MasterTxCpltCallback  stm32f1xx_hal_i2c.o
    0x080026ea   0x080026ea   0x00000002   Code   RO         1834    i.HAL_I2C_MemRxCpltCallback  stm32f1xx_hal_i2c.o
    0x080026ec   0x080026ec   0x00000002   Code   RO         1835    i.HAL_I2C_MemTxCpltCallback  stm32f1xx_hal_i2c.o
    0x080026ee   0x080026ee   0x00000098   Code   RO          303    i.HAL_I2C_MspInit   i2c.o
    0x08002786   0x08002786   0x00000002   Code   RO         1844    i.HAL_I2C_SlaveRxCpltCallback  stm32f1xx_hal_i2c.o
    0x08002788   0x08002788   0x00000002   Code   RO         1845    i.HAL_I2C_SlaveTxCpltCallback  stm32f1xx_hal_i2c.o
    0x0800278a   0x0800278a   0x00000012   Code   RO          893    i.HAL_IncTick       stm32f1xx_hal.o
    0x0800279c   0x0800279c   0x00000026   Code   RO          894    i.HAL_Init          stm32f1xx_hal.o
    0x080027c2   0x080027c2   0x00000042   Code   RO          895    i.HAL_InitTick      stm32f1xx_hal.o
    0x08002804   0x08002804   0x00000040   Code   RO          540    i.HAL_MspInit       stm32f1xx_hal_msp.o
    0x08002844   0x08002844   0x0000001e   Code   RO         1348    i.HAL_NVIC_EnableIRQ  stm32f1xx_hal_cortex.o
    0x08002862   0x08002862   0x00000066   Code   RO         1354    i.HAL_NVIC_SetPriority  stm32f1xx_hal_cortex.o
    0x080028c8   0x080028c8   0x00000024   Code   RO         1355    i.HAL_NVIC_SetPriorityGrouping  stm32f1xx_hal_cortex.o
    0x080028ec   0x080028ec   0x000000dc   Code   RO         1153    i.HAL_RCCEx_GetPeriphCLKFreq  stm32f1xx_hal_rcc_ex.o
    0x080029c8   0x080029c8   0x0000012e   Code   RO         1154    i.HAL_RCCEx_PeriphCLKConfig  stm32f1xx_hal_rcc_ex.o
    0x08002af6   0x08002af6   0x00000002   PAD
    0x08002af8   0x08002af8   0x000001c2   Code   RO         1051    i.HAL_RCC_ClockConfig  stm32f1xx_hal_rcc.o
    0x08002cba   0x08002cba   0x00000026   Code   RO         1058    i.HAL_RCC_GetPCLK1Freq  stm32f1xx_hal_rcc.o
    0x08002ce0   0x08002ce0   0x00000026   Code   RO         1059    i.HAL_RCC_GetPCLK2Freq  stm32f1xx_hal_rcc.o
    0x08002d06   0x08002d06   0x00000002   PAD
    0x08002d08   0x08002d08   0x000003c8   Code   RO         1063    i.HAL_RCC_OscConfig  stm32f1xx_hal_rcc.o
    0x080030d0   0x080030d0   0x0000002c   Code   RO         1359    i.HAL_SYSTICK_Config  stm32f1xx_hal_cortex.o
    0x080030fc   0x080030fc   0x00000052   Code   RO         2841    i.HAL_TIMEx_ConfigBreakDeadTime  stm32f1xx_hal_tim_ex.o
    0x0800314e   0x0800314e   0x0000006e   Code   RO         2857    i.HAL_TIMEx_MasterConfigSynchronization  stm32f1xx_hal_tim_ex.o
    0x080031bc   0x080031bc   0x0000005a   Code   RO         2171    i.HAL_TIM_Base_Init  stm32f1xx_hal_tim.o
    0x08003216   0x08003216   0x0000002e   Code   RO          345    i.HAL_TIM_Base_MspInit  tim.o
    0x08003244   0x08003244   0x0000016e   Code   RO         2180    i.HAL_TIM_ConfigClockSource  stm32f1xx_hal_tim.o
    0x080033b2   0x080033b2   0x00000186   Code   RO         2220    i.HAL_TIM_OC_ConfigChannel  stm32f1xx_hal_tim.o
    0x08003538   0x08003538   0x0000005a   Code   RO         2224    i.HAL_TIM_OC_Init   stm32f1xx_hal_tim.o
    0x08003592   0x08003592   0x00000002   Code   RO         2226    i.HAL_TIM_OC_MspInit  stm32f1xx_hal_tim.o
    0x08003594   0x08003594   0x000000d8   Code   RO         2229    i.HAL_TIM_OC_Start_IT  stm32f1xx_hal_tim.o
    0x0800366c   0x0800366c   0x00000202   Code   RO         2243    i.HAL_TIM_PWM_ConfigChannel  stm32f1xx_hal_tim.o
    0x0800386e   0x0800386e   0x0000005a   Code   RO         2246    i.HAL_TIM_PWM_Init  stm32f1xx_hal_tim.o
    0x080038c8   0x080038c8   0x00000002   Code   RO         2248    i.HAL_TIM_PWM_MspInit  stm32f1xx_hal_tim.o
    0x080038ca   0x080038ca   0x0000005e   Code   RO         3110    i.HAL_UARTEx_ReceiveToIdle_DMA  stm32f1xx_hal_uart.o
    0x08003928   0x08003928   0x00000066   Code   RO         5267    i.HAL_UARTEx_RxEventCallback  k1-burst-driver.pfr.o
    0x0800398e   0x0800398e   0x00000068   Code   RO         3118    i.HAL_UART_AbortTransmit  stm32f1xx_hal_uart.o
    0x080039f6   0x080039f6   0x000000d4   Code   RO         3124    i.HAL_UART_DMAStop  stm32f1xx_hal_uart.o
    0x08003aca   0x08003aca   0x0000006c   Code   RO         5270    i.HAL_UART_ErrorCallback  k1-burst-driver.pfr.o
    0x08003b36   0x08003b36   0x00000308   Code   RO         3129    i.HAL_UART_IRQHandler  stm32f1xx_hal_uart.o
    0x08003e3e   0x08003e3e   0x00000064   Code   RO         3130    i.HAL_UART_Init     stm32f1xx_hal_uart.o
    0x08003ea2   0x08003ea2   0x000000fc   Code   RO          393    i.HAL_UART_MspInit  usart.o
    0x08003f9e   0x08003f9e   0x00000002   Code   RO         3136    i.HAL_UART_RxCpltCallback  stm32f1xx_hal_uart.o
    0x08003fa0   0x08003fa0   0x00000002   Code   RO         3137    i.HAL_UART_RxHalfCpltCallback  stm32f1xx_hal_uart.o
    0x08003fa2   0x08003fa2   0x00000094   Code   RO         3139    i.HAL_UART_Transmit_DMA  stm32f1xx_hal_uart.o
    0x08004036   0x08004036   0x00000068   Code   RO         5271    i.HAL_UART_TxCpltCallback  k1-burst-driver.pfr.o
    0x0800409e   0x0800409e   0x00000002   Code   RO         3142    i.HAL_UART_TxHalfCpltCallback  stm32f1xx_hal_uart.o
    0x080040a0   0x080040a0   0x00000002   Code   RO          438    i.HardFault_Handler  stm32f1xx_it.o
    0x080040a2   0x080040a2   0x0000000c   Code   RO          439    i.I2C1_ER_IRQHandler  stm32f1xx_it.o
    0x080040ae   0x080040ae   0x0000000c   Code   RO          440    i.I2C1_EV_IRQHandler  stm32f1xx_it.o
    0x080040ba   0x080040ba   0x00000002   PAD
    0x080040bc   0x080040bc   0x000000d6   Code   RO         1856    i.I2C_DMAAbort      stm32f1xx_hal_i2c.o
    0x08004192   0x08004192   0x0000015e   Code   RO         1859    i.I2C_ITError       stm32f1xx_hal_i2c.o
    0x080042f0   0x080042f0   0x000000c0   Code   RO         1860    i.I2C_MemoryTransmit_TXE_BTF  stm32f1xx_hal_i2c.o
    0x080043b0   0x080043b0   0x000000d0   Code   RO          232    i.MX_ADC1_Init      adc.o
    0x08004480   0x08004480   0x000000b2   Code   RO          233    i.MX_ADC2_Init      adc.o
    0x08004532   0x08004532   0x0000003e   Code   RO          278    i.MX_DMA_Init       dma.o
    0x08004570   0x08004570   0x000000f6   Code   RO          206    i.MX_GPIO_Init      gpio.o
    0x08004666   0x08004666   0x00000044   Code   RO          304    i.MX_I2C1_Init      i2c.o
    0x080046aa   0x080046aa   0x000001ce   Code   RO          347    i.MX_TIM1_Init      tim.o
    0x08004878   0x08004878   0x0000003c   Code   RO          394    i.MX_USART1_UART_Init  usart.o
    0x080048b4   0x080048b4   0x00000002   Code   RO          441    i.MemManage_Handler  stm32f1xx_it.o
    0x080048b6   0x080048b6   0x00000002   Code   RO          442    i.NMI_Handler       stm32f1xx_it.o
    0x080048b8   0x080048b8   0x00000002   Code   RO          443    i.PendSV_Handler    stm32f1xx_it.o
    0x080048ba   0x080048ba   0x00000002   Code   RO          444    i.SVC_Handler       stm32f1xx_it.o
    0x080048bc   0x080048bc   0x00000004   Code   RO          445    i.SysTick_Handler   stm32f1xx_it.o
    0x080048c0   0x080048c0   0x000000c8   Code   RO           14    i.SystemClock_Config  main.o
    0x08004988   0x08004988   0x00000002   Code   RO         3448    i.SystemInit        system_stm32f1xx.o
    0x0800498a   0x0800498a   0x000000ac   Code   RO         5272    i.TIM1_CC_IRQHandler  k1-burst-driver.pfr.o
    0x08004a36   0x08004a36   0x0000007c   Code   RO         2264    i.TIM_Base_SetConfig  stm32f1xx_hal_tim.o
    0x08004ab2   0x08004ab2   0x00000010   Code   RO         3143    i.UART_DMAAbortOnError  stm32f1xx_hal_uart.o
    0x08004ac2   0x08004ac2   0x000000ae   Code   RO         3144    i.UART_DMAError     stm32f1xx_hal_uart.o
    0x08004b70   0x08004b70   0x00000098   Code   RO         3145    i.UART_DMAReceiveCplt  stm32f1xx_hal_uart.o
    0x08004c08   0x08004c08   0x0000001e   Code   RO         3147    i.UART_DMARxHalfCplt  stm32f1xx_hal_uart.o
    0x08004c26   0x08004c26   0x0000004a   Code   RO         3149    i.UART_DMATransmitCplt  stm32f1xx_hal_uart.o
    0x08004c70   0x08004c70   0x0000000a   Code   RO         3151    i.UART_DMATxHalfCplt  stm32f1xx_hal_uart.o
    0x08004c7a   0x08004c7a   0x000000ce   Code   RO         3153    i.UART_Receive_IT   stm32f1xx_hal_uart.o
    0x08004d48   0x08004d48   0x000000cc   Code   RO         3154    i.UART_SetConfig    stm32f1xx_hal_uart.o
    0x08004e14   0x08004e14   0x000000a6   Code   RO         3155    i.UART_Start_Receive_DMA  stm32f1xx_hal_uart.o
    0x08004eba   0x08004eba   0x0000000c   Code   RO          446    i.USART1_IRQHandler  stm32f1xx_it.o
    0x08004ec6   0x08004ec6   0x00000002   Code   RO          447    i.UsageFault_Handler  stm32f1xx_it.o
    0x08004ec8   0x08004ec8   0x00000062   Code   RO         5707    i.actuator_begin    actuator.o
    0x08004f2a   0x08004f2a   0x00000022   Code   RO         5709    i.actuator_event_perform_panic  actuator.o
    0x08004f4c   0x08004f4c   0x0000001a   Code   RO         5710    i.actuator_event_update_feedback  actuator.o
    0x08004f66   0x08004f66   0x00000020   Code   RO         5711    i.actuator_mode_fault_runB  actuator.o
    0x08004f86   0x08004f86   0x0000000c   Code   RO         5712    i.actuator_mode_fault_start  actuator.o
    0x08004f92   0x08004f92   0x00000038   Code   RO         5713    i.actuator_mode_position_applay_action  actuator.o
    0x08004fca   0x08004fca   0x00000014   Code   RO         5714    i.actuator_mode_position_runB  actuator.o
    0x08004fde   0x08004fde   0x0000007c   Code   RO         5715    i.actuator_mode_position_start  actuator.o
    0x0800505a   0x0800505a   0x00000008   Code   RO         5716    i.actuator_mode_position_stop  actuator.o
    0x08005062   0x08005062   0x00000028   Code   RO         5717    i.actuator_mode_speed_applay_action  actuator.o
    0x0800508a   0x0800508a   0x00000006   Code   RO         5718    i.actuator_mode_speed_runB  actuator.o
    0x08005090   0x08005090   0x00000058   Code   RO         5719    i.actuator_mode_speed_start  actuator.o
    0x080050e8   0x080050e8   0x00000008   Code   RO         5720    i.actuator_mode_speed_stop  actuator.o
    0x080050f0   0x080050f0   0x0000001a   Code   RO         5721    i.actuator_mode_voltage_applay_action  actuator.o
    0x0800510a   0x0800510a   0x00000016   Code   RO         5722    i.actuator_mode_voltage_start  actuator.o
    0x08005120   0x08005120   0x00000008   Code   RO         5723    i.actuator_mode_voltage_stop  actuator.o
    0x08005128   0x08005128   0x000000be   Code   RO         5833    i.acwc_begin        acwc.o
    0x080051e6   0x080051e6   0x00000014   Code   RO         5834    i.acwc_event_update_feedback  acwc.o
    0x080051fa   0x080051fa   0x00000028   Code   RO         5835    i.acwc_mode_current_applay_action  acwc.o
    0x08005222   0x08005222   0x00000006   Code   RO         5836    i.acwc_mode_current_runA  acwc.o
    0x08005228   0x08005228   0x0000002c   Code   RO         5837    i.acwc_mode_current_start  acwc.o
    0x08005254   0x08005254   0x00000008   Code   RO         5838    i.acwc_mode_current_stop  acwc.o
    0x0800525c   0x0800525c   0x00000020   Code   RO         5839    i.acwc_mode_position_applay_action  acwc.o
    0x0800527c   0x0800527c   0x00000020   Code   RO         5840    i.acwc_mode_position_cl_applay_action  acwc.o
    0x0800529c   0x0800529c   0x00000006   Code   RO         5841    i.acwc_mode_position_cl_runA  acwc.o
    0x080052a2   0x080052a2   0x00000014   Code   RO         5842    i.acwc_mode_position_cl_runB  acwc.o
    0x080052b6   0x080052b6   0x000000b4   Code   RO         5843    i.acwc_mode_position_cl_start  acwc.o
    0x0800536a   0x0800536a   0x00000008   Code   RO         5844    i.acwc_mode_position_cl_stop  acwc.o
    0x08005372   0x08005372   0x00000006   Code   RO         5845    i.acwc_mode_position_runA  acwc.o
    0x08005378   0x08005378   0x00000014   Code   RO         5846    i.acwc_mode_position_runB  acwc.o
    0x0800538c   0x0800538c   0x000000bc   Code   RO         5847    i.acwc_mode_position_start  acwc.o
    0x08005448   0x08005448   0x00000008   Code   RO         5848    i.acwc_mode_position_stop  acwc.o
    0x08005450   0x08005450   0x00000020   Code   RO         5849    i.acwc_mode_speed_applay_action  acwc.o
    0x08005470   0x08005470   0x00000020   Code   RO         5850    i.acwc_mode_speed_cl_applay_action  acwc.o
    0x08005490   0x08005490   0x00000006   Code   RO         5851    i.acwc_mode_speed_cl_runA  acwc.o
    0x08005496   0x08005496   0x00000006   Code   RO         5852    i.acwc_mode_speed_cl_runB  acwc.o
    0x0800549c   0x0800549c   0x00000068   Code   RO         5853    i.acwc_mode_speed_cl_start  acwc.o
    0x08005504   0x08005504   0x00000008   Code   RO         5854    i.acwc_mode_speed_cl_stop  acwc.o
    0x0800550c   0x0800550c   0x00000006   Code   RO         5855    i.acwc_mode_speed_runA  acwc.o
    0x08005512   0x08005512   0x00000006   Code   RO         5856    i.acwc_mode_speed_runB  acwc.o
    0x08005518   0x08005518   0x00000070   Code   RO         5857    i.acwc_mode_speed_start  acwc.o
    0x08005588   0x08005588   0x00000008   Code   RO         5858    i.acwc_mode_speed_stop  acwc.o
    0x08005590   0x08005590   0x0000002c   Code   RO         5859    i.acwc_mode_voltage_cl_applay_action  acwc.o
    0x080055bc   0x080055bc   0x00000006   Code   RO         5860    i.acwc_mode_voltage_cl_runA  acwc.o
    0x080055c2   0x080055c2   0x00000024   Code   RO         5861    i.acwc_mode_voltage_cl_start  acwc.o
    0x080055e6   0x080055e6   0x00000008   Code   RO         5862    i.acwc_mode_voltage_cl_stop  acwc.o
    0x080055ee   0x080055ee   0x00000024   Code   RO         4107    i.adc_begin         burst_adc.o
    0x08005612   0x08005612   0x0000002e   Code   RO         5273    i.adc_start         k1-burst-driver.pfr.o
    0x08005640   0x08005640   0x0000013c   Code   RO         4109    i.adc_update        burst_adc.o
    0x0800577c   0x0800577c   0x0000012c   Code   RO         3482    i.burst_backend_loop  burst.o
    0x080058a8   0x080058a8   0x00000282   Code   RO         3483    i.burst_begin       burst.o
    0x08005b2a   0x08005b2a   0x0000004a   Code   RO         4566    i.burst_cos         burst_sin.o
    0x08005b74   0x08005b74   0x0000003a   Code   RO         3487    i.burst_dev_attach  burst.o
    0x08005bae   0x08005bae   0x00000002   Code   RO         3489    i.burst_dev_idle_event  burst.o
    0x08005bb0   0x08005bb0   0x00000006   Code   RO         3490    i.burst_dev_runA    burst.o
    0x08005bb6   0x08005bb6   0x00000006   Code   RO         3491    i.burst_dev_runB    burst.o
    0x08005bbc   0x08005bbc   0x00000026   Code   RO         3494    i.burst_event_perform_panic  burst.o
    0x08005be2   0x08005be2   0x00000064   Code   RO         3496    i.burst_frontend_loop  burst.o
    0x08005c46   0x08005c46   0x00000048   Code   RO         3497    i.burst_guard_enter  burst.o
    0x08005c8e   0x08005c8e   0x000000cc   Code   RO         3498    i.burst_guard_leave  burst.o
    0x08005d5a   0x08005d5a   0x00000002   Code   RO         3499    i.burst_hw_backend_loop  burst.o
    0x08005d5c   0x08005d5c   0x0000005e   Code   RO         5274    i.burst_hw_begin    k1-burst-driver.pfr.o
    0x08005dba   0x08005dba   0x00000002   Code   RO         3501    i.burst_hw_comeback  burst.o
    0x08005dbc   0x08005dbc   0x00000012   Code   RO         5275    i.burst_hw_critical_enter  k1-burst-driver.pfr.o
    0x08005dce   0x08005dce   0x00000010   Code   RO         5276    i.burst_hw_critical_leave  k1-burst-driver.pfr.o
    0x08005dde   0x08005dde   0x00000002   Code   RO         3504    i.burst_hw_fall     burst.o
    0x08005de0   0x08005de0   0x00000002   Code   RO         5277    i.burst_hw_frontend_loop  k1-burst-driver.pfr.o
    0x08005de2   0x08005de2   0x00000010   Code   RO         5278    i.burst_hw_guard_enter  k1-burst-driver.pfr.o
    0x08005df2   0x08005df2   0x00000004   Code   RO         5279    i.burst_hw_guard_leave  k1-burst-driver.pfr.o
    0x08005df6   0x08005df6   0x00000010   Code   RO         5280    i.burst_hw_guard_lock  k1-burst-driver.pfr.o
    0x08005e06   0x08005e06   0x00000004   Code   RO         5281    i.burst_hw_guard_unlock  k1-burst-driver.pfr.o
    0x08005e0a   0x08005e0a   0x00000026   Code   RO         5282    i.burst_hw_on_crash  k1-burst-driver.pfr.o
    0x08005e30   0x08005e30   0x00000002   Code   RO         5283    i.burst_hw_realtime_loop  k1-burst-driver.pfr.o
    0x08005e32   0x08005e32   0x00000002   Code   RO         3513    i.burst_hw_slot_0   burst.o
    0x08005e34   0x08005e34   0x00000002   Code   RO         3514    i.burst_hw_slot_1   burst.o
    0x08005e36   0x08005e36   0x00000002   Code   RO         3515    i.burst_hw_slot_10  burst.o
    0x08005e38   0x08005e38   0x00000002   Code   RO         3516    i.burst_hw_slot_11  burst.o
    0x08005e3a   0x08005e3a   0x00000002   Code   RO         3517    i.burst_hw_slot_12  burst.o
    0x08005e3c   0x08005e3c   0x00000002   Code   RO         3518    i.burst_hw_slot_13  burst.o
    0x08005e3e   0x08005e3e   0x00000002   Code   RO         3519    i.burst_hw_slot_14  burst.o
    0x08005e40   0x08005e40   0x00000002   Code   RO         3520    i.burst_hw_slot_15  burst.o
    0x08005e42   0x08005e42   0x00000002   Code   RO         3521    i.burst_hw_slot_2   burst.o
    0x08005e44   0x08005e44   0x00000002   Code   RO         3522    i.burst_hw_slot_3   burst.o
    0x08005e46   0x08005e46   0x00000002   Code   RO         3523    i.burst_hw_slot_4   burst.o
    0x08005e48   0x08005e48   0x00000002   Code   RO         3524    i.burst_hw_slot_5   burst.o
    0x08005e4a   0x08005e4a   0x00000002   Code   RO         3525    i.burst_hw_slot_6   burst.o
    0x08005e4c   0x08005e4c   0x00000002   Code   RO         3526    i.burst_hw_slot_7   burst.o
    0x08005e4e   0x08005e4e   0x00000002   Code   RO         3527    i.burst_hw_slot_8   burst.o
    0x08005e50   0x08005e50   0x00000002   Code   RO         3528    i.burst_hw_slot_9   burst.o
    0x08005e52   0x08005e52   0x00000076   Code   RO         5284    i.burst_hw_start    k1-burst-driver.pfr.o
    0x08005ec8   0x08005ec8   0x00000012   Code   RO         3530    i.burst_is_backend  burst.o
    0x08005eda   0x08005eda   0x00000034   Code   RO         4291    i.burst_limiter_reset  burst_pi.o
    0x08005f0e   0x08005f0e   0x000000a6   Code   RO         4292    i.burst_limiter_run  burst_pi.o
    0x08005fb4   0x08005fb4   0x000000d6   Code   RO         4293    i.burst_limiter_setup  burst_pi.o
    0x0800608a   0x0800608a   0x00000012   Code   RO         4264    i.burst_motion_reset_  burst_motion.o
    0x0800609c   0x0800609c   0x000001d6   Code   RO         4265    i.burst_motion_run_  burst_motion.o
    0x08006272   0x08006272   0x00000042   Code   RO         4266    i.burst_motion_setup_  burst_motion.o
    0x080062b4   0x080062b4   0x00000014   Code   RO         4294    i.burst_pi_reset_   burst_pi.o
    0x080062c8   0x080062c8   0x00000122   Code   RO         4295    i.burst_pi_run_     burst_pi.o
    0x080063ea   0x080063ea   0x00000002   Code   RO         4329    i.burst_positioner_reset_  burst_positioner.o
    0x080063ec   0x080063ec   0x000000ee   Code   RO         4330    i.burst_positioner_run_  burst_positioner.o
    0x080064da   0x080064da   0x0000001c   Code   RO         4331    i.burst_positioner_setup_  burst_positioner.o
    0x080064f6   0x080064f6   0x0000000c   Code   RO         4356    i.burst_ps_active_  burst_ps.o
    0x08006502   0x08006502   0x00000008   Code   RO         4357    i.burst_ps_begin    burst_ps.o
    0x0800650a   0x0800650a   0x00000072   Code   RO         4358    i.burst_ps_run_     burst_ps.o
    0x0800657c   0x0800657c   0x0000002c   Code   RO         3532    i.burst_raise_panic  burst.o
    0x080065a8   0x080065a8   0x00000018   Code   RO         4461    i.burst_range_apply  burst_signal.o
    0x080065c0   0x080065c0   0x00000034   Code   RO         4462    i.burst_range_set   burst_signal.o
    0x080065f4   0x080065f4   0x00000098   Code   RO         3533    i.burst_realtime_loop  burst.o
    0x0800668c   0x0800668c   0x00000048   Code   RO         4567    i.burst_sin         burst_sin.o
    0x080066d4   0x080066d4   0x0000000c   Code   RO         3535    i.burst_slot_0      burst.o
    0x080066e0   0x080066e0   0x0000000c   Code   RO         3536    i.burst_slot_1      burst.o
    0x080066ec   0x080066ec   0x0000000c   Code   RO         3537    i.burst_slot_10     burst.o
    0x080066f8   0x080066f8   0x0000000c   Code   RO         3538    i.burst_slot_11     burst.o
    0x08006704   0x08006704   0x0000000c   Code   RO         3539    i.burst_slot_12     burst.o
    0x08006710   0x08006710   0x0000000c   Code   RO         3540    i.burst_slot_13     burst.o
    0x0800671c   0x0800671c   0x0000000c   Code   RO         3541    i.burst_slot_14     burst.o
    0x08006728   0x08006728   0x0000000c   Code   RO         3542    i.burst_slot_15     burst.o
    0x08006734   0x08006734   0x0000000c   Code   RO         3543    i.burst_slot_2      burst.o
    0x08006740   0x08006740   0x0000000c   Code   RO         3544    i.burst_slot_3      burst.o
    0x0800674c   0x0800674c   0x0000000c   Code   RO         3545    i.burst_slot_4      burst.o
    0x08006758   0x08006758   0x0000000c   Code   RO         3546    i.burst_slot_5      burst.o
    0x08006764   0x08006764   0x0000000c   Code   RO         3547    i.burst_slot_6      burst.o
    0x08006770   0x08006770   0x0000000c   Code   RO         3548    i.burst_slot_7      burst.o
    0x0800677c   0x0800677c   0x0000000c   Code   RO         3549    i.burst_slot_8      burst.o
    0x08006788   0x08006788   0x0000000c   Code   RO         3550    i.burst_slot_9      burst.o
    0x08006794   0x08006794   0x00000062   Code   RO         4647    i.burst_sqrt        burst_sqrt.o
    0x080067f6   0x080067f6   0x0000002e   Code   RO         4648    i.burst_sqrt_init   burst_sqrt.o
    0x08006824   0x08006824   0x00000036   Code   RO         3551    i.burst_start       burst.o
    0x0800685a   0x0800685a   0x00000044   Code   RO         4672    i.burst_sw_backend_loop  k1-burst-driver.o
    0x0800689e   0x0800689e   0x00000018   Code   RO         4673    i.burst_sw_begin    k1-burst-driver.o
    0x080068b6   0x080068b6   0x00000086   Code   RO         4674    i.burst_sw_frontend_loop  k1-burst-driver.o
    0x0800693c   0x0800693c   0x00000002   Code   RO         3555    i.burst_sw_on_crash  burst.o
    0x0800693e   0x0800693e   0x00000016   Code   RO         4675    i.burst_sw_realtime_loop  k1-burst-driver.o
    0x08006954   0x08006954   0x00000004   Code   RO         4676    i.burst_sw_slot_0   k1-burst-driver.o
    0x08006958   0x08006958   0x00000004   Code   RO         4677    i.burst_sw_slot_1   k1-burst-driver.o
    0x0800695c   0x0800695c   0x00000002   Code   RO         3559    i.burst_sw_slot_10  burst.o
    0x0800695e   0x0800695e   0x00000002   Code   RO         3560    i.burst_sw_slot_11  burst.o
    0x08006960   0x08006960   0x00000002   Code   RO         3561    i.burst_sw_slot_12  burst.o
    0x08006962   0x08006962   0x00000002   Code   RO         3562    i.burst_sw_slot_13  burst.o
    0x08006964   0x08006964   0x00000002   Code   RO         3563    i.burst_sw_slot_14  burst.o
    0x08006966   0x08006966   0x00000002   Code   RO         3564    i.burst_sw_slot_15  burst.o
    0x08006968   0x08006968   0x00000004   Code   RO         4678    i.burst_sw_slot_2   k1-burst-driver.o
    0x0800696c   0x0800696c   0x00000002   Code   RO         3566    i.burst_sw_slot_3   burst.o
    0x0800696e   0x0800696e   0x00000002   Code   RO         3567    i.burst_sw_slot_4   burst.o
    0x08006970   0x08006970   0x00000002   Code   RO         3568    i.burst_sw_slot_5   burst.o
    0x08006972   0x08006972   0x00000002   Code   RO         3569    i.burst_sw_slot_6   burst.o
    0x08006974   0x08006974   0x00000002   Code   RO         3570    i.burst_sw_slot_7   burst.o
    0x08006976   0x08006976   0x00000002   Code   RO         3571    i.burst_sw_slot_8   burst.o
    0x08006978   0x08006978   0x00000002   Code   RO         3572    i.burst_sw_slot_9   burst.o
    0x0800697a   0x0800697a   0x0000002a   Code   RO         4679    i.burst_sw_start    k1-burst-driver.o
    0x080069a4   0x080069a4   0x0000000c   Code   RO         4603    i.burst_time_us     burst_timer.o
    0x080069b0   0x080069b0   0x000000aa   Code   RO         4604    i.burst_timer_poll  burst_timer.o
    0x08006a5a   0x08006a5a   0x0000001c   Code   RO         3575    i.burst_tp_off      burst.o
    0x08006a76   0x08006a76   0x0000001c   Code   RO         3576    i.burst_tp_on       burst.o
    0x08006a92   0x08006a92   0x0000000e   Code   RO         5285    i.burst_tp_phy_off  k1-burst-driver.pfr.o
    0x08006aa0   0x08006aa0   0x0000000e   Code   RO         5286    i.burst_tp_phy_on   k1-burst-driver.pfr.o
    0x08006aae   0x08006aae   0x0000000c   Code   RO         3581    i.burst_tp_verb_set  burst.o
    0x08006aba   0x08006aba   0x0000000c   Code   RO         6293    i.c_cross_flt_reset  pmsm_hall_app.obj.o
    0x08006ac6   0x08006ac6   0x0000000c   Code   RO         6294    i.c_cross_flt_run   pmsm_hall_app.obj.o
    0x08006ad2   0x08006ad2   0x00000012   Code   RO         6295    i.c_cross_flt_setup  pmsm_hall_app.obj.o
    0x08006ae4   0x08006ae4   0x0000000e   Code   RO         6296    i.c_cross_pi_reset  pmsm_hall_app.obj.o
    0x08006af2   0x08006af2   0x0000000c   Code   RO         6297    i.c_cross_pi_run    pmsm_hall_app.obj.o
    0x08006afe   0x08006afe   0x0000005e   Code   RO         6298    i.c_cross_pi_setup  pmsm_hall_app.obj.o
    0x08006b5c   0x08006b5c   0x0000000e   Code   RO         6299    i.c_hi_pi_reset     pmsm_hall_app.obj.o
    0x08006b6a   0x08006b6a   0x0000000c   Code   RO         6300    i.c_hi_pi_run       pmsm_hall_app.obj.o
    0x08006b76   0x08006b76   0x0000005e   Code   RO         6301    i.c_hi_pi_setup     pmsm_hall_app.obj.o
    0x08006bd4   0x08006bd4   0x0000000c   Code   RO         6302    i.c_lat_flt_reset   pmsm_hall_app.obj.o
    0x08006be0   0x08006be0   0x0000000c   Code   RO         6303    i.c_lat_flt_run     pmsm_hall_app.obj.o
    0x08006bec   0x08006bec   0x00000012   Code   RO         6304    i.c_lat_flt_setup   pmsm_hall_app.obj.o
    0x08006bfe   0x08006bfe   0x0000000e   Code   RO         6305    i.c_lat_pi_reset    pmsm_hall_app.obj.o
    0x08006c0c   0x08006c0c   0x0000000c   Code   RO         6306    i.c_lat_pi_run      pmsm_hall_app.obj.o
    0x08006c18   0x08006c18   0x0000005e   Code   RO         6307    i.c_lat_pi_setup    pmsm_hall_app.obj.o
    0x08006c76   0x08006c76   0x0000000e   Code   RO         6308    i.c_lo_pi_reset     pmsm_hall_app.obj.o
    0x08006c84   0x08006c84   0x0000000c   Code   RO         6309    i.c_lo_pi_run       pmsm_hall_app.obj.o
    0x08006c90   0x08006c90   0x0000005e   Code   RO         6310    i.c_lo_pi_setup     pmsm_hall_app.obj.o
    0x08006cee   0x08006cee   0x00000024   Code   RO         4225    i.current3ph_begin  burst_inv3ph.o
    0x08006d12   0x08006d12   0x000000a8   Code   RO         4226    i.current3ph_run    burst_inv3ph.o
    0x08006dba   0x08006dba   0x00000064   Code   RO         6039    i.enco_abs32_begin  enco_abs32.o
    0x08006e1e   0x08006e1e   0x0000002e   Code   RO         6040    i.enco_abs32_reset_  enco_abs32.o
    0x08006e4c   0x08006e4c   0x00000104   Code   RO         6041    i.enco_abs32_run_   enco_abs32.o
    0x08006f50   0x08006f50   0x0000000e   Code   RO         6219    i.enco_encode       pmsm_hall_app.o
    0x08006f5e   0x08006f5e   0x00000004   Code   RO         6312    i.enco_error        pmsm_hall_app.obj.o
    0x08006f62   0x08006f62   0x00000002   Code   RO         6313    i.enco_query        pmsm_hall_app.obj.o
    0x08006f64   0x08006f64   0x0000000c   Code   RO         6314    i.enco_reset        pmsm_hall_app.obj.o
    0x08006f70   0x08006f70   0x0000000c   Code   RO         6315    i.enco_run          pmsm_hall_app.obj.o
    0x08006f7c   0x08006f7c   0x00000022   Code   RO         4680    i.fm_available      k1-burst-driver.o
    0x08006f9e   0x08006f9e   0x0000002c   Code   RO         4681    i.fm_get            k1-burst-driver.o
    0x08006fca   0x08006fca   0x00000004   Code   RO         4934    i.fm_poll           k1-burst-driver.obj.o
    0x08006fce   0x08006fce   0x0000002e   Code   RO         4683    i.fm_put            k1-burst-driver.o
    0x08006ffc   0x08006ffc   0x00000004   Code   RO         4936    i.fm_recorder       k1-burst-driver.obj.o
    0x08007000   0x08007000   0x00000026   Code   RO         4685    i.fm_space          k1-burst-driver.o
    0x08007026   0x08007026   0x000000a0   Code   RO         4686    i.fmserial_try_send  k1-burst-driver.o
    0x080070c6   0x080070c6   0x0000000e   Code   RO         4158    i.hall_begin        burst_hall.o
    0x080070d4   0x080070d4   0x00000008   Code   RO         4159    i.hall_dummy_interp  burst_hall.o
    0x080070dc   0x080070dc   0x000000a2   Code   RO         4164    i.hall_update       burst_hall.o
    0x0800717e   0x0800717e   0x0000002e   Code   RO         4227    i.inv3ph_begin      burst_inv3ph.o
    0x080071ac   0x080071ac   0x00000242   Code   RO         4228    i.inv3ph_run        burst_inv3ph.o
    0x080073ee   0x080073ee   0x00000022   Code   RO         5289    i.k1_serial_aborttx  k1-burst-driver.pfr.o
    0x08007410   0x08007410   0x0000000c   Code   RO         5290    i.k1_serial_ready   k1-burst-driver.pfr.o
    0x0800741c   0x0800741c   0x00000054   Code   RO         4688    i.k1_serial_receive_packet  k1-burst-driver.o
    0x08007470   0x08007470   0x00000002   Code   RO         4689    i.k1_serial_send_complete  k1-burst-driver.o
    0x08007472   0x08007472   0x00000050   Code   RO         5291    i.k1_serial_send_packet  k1-burst-driver.pfr.o
    0x080074c2   0x080074c2   0x00000004   Code   RO         4690    i.k1_serial_send_refuse  k1-burst-driver.o
    0x080074c6   0x080074c6   0x00000032   Code   RO           15    i.main              main.o
    0x080074f8   0x080074f8   0x0000000e   Code   RO         6316    i.motion_reset      pmsm_hall_app.obj.o
    0x08007506   0x08007506   0x0000000c   Code   RO         6317    i.motion_run        pmsm_hall_app.obj.o
    0x08007512   0x08007512   0x00000036   Code   RO         6318    i.motion_setup      pmsm_hall_app.obj.o
    0x08007548   0x08007548   0x00000022   Code   RO         6069    i.nikitin_begin     nikitin.o
    0x0800756a   0x0800756a   0x00000012   Code   RO         6070    i.nikitin_reset_    nikitin.o
    0x0800757c   0x0800757c   0x00000068   Code   RO         6071    i.nikitin_run_      nikitin.o
    0x080075e4   0x080075e4   0x0000000e   Code   RO         6099    i.pmsm_angle_forcer_begin  pmsm.o
    0x080075f2   0x080075f2   0x0000006a   Code   RO         6100    i.pmsm_angle_forcer_run  pmsm.o
    0x0800765c   0x0800765c   0x000000c2   Code   RO         6101    i.pmsm_begin        pmsm.o
    0x0800771e   0x0800771e   0x0000001a   Code   RO         6102    i.pmsm_event_update_feedback  pmsm.o
    0x08007738   0x08007738   0x00000036   Code   RO         6220    i.pmsm_hall_app_backend_loop  pmsm_hall_app.o
    0x0800776e   0x0800776e   0x00000146   Code   RO         6221    i.pmsm_hall_app_begin  pmsm_hall_app.o
    0x080078b4   0x080078b4   0x0000000c   Code   RO         6222    i.pmsm_hall_app_control_step_1  pmsm_hall_app.o
    0x080078c0   0x080078c0   0x00000040   Code   RO         6223    i.pmsm_hall_app_control_step_2  pmsm_hall_app.o
    0x08007900   0x08007900   0x00000066   Code   RO         6224    i.pmsm_hall_app_control_step_3  pmsm_hall_app.o
    0x08007966   0x08007966   0x00000002   Code   RO         6225    i.pmsm_hall_app_frontend_loop  pmsm_hall_app.o
    0x08007968   0x08007968   0x00000042   Code   RO         6226    i.pmsm_hall_app_realtime_loop  pmsm_hall_app.o
    0x080079aa   0x080079aa   0x0000001e   Code   RO         6227    i.pmsm_hall_app_start  pmsm_hall_app.o
    0x080079c8   0x080079c8   0x0000009a   Code   RO         6103    i.pmsm_inverter_run  pmsm.o
    0x08007a62   0x08007a62   0x00000054   Code   RO         6104    i.pmsm_mode_synchro_current_applay_action  pmsm.o
    0x08007ab6   0x08007ab6   0x00000036   Code   RO         6105    i.pmsm_mode_synchro_current_runA  pmsm.o
    0x08007aec   0x08007aec   0x0000004e   Code   RO         6106    i.pmsm_mode_synchro_current_start  pmsm.o
    0x08007b3a   0x08007b3a   0x00000008   Code   RO         6107    i.pmsm_mode_synchro_current_stop  pmsm.o
    0x08007b42   0x08007b42   0x00000034   Code   RO         6108    i.pmsm_mode_synchro_voltage_applay_action  pmsm.o
    0x08007b76   0x08007b76   0x0000001a   Code   RO         6109    i.pmsm_mode_synchro_voltage_runA  pmsm.o
    0x08007b90   0x08007b90   0x00000026   Code   RO         6110    i.pmsm_mode_synchro_voltage_start  pmsm.o
    0x08007bb6   0x08007bb6   0x00000008   Code   RO         6111    i.pmsm_mode_synchro_voltage_stop  pmsm.o
    0x08007bbe   0x08007bbe   0x00000092   Code   RO         6112    i.pmsm_protector_run  pmsm.o
    0x08007c50   0x08007c50   0x00000020   Code   RO         6113    i.pmsm_sence_run    pmsm.o
    0x08007c70   0x08007c70   0x0000000c   Code   RO         6319    i.positioner_reset  pmsm_hall_app.obj.o
    0x08007c7c   0x08007c7c   0x0000000c   Code   RO         6320    i.positioner_run    pmsm_hall_app.obj.o
    0x08007c88   0x08007c88   0x00000032   Code   RO         6321    i.positioner_setup  pmsm_hall_app.obj.o
    0x08007cba   0x08007cba   0x0000000c   Code   RO         6322    i.power_active      pmsm_hall_app.obj.o
    0x08007cc6   0x08007cc6   0x00000024   Code   RO         5294    i.power_boot_begin  k1-burst-driver.pfr.o
    0x08007cea   0x08007cea   0x00000002   Code   RO         6324    i.power_boot_complete  pmsm_hall_app.obj.o
    0x08007cec   0x08007cec   0x00000004   Code   RO         6325    i.power_do_boot     pmsm_hall_app.obj.o
    0x08007cf0   0x08007cf0   0x0000002a   Code   RO         5295    i.power_do_invert   k1-burst-driver.pfr.o
    0x08007d1a   0x08007d1a   0x00000004   Code   RO         6327    i.power_do_shutdown  pmsm_hall_app.obj.o
    0x08007d1e   0x08007d1e   0x0000000c   Code   RO         6328    i.power_run         pmsm_hall_app.obj.o
    0x08007d2a   0x08007d2a   0x00000024   Code   RO         5296    i.power_shutdown_begin  k1-burst-driver.pfr.o
    0x08007d4e   0x08007d4e   0x00000002   Code   RO         6330    i.power_shutdown_complete  pmsm_hall_app.obj.o
    0x08007d50   0x08007d50   0x0000001a   Code   RO         4466    i.rotcalc           burst_signal.o
    0x08007d6a   0x08007d6a   0x00000012   Code   RO         4469    i.s_inc             burst_signal.o
    0x08007d7c   0x08007d7c   0x0000000c   Code   RO         6331    i.speedse_reset     pmsm_hall_app.obj.o
    0x08007d88   0x08007d88   0x0000000c   Code   RO         6332    i.speedse_run       pmsm_hall_app.obj.o
    0x08007d94   0x08007d94   0x00000012   Code   RO         6333    i.speedse_setup     pmsm_hall_app.obj.o
    0x08007da6   0x08007da6   0x00000342   Code   RO         5297    i.swt_loop          k1-burst-driver.pfr.o
    0x080080e8   0x080080e8   0x0000005a   Code   RO         5299    i.swt_run           k1-burst-driver.pfr.o
    0x08008142   0x08008142   0x00000018   Code   RO         6603    x$fpl$dcmpinf       fz_ws.l(dcmpi.o)
    0x0800815a   0x0800815a   0x0000002e   Code   RO         6591    x$fpl$dflt          fz_ws.l(dflt_clz.o)
    0x08008188   0x08008188   0x00000078   Code   RO         6596    x$fpl$dleqf         fz_ws.l(dleqf.o)
    0x08008200   0x08008200   0x0000009c   Code   RO         6605    x$fpl$dnaninf       fz_ws.l(dnaninf.o)
    0x0800829c   0x0800829c   0x0000006c   Code   RO         6598    x$fpl$drleqf        fz_ws.l(drleqf.o)
    0x08008308   0x08008308   0x00000000   Code   RO         6607    x$fpl$usenofp       fz_ws.l(usenofp.o)
    0x08008308   0x08008308   0x0000000e   Data   RO           16    .constdata          main.o
    0x08008316   0x08008316   0x00000012   Data   RO         1064    .constdata          stm32f1xx_hal_rcc.o
    0x08008328   0x08008328   0x00000012   Data   RO         1155    .constdata          stm32f1xx_hal_rcc_ex.o
    0x0800833a   0x0800833a   0x00000010   Data   RO         3449    .constdata          system_stm32f1xx.o
    0x0800834a   0x0800834a   0x00000008   Data   RO         3450    .constdata          system_stm32f1xx.o
    0x08008352   0x08008352   0x00000073   Data   RO         3583    .constdata          burst.o
    0x080083c5   0x080083c5   0x00000003   PAD
    0x080083c8   0x080083c8   0x000000cc   Data   RO         4166    .constdata          burst_hall.o
    0x08008494   0x08008494   0x00000282   Data   RO         4569    .constdata          burst_sin.o
    0x08008716   0x08008716   0x00000002   PAD
    0x08008718   0x08008718   0x00000013   Data   RO           17    .conststring        main.o
    0x0800872b   0x0800872b   0x00000001   PAD
    0x0800872c   0x0800872c   0x00000035   Data   RO         3584    .conststring        burst.o
    0x08008761   0x08008761   0x00000003   PAD
    0x08008764   0x08008764   0x00000023   Data   RO         4939    .conststring        k1-burst-driver.obj.o
    0x08008787   0x08008787   0x00000001   PAD
    0x08008788   0x08008788   0x00000020   Data   RO         6762    Region$$Table       anon$$obj.o
    0x080087a8   0x080087a8   0x0000000a   Data   RO         4941    c.FMSTR_ProtocolDecoder.00000032  k1-burst-driver.obj.o
    0x080087b2   0x080087b2   0x00000005   Data   RO         4359    c.burst_ps_run_.0000000e  burst_ps.o
    0x080087b7   0x080087b7   0x00000006   Data   RO         5304    c.swt_loop.00000098  k1-burst-driver.pfr.o
    0x080087bd   0x080087bd   0x00000006   Data   RO         5305    c.swt_loop.0000026a  k1-burst-driver.pfr.o


    Execution Region RW_IRAM1 (Exec base: 0x20000000, Load base: 0x080087c4, Size: 0x00002868, Max: 0x00005000, ABSOLUTE, COMPRESSED[0x000002bc])

    Exec Addr    Load Addr    Size         Type   Attr      Idx    E Section Name        Object

    0x20000000   COMPRESSED   0x0000000c   Data   RW          901    .data               stm32f1xx_hal.o
    0x2000000c   COMPRESSED   0x00000004   Data   RW         3451    .data               system_stm32f1xx.o
    0x20000010   COMPRESSED   0x00000074   Data   RW         3585    .data               burst.o
    0x20000084   COMPRESSED   0x0000000c   Data   RW         4169    .data               burst_hall.o
    0x20000090   COMPRESSED   0x0000000c   Data   RW         4610    .data               burst_timer.o
    0x2000009c   COMPRESSED   0x00000118   Data   RW         4650    .data               burst_sqrt.o
    0x200001b4   COMPRESSED   0x0000016c   Data   RW         4694    .data               k1-burst-driver.o
    0x20000320   COMPRESSED   0x00000044   Data   RW         4940    .data               k1-burst-driver.obj.o
    0x20000364   COMPRESSED   0x00000044   Data   RW         5302    .data               k1-burst-driver.pfr.o
    0x200003a8   COMPRESSED   0x0000001c   Data   RW         5725    .data               actuator.o
    0x200003c4   COMPRESSED   0x0000001c   Data   RW         5726    .data               actuator.o
    0x200003e0   COMPRESSED   0x0000001c   Data   RW         5727    .data               actuator.o
    0x200003fc   COMPRESSED   0x0000001c   Data   RW         5728    .data               actuator.o
    0x20000418   COMPRESSED   0x0000001c   Data   RW         5863    .data               acwc.o
    0x20000434   COMPRESSED   0x0000001c   Data   RW         5864    .data               acwc.o
    0x20000450   COMPRESSED   0x0000001c   Data   RW         5865    .data               acwc.o
    0x2000046c   COMPRESSED   0x0000001c   Data   RW         5866    .data               acwc.o
    0x20000488   COMPRESSED   0x0000001c   Data   RW         5867    .data               acwc.o
    0x200004a4   COMPRESSED   0x0000001c   Data   RW         5868    .data               acwc.o
    0x200004c0   COMPRESSED   0x0000001c   Data   RW         6114    .data               pmsm.o
    0x200004dc   COMPRESSED   0x0000001c   Data   RW         6115    .data               pmsm.o
    0x200004f8   COMPRESSED   0x0000004c   Data   RW         6230    .data               pmsm_hall_app.o
    0x20000544   COMPRESSED   0x00000290   Data   RW         6334    .data               pmsm_hall_app.obj.o
    0x200007d4        -       0x00000060   Zero   RW          234    .bss                adc.o
    0x20000834        -       0x00000054   Zero   RW          305    .bss                i2c.o
    0x20000888        -       0x00000048   Zero   RW          348    .bss                tim.o
    0x200008d0        -       0x000000d0   Zero   RW          395    .bss                usart.o
    0x200009a0        -       0x0000000c   Zero   RW         3582    .bss                burst.o
    0x200009ac        -       0x00000018   Zero   RW         4607    .bss                burst_timer.o
    0x200009c4        -       0x00000400   Zero   RW         4649    .bss                burst_sqrt.o
    0x20000dc4        -       0x00000231   Zero   RW         4691    .bss                k1-burst-driver.o
    0x20000ff5   COMPRESSED   0x00000003   PAD
    0x20000ff8        -       0x00001043   Zero   RW         4938    .bss                k1-burst-driver.obj.o
    0x2000203b   COMPRESSED   0x00000001   PAD
    0x2000203c        -       0x0000014b   Zero   RW         5301    .bss                k1-burst-driver.pfr.o
    0x20002187   COMPRESSED   0x00000001   PAD
    0x20002188        -       0x00000280   Zero   RW         6229    .bss                pmsm_hall_app.o
    0x20002408        -       0x00000060   Zero   RW         6634    .bss                c_w.l(libspace.o)
    0x20002468        -       0x00000000   Zero   RW            2    HEAP                startup_stm32f103xb.o
    0x20002468        -       0x00000400   Zero   RW            1    STACK               startup_stm32f103xb.o


==============================================================================

Image component sizes


      Code (inc. data)   RO Data    RW Data    ZI Data      Debug   Object Name

       608          0          0        112          0      17744   actuator.o
      1222          0          0        168          0      32984   acwc.o
       538          0          0          0         96       3034   adc.o
      2022          0        168        116         12      46887   burst.o
       352          0          0          0          0       7925   burst_adc.o
         0          0          0          0          0       1268   burst_button.o
       184          0        204         12          0       9971   burst_hall.o
       828          0          0          0          0       6840   burst_inv3ph.o
       554          0          0          0          0       6432   burst_motion.o
       742          0          0          0          0       8268   burst_pi.o
       268          0          0          0          0       5392   burst_positioner.o
       134          0          5          0          0       4160   burst_ps.o
       120          0          0          0          0       3500   burst_signal.o
       146          0        642          0          0       2756   burst_sin.o
       144          0          0        280       1024       2867   burst_sqrt.o
       182          0          0         12         24       3398   burst_timer.o
        62          0          0          0          0       1018   dma.o
       406          0          0          0          0       6313   enco_abs32.o
       246          0          0          0          0       1251   gpio.o
       220          0          0          0         84       2073   i2c.o
       714          0          0        364        561      54353   k1-burst-driver.o
      2638          0         45         68       4163      30817   k1-burst-driver.obj.o
      2146          0         12         68        331      25407   k1-burst-driver.pfr.o
       280          0         33          0          0     461968   main.o
       156          0          0          0          0       4924   nikitin.o
      1020          0          0         56          0      25282   pmsm.o
       670          0          0         76        640      11882   pmsm_hall_app.o
       826          0          0        656          0      25856   pmsm_hall_app.obj.o
        60         22        236          0       1024        872   startup_stm32f103xb.o
       134          0          0         12          0       5865   stm32f1xx_hal.o
       594          0          0          0          0       3817   stm32f1xx_hal_adc.o
      1356          0          0          0          0       5419   stm32f1xx_hal_adc_ex.o
       212          0          0          0          0      28843   stm32f1xx_hal_cortex.o
       892          0          0          0          0       6192   stm32f1xx_hal_dma.o
       502          0          0          0          0       3152   stm32f1xx_hal_gpio.o
      3790          0          0          0          0      19997   stm32f1xx_hal_i2c.o
        64          0          0          0          0       1138   stm32f1xx_hal_msp.o
      1494          0         18          0          0       5250   stm32f1xx_hal_rcc.o
       522          0         18          0          0       2905   stm32f1xx_hal_rcc_ex.o
      1884          0          0          0          0      12486   stm32f1xx_hal_tim.o
       192          0          0          0          0       2404   stm32f1xx_hal_tim_ex.o
      2472          0          0          0          0      16334   stm32f1xx_hal_uart.o
        80          0          0          0          0       6942   stm32f1xx_it.o
         2          0         24          4          0       1423   system_stm32f1xx.o
       508          0          0          0         72       2564   tim.o
       312          0          0          0        208       2280   usart.o

    ----------------------------------------------------------------------
     32512         22       1448       2004       8244     942453   Object Totals
         0          0         32          0          0          0   (incl. Generated)
        14          0         11          0          5          0   (incl. Padding)

    ----------------------------------------------------------------------

      Code (inc. data)   RO Data    RW Data    ZI Data      Debug   Library Member Name

        90          0          0          0          0          0   __dczerorl2.o
         8          0          0          0          0         68   __main.o
         0          0          0          0          0          0   __rtentry.o
        12          0          0          0          0          0   __rtentry2.o
         6          0          0          0          0          0   __rtentry4.o
        52          8          0          0          0          0   __scatter.o
        28          0          0          0          0          0   __scatter_zi.o
        18          0          0          0          0         80   exit.o
         6          0          0          0          0        152   heapauxi.o
         0          0          0          0          0          0   indicate_semi.o
         2          0          0          0          0          0   libinit.o
         2          0          0          0          0          0   libinit2.o
         2          0          0          0          0          0   libshutdown.o
         2          0          0          0          0          0   libshutdown2.o
         8          4          0          0         96         68   libspace.o
         2          0          0          0          0          0   rtexit.o
        10          0          0          0          0          0   rtexit2.o
        12          4          0          0          0         68   sys_exit.o
        74          0          0          0          0         80   sys_stackheap_outer.o
         2          0          0          0          0         68   use_no_semi.o
        24          0          0          0          0         68   dcmpi.o
        46          0          0          0          0         68   dflt_clz.o
       120          4          0          0          0         92   dleqf.o
       156          4          0          0          0         92   dnaninf.o
       108          0          0          0          0         80   drleqf.o
         0          0          0          0          0          0   usenofp.o

    ----------------------------------------------------------------------
       796         24          0          0         96        984   Library Totals
         6          0          0          0          0          0   (incl. Padding)

    ----------------------------------------------------------------------

      Code (inc. data)   RO Data    RW Data    ZI Data      Debug   Library Name

       336         16          0          0         96        584   c_w.l
       454          8          0          0          0        400   fz_ws.l

    ----------------------------------------------------------------------
       796         24          0          0         96        984   Library Totals

    ----------------------------------------------------------------------

==============================================================================


      Code (inc. data)   RO Data    RW Data    ZI Data      Debug   

     33308         46       1448       2004       8340     923777   Grand Totals
     33308         46       1448        700       8340     923777   ELF Image Totals (compressed)
     33308         46       1448        700          0          0   ROM Totals

==============================================================================

    Total RO  Size (Code + RO Data)                34756 (  33.94kB)
    Total RW  Size (RW Data + ZI Data)             10344 (  10.10kB)
    Total ROM Size (Code + RO Data + RW Data)      35456 (  34.63kB)

==============================================================================

