Component: ARM Compiler 5.06 update 7 (build 960) Tool: armlink [4d3601]

==============================================================================

Section Cross References

    startup_stm32f103xb.o(STACK) refers (Special) to heapauxi.o(.text) for __use_two_region_memory
    startup_stm32f103xb.o(HEAP) refers (Special) to heapauxi.o(.text) for __use_two_region_memory
    startup_stm32f103xb.o(RESET) refers (Special) to heapauxi.o(.text) for __use_two_region_memory
    startup_stm32f103xb.o(RESET) refers to startup_stm32f103xb.o(STACK) for __initial_sp
    startup_stm32f103xb.o(RESET) refers to startup_stm32f103xb.o(.text) for Reset_Handler
    startup_stm32f103xb.o(RESET) refers to stm32f1xx_it.o(i.NMI_Handler) for NMI_Handler
    startup_stm32f103xb.o(RESET) refers to stm32f1xx_it.o(i.HardFault_Handler) for HardFault_Handler
    startup_stm32f103xb.o(RESET) refers to stm32f1xx_it.o(i.MemManage_Handler) for MemManage_Handler
    startup_stm32f103xb.o(RESET) refers to stm32f1xx_it.o(i.BusFault_Handler) for BusFault_Handler
    startup_stm32f103xb.o(RESET) refers to stm32f1xx_it.o(i.UsageFault_Handler) for UsageFault_Handler
    startup_stm32f103xb.o(RESET) refers to stm32f1xx_it.o(i.SVC_Handler) for SVC_Handler
    startup_stm32f103xb.o(RESET) refers to stm32f1xx_it.o(i.DebugMon_Handler) for DebugMon_Handler
    startup_stm32f103xb.o(RESET) refers to stm32f1xx_it.o(i.PendSV_Handler) for PendSV_Handler
    startup_stm32f103xb.o(RESET) refers to stm32f1xx_it.o(i.SysTick_Handler) for SysTick_Handler
    startup_stm32f103xb.o(RESET) refers to stm32f1xx_it.o(i.DMA1_Channel4_IRQHandler) for DMA1_Channel4_IRQHandler
    startup_stm32f103xb.o(RESET) refers to stm32f1xx_it.o(i.DMA1_Channel5_IRQHandler) for DMA1_Channel5_IRQHandler
    startup_stm32f103xb.o(RESET) refers to k1-burst-driver.pfr.o(i.ADC1_2_IRQHandler) for ADC1_2_IRQHandler
    startup_stm32f103xb.o(RESET) refers to k1-burst-driver.pfr.o(i.TIM1_CC_IRQHandler) for TIM1_CC_IRQHandler
    startup_stm32f103xb.o(RESET) refers to stm32f1xx_it.o(i.USART1_IRQHandler) for USART1_IRQHandler
    startup_stm32f103xb.o(.text) refers (Special) to heapauxi.o(.text) for __use_two_region_memory
    startup_stm32f103xb.o(.text) refers to system_stm32f1xx.o(i.SystemInit) for SystemInit
    startup_stm32f103xb.o(.text) refers to __main.o(!!!main) for __main
    startup_stm32f103xb.o(.text) refers to startup_stm32f103xb.o(HEAP) for Heap_Mem
    startup_stm32f103xb.o(.text) refers to startup_stm32f103xb.o(STACK) for Stack_Mem
    main.o(i.Error_Handler) refers to k1-burst-driver.pfr.o(i.burst_hw_on_crash) for burst_hw_on_crash
    main.o(i.Error_Handler) refers to burst.o(i.burst_sw_on_crash) for burst_sw_on_crash
    main.o(i.Error_Handler) refers to main.o(.constdata) for .constdata
    main.o(i.SystemClock_Config) refers to rt_memclr_w.o(.text) for __aeabi_memclr4
    main.o(i.SystemClock_Config) refers to stm32f1xx_hal_rcc.o(i.HAL_RCC_OscConfig) for HAL_RCC_OscConfig
    main.o(i.SystemClock_Config) refers to stm32f1xx_hal_rcc.o(i.HAL_RCC_ClockConfig) for HAL_RCC_ClockConfig
    main.o(i.SystemClock_Config) refers to stm32f1xx_hal_rcc_ex.o(i.HAL_RCCEx_PeriphCLKConfig) for HAL_RCCEx_PeriphCLKConfig
    main.o(i.SystemClock_Config) refers to main.o(i.Error_Handler) for Error_Handler
    main.o(i.main) refers to stm32f1xx_hal.o(i.HAL_Init) for HAL_Init
    main.o(i.main) refers to main.o(i.SystemClock_Config) for SystemClock_Config
    main.o(i.main) refers to gpio.o(i.MX_GPIO_Init) for MX_GPIO_Init
    main.o(i.main) refers to dma.o(i.MX_DMA_Init) for MX_DMA_Init
    main.o(i.main) refers to adc.o(i.MX_ADC1_Init) for MX_ADC1_Init
    main.o(i.main) refers to adc.o(i.MX_ADC2_Init) for MX_ADC2_Init
    main.o(i.main) refers to tim.o(i.MX_TIM1_Init) for MX_TIM1_Init
    main.o(i.main) refers to tim.o(i.MX_TIM2_Init) for MX_TIM2_Init
    main.o(i.main) refers to i2c.o(i.MX_I2C1_SMBUS_Init) for MX_I2C1_SMBUS_Init
    main.o(i.main) refers to tim.o(i.MX_TIM3_Init) for MX_TIM3_Init
    main.o(i.main) refers to usart.o(i.MX_USART1_UART_Init) for MX_USART1_UART_Init
    main.o(i.main) refers to burst.o(i.burst_begin) for burst_begin
    main.o(i.main) refers to burst.o(i.burst_start) for burst_start
    main.o(i.main) refers to burst.o(i.burst_frontend_loop) for burst_frontend_loop
    gpio.o(i.MX_GPIO_Init) refers to stm32f1xx_hal_gpio.o(i.HAL_GPIO_WritePin) for HAL_GPIO_WritePin
    gpio.o(i.MX_GPIO_Init) refers to stm32f1xx_hal_gpio.o(i.HAL_GPIO_Init) for HAL_GPIO_Init
    adc.o(i.HAL_ADC_MspDeInit) refers to stm32f1xx_hal_gpio.o(i.HAL_GPIO_DeInit) for HAL_GPIO_DeInit
    adc.o(i.HAL_ADC_MspInit) refers to stm32f1xx_hal_gpio.o(i.HAL_GPIO_Init) for HAL_GPIO_Init
    adc.o(i.MX_ADC1_Init) refers to rt_memclr_w.o(.text) for __aeabi_memclr4
    adc.o(i.MX_ADC1_Init) refers to stm32f1xx_hal_adc.o(i.HAL_ADC_Init) for HAL_ADC_Init
    adc.o(i.MX_ADC1_Init) refers to main.o(i.Error_Handler) for Error_Handler
[...]
    burst_pi_run_                            0x08004a15   Thumb Code   276  burst_pi.o(i.burst_pi_run_)
    burst_positioner_reset_                  0x08004b39   Thumb Code     2  burst_positioner.o(i.burst_positioner_reset_)
    burst_positioner_run_                    0x08004b3d   Thumb Code   210  burst_positioner.o(i.burst_positioner_run_)
    burst_positioner_setup_                  0x08004c15   Thumb Code    22  burst_positioner.o(i.burst_positioner_setup_)
    burst_ps_active_                         0x08004c2b   Thumb Code    14  burst_ps.o(i.burst_ps_active_)
    burst_ps_begin                           0x08004c39   Thumb Code     8  burst_ps.o(i.burst_ps_begin)
    burst_ps_run_                            0x08004c41   Thumb Code   104  burst_ps.o(i.burst_ps_run_)
    burst_range_apply                        0x08004ca9   Thumb Code    24  burst_signal.o(i.burst_range_apply)
    burst_range_set                          0x08004cc1   Thumb Code    56  burst_signal.o(i.burst_range_set)
    burst_realtime_loop                      0x08004cf9   Thumb Code    66  burst.o(i.burst_realtime_loop)
    burst_sin                                0x08004d45   Thumb Code     4  burst_sin.o(i.burst_sin)
    burst_slot_0                             0x08004d49   Thumb Code    12  burst.o(i.burst_slot_0)
    burst_slot_1                             0x08004d55   Thumb Code    12  burst.o(i.burst_slot_1)
    burst_slot_10                            0x08004d61   Thumb Code    12  burst.o(i.burst_slot_10)
    burst_slot_11                            0x08004d6d   Thumb Code    12  burst.o(i.burst_slot_11)
    burst_slot_12                            0x08004d79   Thumb Code    12  burst.o(i.burst_slot_12)
    burst_slot_13                            0x08004d85   Thumb Code    12  burst.o(i.burst_slot_13)
    burst_slot_14                            0x08004d91   Thumb Code    12  burst.o(i.burst_slot_14)
    burst_slot_15                            0x08004d9d   Thumb Code    12  burst.o(i.burst_slot_15)
    burst_slot_2                             0x08004da9   Thumb Code    12  burst.o(i.burst_slot_2)
    burst_slot_3                             0x08004db5   Thumb Code    12  burst.o(i.burst_slot_3)
    burst_slot_4                             0x08004dc1   Thumb Code    12  burst.o(i.burst_slot_4)
    burst_slot_5                             0x08004dcd   Thumb Code    12  burst.o(i.burst_slot_5)
    burst_slot_6                             0x08004dd9   Thumb Code    12  burst.o(i.burst_slot_6)
    burst_slot_7                             0x08004de5   Thumb Code    12  burst.o(i.burst_slot_7)
    burst_slot_8                             0x08004df1   Thumb Code    12  burst.o(i.burst_slot_8)
    burst_slot_9                             0x08004dfd   Thumb Code    12  burst.o(i.burst_slot_9)
    burst_start                              0x08004e09   Thumb Code    38  burst.o(i.burst_start)
    burst_sw_backend_loop                    0x08004e39   Thumb Code    18  k1-burst-driver.o(i.burst_sw_backend_loop)
    burst_sw_begin                           0x08004e4d   Thumb Code    12  k1-burst-driver.o(i.burst_sw_begin)
    burst_sw_frontend_loop                   0x08004e61   Thumb Code    14  k1-burst-driver.o(i.burst_sw_frontend_loop)
    burst_sw_on_crash                        0x08004e6f   Thumb Code     2  burst.o(i.burst_sw_on_crash)
    burst_sw_realtime_loop                   0x08004e71   Thumb Code     4  k1-burst-driver.o(i.burst_sw_realtime_loop)
    burst_sw_slot_0                          0x08004e75   Thumb Code     4  k1-burst-driver.o(i.burst_sw_slot_0)
    burst_sw_slot_1                          0x08004e79   Thumb Code     4  k1-burst-driver.o(i.burst_sw_slot_1)
    burst_sw_slot_10                         0x08004e7d   Thumb Code     2  burst.o(i.burst_sw_slot_10)
    burst_sw_slot_11                         0x08004e7f   Thumb Code     2  burst.o(i.burst_sw_slot_11)
    burst_sw_slot_12                         0x08004e81   Thumb Code     2  burst.o(i.burst_sw_slot_12)
    burst_sw_slot_13                         0x08004e83   Thumb Code     2  burst.o(i.burst_sw_slot_13)
    burst_sw_slot_14                         0x08004e85   Thumb Code     2  burst.o(i.burst_sw_slot_14)
    burst_sw_slot_15                         0x08004e87   Thumb Code     2  burst.o(i.burst_sw_slot_15)
    burst_sw_slot_2                          0x08004e89   Thumb Code     4  k1-burst-driver.o(i.burst_sw_slot_2)
    burst_sw_slot_3                          0x08004e8d   Thumb Code     2  burst.o(i.burst_sw_slot_3)
    burst_sw_slot_4                          0x08004e8f   Thumb Code     2  burst.o(i.burst_sw_slot_4)
    burst_sw_slot_5                          0x08004e91   Thumb Code     2  burst.o(i.burst_sw_slot_5)
    burst_sw_slot_6                          0x08004e93   Thumb Code     2  burst.o(i.burst_sw_slot_6)
    burst_sw_slot_7                          0x08004e95   Thumb Code     2  burst.o(i.burst_sw_slot_7)
    burst_sw_slot_8                          0x08004e97   Thumb Code     2  burst.o(i.burst_sw_slot_8)
    burst_sw_slot_9                          0x08004e99   Thumb Code     2  burst.o(i.burst_sw_slot_9)
    burst_sw_start                           0x08004e9d   Thumb Code    28  k1-burst-driver.o(i.burst_sw_start)
    burst_time_us                            0x08004ebd   Thumb Code     6  burst_timer.o(i.burst_time_us)
    burst_timer_poll                         0x08004ec9   Thumb Code   104  burst_timer.o(i.burst_timer_poll)
    burst_tp_off                             0x08004f39   Thumb Code    20  burst.o(i.burst_tp_off)
    burst_tp_on                              0x08004f51   Thumb Code    20  burst.o(i.burst_tp_on)
    burst_tp_phy_off                         0x08004f69   Thumb Code     8  k1-burst-driver.pfr.o(i.burst_tp_phy_off)
    burst_tp_phy_on                          0x08004f75   Thumb Code     8  k1-burst-driver.pfr.o(i.burst_tp_phy_on)
    burst_tp_verb_set                        0x08004f81   Thumb Code     6  burst.o(i.burst_tp_verb_set)
    c_cross_flt_reset                        0x08004f8d   Thumb Code     6  pmsm_hall_app.obj.o(i.c_cross_flt_reset)
    c_cross_flt_run                          0x08004f99   Thumb Code     6  pmsm_hall_app.obj.o(i.c_cross_flt_run)
    c_cross_flt_setup                        0x08004fa5   Thumb Code    12  pmsm_hall_app.obj.o(i.c_cross_flt_setup)
    c_cross_pi_reset                         0x08004fb5   Thumb Code     8  pmsm_hall_app.obj.o(i.c_cross_pi_reset)
    c_cross_pi_run                           0x08004fc1   Thumb Code     6  pmsm_hall_app.obj.o(i.c_cross_pi_run)
    c_cross_pi_setup                         0x08004fcd   Thumb Code    60  pmsm_hall_app.obj.o(i.c_cross_pi_setup)
    c_hi_pi_reset                            0x0800500d   Thumb Code     8  pmsm_hall_app.obj.o(i.c_hi_pi_reset)
    c_hi_pi_run                              0x08005019   Thumb Code     6  pmsm_hall_app.obj.o(i.c_hi_pi_run)
    c_hi_pi_setup                            0x08005025   Thumb Code    58  pmsm_hall_app.obj.o(i.c_hi_pi_setup)
    c_lat_flt_reset                          0x08005069   Thumb Code     6  pmsm_hall_app.obj.o(i.c_lat_flt_reset)
    c_lat_flt_run                            0x08005075   Thumb Code     6  pmsm_hall_app.obj.o(i.c_lat_flt_run)
    c_lat_flt_setup                          0x08005081   Thumb Code    12  pmsm_hall_app.obj.o(i.c_lat_flt_setup)
    c_lat_pi_reset                           0x08005091   Thumb Code     8  pmsm_hall_app.obj.o(i.c_lat_pi_reset)
    c_lat_pi_run                             0x0800509d   Thumb Code     6  pmsm_hall_app.obj.o(i.c_lat_pi_run)
    c_lat_pi_setup                           0x080050a9   Thumb Code    60  pmsm_hall_app.obj.o(i.c_lat_pi_setup)
    c_lo_pi_reset                            0x080050e9   Thumb Code     8  pmsm_hall_app.obj.o(i.c_lo_pi_reset)
    c_lo_pi_run                              0x080050f5   Thumb Code     6  pmsm_hall_app.obj.o(i.c_lo_pi_run)
    c_lo_pi_setup                            0x08005101   Thumb Code    58  pmsm_hall_app.obj.o(i.c_lo_pi_setup)
    current3ph_begin                         0x08005145   Thumb Code    30  burst_inv3ph.o(i.current3ph_begin)
    current3ph_run                           0x08005163   Thumb Code   178  burst_inv3ph.o(i.current3ph_run)
    delay_us                                 0x08005215   Thumb Code    38  k1-burst-driver.pfr.o(i.delay_us)
    enco_abs32_begin                         0x0800524b   Thumb Code    66  enco_abs32.o(i.enco_abs32_begin)
    enco_abs32_reset_                        0x0800528d   Thumb Code    44  enco_abs32.o(i.enco_abs32_reset_)
    enco_abs32_run_                          0x080052b9   Thumb Code   248  enco_abs32.o(i.enco_abs32_run_)
    enco_encode                              0x080053b1   Thumb Code     8  pmsm_hall_app.o(i.enco_encode)
    enco_error                               0x080053bd   Thumb Code     4  pmsm_hall_app.obj.o(i.enco_error)
    enco_query                               0x080053c1   Thumb Code     2  pmsm_hall_app.obj.o(i.enco_query)
    enco_reset                               0x080053c5   Thumb Code     6  pmsm_hall_app.obj.o(i.enco_reset)
    enco_run                                 0x080053d1   Thumb Code     6  pmsm_hall_app.obj.o(i.enco_run)
    fm_available                             0x080053dd   Thumb Code    10  k1-burst-driver.o(i.fm_available)
    fm_get                                   0x080053e7   Thumb Code    24  k1-burst-driver.o(i.fm_get)
    fm_poll                                  0x080053ff   Thumb Code     4  k1-burst-driver.obj.o(i.fm_poll)
    fm_put                                   0x08005403   Thumb Code    26  k1-burst-driver.o(i.fm_put)
    fm_recorder                              0x0800541d   Thumb Code     4  k1-burst-driver.obj.o(i.fm_recorder)
    fm_space                                 0x08005421   Thumb Code    14  k1-burst-driver.o(i.fm_space)
    fmserial_try_send                        0x080054a1   Thumb Code    86  k1-burst-driver.o(i.fmserial_try_send)
    hall_begin                               0x08005501   Thumb Code    14  burst_hall.o(i.hall_begin)
    hall_dummy_interp                        0x0800550f   Thumb Code     8  burst_hall.o(i.hall_dummy_interp)
    hall_update                              0x08005519   Thumb Code   132  burst_hall.o(i.hall_update)
    inv3ph_begin                             0x080055a5   Thumb Code    42  burst_inv3ph.o(i.inv3ph_begin)
    inv3ph_run                               0x080055d1   Thumb Code   344  burst_inv3ph.o(i.inv3ph_run)
    inv3ph_scale_                            0x08005731   Thumb Code    52  burst_inv3ph.o(i.inv3ph_scale_)
    k1_serial_pool                           0x08005765   Thumb Code    44  k1-burst-driver.o(i.k1_serial_pool)
    k1_serial_ready                          0x08005795   Thumb Code     6  k1-burst-driver.pfr.o(i.k1_serial_ready)
    k1_serial_receive_packet                 0x080057a1   Thumb Code    60  k1-burst-driver.o(i.k1_serial_receive_packet)
    k1_serial_send_complete                  0x080057e5   Thumb Code     2  k1-burst-driver.o(i.k1_serial_send_complete)
    k1_serial_send_packet                    0x080057e9   Thumb Code    66  k1-burst-driver.pfr.o(i.k1_serial_send_packet)
    k1_serial_send_refuse                    0x08005839   Thumb Code     4  k1-burst-driver.o(i.k1_serial_send_refuse)
    k1_serial_start_receive                  0x0800583d   Thumb Code    44  k1-burst-driver.pfr.o(i.k1_serial_start_receive)
    main                                     0x08005879   Thumb Code    58  main.o(i.main)
    mcsinPIxLUT                              0x080058b5   Thumb Code    60  burst_sin.o(i.mcsinPIxLUT)
    motion_reset                             0x080058f5   Thumb Code     8  pmsm_hall_app.obj.o(i.motion_reset)
    motion_run                               0x08005901   Thumb Code     6  pmsm_hall_app.obj.o(i.motion_run)
    motion_setup                             0x0800590d   Thumb Code    54  pmsm_hall_app.obj.o(i.motion_setup)
    nikitin_begin                            0x08005949   Thumb Code    32  nikitin.o(i.nikitin_begin)
    nikitin_reset_                           0x08005969   Thumb Code    18  nikitin.o(i.nikitin_reset_)
    nikitin_run_                             0x0800597d   Thumb Code    94  nikitin.o(i.nikitin_run_)
    pmsm_angle_forcer_begin                  0x080059e1   Thumb Code    14  pmsm.o(i.pmsm_angle_forcer_begin)
    pmsm_angle_forcer_run                    0x080059ef   Thumb Code    90  pmsm.o(i.pmsm_angle_forcer_run)
    pmsm_begin                               0x08005a49   Thumb Code   184  pmsm.o(i.pmsm_begin)
    pmsm_event_update_feedback               0x08005b05   Thumb Code    26  pmsm.o(i.pmsm_event_update_feedback)
    pmsm_hall_app_backend_loop               0x08005b21   Thumb Code    32  pmsm_hall_app.o(i.pmsm_hall_app_backend_loop)
    pmsm_hall_app_begin                      0x08005b49   Thumb Code   194  pmsm_hall_app.o(i.pmsm_hall_app_begin)
    pmsm_hall_app_control_step_1             0x08005c45   Thumb Code     6  pmsm_hall_app.o(i.pmsm_hall_app_control_step_1)
    pmsm_hall_app_control_step_2             0x08005c51   Thumb Code    38  pmsm_hall_app.o(i.pmsm_hall_app_control_step_2)
    pmsm_hall_app_control_step_3             0x08005c89   Thumb Code    72  pmsm_hall_app.o(i.pmsm_hall_app_control_step_3)
    pmsm_hall_app_frontend_loop              0x08005cdd   Thumb Code     2  pmsm_hall_app.o(i.pmsm_hall_app_frontend_loop)
    pmsm_hall_app_realtime_loop              0x08005ce1   Thumb Code    32  pmsm_hall_app.o(i.pmsm_hall_app_realtime_loop)
    pmsm_hall_app_start                      0x08005d0d   Thumb Code    16  pmsm_hall_app.o(i.pmsm_hall_app_start)
    pmsm_inverter_run                        0x08005d21   Thumb Code   162  pmsm.o(i.pmsm_inverter_run)
    pmsm_mode_synchro_current_applay_action  0x08005dc3   Thumb Code    80  pmsm.o(i.pmsm_mode_synchro_current_applay_action)
    pmsm_mode_synchro_current_runA           0x08005e13   Thumb Code    54  pmsm.o(i.pmsm_mode_synchro_current_runA)
    pmsm_mode_synchro_current_start          0x08005e49   Thumb Code    78  pmsm.o(i.pmsm_mode_synchro_current_start)
    pmsm_mode_synchro_current_stop           0x08005e97   Thumb Code     8  pmsm.o(i.pmsm_mode_synchro_current_stop)
    pmsm_mode_synchro_voltage_applay_action  0x08005e9f   Thumb Code    48  pmsm.o(i.pmsm_mode_synchro_voltage_applay_action)
    pmsm_mode_synchro_voltage_runA           0x08005ecf   Thumb Code    26  pmsm.o(i.pmsm_mode_synchro_voltage_runA)
    pmsm_mode_synchro_voltage_start          0x08005ee9   Thumb Code    36  pmsm.o(i.pmsm_mode_synchro_voltage_start)
    pmsm_mode_synchro_voltage_stop           0x08005f0d   Thumb Code     8  pmsm.o(i.pmsm_mode_synchro_voltage_stop)
    pmsm_sence_run                           0x08005f15   Thumb Code    30  pmsm.o(i.pmsm_sence_run)
    positioner_reset                         0x08005f35   Thumb Code     6  pmsm_hall_app.obj.o(i.positioner_reset)
    positioner_run                           0x08005f41   Thumb Code     6  pmsm_hall_app.obj.o(i.positioner_run)
    positioner_setup                         0x08005f4d   Thumb Code    32  pmsm_hall_app.obj.o(i.positioner_setup)
    power_active                             0x08005f71   Thumb Code     6  pmsm_hall_app.obj.o(i.power_active)
    power_boot_begin                         0x08005f7d   Thumb Code    26  k1-burst-driver.pfr.o(i.power_boot_begin)
    power_boot_complete                      0x08005f9d   Thumb Code     2  pmsm_hall_app.obj.o(i.power_boot_complete)
    power_do_boot                            0x08005f9f   Thumb Code     4  pmsm_hall_app.obj.o(i.power_do_boot)
    power_do_invert                          0x08005fa5   Thumb Code    30  k1-burst-driver.pfr.o(i.power_do_invert)
    power_do_shutdown                        0x08005fcd   Thumb Code     4  pmsm_hall_app.obj.o(i.power_do_shutdown)
    power_run                                0x08005fd1   Thumb Code     6  pmsm_hall_app.obj.o(i.power_run)
    power_shutdown_begin                     0x08005fdd   Thumb Code    26  k1-burst-driver.pfr.o(i.power_shutdown_begin)
    power_shutdown_complete                  0x08005ffd   Thumb Code     2  pmsm_hall_app.obj.o(i.power_shutdown_complete)
    rotcalc                                  0x08005fff   Thumb Code    26  burst_signal.o(i.rotcalc)
    s_inc                                    0x08006019   Thumb Code    20  burst_signal.o(i.s_inc)
    speedse_reset                            0x0800602d   Thumb Code     6  pmsm_hall_app.obj.o(i.speedse_reset)
    speedse_run                              0x08006039   Thumb Code     6  pmsm_hall_app.obj.o(i.speedse_run)
    speedse_setup                            0x08006045   Thumb Code    12  pmsm_hall_app.obj.o(i.speedse_setup)
    __fpl_dcmp_Inf                           0x08006055   Thumb Code    24  dcmpi.o(x$fpl$dcmpinf)
    __aeabi_i2d                              0x0800606d   Thumb Code     0  dflt_clz.o(x$fpl$dflt)
    _dflt                                    0x0800606d   Thumb Code    46  dflt_clz.o(x$fpl$dflt)
    __aeabi_cdcmple                          0x0800609d   Thumb Code     0  dleqf.o(x$fpl$dleqf)
    _dcmple                                  0x0800609d   Thumb Code   120  dleqf.o(x$fpl$dleqf)
    __fpl_dcmple_InfNaN                      0x080060ff   Thumb Code     0  dleqf.o(x$fpl$dleqf)
    __fpl_dnaninf                            0x08006115   Thumb Code   156  dnaninf.o(x$fpl$dnaninf)
    __aeabi_cdrcmple                         0x080061b1   Thumb Code     0  drleqf.o(x$fpl$drleqf)
    _drcmple                                 0x080061b1   Thumb Code   108  drleqf.o(x$fpl$drleqf)
    __I$use$fp                               0x0800621c   Number         0  usenofp.o(x$fpl$usenofp)
    AHBPrescTable                            0x0800624e   Data          16  system_stm32f1xx.o(.constdata)
    APBPrescTable                            0x0800625e   Data           8  system_stm32f1xx.o(.constdata)
    mcgenSineTable256                        0x080063a8   Data         514  burst_sin.o(.constdata)
    tableAtan64                              0x080065aa   Data         128  burst_sin.o(.constdata)
    Region$$Table$$Base                      0x0800663c   Number         0  anon$$obj.o(Region$$Table)
    Region$$Table$$Limit                     0x0800665c   Number         0  anon$$obj.o(Region$$Table)
    uwTickFreq                               0x20000000   Data           1  stm32f1xx_hal.o(.data)
    uwTickPrio                               0x20000004   Data           4  stm32f1xx_hal.o(.data)
    uwTick                                   0x20000008   Data           4  stm32f1xx_hal.o(.data)
    SystemCoreClock                          0x2000000c   Data           4  system_stm32f1xx.o(.data)
    burst_core_status_                       0x20000010   Data           1  burst.o(.data)
    burst_started_                           0x20000011   Data           1  burst.o(.data)
    burst_tp_status                          0x20000012   Data           1  burst.o(.data)
    burst_slot                               0x20000014   Data           4  burst.o(.data)
    burst_slots_end                          0x20000018   Data           4  burst.o(.data)
    guest_count_                             0x2000001c   Data           4  burst.o(.data)
    lock_count_                              0x20000020   Data           4  burst.o(.data)
    burst_tp_verb                            0x20000024   Data           4  burst.o(.data)
    burst_idle_mode                          0x20000028   Data          28  burst.o(.data)
    burst_slots                              0x20000044   Data          64  burst.o(.data)
    hall_angles                              0x20000084   Data          12  burst_hall.o(.data)
    burst_time_us_                           0x20000090   Data           4  burst_timer.o(.data)
    burst_time_ms_                           0x20000094   Data           4  burst_timer.o(.data)
    burst_acc_us_                            0x20000098   Data           4  burst_timer.o(.data)
    sending                                  0x2000009c   Data           1  k1-burst-driver.o(.data)
    serial_tx_sz                             0x200000a0   Data           4  k1-burst-driver.o(.data)
    fmincom_readCount                        0x200000a8   Data           4  k1-burst-driver.o(.data)
    fmincom_writeCount                       0x200000ac   Data           4  k1-burst-driver.o(.data)
    fmoutcom_readCount                       0x200000b0   Data           4  k1-burst-driver.o(.data)
    fmoutcom_writeCount                      0x200000b4   Data           4  k1-burst-driver.o(.data)
    k1_config                                0x200000b8   Data         292  k1-burst-driver.o(.data)
    pcm_nRecTriggerMode                      0x200001dc   Data           1  k1-burst-driver.obj.o(.data)
    pcm_nRecVarCount                         0x200001dd   Data           1  k1-burst-driver.obj.o(.data)
    pcm_wRecTotalSmps                        0x200001e4   Data           2  k1-burst-driver.obj.o(.data)
    pcm_wRecPostTrigger                      0x200001e6   Data           2  k1-burst-driver.obj.o(.data)
    pcm_wRecTimeDiv                          0x200001e8   Data           2  k1-burst-driver.obj.o(.data)
    pcm_wRecBuffStartIx                      0x200001ea   Data           2  k1-burst-driver.obj.o(.data)
    pcm_wRecTimeDivCtr                       0x200001ec   Data           2  k1-burst-driver.obj.o(.data)
    pcm_wStoprecCountDown                    0x200001ee   Data           2  k1-burst-driver.obj.o(.data)
    pcm_dwRecWritePtr                        0x200001f8   Data           4  k1-burst-driver.obj.o(.data)
    pcm_dwRecEndBuffPtr                      0x200001fc   Data           4  k1-burst-driver.obj.o(.data)
    pcm_wRecFlags                            0x20000200   Data           4  k1-burst-driver.obj.o(.data)
    serialComDone                            0x20000220   Data           1  k1-burst-driver.pfr.o(.data)
    DWT_CYCCNT                               0x20000224   Data           4  k1-burst-driver.pfr.o(.data)
    DWT_CONTROL                              0x20000228   Data           4  k1-burst-driver.pfr.o(.data)
    SCB_DEMCR                                0x2000022c   Data           4  k1-burst-driver.pfr.o(.data)
    abort_count                              0x20000230   Data           4  k1-burst-driver.pfr.o(.data)
    critical_                                0x20000234   Data           4  k1-burst-driver.pfr.o(.data)
    hall_pins                                0x20000240   Data           4  k1-burst-driver.pfr.o(.data)
    actuator_mode_fault                      0x20000244   Data          28  actuator.o(.data)
    actuator_mode_speed                      0x20000260   Data          28  actuator.o(.data)
    actuator_mode_voltage                    0x2000027c   Data          28  actuator.o(.data)
    actuator_mode_position                   0x20000298   Data          28  actuator.o(.data)
    acwc_mode_voltage_cl                     0x200002b4   Data          28  acwc.o(.data)
    acwc_mode_cl_speed                       0x200002d0   Data          28  acwc.o(.data)
    acwc_mode_cl_position                    0x200002ec   Data          28  acwc.o(.data)
    acwc_mode_current                        0x20000308   Data          28  acwc.o(.data)
    acwc_mode_speed                          0x20000324   Data          28  acwc.o(.data)
    acwc_mode_position                       0x20000340   Data          28  acwc.o(.data)
    pmcm_synchro_voltage                     0x2000035c   Data          28  pmsm.o(.data)
    pmcm_synchro_current                     0x20000378   Data          28  pmsm.o(.data)
    RPM                                      0x20000394   Data           4  pmsm_hall_app.o(.data)
    pmsm_hall_app_modes                      0x200003a8   Data          56  pmsm_hall_app.o(.data)
    c_lat_pi_def_control_min                 0x200003e0   Data           2  pmsm_hall_app.obj.o(.data)
    c_lat_pi_def_control_max                 0x200003e2   Data           2  pmsm_hall_app.obj.o(.data)
    c_cross_pi_def_control_min               0x200003e4   Data           2  pmsm_hall_app.obj.o(.data)
    c_cross_pi_def_control_max               0x200003e6   Data           2  pmsm_hall_app.obj.o(.data)
    c_hi_pi_def_control_min                  0x200003e8   Data           2  pmsm_hall_app.obj.o(.data)
    c_hi_pi_def_control_max                  0x200003ea   Data           2  pmsm_hall_app.obj.o(.data)
    c_lo_pi_def_control_min                  0x200003ec   Data           2  pmsm_hall_app.obj.o(.data)
    c_lo_pi_def_control_max                  0x200003ee   Data           2  pmsm_hall_app.obj.o(.data)
    power                                    0x200003f0   Data          48  pmsm_hall_app.obj.o(.data)
    speedse                                  0x20000420   Data          40  pmsm_hall_app.obj.o(.data)
    enco                                     0x20000448   Data          84  pmsm_hall_app.obj.o(.data)
    c_lat_pi                                 0x2000049c   Data          68  pmsm_hall_app.obj.o(.data)
    c_cross_pi                               0x200004e0   Data          68  pmsm_hall_app.obj.o(.data)
    c_hi_pi                                  0x20000524   Data          68  pmsm_hall_app.obj.o(.data)
    c_lo_pi                                  0x20000568   Data          68  pmsm_hall_app.obj.o(.data)
    c_lat_flt                                0x200005ac   Data          40  pmsm_hall_app.obj.o(.data)
    c_cross_flt                              0x200005d4   Data          40  pmsm_hall_app.obj.o(.data)
    motion                                   0x200005fc   Data          72  pmsm_hall_app.obj.o(.data)
    positioner                               0x20000644   Data          44  pmsm_hall_app.obj.o(.data)
    hadc1                                    0x20000670   Data          48  adc.o(.bss)
    hadc2                                    0x200006a0   Data          48  adc.o(.bss)
    htim1                                    0x200006d0   Data          72  tim.o(.bss)
    htim2                                    0x20000718   Data          72  tim.o(.bss)
    htim3                                    0x20000760   Data          72  tim.o(.bss)
    huart1                                   0x200007a8   Data          72  usart.o(.bss)
    hdma_usart1_rx                           0x200007f0   Data          68  usart.o(.bss)
    hdma_usart1_tx                           0x20000834   Data          68  usart.o(.bss)
    burst                                    0x20000878   Data          12  burst.o(.bss)
    burst_timer_backend_inedex_              0x20000884   Data          12  burst_timer.o(.bss)
    burst_timer_frontend_inedex_             0x20000890   Data          12  burst_timer.o(.bss)
    pmsma                                    0x2000089c   Data          32  k1-burst-driver.o(.bss)
    feedback                                 0x200008bc   Data          18  k1-burst-driver.o(.bss)
    fmincom_data                             0x200008ce   Data         128  k1-burst-driver.o(.bss)
    fmoutcom_data                            0x2000094e   Data         128  k1-burst-driver.o(.bss)
    k1_serial_tx_buffer                      0x200009ce   Data         255  k1-burst-driver.o(.bss)
    pcm_pRecVarAddr                          0x20000ad0   Data          32  k1-burst-driver.obj.o(.bss)
    pcm_pRecVarSize                          0x20000af0   Data          16  k1-burst-driver.obj.o(.bss)
    adc_raw                                  0x20001b14   Data          20  k1-burst-driver.pfr.o(.bss)
    k1_serial_rx_buffer                      0x20001b28   Data         255  k1-burst-driver.pfr.o(.bss)
    hall                                     0x20001c28   Data          40  pmsm_hall_app.o(.bss)
    hall_extra                               0x20001c50   Data         116  pmsm_hall_app.o(.bss)
    adc                                      0x20001cc4   Data          80  pmsm_hall_app.o(.bss)
    angle_forcer                             0x20001d14   Data          32  pmsm_hall_app.o(.bss)
    motor                                    0x20001d34   Data         316  pmsm_hall_app.o(.bss)
    __libspace_start                         0x20001e70   Data          96  libspace.o(.bss)
    __temporary_stack_top$libspace           0x20001ed0   Data           0  libspace.o(.bss)



==============================================================================

Memory Map of the image

  Image Entry point : 0x080000ed

  Load Region LR_IROM1 (Base: 0x08000000, Size: 0x00006ccc, Max: 0x00020000, ABSOLUTE, COMPRESSED[0x00006890])

    Execution Region ER_IROM1 (Exec base: 0x08000000, Load base: 0x08000000, Size: 0x0000665c, Max: 0x00020000, ABSOLUTE)

    Exec Addr    Load Addr    Size         Type   Attr      Idx    E Section Name        Object

    0x08000000   0x08000000   0x000000ec   Data   RO            3    RESET               startup_stm32f103xb.o
    0x080000ec   0x080000ec   0x00000008   Code   RO         6328  * !!!main             c_w.l(__main.o)
    0x080000f4   0x080000f4   0x00000034   Code   RO         6504    !!!scatter          c_w.l(__scatter.o)
    0x08000128   0x08000128   0x0000005a   Code   RO         6502    !!dczerorl2         c_w.l(__dczerorl2.o)
    0x08000182   0x08000182   0x00000002   PAD
    0x08000184   0x08000184   0x0000001c   Code   RO         6506    !!handler_zi        c_w.l(__scatter_zi.o)
    0x080001a0   0x080001a0   0x00000002   Code   RO         6370    .ARM.Collect$$libinit$$00000000  c_w.l(libinit.o)
    0x080001a2   0x080001a2   0x00000000   Code   RO         6377    .ARM.Collect$$libinit$$00000002  c_w.l(libinit2.o)
    0x080001a2   0x080001a2   0x00000000   Code   RO         6379    .ARM.Collect$$libinit$$00000004  c_w.l(libinit2.o)
    0x080001a2   0x080001a2   0x00000000   Code   RO         6382    .ARM.Collect$$libinit$$0000000A  c_w.l(libinit2.o)
    0x080001a2   0x080001a2   0x00000000   Code   RO         6384    .ARM.Collect$$libinit$$0000000C  c_w.l(libinit2.o)
    0x080001a2   0x080001a2   0x00000000   Code   RO         6386    .ARM.Collect$$libinit$$0000000E  c_w.l(libinit2.o)
    0x080001a2   0x080001a2   0x00000000   Code   RO         6389    .ARM.Collect$$libinit$$00000011  c_w.l(libinit2.o)
    0x080001a2   0x080001a2   0x00000000   Code   RO         6391    .ARM.Collect$$libinit$$00000013  c_w.l(libinit2.o)
    0x080001a2   0x080001a2   0x00000000   Code   RO         6393    .ARM.Collect$$libinit$$00000015  c_w.l(libinit2.o)
    0x080001a2   0x080001a2   0x00000000   Code   RO         6395    .ARM.Collect$$libinit$$00000017  c_w.l(libinit2.o)
    0x080001a2   0x080001a2   0x00000000   Code   RO         6397    .ARM.Collect$$libinit$$00000019  c_w.l(libinit2.o)
    0x080001a2   0x080001a2   0x00000000   Code   RO         6399    .ARM.Collect$$libinit$$0000001B  c_w.l(libinit2.o)
    0x080001a2   0x080001a2   0x00000000   Code   RO         6401    .ARM.Collect$$libinit$$0000001D  c_w.l(libinit2.o)
    0x080001a2   0x080001a2   0x00000000   Code   RO         6403    .ARM.Collect$$libinit$$0000001F  c_w.l(libinit2.o)
    0x080001a2   0x080001a2   0x00000000   Code   RO         6405    .ARM.Collect$$libinit$$00000021  c_w.l(libinit2.o)
    0x080001a2   0x080001a2   0x00000000   Code   RO         6407    .ARM.Collect$$libinit$$00000023  c_w.l(libinit2.o)
    0x080001a2   0x080001a2   0x00000000   Code   RO         6409    .ARM.Collect$$libinit$$00000025  c_w.l(libinit2.o)
    0x080001a2   0x080001a2   0x00000000   Code   RO         6413    .ARM.Collect$$libinit$$0000002C  c_w.l(libinit2.o)
    0x080001a2   0x080001a2   0x00000000   Code   RO         6415    .ARM.Collect$$libinit$$0000002E  c_w.l(libinit2.o)
    0x080001a2   0x080001a2   0x00000000   Code   RO         6417    .ARM.Collect$$libinit$$00000030  c_w.l(libinit2.o)
    0x080001a2   0x080001a2   0x00000000   Code   RO         6419    .ARM.Collect$$libinit$$00000032  c_w.l(libinit2.o)
    0x080001a2   0x080001a2   0x00000002   Code   RO         6420    .ARM.Collect$$libinit$$00000033  c_w.l(libinit2.o)
    0x080001a4   0x080001a4   0x00000002   Code   RO         6440    .ARM.Collect$$libshutdown$$00000000  c_w.l(libshutdown.o)
    0x080001a6   0x080001a6   0x00000000   Code   RO         6453    .ARM.Collect$$libshutdown$$00000002  c_w.l(libshutdown2.o)
    0x080001a6   0x080001a6   0x00000000   Code   RO         6455    .ARM.Collect$$libshutdown$$00000004  c_w.l(libshutdown2.o)
    0x080001a6   0x080001a6   0x00000000   Code   RO         6457    .ARM.Collect$$libshutdown$$00000006  c_w.l(libshutdown2.o)
    0x080001a6   0x080001a6   0x00000000   Code   RO         6460    .ARM.Collect$$libshutdown$$00000009  c_w.l(libshutdown2.o)
    0x080001a6   0x080001a6   0x00000000   Code   RO         6463    .ARM.Collect$$libshutdown$$0000000C  c_w.l(libshutdown2.o)
    0x080001a6   0x080001a6   0x00000000   Code   RO         6465    .ARM.Collect$$libshutdown$$0000000E  c_w.l(libshutdown2.o)
    0x080001a6   0x080001a6   0x00000000   Code   RO         6468    .ARM.Collect$$libshutdown$$00000011  c_w.l(libshutdown2.o)
    0x080001a6   0x080001a6   0x00000002   Code   RO         6469    .ARM.Collect$$libshutdown$$00000012  c_w.l(libshutdown2.o)
    0x080001a8   0x080001a8   0x00000000   Code   RO         6340    .ARM.Collect$$rtentry$$00000000  c_w.l(__rtentry.o)
    0x080001a8   0x080001a8   0x00000000   Code   RO         6347    .ARM.Collect$$rtentry$$00000002  c_w.l(__rtentry2.o)
    0x080001a8   0x080001a8   0x00000006   Code   RO         6359    .ARM.Collect$$rtentry$$00000004  c_w.l(__rtentry4.o)
    0x080001ae   0x080001ae   0x00000000   Code   RO         6349    .ARM.Collect$$rtentry$$00000009  c_w.l(__rtentry2.o)
    0x080001ae   0x080001ae   0x00000004   Code   RO         6350    .ARM.Collect$$rtentry$$0000000A  c_w.l(__rtentry2.o)
    0x080001b2   0x080001b2   0x00000000   Code   RO         6352    .ARM.Collect$$rtentry$$0000000C  c_w.l(__rtentry2.o)
    0x080001b2   0x080001b2   0x00000008   Code   RO         6353    .ARM.Collect$$rtentry$$0000000D  c_w.l(__rtentry2.o)
    0x080001ba   0x080001ba   0x00000002   Code   RO         6374    .ARM.Collect$$rtexit$$00000000  c_w.l(rtexit.o)
    0x080001bc   0x080001bc   0x00000000   Code   RO         6422    .ARM.Collect$$rtexit$$00000002  c_w.l(rtexit2.o)
    0x080001bc   0x080001bc   0x00000004   Code   RO         6423    .ARM.Collect$$rtexit$$00000003  c_w.l(rtexit2.o)
    0x080001c0   0x080001c0   0x00000006   Code   RO         6424    .ARM.Collect$$rtexit$$00000004  c_w.l(rtexit2.o)
    0x080001c6   0x080001c6   0x00000002   PAD
    0x080001c8   0x080001c8   0x0000003c   Code   RO            4    .text               startup_stm32f103xb.o
    0x08000204   0x08000204   0x0000004e   Code   RO         6324    .text               c_w.l(rt_memclr_w.o)
    0x08000252   0x08000252   0x00000006   Code   RO         6326    .text               c_w.l(heapauxi.o)
    0x08000258   0x08000258   0x0000004a   Code   RO         6361    .text               c_w.l(sys_stackheap_outer.o)
    0x080002a2   0x080002a2   0x00000012   Code   RO         6363    .text               c_w.l(exit.o)
    0x080002b4   0x080002b4   0x00000008   Code   RO         6371    .text               c_w.l(libspace.o)
    0x080002bc   0x080002bc   0x0000000c   Code   RO         6432    .text               c_w.l(sys_exit.o)
    0x080002c8   0x080002c8   0x00000002   Code   RO         6443    .text               c_w.l(use_no_semi.o)
    0x080002ca   0x080002ca   0x00000000   Code   RO         6445    .text               c_w.l(indicate_semi.o)
    0x080002ca   0x080002ca   0x00000002   PAD
    0x080002cc   0x080002cc   0x00000050   Code   RO         5028    i.ADC1_2_IRQHandler  k1-burst-driver.pfr.o
    0x0800031c   0x0800031c   0x00000056   Code   RO          602    i.ADC_ConversionStop_Disable  stm32f1xx_hal_adc.o
    0x08000372   0x08000372   0x00000002   PAD
    0x08000374   0x08000374   0x0000007c   Code   RO          606    i.ADC_Enable        stm32f1xx_hal_adc.o
    0x080003f0   0x080003f0   0x00000002   Code   RO          448    i.BusFault_Handler  stm32f1xx_it.o
    0x080003f2   0x080003f2   0x00000002   PAD
    0x080003f4   0x080003f4   0x0000000c   Code   RO          449    i.DMA1_Channel4_IRQHandler  stm32f1xx_it.o
    0x08000400   0x08000400   0x0000000c   Code   RO          450    i.DMA1_Channel5_IRQHandler  stm32f1xx_it.o
    0x0800040c   0x0800040c   0x0000002a   Code   RO         1258    i.DMA_SetConfig     stm32f1xx_hal_dma.o
    0x08000436   0x08000436   0x00000002   Code   RO          451    i.DebugMon_Handler  stm32f1xx_it.o
    0x08000438   0x08000438   0x0000002c   Code   RO           13    i.Error_Handler     main.o
    0x08000464   0x08000464   0x00000028   Code   RO         4613    i.FMSTR_AddressFromBuffer  k1-burst-driver.obj.o
    0x0800048c   0x0800048c   0x00000014   Code   RO         4614    i.FMSTR_AddressToBuffer  k1-burst-driver.obj.o
    0x080004a0   0x080004a0   0x00000020   Code   RO         4615    i.FMSTR_Compare16S  k1-burst-driver.obj.o
    0x080004c0   0x080004c0   0x0000001c   Code   RO         4616    i.FMSTR_Compare16U  k1-burst-driver.obj.o
    0x080004dc   0x080004dc   0x0000001c   Code   RO         4617    i.FMSTR_Compare32S  k1-burst-driver.obj.o
    0x080004f8   0x080004f8   0x0000001c   Code   RO         4618    i.FMSTR_Compare32U  k1-burst-driver.obj.o
    0x08000514   0x08000514   0x00000020   Code   RO         4619    i.FMSTR_Compare8S   k1-burst-driver.obj.o
    0x08000534   0x08000534   0x0000001c   Code   RO         4620    i.FMSTR_Compare8U   k1-burst-driver.obj.o
    0x08000550   0x08000550   0x00000018   Code   RO         4621    i.FMSTR_CopyFromBuffer  k1-burst-driver.obj.o
    0x08000568   0x08000568   0x00000024   Code   RO         4622    i.FMSTR_CopyFromBufferWithMask  k1-burst-driver.obj.o
    0x0800058c   0x0800058c   0x00000014   Code   RO         4623    i.FMSTR_CopyMemory  k1-burst-driver.obj.o
    0x080005a0   0x080005a0   0x00000014   Code   RO         4624    i.FMSTR_CopyToBuffer  k1-burst-driver.obj.o
    0x080005b4   0x080005b4   0x00000080   Code   RO         4625    i.FMSTR_GetBoardInfo  k1-burst-driver.obj.o
    0x08000634   0x08000634   0x0000003c   Code   RO         4626    i.FMSTR_GetRecBuff  k1-burst-driver.obj.o
    0x08000670   0x08000670   0x00000024   Code   RO         4628    i.FMSTR_GetRecStatus  k1-burst-driver.obj.o
    0x08000694   0x08000694   0x00000020   Code   RO         4634    i.FMSTR_Listen      k1-burst-driver.obj.o
    0x080006b4   0x080006b4   0x0000003c   Code   RO         4636    i.FMSTR_ProcessSCI  k1-burst-driver.obj.o
    0x080006f0   0x080006f0   0x000000d4   Code   RO         4637    i.FMSTR_ProtocolDecoder  k1-burst-driver.obj.o
    0x080007c4   0x080007c4   0x00000030   Code   RO         4638    i.FMSTR_ReadMem     k1-burst-driver.obj.o
    0x080007f4   0x080007f4   0x00000040   Code   RO         4639    i.FMSTR_ReadScope   k1-burst-driver.obj.o
    0x08000834   0x08000834   0x00000014   Code   RO         4641    i.FMSTR_Recorder    k1-burst-driver.obj.o
    0x08000848   0x08000848   0x000000b8   Code   RO         4642    i.FMSTR_Recorder2   k1-burst-driver.obj.o
    0x08000900   0x08000900   0x000000d4   Code   RO         4643    i.FMSTR_Rx          k1-burst-driver.obj.o
    0x080009d4   0x080009d4   0x0000001a   Code   RO         4647    i.FMSTR_SCI_RDCLRSR  k1-burst-driver.obj.o
    0x080009ee   0x080009ee   0x00000002   PAD
    0x080009f0   0x080009f0   0x00000010   Code   RO         4651    i.FMSTR_SendError   k1-burst-driver.obj.o
    0x08000a00   0x08000a00   0x00000050   Code   RO         4652    i.FMSTR_SendResponse  k1-burst-driver.obj.o
    0x08000a50   0x08000a50   0x00000150   Code   RO         4654    i.FMSTR_SetUpRec    k1-burst-driver.obj.o
    0x08000ba0   0x08000ba0   0x00000070   Code   RO         4656    i.FMSTR_SetUpScope  k1-burst-driver.obj.o
    0x08000c10   0x08000c10   0x00000054   Code   RO         4657    i.FMSTR_StartRec    k1-burst-driver.obj.o
    0x08000c64   0x08000c64   0x00000030   Code   RO         4658    i.FMSTR_StopRec     k1-burst-driver.obj.o
    0x08000c94   0x08000c94   0x0000001c   Code   RO         4659    i.FMSTR_TriggerRec  k1-burst-driver.obj.o
    0x08000cb0   0x08000cb0   0x0000004c   Code   RO         4660    i.FMSTR_Tx          k1-burst-driver.obj.o
    0x08000cfc   0x08000cfc   0x00000010   Code   RO         4661    i.FMSTR_ValueFromBuffer16  k1-burst-driver.obj.o
    0x08000d0c   0x08000d0c   0x00000014   Code   RO         4662    i.FMSTR_ValueFromBuffer32  k1-burst-driver.obj.o
    0x08000d20   0x08000d20   0x0000000c   Code   RO         4663    i.FMSTR_ValueToBuffer16  k1-burst-driver.obj.o
    0x08000d2c   0x08000d2c   0x00000016   Code   RO         4664    i.FMSTR_ValueToBuffer32  k1-burst-driver.obj.o
    0x08000d42   0x08000d42   0x00000024   Code   RO         4665    i.FMSTR_WriteMem    k1-burst-driver.obj.o
    0x08000d66   0x08000d66   0x00000024   Code   RO         4666    i.FMSTR_WriteMemMask  k1-burst-driver.obj.o
    0x08000d8a   0x08000d8a   0x00000002   PAD
    0x08000d8c   0x08000d8c   0x000000d8   Code   RO          782    i.HAL_ADCEx_Calibration_Start  stm32f1xx_hal_adc_ex.o
    0x08000e64   0x08000e64   0x000001dc   Code   RO          783    i.HAL_ADCEx_InjectedConfigChannel  stm32f1xx_hal_adc_ex.o
    0x08001040   0x08001040   0x000000a8   Code   RO          787    i.HAL_ADCEx_InjectedStart  stm32f1xx_hal_adc_ex.o
    0x080010e8   0x080010e8   0x000000b4   Code   RO          788    i.HAL_ADCEx_InjectedStart_IT  stm32f1xx_hal_adc_ex.o
    0x0800119c   0x0800119c   0x0000011c   Code   RO          617    i.HAL_ADC_Init      stm32f1xx_hal_adc.o
    0x080012b8   0x080012b8   0x00000088   Code   RO          227    i.HAL_ADC_MspInit   adc.o
    0x08001340   0x08001340   0x00000046   Code   RO         1259    i.HAL_DMA_Abort     stm32f1xx_hal_dma.o
    0x08001386   0x08001386   0x00000002   PAD
    0x08001388   0x08001388   0x00000098   Code   RO         1260    i.HAL_DMA_Abort_IT  stm32f1xx_hal_dma.o
    0x08001420   0x08001420   0x00000154   Code   RO         1264    i.HAL_DMA_IRQHandler  stm32f1xx_hal_dma.o
    0x08001574   0x08001574   0x0000005c   Code   RO         1265    i.HAL_DMA_Init      stm32f1xx_hal_dma.o
    0x080015d0   0x080015d0   0x00000070   Code   RO         1269    i.HAL_DMA_Start_IT  stm32f1xx_hal_dma.o
    0x08001640   0x08001640   0x000001e0   Code   RO         1195    i.HAL_GPIO_Init     stm32f1xx_hal_gpio.o
    0x08001820   0x08001820   0x0000000a   Code   RO         1199    i.HAL_GPIO_WritePin  stm32f1xx_hal_gpio.o
    0x0800182a   0x0800182a   0x00000002   PAD
    0x0800182c   0x0800182c   0x0000000c   Code   RO          889    i.HAL_GetTick       stm32f1xx_hal.o
    0x08001838   0x08001838   0x00000010   Code   RO          895    i.HAL_IncTick       stm32f1xx_hal.o
    0x08001848   0x08001848   0x00000024   Code   RO          896    i.HAL_Init          stm32f1xx_hal.o
    0x0800186c   0x0800186c   0x00000040   Code   RO          897    i.HAL_InitTick      stm32f1xx_hal.o
    0x080018ac   0x080018ac   0x0000003c   Code   RO          542    i.HAL_MspInit       stm32f1xx_hal_msp.o
    0x080018e8   0x080018e8   0x0000001a   Code   RO         1355    i.HAL_NVIC_EnableIRQ  stm32f1xx_hal_cortex.o
    0x08001902   0x08001902   0x00000002   PAD
    0x08001904   0x08001904   0x00000040   Code   RO         1361    i.HAL_NVIC_SetPriority  stm32f1xx_hal_cortex.o
    0x08001944   0x08001944   0x00000024   Code   RO         1362    i.HAL_NVIC_SetPriorityGrouping  stm32f1xx_hal_cortex.o
    0x08001968   0x08001968   0x000000a4   Code   RO         1156    i.HAL_RCCEx_GetPeriphCLKFreq  stm32f1xx_hal_rcc_ex.o
    0x08001a0c   0x08001a0c   0x000000ec   Code   RO         1157    i.HAL_RCCEx_PeriphCLKConfig  stm32f1xx_hal_rcc_ex.o
    0x08001af8   0x08001af8   0x0000012c   Code   RO         1053    i.HAL_RCC_ClockConfig  stm32f1xx_hal_rcc.o
    0x08001c24   0x08001c24   0x00000020   Code   RO         1060    i.HAL_RCC_GetPCLK1Freq  stm32f1xx_hal_rcc.o
    0x08001c44   0x08001c44   0x00000020   Code   RO         1061    i.HAL_RCC_GetPCLK2Freq  stm32f1xx_hal_rcc.o
    0x08001c64   0x08001c64   0x0000004c   Code   RO         1062    i.HAL_RCC_GetSysClockFreq  stm32f1xx_hal_rcc.o
    0x08001cb0   0x08001cb0   0x00000320   Code   RO         1065    i.HAL_RCC_OscConfig  stm32f1xx_hal_rcc.o
    0x08001fd0   0x08001fd0   0x00000028   Code   RO         1366    i.HAL_SYSTICK_Config  stm32f1xx_hal_cortex.o
    0x08001ff8   0x08001ff8   0x00000054   Code   RO         2564    i.HAL_TIMEx_ConfigBreakDeadTime  stm32f1xx_hal_tim_ex.o
    0x0800204c   0x0800204c   0x000000d0   Code   RO         2571    i.HAL_TIMEx_HallSensor_Init  stm32f1xx_hal_tim_ex.o
    0x0800211c   0x0800211c   0x0000007c   Code   RO          323    i.HAL_TIMEx_HallSensor_MspInit  tim.o
    0x08002198   0x08002198   0x00000068   Code   RO         2580    i.HAL_TIMEx_MasterConfigSynchronization  stm32f1xx_hal_tim_ex.o
    0x08002200   0x08002200   0x0000005a   Code   RO         1857    i.HAL_TIM_Base_Init  stm32f1xx_hal_tim.o
    0x0800225a   0x0800225a   0x00000002   PAD
    0x0800225c   0x0800225c   0x00000028   Code   RO          325    i.HAL_TIM_Base_MspInit  tim.o
    0x08002284   0x08002284   0x000000dc   Code   RO         1866    i.HAL_TIM_ConfigClockSource  stm32f1xx_hal_tim.o
    0x08002360   0x08002360   0x000000a4   Code   RO         1878    i.HAL_TIM_Encoder_Init  stm32f1xx_hal_tim.o
    0x08002404   0x08002404   0x0000008c   Code   RO          327    i.HAL_TIM_Encoder_MspInit  tim.o
    0x08002490   0x08002490   0x00000074   Code   RO          328    i.HAL_TIM_MspPostInit  tim.o
    0x08002504   0x08002504   0x00000052   Code   RO         1906    i.HAL_TIM_OC_ConfigChannel  stm32f1xx_hal_tim.o
    0x08002556   0x08002556   0x0000005a   Code   RO         1910    i.HAL_TIM_OC_Init   stm32f1xx_hal_tim.o
    0x080025b0   0x080025b0   0x00000002   Code   RO         1912    i.HAL_TIM_OC_MspInit  stm32f1xx_hal_tim.o
    0x080025b2   0x080025b2   0x00000002   PAD
    0x080025b4   0x080025b4   0x000000c8   Code   RO         1915    i.HAL_TIM_OC_Start_IT  stm32f1xx_hal_tim.o
    0x0800267c   0x0800267c   0x000000cc   Code   RO         1929    i.HAL_TIM_PWM_ConfigChannel  stm32f1xx_hal_tim.o
    0x08002748   0x08002748   0x0000005a   Code   RO         1932    i.HAL_TIM_PWM_Init  stm32f1xx_hal_tim.o
    0x080027a2   0x080027a2   0x00000002   Code   RO         1934    i.HAL_TIM_PWM_MspInit  stm32f1xx_hal_tim.o
    0x080027a4   0x080027a4   0x0000004e   Code   RO         2838    i.HAL_UARTEx_ReceiveToIdle_DMA  stm32f1xx_hal_uart.o
    0x080027f2   0x080027f2   0x00000002   PAD
    0x080027f4   0x080027f4   0x00000024   Code   RO         5029    i.HAL_UARTEx_RxEventCallback  k1-burst-driver.pfr.o
    0x08002818   0x08002818   0x00000070   Code   RO         2852    i.HAL_UART_DMAStop  stm32f1xx_hal_uart.o
    0x08002888   0x08002888   0x0000002c   Code   RO         5032    i.HAL_UART_ErrorCallback  k1-burst-driver.pfr.o
    0x080028b4   0x080028b4   0x0000026c   Code   RO         2857    i.HAL_UART_IRQHandler  stm32f1xx_hal_uart.o
    0x08002b20   0x08002b20   0x00000064   Code   RO         2858    i.HAL_UART_Init     stm32f1xx_hal_uart.o
    0x08002b84   0x08002b84   0x000000e8   Code   RO          407    i.HAL_UART_MspInit  usart.o
    0x08002c6c   0x08002c6c   0x00000002   Code   RO         2864    i.HAL_UART_RxCpltCallback  stm32f1xx_hal_uart.o
    0x08002c6e   0x08002c6e   0x00000002   Code   RO         2865    i.HAL_UART_RxHalfCpltCallback  stm32f1xx_hal_uart.o
    0x08002c70   0x08002c70   0x00000078   Code   RO         2867    i.HAL_UART_Transmit_DMA  stm32f1xx_hal_uart.o
    0x08002ce8   0x08002ce8   0x00000028   Code   RO         5033    i.HAL_UART_TxCpltCallback  k1-burst-driver.pfr.o
    0x08002d10   0x08002d10   0x00000002   Code   RO         2870    i.HAL_UART_TxHalfCpltCallback  stm32f1xx_hal_uart.o
    0x08002d12   0x08002d12   0x00000002   Code   RO          452    i.HardFault_Handler  stm32f1xx_it.o
    0x08002d14   0x08002d14   0x000000a8   Code   RO          228    i.MX_ADC1_Init      adc.o
    0x08002dbc   0x08002dbc   0x00000090   Code   RO          229    i.MX_ADC2_Init      adc.o
    0x08002e4c   0x08002e4c   0x0000003c   Code   RO          274    i.MX_DMA_Init       dma.o
    0x08002e88   0x08002e88   0x000000d4   Code   RO          202    i.MX_GPIO_Init      gpio.o
    0x08002f5c   0x08002f5c   0x00000002   Code   RO          298    i.MX_I2C1_SMBUS_Init  i2c.o
    0x08002f5e   0x08002f5e   0x00000002   PAD
    0x08002f60   0x08002f60   0x00000104   Code   RO          329    i.MX_TIM1_Init      tim.o
    0x08003064   0x08003064   0x00000068   Code   RO          330    i.MX_TIM2_Init      tim.o
    0x080030cc   0x080030cc   0x00000054   Code   RO          331    i.MX_TIM3_Init      tim.o
    0x08003120   0x08003120   0x00000038   Code   RO          408    i.MX_USART1_UART_Init  usart.o
    0x08003158   0x08003158   0x00000002   Code   RO          453    i.MemManage_Handler  stm32f1xx_it.o
    0x0800315a   0x0800315a   0x00000002   Code   RO          454    i.NMI_Handler       stm32f1xx_it.o
    0x0800315c   0x0800315c   0x00000002   Code   RO          455    i.PendSV_Handler    stm32f1xx_it.o
    0x0800315e   0x0800315e   0x00000002   Code   RO          456    i.SVC_Handler       stm32f1xx_it.o
    0x08003160   0x08003160   0x00000004   Code   RO          457    i.SysTick_Handler   stm32f1xx_it.o
    0x08003164   0x08003164   0x0000006c   Code   RO           14    i.SystemClock_Config  main.o
    0x080031d0   0x080031d0   0x00000002   Code   RO         3192    i.SystemInit        system_stm32f1xx.o
    0x080031d2   0x080031d2   0x00000002   PAD
    0x080031d4   0x080031d4   0x0000003c   Code   RO         5034    i.TIM1_CC_IRQHandler  k1-burst-driver.pfr.o
    0x08003210   0x08003210   0x0000006c   Code   RO         1950    i.TIM_Base_SetConfig  stm32f1xx_hal_tim.o
    0x0800327c   0x0800327c   0x0000001a   Code   RO         1951    i.TIM_CCxChannelCmd  stm32f1xx_hal_tim.o
    0x08003296   0x08003296   0x00000014   Code   RO         1961    i.TIM_ETR_SetConfig  stm32f1xx_hal_tim.o
    0x080032aa   0x080032aa   0x00000010   Code   RO         1962    i.TIM_ITRx_SetConfig  stm32f1xx_hal_tim.o
    0x080032ba   0x080032ba   0x00000002   PAD
    0x080032bc   0x080032bc   0x00000050   Code   RO         1963    i.TIM_OC1_SetConfig  stm32f1xx_hal_tim.o
    0x0800330c   0x0800330c   0x00000058   Code   RO         1964    i.TIM_OC2_SetConfig  stm32f1xx_hal_tim.o
    0x08003364   0x08003364   0x00000058   Code   RO         1965    i.TIM_OC3_SetConfig  stm32f1xx_hal_tim.o
    0x080033bc   0x080033bc   0x00000044   Code   RO         1966    i.TIM_OC4_SetConfig  stm32f1xx_hal_tim.o
    0x08003400   0x08003400   0x00000022   Code   RO         1968    i.TIM_TI1_ConfigInputStage  stm32f1xx_hal_tim.o
    0x08003422   0x08003422   0x00000002   PAD
    0x08003424   0x08003424   0x00000058   Code   RO         1969    i.TIM_TI1_SetConfig  stm32f1xx_hal_tim.o
    0x0800347c   0x0800347c   0x00000024   Code   RO         1970    i.TIM_TI2_ConfigInputStage  stm32f1xx_hal_tim.o
    0x080034a0   0x080034a0   0x00000010   Code   RO         2871    i.UART_DMAAbortOnError  stm32f1xx_hal_uart.o
    0x080034b0   0x080034b0   0x0000004a   Code   RO         2872    i.UART_DMAError     stm32f1xx_hal_uart.o
    0x080034fa   0x080034fa   0x00000086   Code   RO         2873    i.UART_DMAReceiveCplt  stm32f1xx_hal_uart.o
    0x08003580   0x08003580   0x0000001e   Code   RO         2875    i.UART_DMARxHalfCplt  stm32f1xx_hal_uart.o
    0x0800359e   0x0800359e   0x00000042   Code   RO         2877    i.UART_DMATransmitCplt  stm32f1xx_hal_uart.o
    0x080035e0   0x080035e0   0x0000000a   Code   RO         2879    i.UART_DMATxHalfCplt  stm32f1xx_hal_uart.o
    0x080035ea   0x080035ea   0x0000004e   Code   RO         2881    i.UART_EndRxTransfer  stm32f1xx_hal_uart.o
    0x08003638   0x08003638   0x0000001c   Code   RO         2882    i.UART_EndTxTransfer  stm32f1xx_hal_uart.o
    0x08003654   0x08003654   0x000000c2   Code   RO         2883    i.UART_Receive_IT   stm32f1xx_hal_uart.o
    0x08003716   0x08003716   0x00000002   PAD
    0x08003718   0x08003718   0x000000b8   Code   RO         2884    i.UART_SetConfig    stm32f1xx_hal_uart.o
    0x080037d0   0x080037d0   0x00000090   Code   RO         2885    i.UART_Start_Receive_DMA  stm32f1xx_hal_uart.o
    0x08003860   0x08003860   0x0000000c   Code   RO          458    i.USART1_IRQHandler  stm32f1xx_it.o
    0x0800386c   0x0800386c   0x00000002   Code   RO          459    i.UsageFault_Handler  stm32f1xx_it.o
    0x0800386e   0x0800386e   0x00000020   Code   RO         1368    i.__NVIC_SetPriority  stm32f1xx_hal_cortex.o
    0x0800388e   0x0800388e   0x00000002   PAD
    0x08003890   0x08003890   0x00000054   Code   RO         5456    i.actuator_begin    actuator.o
    0x080038e4   0x080038e4   0x0000001a   Code   RO         5458    i.actuator_event_update_feedback  actuator.o
    0x080038fe   0x080038fe   0x00000020   Code   RO         5459    i.actuator_mode_fault_runB  actuator.o
    0x0800391e   0x0800391e   0x0000000c   Code   RO         5460    i.actuator_mode_fault_start  actuator.o
    0x0800392a   0x0800392a   0x0000003c   Code   RO         5461    i.actuator_mode_position_applay_action  actuator.o
    0x08003966   0x08003966   0x00000014   Code   RO         5462    i.actuator_mode_position_runB  actuator.o
    0x0800397a   0x0800397a   0x0000007a   Code   RO         5463    i.actuator_mode_position_start  actuator.o
    0x080039f4   0x080039f4   0x00000008   Code   RO         5464    i.actuator_mode_position_stop  actuator.o
    0x080039fc   0x080039fc   0x00000028   Code   RO         5465    i.actuator_mode_speed_applay_action  actuator.o
    0x08003a24   0x08003a24   0x00000006   Code   RO         5466    i.actuator_mode_speed_runB  actuator.o
    0x08003a2a   0x08003a2a   0x0000004c   Code   RO         5467    i.actuator_mode_speed_start  actuator.o
    0x08003a76   0x08003a76   0x00000008   Code   RO         5468    i.actuator_mode_speed_stop  actuator.o
    0x08003a7e   0x08003a7e   0x00000018   Code   RO         5469    i.actuator_mode_voltage_applay_action  actuator.o
    0x08003a96   0x08003a96   0x00000014   Code   RO         5470    i.actuator_mode_voltage_start  actuator.o
    0x08003aaa   0x08003aaa   0x00000008   Code   RO         5471    i.actuator_mode_voltage_stop  actuator.o
    0x08003ab2   0x08003ab2   0x00000002   PAD
    0x08003ab4   0x08003ab4   0x000000b4   Code   RO         5576    i.acwc_begin        acwc.o
    0x08003b68   0x08003b68   0x00000014   Code   RO         5577    i.acwc_event_update_feedback  acwc.o
    0x08003b7c   0x08003b7c   0x00000028   Code   RO         5578    i.acwc_mode_current_applay_action  acwc.o
    0x08003ba4   0x08003ba4   0x00000006   Code   RO         5579    i.acwc_mode_current_runA  acwc.o
    0x08003baa   0x08003baa   0x0000002e   Code   RO         5580    i.acwc_mode_current_start  acwc.o
    0x08003bd8   0x08003bd8   0x00000008   Code   RO         5581    i.acwc_mode_current_stop  acwc.o
    0x08003be0   0x08003be0   0x0000001e   Code   RO         5582    i.acwc_mode_position_applay_action  acwc.o
    0x08003bfe   0x08003bfe   0x0000001e   Code   RO         5583    i.acwc_mode_position_cl_applay_action  acwc.o
    0x08003c1c   0x08003c1c   0x00000006   Code   RO         5584    i.acwc_mode_position_cl_runA  acwc.o
    0x08003c22   0x08003c22   0x00000014   Code   RO         5585    i.acwc_mode_position_cl_runB  acwc.o
    0x08003c36   0x08003c36   0x00000084   Code   RO         5586    i.acwc_mode_position_cl_start  acwc.o
    0x08003cba   0x08003cba   0x00000008   Code   RO         5587    i.acwc_mode_position_cl_stop  acwc.o
    0x08003cc2   0x08003cc2   0x00000006   Code   RO         5588    i.acwc_mode_position_runA  acwc.o
    0x08003cc8   0x08003cc8   0x00000014   Code   RO         5589    i.acwc_mode_position_runB  acwc.o
    0x08003cdc   0x08003cdc   0x00000084   Code   RO         5590    i.acwc_mode_position_start  acwc.o
    0x08003d60   0x08003d60   0x00000008   Code   RO         5591    i.acwc_mode_position_stop  acwc.o
    0x08003d68   0x08003d68   0x0000001e   Code   RO         5592    i.acwc_mode_speed_applay_action  acwc.o
    0x08003d86   0x08003d86   0x0000001e   Code   RO         5593    i.acwc_mode_speed_cl_applay_action  acwc.o
    0x08003da4   0x08003da4   0x00000006   Code   RO         5594    i.acwc_mode_speed_cl_runA  acwc.o
    0x08003daa   0x08003daa   0x00000006   Code   RO         5595    i.acwc_mode_speed_cl_runB  acwc.o
    0x08003db0   0x08003db0   0x0000004e   Code   RO         5596    i.acwc_mode_speed_cl_start  acwc.o
    0x08003dfe   0x08003dfe   0x00000008   Code   RO         5597    i.acwc_mode_speed_cl_stop  acwc.o
    0x08003e06   0x08003e06   0x00000006   Code   RO         5598    i.acwc_mode_speed_runA  acwc.o
    0x08003e0c   0x08003e0c   0x00000006   Code   RO         5599    i.acwc_mode_speed_runB  acwc.o
    0x08003e12   0x08003e12   0x0000004e   Code   RO         5600    i.acwc_mode_speed_start  acwc.o
    0x08003e60   0x08003e60   0x00000008   Code   RO         5601    i.acwc_mode_speed_stop  acwc.o
    0x08003e68   0x08003e68   0x0000002c   Code   RO         5602    i.acwc_mode_voltage_cl_applay_action  acwc.o
    0x08003e94   0x08003e94   0x00000006   Code   RO         5603    i.acwc_mode_voltage_cl_runA  acwc.o
    0x08003e9a   0x08003e9a   0x00000024   Code   RO         5604    i.acwc_mode_voltage_cl_start  acwc.o
    0x08003ebe   0x08003ebe   0x00000008   Code   RO         5605    i.acwc_mode_voltage_cl_stop  acwc.o
    0x08003ec6   0x08003ec6   0x00000006   Code   RO         3842    i.adc_begin         burst_adc.o
    0x08003ecc   0x08003ecc   0x00000022   Code   RO         3843    i.adc_reset         burst_adc.o
    0x08003eee   0x08003eee   0x00000002   PAD
    0x08003ef0   0x08003ef0   0x0000002c   Code   RO         5035    i.adc_start         k1-burst-driver.pfr.o
    0x08003f1c   0x08003f1c   0x000000c0   Code   RO         3844    i.adc_update        burst_adc.o
    0x08003fdc   0x08003fdc   0x00000068   Code   RO         3226    i.burst_backend_loop  burst.o
    0x08004044   0x08004044   0x000001d4   Code   RO         3227    i.burst_begin       burst.o
    0x08004218   0x08004218   0x00000064   Code   RO         3228    i.burst_comeback    burst.o
    0x0800427c   0x0800427c   0x0000000a   Code   RO         4305    i.burst_cos         burst_sin.o
    0x08004286   0x08004286   0x00000002   PAD
    0x08004288   0x08004288   0x00000068   Code   RO         3231    i.burst_dev_attach  burst.o
    0x080042f0   0x080042f0   0x00000068   Code   RO         3232    i.burst_dev_backend_loop  burst.o
    0x08004358   0x08004358   0x00000002   Code   RO         3233    i.burst_dev_idle_event  burst.o
    0x0800435a   0x0800435a   0x00000006   Code   RO         3234    i.burst_dev_runA    burst.o
    0x08004360   0x08004360   0x00000006   Code   RO         3235    i.burst_dev_runB    burst.o
    0x08004366   0x08004366   0x00000002   PAD
    0x08004368   0x08004368   0x00000064   Code   RO         3238    i.burst_fall        burst.o
    0x080043cc   0x080043cc   0x00000040   Code   RO         3239    i.burst_frontend_loop  burst.o
    0x0800440c   0x0800440c   0x00000044   Code   RO         3240    i.burst_guard_enter  burst.o
    0x08004450   0x08004450   0x000000d8   Code   RO         3241    i.burst_guard_leave  burst.o
    0x08004528   0x08004528   0x00000002   Code   RO         3242    i.burst_hw_backend_loop  burst.o
    0x0800452a   0x0800452a   0x00000002   PAD
    0x0800452c   0x0800452c   0x00000048   Code   RO         5036    i.burst_hw_begin    k1-burst-driver.pfr.o
    0x08004574   0x08004574   0x00000002   Code   RO         3244    i.burst_hw_comeback  burst.o
    0x08004576   0x08004576   0x00000002   PAD
    0x08004578   0x08004578   0x00000010   Code   RO         5037    i.burst_hw_critical_enter  k1-burst-driver.pfr.o
    0x08004588   0x08004588   0x00000010   Code   RO         5038    i.burst_hw_critical_leave  k1-burst-driver.pfr.o
    0x08004598   0x08004598   0x00000002   Code   RO         3247    i.burst_hw_fall     burst.o
    0x0800459a   0x0800459a   0x00000002   PAD
    0x0800459c   0x0800459c   0x00000030   Code   RO         5039    i.burst_hw_frontend_loop  k1-burst-driver.pfr.o
    0x080045cc   0x080045cc   0x00000010   Code   RO         5040    i.burst_hw_guard_enter  k1-burst-driver.pfr.o
    0x080045dc   0x080045dc   0x00000004   Code   RO         5041    i.burst_hw_guard_leave  k1-burst-driver.pfr.o
    0x080045e0   0x080045e0   0x00000010   Code   RO         5042    i.burst_hw_guard_lock  k1-burst-driver.pfr.o
    0x080045f0   0x080045f0   0x00000004   Code   RO         5043    i.burst_hw_guard_unlock  k1-burst-driver.pfr.o
    0x080045f4   0x080045f4   0x00000006   Code   RO         5044    i.burst_hw_on_crash  k1-burst-driver.pfr.o
    0x080045fa   0x080045fa   0x00000002   PAD
    0x080045fc   0x080045fc   0x00000058   Code   RO         5045    i.burst_hw_realtime_loop  k1-burst-driver.pfr.o
    0x08004654   0x08004654   0x00000002   Code   RO         3256    i.burst_hw_slot_0   burst.o
    0x08004656   0x08004656   0x00000002   Code   RO         3257    i.burst_hw_slot_1   burst.o
    0x08004658   0x08004658   0x00000002   Code   RO         3258    i.burst_hw_slot_10  burst.o
    0x0800465a   0x0800465a   0x00000002   Code   RO         3259    i.burst_hw_slot_11  burst.o
    0x0800465c   0x0800465c   0x00000002   Code   RO         3260    i.burst_hw_slot_12  burst.o
    0x0800465e   0x0800465e   0x00000002   Code   RO         3261    i.burst_hw_slot_13  burst.o
    0x08004660   0x08004660   0x00000002   Code   RO         3262    i.burst_hw_slot_14  burst.o
    0x08004662   0x08004662   0x00000002   Code   RO         3263    i.burst_hw_slot_15  burst.o
    0x08004664   0x08004664   0x00000002   Code   RO         3264    i.burst_hw_slot_2   burst.o
    0x08004666   0x08004666   0x00000002   Code   RO         3265    i.burst_hw_slot_3   burst.o
    0x08004668   0x08004668   0x00000002   Code   RO         3266    i.burst_hw_slot_4   burst.o
    0x0800466a   0x0800466a   0x00000002   Code   RO         3267    i.burst_hw_slot_5   burst.o
    0x0800466c   0x0800466c   0x00000002   Code   RO         3268    i.burst_hw_slot_6   burst.o
    0x0800466e   0x0800466e   0x00000002   Code   RO         3269    i.burst_hw_slot_7   burst.o
    0x08004670   0x08004670   0x00000002   Code   RO         3270    i.burst_hw_slot_8   burst.o
    0x08004672   0x08004672   0x00000002   Code   RO         3271    i.burst_hw_slot_9   burst.o
    0x08004674   0x08004674   0x00000030   Code   RO         5046    i.burst_hw_start    k1-burst-driver.pfr.o
    0x080046a4   0x080046a4   0x00000010   Code   RO         3273    i.burst_is_backend  burst.o
    0x080046b4   0x080046b4   0x0000001a   Code   RO         4031    i.burst_limiter_reset  burst_pi.o
    0x080046ce   0x080046ce   0x0000009e   Code   RO         4032    i.burst_limiter_run  burst_pi.o
    0x0800476c   0x0800476c   0x00000086   Code   RO         4033    i.burst_limiter_setup  burst_pi.o
    0x080047f2   0x080047f2   0x00000012   Code   RO         4004    i.burst_motion_reset_  burst_motion.o
    0x08004804   0x08004804   0x000001c4   Code   RO         4005    i.burst_motion_run_  burst_motion.o
    0x080049c8   0x080049c8   0x00000038   Code   RO         4006    i.burst_motion_setup_  burst_motion.o
    0x08004a00   0x08004a00   0x00000014   Code   RO         4034    i.burst_pi_reset_   burst_pi.o
    0x08004a14   0x08004a14   0x00000124   Code   RO         4035    i.burst_pi_run_     burst_pi.o
    0x08004b38   0x08004b38   0x00000002   Code   RO         4069    i.burst_positioner_reset_  burst_positioner.o
    0x08004b3a   0x08004b3a   0x00000002   PAD
    0x08004b3c   0x08004b3c   0x000000d8   Code   RO         4070    i.burst_positioner_run_  burst_positioner.o
    0x08004c14   0x08004c14   0x00000016   Code   RO         4071    i.burst_positioner_setup_  burst_positioner.o
    0x08004c2a   0x08004c2a   0x0000000e   Code   RO         4096    i.burst_ps_active_  burst_ps.o
    0x08004c38   0x08004c38   0x00000008   Code   RO         4097    i.burst_ps_begin    burst_ps.o
    0x08004c40   0x08004c40   0x00000068   Code   RO         4098    i.burst_ps_run_     burst_ps.o
    0x08004ca8   0x08004ca8   0x00000018   Code   RO         4200    i.burst_range_apply  burst_signal.o
    0x08004cc0   0x08004cc0   0x00000038   Code   RO         4201    i.burst_range_set   burst_signal.o
    0x08004cf8   0x08004cf8   0x0000004c   Code   RO         3275    i.burst_realtime_loop  burst.o
    0x08004d44   0x08004d44   0x00000004   Code   RO         4306    i.burst_sin         burst_sin.o
    0x08004d48   0x08004d48   0x0000000c   Code   RO         3277    i.burst_slot_0      burst.o
    0x08004d54   0x08004d54   0x0000000c   Code   RO         3278    i.burst_slot_1      burst.o
    0x08004d60   0x08004d60   0x0000000c   Code   RO         3279    i.burst_slot_10     burst.o
    0x08004d6c   0x08004d6c   0x0000000c   Code   RO         3280    i.burst_slot_11     burst.o
    0x08004d78   0x08004d78   0x0000000c   Code   RO         3281    i.burst_slot_12     burst.o
    0x08004d84   0x08004d84   0x0000000c   Code   RO         3282    i.burst_slot_13     burst.o
    0x08004d90   0x08004d90   0x0000000c   Code   RO         3283    i.burst_slot_14     burst.o
    0x08004d9c   0x08004d9c   0x0000000c   Code   RO         3284    i.burst_slot_15     burst.o
    0x08004da8   0x08004da8   0x0000000c   Code   RO         3285    i.burst_slot_2      burst.o
    0x08004db4   0x08004db4   0x0000000c   Code   RO         3286    i.burst_slot_3      burst.o
    0x08004dc0   0x08004dc0   0x0000000c   Code   RO         3287    i.burst_slot_4      burst.o
    0x08004dcc   0x08004dcc   0x0000000c   Code   RO         3288    i.burst_slot_5      burst.o
    0x08004dd8   0x08004dd8   0x0000000c   Code   RO         3289    i.burst_slot_6      burst.o
    0x08004de4   0x08004de4   0x0000000c   Code   RO         3290    i.burst_slot_7      burst.o
    0x08004df0   0x08004df0   0x0000000c   Code   RO         3291    i.burst_slot_8      burst.o
    0x08004dfc   0x08004dfc   0x0000000c   Code   RO         3292    i.burst_slot_9      burst.o
    0x08004e08   0x08004e08   0x00000030   Code   RO         3293    i.burst_start       burst.o
    0x08004e38   0x08004e38   0x00000012   Code   RO         4386    i.burst_sw_backend_loop  k1-burst-driver.o
    0x08004e4a   0x08004e4a   0x00000002   PAD
    0x08004e4c   0x08004e4c   0x00000014   Code   RO         4387    i.burst_sw_begin    k1-burst-driver.o
    0x08004e60   0x08004e60   0x0000000e   Code   RO         4388    i.burst_sw_frontend_loop  k1-burst-driver.o
    0x08004e6e   0x08004e6e   0x00000002   Code   RO         3297    i.burst_sw_on_crash  burst.o
    0x08004e70   0x08004e70   0x00000004   Code   RO         4389    i.burst_sw_realtime_loop  k1-burst-driver.o
    0x08004e74   0x08004e74   0x00000004   Code   RO         4390    i.burst_sw_slot_0   k1-burst-driver.o
    0x08004e78   0x08004e78   0x00000004   Code   RO         4391    i.burst_sw_slot_1   k1-burst-driver.o
    0x08004e7c   0x08004e7c   0x00000002   Code   RO         3301    i.burst_sw_slot_10  burst.o
    0x08004e7e   0x08004e7e   0x00000002   Code   RO         3302    i.burst_sw_slot_11  burst.o
    0x08004e80   0x08004e80   0x00000002   Code   RO         3303    i.burst_sw_slot_12  burst.o
    0x08004e82   0x08004e82   0x00000002   Code   RO         3304    i.burst_sw_slot_13  burst.o
    0x08004e84   0x08004e84   0x00000002   Code   RO         3305    i.burst_sw_slot_14  burst.o
    0x08004e86   0x08004e86   0x00000002   Code   RO         3306    i.burst_sw_slot_15  burst.o
    0x08004e88   0x08004e88   0x00000004   Code   RO         4392    i.burst_sw_slot_2   k1-burst-driver.o
    0x08004e8c   0x08004e8c   0x00000002   Code   RO         3308    i.burst_sw_slot_3   burst.o
    0x08004e8e   0x08004e8e   0x00000002   Code   RO         3309    i.burst_sw_slot_4   burst.o
    0x08004e90   0x08004e90   0x00000002   Code   RO         3310    i.burst_sw_slot_5   burst.o
    0x08004e92   0x08004e92   0x00000002   Code   RO         3311    i.burst_sw_slot_6   burst.o
    0x08004e94   0x08004e94   0x00000002   Code   RO         3312    i.burst_sw_slot_7   burst.o
    0x08004e96   0x08004e96   0x00000002   Code   RO         3313    i.burst_sw_slot_8   burst.o
    0x08004e98   0x08004e98   0x00000002   Code   RO         3314    i.burst_sw_slot_9   burst.o
    0x08004e9a   0x08004e9a   0x00000002   PAD
    0x08004e9c   0x08004e9c   0x00000020   Code   RO         4393    i.burst_sw_start    k1-burst-driver.o
    0x08004ebc   0x08004ebc   0x0000000c   Code   RO         4343    i.burst_time_us     burst_timer.o
    0x08004ec8   0x08004ec8   0x00000070   Code   RO         4344    i.burst_timer_poll  burst_timer.o
    0x08004f38   0x08004f38   0x00000018   Code   RO         3317    i.burst_tp_off      burst.o
    0x08004f50   0x08004f50   0x00000018   Code   RO         3318    i.burst_tp_on       burst.o
    0x08004f68   0x08004f68   0x0000000c   Code   RO         5047    i.burst_tp_phy_off  k1-burst-driver.pfr.o
    0x08004f74   0x08004f74   0x0000000c   Code   RO         5048    i.burst_tp_phy_on   k1-burst-driver.pfr.o
    0x08004f80   0x08004f80   0x0000000c   Code   RO         3323    i.burst_tp_verb_set  burst.o
    0x08004f8c   0x08004f8c   0x0000000c   Code   RO         6033    i.c_cross_flt_reset  pmsm_hall_app.obj.o
    0x08004f98   0x08004f98   0x0000000c   Code   RO         6034    i.c_cross_flt_run   pmsm_hall_app.obj.o
    0x08004fa4   0x08004fa4   0x00000010   Code   RO         6035    i.c_cross_flt_setup  pmsm_hall_app.obj.o
    0x08004fb4   0x08004fb4   0x0000000c   Code   RO         6036    i.c_cross_pi_reset  pmsm_hall_app.obj.o
    0x08004fc0   0x08004fc0   0x0000000c   Code   RO         6037    i.c_cross_pi_run    pmsm_hall_app.obj.o
    0x08004fcc   0x08004fcc   0x00000040   Code   RO         6038    i.c_cross_pi_setup  pmsm_hall_app.obj.o
    0x0800500c   0x0800500c   0x0000000c   Code   RO         6039    i.c_hi_pi_reset     pmsm_hall_app.obj.o
    0x08005018   0x08005018   0x0000000c   Code   RO         6040    i.c_hi_pi_run       pmsm_hall_app.obj.o
    0x08005024   0x08005024   0x00000044   Code   RO         6041    i.c_hi_pi_setup     pmsm_hall_app.obj.o
    0x08005068   0x08005068   0x0000000c   Code   RO         6042    i.c_lat_flt_reset   pmsm_hall_app.obj.o
    0x08005074   0x08005074   0x0000000c   Code   RO         6043    i.c_lat_flt_run     pmsm_hall_app.obj.o
    0x08005080   0x08005080   0x00000010   Code   RO         6044    i.c_lat_flt_setup   pmsm_hall_app.obj.o
    0x08005090   0x08005090   0x0000000c   Code   RO         6045    i.c_lat_pi_reset    pmsm_hall_app.obj.o
    0x0800509c   0x0800509c   0x0000000c   Code   RO         6046    i.c_lat_pi_run      pmsm_hall_app.obj.o
    0x080050a8   0x080050a8   0x00000040   Code   RO         6047    i.c_lat_pi_setup    pmsm_hall_app.obj.o
    0x080050e8   0x080050e8   0x0000000c   Code   RO         6048    i.c_lo_pi_reset     pmsm_hall_app.obj.o
    0x080050f4   0x080050f4   0x0000000c   Code   RO         6049    i.c_lo_pi_run       pmsm_hall_app.obj.o
    0x08005100   0x08005100   0x00000044   Code   RO         6050    i.c_lo_pi_setup     pmsm_hall_app.obj.o
    0x08005144   0x08005144   0x0000001e   Code   RO         3960    i.current3ph_begin  burst_inv3ph.o
    0x08005162   0x08005162   0x000000b2   Code   RO         3961    i.current3ph_run    burst_inv3ph.o
    0x08005214   0x08005214   0x0000002c   Code   RO         5050    i.delay_us          k1-burst-driver.pfr.o
    0x08005240   0x08005240   0x0000000a   Code   RO         3962    i.dot_              burst_inv3ph.o
    0x0800524a   0x0800524a   0x00000042   Code   RO         5782    i.enco_abs32_begin  enco_abs32.o
    0x0800528c   0x0800528c   0x0000002c   Code   RO         5783    i.enco_abs32_reset_  enco_abs32.o
    0x080052b8   0x080052b8   0x000000f8   Code   RO         5784    i.enco_abs32_run_   enco_abs32.o
    0x080053b0   0x080053b0   0x0000000c   Code   RO         5956    i.enco_encode       pmsm_hall_app.o
    0x080053bc   0x080053bc   0x00000004   Code   RO         6052    i.enco_error        pmsm_hall_app.obj.o
    0x080053c0   0x080053c0   0x00000002   Code   RO         6053    i.enco_query        pmsm_hall_app.obj.o
    0x080053c2   0x080053c2   0x00000002   PAD
    0x080053c4   0x080053c4   0x0000000c   Code   RO         6054    i.enco_reset        pmsm_hall_app.obj.o
    0x080053d0   0x080053d0   0x0000000c   Code   RO         6055    i.enco_run          pmsm_hall_app.obj.o
    0x080053dc   0x080053dc   0x0000000a   Code   RO         4394    i.fm_available      k1-burst-driver.o
    0x080053e6   0x080053e6   0x00000018   Code   RO         4395    i.fm_get            k1-burst-driver.o
    0x080053fe   0x080053fe   0x00000004   Code   RO         4671    i.fm_poll           k1-burst-driver.obj.o
    0x08005402   0x08005402   0x0000001a   Code   RO         4397    i.fm_put            k1-burst-driver.o
    0x0800541c   0x0800541c   0x00000004   Code   RO         4673    i.fm_recorder       k1-burst-driver.obj.o
    0x08005420   0x08005420   0x0000000e   Code   RO         4399    i.fm_space          k1-burst-driver.o
    0x0800542e   0x0800542e   0x00000002   PAD
    0x08005430   0x08005430   0x0000001c   Code   RO         4400    i.fmincom_count     k1-burst-driver.o
    0x0800544c   0x0800544c   0x0000001c   Code   RO         4401    i.fmincom_get_      k1-burst-driver.o
    0x08005468   0x08005468   0x0000001c   Code   RO         4402    i.fmoutcom_count    k1-burst-driver.o
    0x08005484   0x08005484   0x0000001c   Code   RO         4403    i.fmoutcom_put_     k1-burst-driver.o
    0x080054a0   0x080054a0   0x00000060   Code   RO         4404    i.fmserial_try_send  k1-burst-driver.o
    0x08005500   0x08005500   0x0000000e   Code   RO         3893    i.hall_begin        burst_hall.o
    0x0800550e   0x0800550e   0x00000008   Code   RO         3894    i.hall_dummy_interp  burst_hall.o
    0x08005516   0x08005516   0x00000002   PAD
    0x08005518   0x08005518   0x0000008c   Code   RO         3899    i.hall_update       burst_hall.o
    0x080055a4   0x080055a4   0x0000002a   Code   RO         3963    i.inv3ph_begin      burst_inv3ph.o
    0x080055ce   0x080055ce   0x00000002   PAD
    0x080055d0   0x080055d0   0x00000160   Code   RO         3964    i.inv3ph_run        burst_inv3ph.o
    0x08005730   0x08005730   0x00000034   Code   RO         3965    i.inv3ph_scale_     burst_inv3ph.o
    0x08005764   0x08005764   0x00000030   Code   RO         4405    i.k1_serial_pool    k1-burst-driver.o
    0x08005794   0x08005794   0x0000000c   Code   RO         5052    i.k1_serial_ready   k1-burst-driver.pfr.o
    0x080057a0   0x080057a0   0x00000044   Code   RO         4406    i.k1_serial_receive_packet  k1-burst-driver.o
    0x080057e4   0x080057e4   0x00000002   Code   RO         4407    i.k1_serial_send_complete  k1-burst-driver.o
    0x080057e6   0x080057e6   0x00000002   PAD
    0x080057e8   0x080057e8   0x00000050   Code   RO         5053    i.k1_serial_send_packet  k1-burst-driver.pfr.o
    0x08005838   0x08005838   0x00000004   Code   RO         4408    i.k1_serial_send_refuse  k1-burst-driver.o
    0x0800583c   0x0800583c   0x0000003c   Code   RO         5054    i.k1_serial_start_receive  k1-burst-driver.pfr.o
    0x08005878   0x08005878   0x0000003a   Code   RO           15    i.main              main.o
    0x080058b2   0x080058b2   0x00000002   PAD
    0x080058b4   0x080058b4   0x00000040   Code   RO         4307    i.mcsinPIxLUT       burst_sin.o
    0x080058f4   0x080058f4   0x0000000c   Code   RO         6056    i.motion_reset      pmsm_hall_app.obj.o
    0x08005900   0x08005900   0x0000000c   Code   RO         6057    i.motion_run        pmsm_hall_app.obj.o
    0x0800590c   0x0800590c   0x0000003c   Code   RO         6058    i.motion_setup      pmsm_hall_app.obj.o
    0x08005948   0x08005948   0x00000020   Code   RO         5812    i.nikitin_begin     nikitin.o
    0x08005968   0x08005968   0x00000012   Code   RO         5813    i.nikitin_reset_    nikitin.o
    0x0800597a   0x0800597a   0x00000002   PAD
    0x0800597c   0x0800597c   0x00000064   Code   RO         5814    i.nikitin_run_      nikitin.o
    0x080059e0   0x080059e0   0x0000000e   Code   RO         5842    i.pmsm_angle_forcer_begin  pmsm.o
    0x080059ee   0x080059ee   0x0000005a   Code   RO         5843    i.pmsm_angle_forcer_run  pmsm.o
    0x08005a48   0x08005a48   0x000000bc   Code   RO         5844    i.pmsm_begin        pmsm.o
    0x08005b04   0x08005b04   0x0000001a   Code   RO         5845    i.pmsm_event_update_feedback  pmsm.o
    0x08005b1e   0x08005b1e   0x00000002   PAD
    0x08005b20   0x08005b20   0x00000028   Code   RO         5957    i.pmsm_hall_app_backend_loop  pmsm_hall_app.o
    0x08005b48   0x08005b48   0x000000fc   Code   RO         5958    i.pmsm_hall_app_begin  pmsm_hall_app.o
    0x08005c44   0x08005c44   0x0000000c   Code   RO         5959    i.pmsm_hall_app_control_step_1  pmsm_hall_app.o
    0x08005c50   0x08005c50   0x00000038   Code   RO         5960    i.pmsm_hall_app_control_step_2  pmsm_hall_app.o
    0x08005c88   0x08005c88   0x00000054   Code   RO         5961    i.pmsm_hall_app_control_step_3  pmsm_hall_app.o
    0x08005cdc   0x08005cdc   0x00000002   Code   RO         5962    i.pmsm_hall_app_frontend_loop  pmsm_hall_app.o
    0x08005cde   0x08005cde   0x00000002   PAD
    0x08005ce0   0x08005ce0   0x0000002c   Code   RO         5963    i.pmsm_hall_app_realtime_loop  pmsm_hall_app.o
    0x08005d0c   0x08005d0c   0x00000014   Code   RO         5964    i.pmsm_hall_app_start  pmsm_hall_app.o
    0x08005d20   0x08005d20   0x000000a2   Code   RO         5846    i.pmsm_inverter_run  pmsm.o
    0x08005dc2   0x08005dc2   0x00000050   Code   RO         5847    i.pmsm_mode_synchro_current_applay_action  pmsm.o
    0x08005e12   0x08005e12   0x00000036   Code   RO         5848    i.pmsm_mode_synchro_current_runA  pmsm.o
    0x08005e48   0x08005e48   0x0000004e   Code   RO         5849    i.pmsm_mode_synchro_current_start  pmsm.o
    0x08005e96   0x08005e96   0x00000008   Code   RO         5850    i.pmsm_mode_synchro_current_stop  pmsm.o
    0x08005e9e   0x08005e9e   0x00000030   Code   RO         5851    i.pmsm_mode_synchro_voltage_applay_action  pmsm.o
    0x08005ece   0x08005ece   0x0000001a   Code   RO         5852    i.pmsm_mode_synchro_voltage_runA  pmsm.o
    0x08005ee8   0x08005ee8   0x00000024   Code   RO         5853    i.pmsm_mode_synchro_voltage_start  pmsm.o
    0x08005f0c   0x08005f0c   0x00000008   Code   RO         5854    i.pmsm_mode_synchro_voltage_stop  pmsm.o
    0x08005f14   0x08005f14   0x0000001e   Code   RO         5855    i.pmsm_sence_run    pmsm.o
    0x08005f32   0x08005f32   0x00000002   PAD
    0x08005f34   0x08005f34   0x0000000c   Code   RO         6059    i.positioner_reset  pmsm_hall_app.obj.o
    0x08005f40   0x08005f40   0x0000000c   Code   RO         6060    i.positioner_run    pmsm_hall_app.obj.o
    0x08005f4c   0x08005f4c   0x00000024   Code   RO         6061    i.positioner_setup  pmsm_hall_app.obj.o
    0x08005f70   0x08005f70   0x0000000c   Code   RO         6062    i.power_active      pmsm_hall_app.obj.o
    0x08005f7c   0x08005f7c   0x00000020   Code   RO         5056    i.power_boot_begin  k1-burst-driver.pfr.o
    0x08005f9c   0x08005f9c   0x00000002   Code   RO         6064    i.power_boot_complete  pmsm_hall_app.obj.o
    0x08005f9e   0x08005f9e   0x00000004   Code   RO         6065    i.power_do_boot     pmsm_hall_app.obj.o
    0x08005fa2   0x08005fa2   0x00000002   PAD
    0x08005fa4   0x08005fa4   0x00000028   Code   RO         5057    i.power_do_invert   k1-burst-driver.pfr.o
    0x08005fcc   0x08005fcc   0x00000004   Code   RO         6067    i.power_do_shutdown  pmsm_hall_app.obj.o
    0x08005fd0   0x08005fd0   0x0000000c   Code   RO         6068    i.power_run         pmsm_hall_app.obj.o
    0x08005fdc   0x08005fdc   0x00000020   Code   RO         5058    i.power_shutdown_begin  k1-burst-driver.pfr.o
    0x08005ffc   0x08005ffc   0x00000002   Code   RO         6070    i.power_shutdown_complete  pmsm_hall_app.obj.o
    0x08005ffe   0x08005ffe   0x0000001a   Code   RO         4205    i.rotcalc           burst_signal.o
    0x08006018   0x08006018   0x00000014   Code   RO         4208    i.s_inc             burst_signal.o
    0x0800602c   0x0800602c   0x0000000c   Code   RO         6071    i.speedse_reset     pmsm_hall_app.obj.o
    0x08006038   0x08006038   0x0000000c   Code   RO         6072    i.speedse_run       pmsm_hall_app.obj.o
    0x08006044   0x08006044   0x00000010   Code   RO         6073    i.speedse_setup     pmsm_hall_app.obj.o
    0x08006054   0x08006054   0x00000018   Code   RO         6341    x$fpl$dcmpinf       fz_ws.l(dcmpi.o)
    0x0800606c   0x0800606c   0x0000002e   Code   RO         6331    x$fpl$dflt          fz_ws.l(dflt_clz.o)
    0x0800609a   0x0800609a   0x00000002   PAD
    0x0800609c   0x0800609c   0x00000078   Code   RO         6336    x$fpl$dleqf         fz_ws.l(dleqf.o)
    0x08006114   0x08006114   0x0000009c   Code   RO         6343    x$fpl$dnaninf       fz_ws.l(dnaninf.o)
    0x080061b0   0x080061b0   0x0000006c   Code   RO         6338    x$fpl$drleqf        fz_ws.l(drleqf.o)
    0x0800621c   0x0800621c   0x00000000   Code   RO         6345    x$fpl$usenofp       fz_ws.l(usenofp.o)
    0x0800621c   0x0800621c   0x0000000e   Data   RO           16    .constdata          main.o
    0x0800622a   0x0800622a   0x00000012   Data   RO         1066    .constdata          stm32f1xx_hal_rcc.o
    0x0800623c   0x0800623c   0x00000012   Data   RO         1158    .constdata          stm32f1xx_hal_rcc_ex.o
    0x0800624e   0x0800624e   0x00000010   Data   RO         3193    .constdata          system_stm32f1xx.o
    0x0800625e   0x0800625e   0x00000008   Data   RO         3194    .constdata          system_stm32f1xx.o
    0x08006266   0x08006266   0x00000073   Data   RO         3325    .constdata          burst.o
    0x080062d9   0x080062d9   0x00000003   PAD
    0x080062dc   0x080062dc   0x000000cc   Data   RO         3901    .constdata          burst_hall.o
    0x080063a8   0x080063a8   0x00000282   Data   RO         4308    .constdata          burst_sin.o
    0x0800662a   0x0800662a   0x0000000f   Data   RO         5062    .constdata          k1-burst-driver.pfr.o
    0x08006639   0x08006639   0x00000003   PAD
    0x0800663c   0x0800663c   0x00000020   Data   RO         6500    Region$$Table       anon$$obj.o


    Execution Region RW_IRAM1 (Exec base: 0x20000000, Load base: 0x0800665c, Size: 0x000022d0, Max: 0x00005000, ABSOLUTE, COMPRESSED[0x00000234])

    Exec Addr    Load Addr    Size         Type   Attr      Idx    E Section Name        Object

    0x20000000   COMPRESSED   0x0000000c   Data   RW          903    .data               stm32f1xx_hal.o
    0x2000000c   COMPRESSED   0x00000004   Data   RW         3195    .data               system_stm32f1xx.o
    0x20000010   COMPRESSED   0x00000074   Data   RW         3326    .data               burst.o
    0x20000084   COMPRESSED   0x0000000c   Data   RW         3904    .data               burst_hall.o
    0x20000090   COMPRESSED   0x0000000c   Data   RW         4349    .data               burst_timer.o
    0x2000009c   COMPRESSED   0x00000140   Data   RW         4412    .data               k1-burst-driver.o
    0x200001dc   COMPRESSED   0x00000044   Data   RW         4676    .data               k1-burst-driver.obj.o
    0x20000220   COMPRESSED   0x00000024   Data   RW         5063    .data               k1-burst-driver.pfr.o
    0x20000244   COMPRESSED   0x0000001c   Data   RW         5473    .data               actuator.o
    0x20000260   COMPRESSED   0x0000001c   Data   RW         5474    .data               actuator.o
    0x2000027c   COMPRESSED   0x0000001c   Data   RW         5475    .data               actuator.o
    0x20000298   COMPRESSED   0x0000001c   Data   RW         5476    .data               actuator.o
    0x200002b4   COMPRESSED   0x0000001c   Data   RW         5606    .data               acwc.o
    0x200002d0   COMPRESSED   0x0000001c   Data   RW         5607    .data               acwc.o
    0x200002ec   COMPRESSED   0x0000001c   Data   RW         5608    .data               acwc.o
    0x20000308   COMPRESSED   0x0000001c   Data   RW         5609    .data               acwc.o
    0x20000324   COMPRESSED   0x0000001c   Data   RW         5610    .data               acwc.o
    0x20000340   COMPRESSED   0x0000001c   Data   RW         5611    .data               acwc.o
    0x2000035c   COMPRESSED   0x0000001c   Data   RW         5856    .data               pmsm.o
    0x20000378   COMPRESSED   0x0000001c   Data   RW         5857    .data               pmsm.o
    0x20000394   COMPRESSED   0x0000004c   Data   RW         5967    .data               pmsm_hall_app.o
    0x200003e0   COMPRESSED   0x00000290   Data   RW         6074    .data               pmsm_hall_app.obj.o
    0x20000670        -       0x00000060   Zero   RW          230    .bss                adc.o
    0x200006d0        -       0x000000d8   Zero   RW          332    .bss                tim.o
    0x200007a8        -       0x000000d0   Zero   RW          409    .bss                usart.o
    0x20000878        -       0x0000000c   Zero   RW         3324    .bss                burst.o
    0x20000884        -       0x00000018   Zero   RW         4347    .bss                burst_timer.o
    0x2000089c        -       0x00000231   Zero   RW         4409    .bss                k1-burst-driver.o
    0x20000acd   COMPRESSED   0x00000003   PAD
    0x20000ad0        -       0x00001043   Zero   RW         4675    .bss                k1-burst-driver.obj.o
    0x20001b13   COMPRESSED   0x00000001   PAD
    0x20001b14        -       0x00000113   Zero   RW         5060    .bss                k1-burst-driver.pfr.o
    0x20001c27   COMPRESSED   0x00000001   PAD
    0x20001c28        -       0x00000248   Zero   RW         5966    .bss                pmsm_hall_app.o
    0x20001e70        -       0x00000060   Zero   RW         6372    .bss                c_w.l(libspace.o)
    0x20001ed0        -       0x00000000   Zero   RW            2    HEAP                startup_stm32f103xb.o
    0x20001ed0        -       0x00000400   Zero   RW            1    STACK               startup_stm32f103xb.o


==============================================================================

Image component sizes


      Code (inc. data)   RO Data    RW Data    ZI Data      Debug   Object Name

       546         10          0        112          0      17061   actuator.o
      1042          6          0        168          0      32688   acwc.o
       448         34          0          0         96       2934   adc.o
      1800        390        115        116         12      45987   burst.o
       232          0          0          0          0       8329   burst_adc.o
         0          0          0          0          0       1148   burst_button.o
       162          8        204         12          0       9199   burst_hall.o
       664          8          0          0          0       7484   burst_inv3ph.o
       526         16          0          0          0       6512   burst_motion.o
       630         16          0          0          0       8032   burst_pi.o
       240          6          0          0          0       5356   burst_positioner.o
       126          6          0          0          0       4184   burst_ps.o
       126          0          0          0          0       3520   burst_signal.o
        78          4        642          0          0       3046   burst_sin.o
       124         14          0         12         24       3258   burst_timer.o
        60          4          0          0          0       1010   dma.o
       358          0          0          0          0       5649   enco_abs32.o
       212         16          0          0          0       1235   gpio.o
         2          0          0          0          0        477   i2c.o
       504         60          0        320        561      55396   k1-burst-driver.o
      2348        212          0         68       4163      42079   k1-burst-driver.obj.o
       962        208         15         36        275      22641   k1-burst-driver.pfr.o
       210         26         14          0          0     453826   main.o
       150          6          0          0          0       4916   nikitin.o
       848          4          0         56          0      23905   pmsm.o
       522        122          0         76        584      12850   pmsm_hall_app.o
       690        172          0        656          0      25828   pmsm_hall_app.obj.o
        60         22        236          0       1024        872   startup_stm32f103xb.o
       128         24          0         12          0       5857   stm32f1xx_hal.o
       494         22          0          0          0       3469   stm32f1xx_hal_adc.o
      1040         38          0          0          0       4751   stm32f1xx_hal_adc_ex.o
       198         14          0          0          0      29307   stm32f1xx_hal_cortex.o
       808         36          0          0          0       5546   stm32f1xx_hal_dma.o
       490         34          0          0          0       3196   stm32f1xx_hal_gpio.o
        60          8          0          0          0       1118   stm32f1xx_hal_msp.o
      1240         84         18          0          0       5604   stm32f1xx_hal_rcc.o
       400         28         18          0          0       2781   stm32f1xx_hal_rcc_ex.o
      1796         58          0          0          0      17579   stm32f1xx_hal_tim.o
       396         12          0          0          0       3396   stm32f1xx_hal_tim_ex.o
      1994         38          0          0          0      15747   stm32f1xx_hal_uart.o
        56         18          0          0          0       5948   stm32f1xx_it.o
         2          0         24          4          0       1423   system_stm32f1xx.o
       868         82          0          0        216       5803   tim.o
       288         32          0          0        208       2284   usart.o

    ----------------------------------------------------------------------
     24004       1898       1324       1648       7168     923231   Object Totals
         0          0         32          0          0          0   (incl. Generated)
        76          0          6          0          5          0   (incl. Padding)

    ----------------------------------------------------------------------

      Code (inc. data)   RO Data    RW Data    ZI Data      Debug   Library Member Name

        90          0          0          0          0          0   __dczerorl2.o
         8          0          0          0          0         68   __main.o
         0          0          0          0          0          0   __rtentry.o
        12          0          0          0          0          0   __rtentry2.o
         6          0          0          0          0          0   __rtentry4.o
        52          8          0          0          0          0   __scatter.o
        28          0          0          0          0          0   __scatter_zi.o
        18          0          0          0          0         80   exit.o
         6          0          0          0          0        152   heapauxi.o
         0          0          0          0          0          0   indicate_semi.o
         2          0          0          0          0          0   libinit.o
         2          0          0          0          0          0   libinit2.o
         2          0          0          0          0          0   libshutdown.o
         2          0          0          0          0          0   libshutdown2.o
         8          4          0          0         96         68   libspace.o
        78          0          0          0          0         80   rt_memclr_w.o
         2          0          0          0          0          0   rtexit.o
        10          0          0          0          0          0   rtexit2.o
        12          4          0          0          0         68   sys_exit.o
        74          0          0          0          0         80   sys_stackheap_outer.o
         2          0          0          0          0         68   use_no_semi.o
        24          0          0          0          0         68   dcmpi.o
        46          0          0          0          0         68   dflt_clz.o
       120          4          0          0          0         92   dleqf.o
       156          4          0          0          0         92   dnaninf.o
       108          0          0          0          0         80   drleqf.o
         0          0          0          0          0          0   usenofp.o

    ----------------------------------------------------------------------
       876         24          0          0         96       1064   Library Totals
         8          0          0          0          0          0   (incl. Padding)

    ----------------------------------------------------------------------

      Code (inc. data)   RO Data    RW Data    ZI Data      Debug   Library Name

       414         16          0          0         96        664   c_w.l
       454          8          0          0          0        400   fz_ws.l

    ----------------------------------------------------------------------
       876         24          0          0         96       1064   Library Totals

    ----------------------------------------------------------------------

==============================================================================


      Code (inc. data)   RO Data    RW Data    ZI Data      Debug   

     24880       1922       1324       1648       7264     903127   Grand Totals
     24880       1922       1324        564       7264     903127   ELF Image Totals (compressed)
     24880       1922       1324        564          0          0   ROM Totals

==============================================================================

    Total RO  Size (Code + RO Data)                26204 (  25.59kB)
    Total RW  Size (RW Data + ZI Data)              8912 (   8.70kB)
    Total ROM Size (Code + RO Data + RW Data)      26768 (  26.14kB)

==============================================================================

